     VMA      LMA     Size Align Out     In      Symbol
80000000 80000000        4     1 .isr_vector
80000000 80000000        0     1         . = ALIGN(4)
80000000 80000000        4     1         /home/kenta/repos/fpga_samples/rtl/displayport/test/sw-rs/target/riscv32imc-unknown-none-elf/release/deps/bootrom_rs-3df706e2faa0f1dc.bootrom_rs.8001855ce7bf4b60-cgu.0.rcgu.o:(.isr_vector)
80000000 80000000        0     1                 $x
80000004 80000004        0     1         . = ALIGN(4)
80000004 80000004     2838     2 .text
80000004 80000004        0     1         . = ALIGN(4)
80000004 80000004       1e     2         /home/kenta/repos/fpga_samples/rtl/displayport/test/sw-rs/target/riscv32imc-unknown-none-elf/release/deps/bootrom_rs-3df706e2faa0f1dc.bootrom_rs.8001855ce7bf4b60-cgu.0.rcgu.o:(.text)
80000004 80000004        0     1                 _start
80000004 80000004        0     1                 .Lpcrel_hi0
80000004 80000004        0     1                 $x
80000022 80000022       38     2         /home/kenta/repos/fpga_samples/rtl/displayport/test/sw-rs/target/riscv32imc-unknown-none-elf/release/deps/bootrom_rs-3df706e2faa0f1dc.bootrom_rs.8001855ce7bf4b60-cgu.0.rcgu.o:(.text._ZN10bootrom_rs3aux5AuxCh10send_reply17he612a8dbb92fddacE)
80000022 80000022       38     1                 bootrom_rs::aux::AuxCh::send_reply::he612a8dbb92fddac
80000022 80000022        0     1                 .L0 
80000022 80000022        0     1                 .L0 
80000022 80000022        0     1                 $x
80000022 80000022        0     1                 .L0 
80000026 80000026        0     1                 .L0 
8000002e 8000002e        0     1                 .L0 
80000032 80000032        0     1                 .L0 
80000034 80000034        0     1                 .L0 
80000036 80000036        0     1                 .L0 
80000038 80000038        0     1                 .L0 
8000003a 8000003a        0     1                 .L0 
8000003c 8000003c        0     1                 .L0 
80000042 80000042        0     1                 .L0 
80000048 80000048        0     1                 .L0 
8000004c 8000004c        0     1                 .L0 
80000050 80000050        0     1                 .L0 
80000054 80000054        0     1                 .L0 
8000005a 8000005a        0     1                 .L0 
8000005a 8000005a      1c0     2         /home/kenta/repos/fpga_samples/rtl/displayport/test/sw-rs/target/riscv32imc-unknown-none-elf/release/deps/bootrom_rs-3df706e2faa0f1dc.bootrom_rs.8001855ce7bf4b60-cgu.0.rcgu.o:(.text._ZN10bootrom_rs3aux5AuxCh23send_request_wait_reply17h7e5bf00b2166dfe2E)
8000005a 8000005a      1c0     1                 bootrom_rs::aux::AuxCh::send_request_wait_reply::h7e5bf00b2166dfe2
8000005a 8000005a        0     1                 .L0 
8000005a 8000005a        0     1                 .L0 
8000005a 8000005a        0     1                 $x
8000005a 8000005a        0     1                 .L0 
80000062 80000062        0     1                 .L0 
8000007a 8000007a        0     1                 .L0 
80000082 80000082        0     1                 .L0 
80000086 80000086        0     1                 .L0 
800000ae 800000ae        0     1                 .L0 
800000b2 800000b2        0     1                 .L0 
800000b6 800000b6        0     1                 .L0 
800000b8 800000b8        0     1                 .L0 
800000bc 800000bc        0     1                 .L0 
800000be 800000be        0     1                 .L0 
800000c2 800000c2        0     1                 .L0 
800000c4 800000c4        0     1                 .L0 
800000dc 800000dc        0     1                 .L0 
800000e0 800000e0        0     1                 .L0 
800000f4 800000f4        0     1                 .L0 
800000fc 800000fc        0     1                 .L0 
800000fe 800000fe        0     1                 .L0 
80000100 80000100        0     1                 .L0 
80000106 80000106        0     1                 .L0 
80000108 80000108        0     1                 .L0 
8000010c 8000010c        0     1                 .L0 
80000112 80000112        0     1                 .L0 
80000118 80000118        0     1                 .L0 
8000011c 8000011c        0     1                 .L0 
80000122 80000122        0     1                 .L0 
80000126 80000126        0     1                 .L0 
8000012a 8000012a        0     1                 .L0 
8000012e 8000012e        0     1                 .L0 
80000132 80000132        0     1                 .L0 
80000136 80000136        0     1                 .L0 
80000142 80000142        0     1                 .L0 
80000146 80000146        0     1                 .L0 
80000148 80000148        0     1                 .L0 
8000014a 8000014a        0     1                 .L0 
8000014e 8000014e        0     1                 .L0 
80000150 80000150        0     1                 .L0 
8000015e 8000015e        0     1                 .L0 
80000162 80000162        0     1                 .L0 
80000164 80000164        0     1                 .L0 
80000168 80000168        0     1                 .L0 
8000016c 8000016c        0     1                 .L0 
80000174 80000174        0     1                 .L0 
8000017c 8000017c        0     1                 .L0 
8000017e 8000017e        0     1                 .L0 
80000182 80000182        0     1                 .L0 
80000188 80000188        0     1                 .L0 
80000194 80000194        0     1                 .L0 
800001a2 800001a2        0     1                 .L0 
800001a6 800001a6        0     1                 .L0 
800001ac 800001ac        0     1                 .L0 
800001b0 800001b0        0     1                 .L0 
800001c6 800001c6        0     1                 .L0 
800001c8 800001c8        0     1                 .L0 
800001ca 800001ca        0     1                 .L0 
800001ce 800001ce        0     1                 .L0 
800001d6 800001d6        0     1                 .L0 
800001da 800001da        0     1                 .L0 
800001e0 800001e0        0     1                 .L0 
800001e2 800001e2        0     1                 .L0 
800001e4 800001e4        0     1                 .L0 
800001f0 800001f0        0     1                 .L0 
800001f4 800001f4        0     1                 .L0 
80000208 80000208        0     1                 .L0 
8000021a 8000021a        0     1                 .L0 
8000021a 8000021a        0     1                 .L0 
8000021a 8000021a       7e     2         /home/kenta/repos/fpga_samples/rtl/displayport/test/sw-rs/target/riscv32imc-unknown-none-elf/release/deps/bootrom_rs-3df706e2faa0f1dc.bootrom_rs.8001855ce7bf4b60-cgu.0.rcgu.o:(.text._ZN10bootrom_rs4edid8transact17hdf06ffa224d671f8E)
8000021a 8000021a       7e     1                 bootrom_rs::edid::transact::hdf06ffa224d671f8
8000021a 8000021a        0     1                 .L0 
8000021a 8000021a        0     1                 .L0 
8000021a 8000021a        0     1                 $x
8000021a 8000021a        0     1                 .L0 
80000238 80000238        0     1                 .L0 
8000025c 8000025c        0     1                 .L0 
80000260 80000260        0     1                 .L0 
8000026a 8000026a        0     1                 .L0 
8000026e 8000026e        0     1                 .L0 
80000286 80000286        0     1                 .L0 
80000298 80000298        0     1                 .L0 
80000298 80000298       14     2         /home/kenta/repos/fpga_samples/rtl/displayport/test/sw-rs/target/riscv32imc-unknown-none-elf/release/deps/bootrom_rs-3df706e2faa0f1dc.bootrom_rs.8001855ce7bf4b60-cgu.0.rcgu.o:(.text._ZN42_$LT$$RF$T$u20$as$u20$core..fmt..Debug$GT$3fmt17h3c2453347ba28b6fE)
80000298 80000298       14     1                 _$LT$$RF$T$u20$as$u20$core..fmt..Debug$GT$::fmt::h3c2453347ba28b6f
80000298 80000298        0     1                 .L0 
80000298 80000298        0     1                 .L0 
80000298 80000298        0     1                 $x
80000298 80000298        0     1                 .L0 
800002ac 800002ac        0     1                 .L0 
800002ac 800002ac       7c     2         /home/kenta/repos/fpga_samples/rtl/displayport/test/sw-rs/target/riscv32imc-unknown-none-elf/release/deps/bootrom_rs-3df706e2faa0f1dc.bootrom_rs.8001855ce7bf4b60-cgu.0.rcgu.o:(.text._ZN42_$LT$$RF$T$u20$as$u20$core..fmt..Debug$GT$3fmt17h4d8779f3d59cdeb6E)
800002ac 800002ac       7c     1                 _$LT$$RF$T$u20$as$u20$core..fmt..Debug$GT$::fmt::h4d8779f3d59cdeb6
800002ac 800002ac        0     1                 .L0 
800002ac 800002ac        0     1                 .L0 
800002ac 800002ac        0     1                 $x
800002ac 800002ac        0     1                 .L0 
800002ce 800002ce        0     1                 .L0 
800002f0 800002f0        0     1                 .L0 
80000302 80000302        0     1                 .L0 
8000031a 8000031a        0     1                 .L0 
80000320 80000320        0     1                 .L0 
80000328 80000328        0     1                 .L0 
80000328 80000328        0     1                 .L0 
80000328 80000328       10     2         /home/kenta/repos/fpga_samples/rtl/displayport/test/sw-rs/target/riscv32imc-unknown-none-elf/release/deps/bootrom_rs-3df706e2faa0f1dc.bootrom_rs.8001855ce7bf4b60-cgu.0.rcgu.o:(.text._ZN44_$LT$$RF$T$u20$as$u20$core..fmt..Display$GT$3fmt17ha607a1a43b671d62E)
80000328 80000328       10     1                 _$LT$$RF$T$u20$as$u20$core..fmt..Display$GT$::fmt::ha607a1a43b671d62
80000328 80000328        0     1                 .L0 
80000328 80000328        0     1                 .L0 
80000328 80000328        0     1                 $x
80000328 80000328        0     1                 .L0 
8000032e 8000032e        0     1                 .L0 
80000338 80000338        0     1                 .L0 
80000338 80000338       b2     2         /home/kenta/repos/fpga_samples/rtl/displayport/test/sw-rs/target/riscv32imc-unknown-none-elf/release/deps/bootrom_rs-3df706e2faa0f1dc.bootrom_rs.8001855ce7bf4b60-cgu.0.rcgu.o:(.text._ZN44_$LT$$RF$T$u20$as$u20$core..fmt..Display$GT$3fmt17he2cfe8eafbb42040E)
80000338 80000338       b2     1                 _$LT$$RF$T$u20$as$u20$core..fmt..Display$GT$::fmt::he2cfe8eafbb42040
80000338 80000338        0     1                 .L0 
80000338 80000338        0     1                 .L0 
80000338 80000338        0     1                 $x
80000338 80000338        0     1                 .L0 
80000356 80000356        0     1                 .L0 
8000036a 8000036a        0     1                 .L0 
8000036c 8000036c        0     1                 .L0 
80000370 80000370        0     1                 .L0 
80000390 80000390        0     1                 .L0 
80000394 80000394        0     1                 .L0 
80000398 80000398        0     1                 .L0 
800003ae 800003ae        0     1                 .L0 
800003b0 800003b0        0     1                 .L0 
800003be 800003be        0     1                 .L0 
800003c8 800003c8        0     1                 .L0 
800003ea 800003ea        0     1                 .L0 
800003ea 800003ea      134     2         /home/kenta/repos/fpga_samples/rtl/displayport/test/sw-rs/target/riscv32imc-unknown-none-elf/release/deps/bootrom_rs-3df706e2faa0f1dc.bootrom_rs.8001855ce7bf4b60-cgu.0.rcgu.o:(.text._ZN48_$LT$$u5b$T$u5d$$u20$as$u20$core..fmt..Debug$GT$3fmt17hcd08fa0cc021e042E)
800003ea 800003ea      134     1                 _$LT$$u5b$T$u5d$$u20$as$u20$core..fmt..Debug$GT$::fmt::hcd08fa0cc021e042
800003ea 800003ea        0     1                 .L0 
800003ea 800003ea        0     1                 .L0 
800003ea 800003ea        0     1                 $x
800003ea 800003ea        0     1                 .L0 
8000040a 8000040a        0     1                 .L0 
80000424 80000424        0     1                 .L0 
80000426 80000426        0     1                 .L0 
80000444 80000444        0     1                 .L0 
8000044c 8000044c        0     1                 .L0 
8000045a 8000045a        0     1                 .L0 
80000472 80000472        0     1                 .L0 
80000474 80000474        0     1                 .L0 
80000482 80000482        0     1                 .L0 
8000048a 8000048a        0     1                 .L0 
8000048c 8000048c        0     1                 .L0 
8000049a 8000049a        0     1                 .L0 
8000049c 8000049c        0     1                 .L0 
800004a0 800004a0        0     1                 .L0 
800004b6 800004b6        0     1                 .L0 
800004c2 800004c2        0     1                 .L0 
800004c8 800004c8        0     1                 .L0 
800004dc 800004dc        0     1                 .L0 
800004de 800004de        0     1                 .L0 
800004e0 800004e0        0     1                 .L0 
800004e2 800004e2        0     1                 .L0 
800004e6 800004e6        0     1                 .L0 
8000051e 8000051e        0     1                 .L0 
8000051e 8000051e        c     2         /home/kenta/repos/fpga_samples/rtl/displayport/test/sw-rs/target/riscv32imc-unknown-none-elf/release/deps/bootrom_rs-3df706e2faa0f1dc.bootrom_rs.8001855ce7bf4b60-cgu.0.rcgu.o:(.text._ZN4core5array69_$LT$impl$u20$core..fmt..Debug$u20$for$u20$$u5b$T$u3b$$u20$N$u5d$$GT$3fmt17h0c590d66f77a9894E)
8000051e 8000051e        c     1                 core::array::_$LT$impl$u20$core..fmt..Debug$u20$for$u20$$u5b$T$u3b$$u20$N$u5d$$GT$::fmt::h0c590d66f77a9894
8000051e 8000051e        0     1                 .L0 
8000051e 8000051e        0     1                 .L0 
8000051e 8000051e        0     1                 $x
8000051e 8000051e        0     1                 .L0 
80000520 80000520        0     1                 .L0 
8000052a 8000052a        0     1                 .L0 
8000052a 8000052a       64     2         /home/kenta/repos/fpga_samples/rtl/displayport/test/sw-rs/target/riscv32imc-unknown-none-elf/release/deps/bootrom_rs-3df706e2faa0f1dc.bootrom_rs.8001855ce7bf4b60-cgu.0.rcgu.o:(.text._ZN10bootrom_rs4dpcd10read_block17hd0eda9310b5a7b5dE)
8000052a 8000052a       64     1                 bootrom_rs::dpcd::read_block::hd0eda9310b5a7b5d
8000052a 8000052a        0     1                 .L0 
8000052a 8000052a        0     1                 .L0 
8000052a 8000052a        0     1                 $x
8000052a 8000052a        0     1                 .L0 
80000538 80000538        0     1                 .L0 
8000054e 8000054e        0     1                 .L0 
8000055c 8000055c        0     1                 .L0 
8000056a 8000056a        0     1                 .L0 
8000056e 8000056e        0     1                 .L0 
80000570 80000570        0     1                 .L0 
80000572 80000572        0     1                 .L0 
80000582 80000582        0     1                 .L0 
8000058e 8000058e        0     1                 .L0 
8000058e 8000058e       a6     2         /home/kenta/repos/fpga_samples/rtl/displayport/test/sw-rs/target/riscv32imc-unknown-none-elf/release/deps/bootrom_rs-3df706e2faa0f1dc.bootrom_rs.8001855ce7bf4b60-cgu.0.rcgu.o:(.text._ZN10bootrom_rs4dpcd8transact17h72073c0b8dcbacfeE)
8000058e 8000058e       a6     1                 bootrom_rs::dpcd::transact::h72073c0b8dcbacfe
8000058e 8000058e        0     1                 .L0 
8000058e 8000058e        0     1                 .L0 
8000058e 8000058e        0     1                 $x
8000058e 8000058e        0     1                 .L0 
800005ae 800005ae        0     1                 .L0 
800005c8 800005c8        0     1                 .L0 
800005ce 800005ce        0     1                 .L0 
800005e2 800005e2        0     1                 .L0 
800005ea 800005ea        0     1                 .L0 
800005f8 800005f8        0     1                 .L0 
80000600 80000600        0     1                 .L0 
80000602 80000602        0     1                 .L0 
80000614 80000614        0     1                 .L0 
80000618 80000618        0     1                 .L0 
8000061c 8000061c        0     1                 .L0 
80000634 80000634        0     1                 .L0 
80000634 80000634       4a     2         /home/kenta/repos/fpga_samples/rtl/displayport/test/sw-rs/target/riscv32imc-unknown-none-elf/release/deps/bootrom_rs-3df706e2faa0f1dc.bootrom_rs.8001855ce7bf4b60-cgu.0.rcgu.o:(.text._ZN10bootrom_rs4dpcd4read17hc0889c6082c57738E)
80000634 80000634       4a     1                 bootrom_rs::dpcd::read::hc0889c6082c57738
80000634 80000634        0     1                 .L0 
80000634 80000634        0     1                 .L0 
80000634 80000634        0     1                 $x
80000634 80000634        0     1                 .L0 
80000642 80000642        0     1                 .L0 
8000064c 8000064c        0     1                 .L0 
8000065e 8000065e        0     1                 .L0 
8000066c 8000066c        0     1                 .L0 
8000066e 8000066e        0     1                 .L0 
80000672 80000672        0     1                 .L0 
80000678 80000678        0     1                 .L0 
8000067e 8000067e        0     1                 .L0 
8000067e 8000067e       4a     2         /home/kenta/repos/fpga_samples/rtl/displayport/test/sw-rs/target/riscv32imc-unknown-none-elf/release/deps/bootrom_rs-3df706e2faa0f1dc.bootrom_rs.8001855ce7bf4b60-cgu.0.rcgu.o:(.text._ZN10bootrom_rs4dpcd5write17h57402573650c1ffdE)
8000067e 8000067e       4a     1                 bootrom_rs::dpcd::write::h57402573650c1ffd
8000067e 8000067e        0     1                 .L0 
8000067e 8000067e        0     1                 .L0 
8000067e 8000067e        0     1                 $x
8000067e 8000067e        0     1                 .L0 
80000684 80000684        0     1                 .L0 
80000692 80000692        0     1                 .L0 
8000069c 8000069c        0     1                 .L0 
800006b0 800006b0        0     1                 .L0 
800006c8 800006c8        0     1                 .L0 
800006c8 800006c8       28     2         /home/kenta/repos/fpga_samples/rtl/displayport/test/sw-rs/target/riscv32imc-unknown-none-elf/release/deps/bootrom_rs-3df706e2faa0f1dc.bootrom_rs.8001855ce7bf4b60-cgu.0.rcgu.o:(.text._ZN42_$LT$$RF$T$u20$as$u20$core..fmt..Debug$GT$3fmt17hbf36497552316817E)
800006c8 800006c8       28     1                 _$LT$$RF$T$u20$as$u20$core..fmt..Debug$GT$::fmt::hbf36497552316817
800006c8 800006c8        0     1                 .L0 
800006c8 800006c8        0     1                 .L0 
800006c8 800006c8        0     1                 $x
800006c8 800006c8        0     1                 .L0 
800006e6 800006e6        0     1                 .L0 
800006f0 800006f0        0     1                 .L0 
800006f0 800006f0       14     2         /home/kenta/repos/fpga_samples/rtl/displayport/test/sw-rs/target/riscv32imc-unknown-none-elf/release/deps/bootrom_rs-3df706e2faa0f1dc.bootrom_rs.8001855ce7bf4b60-cgu.0.rcgu.o:(.text._ZN4core3fmt5Write9write_fmt17h005d4e19ec0b55adE)
800006f0 800006f0       14     1                 core::fmt::Write::write_fmt::h005d4e19ec0b55ad
800006f0 800006f0        0     1                 .L0 
800006f0 800006f0        0     1                 .L0 
800006f0 800006f0        0     1                 $x
800006f0 800006f0        0     1                 .L0 
800006f4 800006f4        0     1                 .L0 
80000704 80000704        0     1                 .L0 
80000704 80000704       24     2         /home/kenta/repos/fpga_samples/rtl/displayport/test/sw-rs/target/riscv32imc-unknown-none-elf/release/deps/bootrom_rs-3df706e2faa0f1dc.bootrom_rs.8001855ce7bf4b60-cgu.0.rcgu.o:(.text._ZN106_$LT$bootrom_rs..serialout..SerialOut$LT$bootrom_pac..SYSTEM_SERIALOUT$GT$$u20$as$u20$core..fmt..Write$GT$9write_str17hf7c54bf8a21d9adfE)
80000704 80000704       24     1                 _$LT$bootrom_rs..serialout..SerialOut$LT$bootrom_pac..SYSTEM_SERIALOUT$GT$$u20$as$u20$core..fmt..Write$GT$::write_str::hf7c54bf8a21d9adf
80000704 80000704        0     1                 .L0 
80000704 80000704        0     1                 .L0 
80000704 80000704        0     1                 $x
80000704 80000704        0     1                 .L0 
80000706 80000706        0     1                 .L0 
8000070c 8000070c        0     1                 .L0 
8000070e 8000070e        0     1                 .L0 
80000714 80000714        0     1                 .L0 
80000718 80000718        0     1                 .L0 
8000071c 8000071c        0     1                 .L0 
80000720 80000720        0     1                 .L0 
80000724 80000724        0     1                 .L0 
80000728 80000728        0     1                 .L0 
80000728 80000728       a6     2         /home/kenta/repos/fpga_samples/rtl/displayport/test/sw-rs/target/riscv32imc-unknown-none-elf/release/deps/bootrom_rs-3df706e2faa0f1dc.bootrom_rs.8001855ce7bf4b60-cgu.0.rcgu.o:(.text._ZN4core3fmt5Write10write_char17h508a7269d1fd4921E)
80000728 80000728       a6     1                 core::fmt::Write::write_char::h508a7269d1fd4921
80000728 80000728        0     1                 .L0 
80000728 80000728        0     1                 .L0 
80000728 80000728        0     1                 $x
80000728 80000728        0     1                 .L0 
80000730 80000730        0     1                 .L0 
80000734 80000734        0     1                 .L0 
80000738 80000738        0     1                 .L0 
8000073e 8000073e        0     1                 .L0 
80000742 80000742        0     1                 .L0 
8000074a 8000074a        0     1                 .L0 
8000074e 8000074e        0     1                 .L0 
80000750 80000750        0     1                 .L0 
80000754 80000754        0     1                 .L0 
80000762 80000762        0     1                 .L0 
80000766 80000766        0     1                 .L0 
8000076a 8000076a        0     1                 .L0 
80000772 80000772        0     1                 .L0 
80000774 80000774        0     1                 .L0 
80000778 80000778        0     1                 .L0 
8000078a 8000078a        0     1                 .L0 
8000079a 8000079a        0     1                 .L0 
800007aa 800007aa        0     1                 .L0 
800007b0 800007b0        0     1                 .L0 
800007b2 800007b2        0     1                 .L0 
800007b8 800007b8        0     1                 .L0 
800007bc 800007bc        0     1                 .L0 
800007c0 800007c0        0     1                 .L0 
800007c4 800007c4        0     1                 .L0 
800007c8 800007c8        0     1                 .L0 
800007ce 800007ce        0     1                 .L0 
800007ce 800007ce       3a     2         /home/kenta/repos/fpga_samples/rtl/displayport/test/sw-rs/target/riscv32imc-unknown-none-elf/release/deps/bootrom_rs-3df706e2faa0f1dc.bootrom_rs.8001855ce7bf4b60-cgu.0.rcgu.o:(.text._RNvCsGIExRX8pES_7___rustc17rust_begin_unwind)
800007ce 800007ce       3a     1                 __rustc::rust_begin_unwind
800007ce 800007ce        0     1                 .L0 
800007ce 800007ce        0     1                 .L0 
800007ce 800007ce        0     1                 $x
800007ce 800007ce        0     1                 .L0 
800007d6 800007d6        0     1                 .L0 
800007f4 800007f4        0     1                 .L0 
80000804 80000804        0     1                 .L0 
80000808 80000808        0     1                 .L0 
80000808 80000808       40     2         /home/kenta/repos/fpga_samples/rtl/displayport/test/sw-rs/target/riscv32imc-unknown-none-elf/release/deps/bootrom_rs-3df706e2faa0f1dc.bootrom_rs.8001855ce7bf4b60-cgu.0.rcgu.o:(.text._ZN10bootrom_rs9print_fmt17h4a5d51966ddc5996E)
80000808 80000808       40     1                 bootrom_rs::print_fmt::h4a5d51966ddc5996
80000808 80000808        0     1                 .L0 
80000808 80000808        0     1                 .L0 
80000808 80000808        0     1                 $x
80000808 80000808        0     1                 .L0 
8000080a 8000080a        0     1                 .L0 
8000081a 8000081a        0     1                 .L0 
80000836 80000836        0     1                 .L0 
80000838 80000838        0     1                 .L0 
80000840 80000840        0     1                 .L0 
80000848 80000848        0     1                 .L0 
80000848 80000848       48     2         /home/kenta/repos/fpga_samples/rtl/displayport/test/sw-rs/target/riscv32imc-unknown-none-elf/release/deps/bootrom_rs-3df706e2faa0f1dc.bootrom_rs.8001855ce7bf4b60-cgu.0.rcgu.o:(.text.init)
80000848 80000848        0     1                 .L0 
80000848 80000848        0     1                 .L0 
80000848 80000848        0     1                 $x
80000848 80000848        0     1                 .L0 
80000848 80000848       48     1                 init
8000085c 8000085c        0     1                 .L0 
80000860 80000860        0     1                 .L0 
80000866 80000866        0     1                 .L0 
80000882 80000882        0     1                 .L0 
80000884 80000884        0     1                 .L0 
80000886 80000886        0     1                 .L0 
80000888 80000888        0     1                 .L0 
80000890 80000890        0     1                 .L0 
80000890 80000890      dc0     2         /home/kenta/repos/fpga_samples/rtl/displayport/test/sw-rs/target/riscv32imc-unknown-none-elf/release/deps/bootrom_rs-3df706e2faa0f1dc.bootrom_rs.8001855ce7bf4b60-cgu.0.rcgu.o:(.text.main)
80000890 80000890        0     1                 .L0 
80000890 80000890        0     1                 .L0 
80000890 80000890        0     1                 $x
80000890 80000890        0     1                 .L0 
80000890 80000890      dc0     1                 main
800008c8 800008c8        0     1                 .L0 
800008cc 800008cc        0     1                 .L0 
800008d8 800008d8        0     1                 .L0 
800008da 800008da        0     1                 .L0 
800008e0 800008e0        0     1                 .L0 
800008e4 800008e4        0     1                 .L0 
800008e8 800008e8        0     1                 .L0 
800008ec 800008ec        0     1                 .L0 
800008f0 800008f0        0     1                 .L0 
800008f8 800008f8        0     1                 .L0 
800008fe 800008fe        0     1                 .L0 
80000906 80000906        0     1                 .L0 
80000908 80000908        0     1                 .L0 
8000090c 8000090c        0     1                 .L0 
8000092c 8000092c        0     1                 .L0 
80000940 80000940        0     1                 .L0 
80000972 80000972        0     1                 .L0 
80000982 80000982        0     1                 .L0 
80000986 80000986        0     1                 .L0 
8000098a 8000098a        0     1                 .L0 
80000990 80000990        0     1                 .L0 
800009a0 800009a0        0     1                 .L0 
800009a4 800009a4        0     1                 .L0 
800009a8 800009a8        0     1                 .L0 
800009ac 800009ac        0     1                 .L0 
800009b0 800009b0        0     1                 .L0 
800009b8 800009b8        0     1                 .L0 
800009bc 800009bc        0     1                 .L0 
800009c0 800009c0        0     1                 .L0 
800009c4 800009c4        0     1                 .L0 
800009c8 800009c8        0     1                 .L0 
800009cc 800009cc        0     1                 .L0 
800009d0 800009d0        0     1                 .L0 
800009e2 800009e2        0     1                 .L0 
800009e6 800009e6        0     1                 .L0 
800009ea 800009ea        0     1                 .L0 
80000a0a 80000a0a        0     1                 .L0 
80000a0c 80000a0c        0     1                 .L0 
80000a10 80000a10        0     1                 .L0 
80000a1a 80000a1a        0     1                 .L0 
80000a26 80000a26        0     1                 .L0 
80000a2a 80000a2a        0     1                 .L0 
80000a2c 80000a2c        0     1                 .L0 
80000a30 80000a30        0     1                 .L0 
80000a34 80000a34        0     1                 .L0 
80000a40 80000a40        0     1                 .L0 
80000a48 80000a48        0     1                 .L0 
80000a4c 80000a4c        0     1                 .L0 
80000a50 80000a50        0     1                 .L0 
80000a56 80000a56        0     1                 .L0 
80000a5a 80000a5a        0     1                 .L0 
80000a60 80000a60        0     1                 .L0 
80000a6e 80000a6e        0     1                 .L0 
80000a72 80000a72        0     1                 .L0 
80000a7c 80000a7c        0     1                 .L0 
80000a86 80000a86        0     1                 .L0 
80000a8a 80000a8a        0     1                 .L0 
80000a8c 80000a8c        0     1                 .L0 
80000a98 80000a98        0     1                 .L0 
80000a9c 80000a9c        0     1                 .L0 
80000a9e 80000a9e        0     1                 .L0 
80000a9e 80000a9e        0     1                 .L0 
80000aa4 80000aa4        0     1                 .L0 
80000aa8 80000aa8        0     1                 .L0 
80000aac 80000aac        0     1                 .L0 
80000ab2 80000ab2        0     1                 .L0 
80000ab6 80000ab6        0     1                 .L0 
80000abc 80000abc        0     1                 .L0 
80000ae2 80000ae2        0     1                 .L0 
80000afa 80000afa        0     1                 .L0 
80000b02 80000b02        0     1                 .L0 
80000b06 80000b06        0     1                 .L0 
80000b0a 80000b0a        0     1                 .L0 
80000b10 80000b10        0     1                 .L0 
80000b14 80000b14        0     1                 .L0 
80000b1a 80000b1a        0     1                 .L0 
80000b1e 80000b1e        0     1                 .L0 
80000b20 80000b20        0     1                 .L0 
80000b38 80000b38        0     1                 .L0 
80000b38 80000b38        0     1                 .L0 
80000b3e 80000b3e        0     1                 .L0 
80000b48 80000b48        0     1                 .L0 
80000b4c 80000b4c        0     1                 .L0 
80000b5a 80000b5a        0     1                 .L0 
80000b5e 80000b5e        0     1                 .L0 
80000b62 80000b62        0     1                 .L0 
80000b6c 80000b6c        0     1                 .L0 
80000b7c 80000b7c        0     1                 .L0 
80000b86 80000b86        0     1                 .L0 
80000b88 80000b88        0     1                 .L0 
80000b8c 80000b8c        0     1                 .L0 
80000b90 80000b90        0     1                 .L0 
80000b94 80000b94        0     1                 .L0 
80000b9a 80000b9a        0     1                 .L0 
80000b9e 80000b9e        0     1                 .L0 
80000ba2 80000ba2        0     1                 .L0 
80000ba8 80000ba8        0     1                 .L0 
80000bd0 80000bd0        0     1                 .L0 
80000bd4 80000bd4        0     1                 .L0 
80000be4 80000be4        0     1                 .L0 
80000be6 80000be6        0     1                 .L0 
80000bf0 80000bf0        0     1                 .L0 
80000bf4 80000bf4        0     1                 .L0 
80000bf8 80000bf8        0     1                 .L0 
80000bfc 80000bfc        0     1                 .L0 
80000c00 80000c00        0     1                 .L0 
80000c08 80000c08        0     1                 .L0 
80000c0c 80000c0c        0     1                 .L0 
80000c18 80000c18        0     1                 .L0 
80000c22 80000c22        0     1                 .L0 
80000c32 80000c32        0     1                 .L0 
80000c36 80000c36        0     1                 .L0 
80000c3a 80000c3a        0     1                 .L0 
80000c40 80000c40        0     1                 .L0 
80000c48 80000c48        0     1                 .L0 
80000c60 80000c60        0     1                 .L0 
80000c74 80000c74        0     1                 .L0 
80000c88 80000c88        0     1                 .L0 
80000c90 80000c90        0     1                 .L0 
80000cae 80000cae        0     1                 .L0 
80000cec 80000cec        0     1                 .L0 
80000cf0 80000cf0        0     1                 .L0 
80000d0c 80000d0c        0     1                 .L0 
80000d0e 80000d0e        0     1                 .L0 
80000d12 80000d12        0     1                 .L0 
80000d16 80000d16        0     1                 .L0 
80000d1e 80000d1e        0     1                 .L0 
80000d22 80000d22        0     1                 .L0 
80000d26 80000d26        0     1                 .L0 
80000d34 80000d34        0     1                 .L0 
80000d36 80000d36        0     1                 .L0 
80000d3a 80000d3a        0     1                 .L0 
80000d54 80000d54        0     1                 .L0 
80000d58 80000d58        0     1                 .L0 
80000d60 80000d60        0     1                 .L0 
80000d82 80000d82        0     1                 .L0 
80000d8a 80000d8a        0     1                 .L0 
80000d90 80000d90        0     1                 .L0 
80000d94 80000d94        0     1                 .L0 
80000d98 80000d98        0     1                 .L0 
80000db2 80000db2        0     1                 .L0 
80000db6 80000db6        0     1                 .L0 
80000dbc 80000dbc        0     1                 .L0 
80000dc4 80000dc4        0     1                 .L0 
80000dcc 80000dcc        0     1                 .L0 
80000dd0 80000dd0        0     1                 .L0 
80000de4 80000de4        0     1                 .L0 
80000e18 80000e18        0     1                 .L0 
80000e1c 80000e1c        0     1                 .L0 
80000e1e 80000e1e        0     1                 .L0 
80000e22 80000e22        0     1                 .L0 
80000e3c 80000e3c        0     1                 .L0 
80000e4e 80000e4e        0     1                 .L0 
80000e5c 80000e5c        0     1                 .L0 
80000e62 80000e62        0     1                 .L0 
80000e68 80000e68        0     1                 .L0 
80000e90 80000e90        0     1                 .L0 
80000ea0 80000ea0        0     1                 .L0 
80000eaa 80000eaa        0     1                 .L0 
80000eac 80000eac        0     1                 .L0 
80000eb0 80000eb0        0     1                 .L0 
80000eb6 80000eb6        0     1                 .L0 
80000ec2 80000ec2        0     1                 .L0 
80000ede 80000ede        0     1                 .L0 
80000ee8 80000ee8        0     1                 .L0 
80000eec 80000eec        0     1                 .L0 
80000ef0 80000ef0        0     1                 .L0 
80000ef8 80000ef8        0     1                 .L0 
80000f1c 80000f1c        0     1                 .L0 
80000f20 80000f20        0     1                 .L0 
80000f28 80000f28        0     1                 .L0 
80000f42 80000f42        0     1                 .L0 
80000f76 80000f76        0     1                 .L0 
80000f7a 80000f7a        0     1                 .L0 
80000fa2 80000fa2        0     1                 .L0 
80000fa8 80000fa8        0     1                 .L0 
80000fb0 80000fb0        0     1                 .L0 
80000fd6 80000fd6        0     1                 .L0 
80000fd8 80000fd8        0     1                 .L0 
80000fe4 80000fe4        0     1                 .L0 
8000104a 8000104a        0     1                 .L0 
8000104e 8000104e        0     1                 .L0 
8000105e 8000105e        0     1                 .L0 
80001066 80001066        0     1                 .L0 
8000106a 8000106a        0     1                 .L0 
80001070 80001070        0     1                 .L0 
80001074 80001074        0     1                 .L0 
8000107c 8000107c        0     1                 .L0 
80001080 80001080        0     1                 .L0 
80001084 80001084        0     1                 .L0 
80001088 80001088        0     1                 .L0 
8000108c 8000108c        0     1                 .L0 
8000109a 8000109a        0     1                 .L0 
8000109c 8000109c        0     1                 .L0 
800010d4 800010d4        0     1                 .L0 
800010d8 800010d8        0     1                 .L0 
800010dc 800010dc        0     1                 .L0 
800010f8 800010f8        0     1                 .L0 
800010fc 800010fc        0     1                 .L0 
800010fe 800010fe        0     1                 .L0 
8000111e 8000111e        0     1                 .L0 
8000112e 8000112e        0     1                 .L0 
80001132 80001132        0     1                 .L0 
80001136 80001136        0     1                 .L0 
80001158 80001158        0     1                 .L0 
80001160 80001160        0     1                 .L0 
80001162 80001162        0     1                 .L0 
80001164 80001164        0     1                 .L0 
80001182 80001182        0     1                 .L0 
8000118a 8000118a        0     1                 .L0 
800011a2 800011a2        0     1                 .L0 
800011a4 800011a4        0     1                 .L0 
800011e6 800011e6        0     1                 .L0 
800011e8 800011e8        0     1                 .L0 
800011ec 800011ec        0     1                 .L0 
800011f0 800011f0        0     1                 .L0 
800011f4 800011f4        0     1                 .L0 
800011f8 800011f8        0     1                 .L0 
800011fa 800011fa        0     1                 .L0 
800011fe 800011fe        0     1                 .L0 
80001202 80001202        0     1                 .L0 
80001206 80001206        0     1                 .L0 
80001212 80001212        0     1                 .L0 
80001214 80001214        0     1                 .L0 
80001244 80001244        0     1                 .L0 
80001246 80001246        0     1                 .L0 
8000124a 8000124a        0     1                 .L0 
8000126c 8000126c        0     1                 .L0 
8000126e 8000126e        0     1                 .L0 
80001284 80001284        0     1                 .L0 
80001296 80001296        0     1                 .L0 
800012a6 800012a6        0     1                 .L0 
800012be 800012be        0     1                 .L0 
800012d4 800012d4        0     1                 .L0 
800012e0 800012e0        0     1                 .L0 
80001300 80001300        0     1                 .L0 
80001302 80001302        0     1                 .L0 
8000132a 8000132a        0     1                 .L0 
8000133a 8000133a        0     1                 .L0 
80001350 80001350        0     1                 .L0 
80001356 80001356        0     1                 .L0 
80001358 80001358        0     1                 .L0 
80001368 80001368        0     1                 .L0 
80001374 80001374        0     1                 .L0 
800013b0 800013b0        0     1                 .L0 
800013b4 800013b4        0     1                 .L0 
800013b8 800013b8        0     1                 .L0 
800013ba 800013ba        0     1                 .L0 
800013c0 800013c0        0     1                 .L0 
800013c4 800013c4        0     1                 .L0 
800013c8 800013c8        0     1                 .L0 
800013cc 800013cc        0     1                 .L0 
800013d4 800013d4        0     1                 .L0 
800013da 800013da        0     1                 .L0 
800013e0 800013e0        0     1                 .L0 
800013e6 800013e6        0     1                 .L0 
800013ec 800013ec        0     1                 .L0 
800013f0 800013f0        0     1                 .L0 
800013f2 800013f2        0     1                 .L0 
80001418 80001418        0     1                 .L0 
8000146c 8000146c        0     1                 .L0 
8000146e 8000146e        0     1                 .L0 
8000147a 8000147a        0     1                 .L0 
8000149a 8000149a        0     1                 .L0 
800014a2 800014a2        0     1                 .L0 
800014a6 800014a6        0     1                 .L0 
800014aa 800014aa        0     1                 .L0 
800014c6 800014c6        0     1                 .L0 
800014d8 800014d8        0     1                 .L0 
8000150a 8000150a        0     1                 .L0 
8000150c 8000150c        0     1                 .L0 
80001510 80001510        0     1                 .L0 
80001512 80001512        0     1                 .L0 
80001550 80001550        0     1                 .L0 
80001598 80001598        0     1                 .L0 
8000160a 8000160a        0     1                 .L0 
80001614 80001614        0     1                 .L0 
80001624 80001624        0     1                 .L0 
80001638 80001638        0     1                 .L0 
8000163a 8000163a        0     1                 .L0 
8000163e 8000163e        0     1                 .L0 
80001642 80001642        0     1                 .L0 
80001646 80001646        0     1                 .L0 
8000164e 8000164e        0     1                 .L0 
8000164e 8000164e        0     1                 .L0 
80001650 80001650        0     1                 .L0 
80001650 80001650        0     1                 .L0 
80001650 80001650       26     2         /home/kenta/repos/fpga_samples/rtl/displayport/test/sw-rs/target/riscv32imc-unknown-none-elf/release/deps/bootrom_rs-3df706e2faa0f1dc.bootrom_rs.8001855ce7bf4b60-cgu.0.rcgu.o:(.text._ZN64_$LT$bootrom_rs..dpcd..DpcdError$u20$as$u20$core..fmt..Debug$GT$3fmt17hf6dfaf388ce92c90E)
80001650 80001650       26     1                 _$LT$bootrom_rs..dpcd..DpcdError$u20$as$u20$core..fmt..Debug$GT$::fmt::hf6dfaf388ce92c90
80001650 80001650        0     1                 .L0 
80001650 80001650        0     1                 .L0 
80001650 80001650        0     1                 $x
80001650 80001650        0     1                 .L0 
80001672 80001672        0     1                 .L0 
80001676 80001676        0     1                 .L0 
80001676 80001676       82     2         /home/kenta/repos/fpga_samples/rtl/displayport/test/sw-rs/target/riscv32imc-unknown-none-elf/release/deps/bootrom_rs-3df706e2faa0f1dc.bootrom_rs.8001855ce7bf4b60-cgu.0.rcgu.o:(.text._ZN69_$LT$bootrom_rs..link_training..Error$u20$as$u20$core..fmt..Debug$GT$3fmt17h9553d38f470e0f02E)
80001676 80001676       82     1                 _$LT$bootrom_rs..link_training..Error$u20$as$u20$core..fmt..Debug$GT$::fmt::h9553d38f470e0f02
80001676 80001676        0     1                 .L0 
80001676 80001676        0     1                 .L0 
80001676 80001676        0     1                 $x
80001676 80001676        0     1                 .L0 
80001690 80001690        0     1                 .L0 
80001692 80001692        0     1                 .L0 
800016a0 800016a0        0     1                 .L0 
800016a4 800016a4        0     1                 .L0 
800016b0 800016b0        0     1                 .L0 
800016b4 800016b4        0     1                 .L0 
800016be 800016be        0     1                 .L0 
800016c2 800016c2        0     1                 .L0 
800016c2 800016c2        0     1                 .L0 
800016c6 800016c6        0     1                 .L0 
800016d2 800016d2        0     1                 .L0 
800016d8 800016d8        0     1                 .L0 
800016d8 800016d8        0     1                 .L0 
800016da 800016da        0     1                 .L0 
800016f8 800016f8        0     1                 .L0 
800016f8 800016f8       26     2         /home/kenta/repos/fpga_samples/rtl/displayport/test/sw-rs/target/riscv32imc-unknown-none-elf/release/deps/bootrom_rs-3df706e2faa0f1dc.bootrom_rs.8001855ce7bf4b60-cgu.0.rcgu.o:(.text._ZN62_$LT$bootrom_rs..aux..AuxError$u20$as$u20$core..fmt..Debug$GT$3fmt17hdca9404709b1924aE)
800016f8 800016f8       26     1                 _$LT$bootrom_rs..aux..AuxError$u20$as$u20$core..fmt..Debug$GT$::fmt::hdca9404709b1924a
800016f8 800016f8        0     1                 .L0 
800016f8 800016f8        0     1                 .L0 
800016f8 800016f8        0     1                 $x
800016f8 800016f8        0     1                 .L0 
80001718 80001718        0     1                 .L0 
8000171e 8000171e        0     1                 .L0 
8000171e 8000171e       14     2         /home/kenta/repos/fpga_samples/rtl/displayport/test/sw-rs/target/riscv32imc-unknown-none-elf/release/deps/bootrom_rs-3df706e2faa0f1dc.bootrom_rs.8001855ce7bf4b60-cgu.0.rcgu.o:(.text.start_rust)
8000171e 8000171e        0     1                 .L0 
8000171e 8000171e        0     1                 .L0 
8000171e 8000171e        0     1                 $x
8000171e 8000171e        0     1                 .L0 
8000171e 8000171e       14     1                 start_rust
80001732 80001732        0     1                 .L0 
80001732 80001732       10     2         /home/kenta/repos/fpga_samples/rtl/displayport/test/sw-rs/target/riscv32imc-unknown-none-elf/release/deps/bootrom_rs-3df706e2faa0f1dc.bootrom_rs.8001855ce7bf4b60-cgu.0.rcgu.o:(.text._RNvXs1i_NtCsddV114GBTEg_4core3fmtReNtB6_7Display3fmtB8_)
80001732 80001732       10     1                 <&str as core::fmt::Display>::fmt
80001732 80001732        0     1                 .L0 
80001732 80001732        0     1                 .L0 
80001732 80001732        0     1                 $x
80001732 80001732        0     1                 .L0 
80001738 80001738        0     1                 .L0 
80001742 80001742        0     1                 .L0 
80001742 80001742       2e     2         /home/kenta/repos/fpga_samples/rtl/displayport/test/sw-rs/target/riscv32imc-unknown-none-elf/release/deps/bootrom_rs-3df706e2faa0f1dc.bootrom_rs.8001855ce7bf4b60-cgu.0.rcgu.o:(.text.unlikely._RNvNtCsddV114GBTEg_4core9panicking9panic_fmt)
80001742 80001742       2e     1                 core::panicking::panic_fmt
80001742 80001742        0     1                 .L0 
80001742 80001742        0     1                 .L0 
80001742 80001742        0     1                 $x
80001742 80001742        0     1                 .L0 
80001758 80001758        0     1                 .L0 
80001770 80001770        0     1                 .L0 
80001770 80001770      1d6     2         /home/kenta/repos/fpga_samples/rtl/displayport/test/sw-rs/target/riscv32imc-unknown-none-elf/release/deps/bootrom_rs-3df706e2faa0f1dc.bootrom_rs.8001855ce7bf4b60-cgu.0.rcgu.o:(.text._RNvNtCsddV114GBTEg_4core3fmt5write)
80001770 80001770      1d6     1                 core::fmt::write
80001770 80001770        0     1                 .L0 
80001770 80001770        0     1                 .L0 
80001770 80001770        0     1                 $x
80001770 80001770        0     1                 .L0 
80001790 80001790        0     1                 .L0 
8000179a 8000179a        0     1                 .L0 
8000179e 8000179e        0     1                 .L0 
800017ba 800017ba        0     1                 .L0 
800017c2 800017c2        0     1                 .L0 
800017c6 800017c6        0     1                 .L0 
800017d6 800017d6        0     1                 .L0 
800017e0 800017e0        0     1                 .L0 
800017e2 800017e2        0     1                 .L0 
800017e8 800017e8        0     1                 .L0 
800017f0 800017f0        0     1                 .L0 
80001800 80001800        0     1                 .L0 
80001804 80001804        0     1                 .L0 
80001806 80001806        0     1                 .L0 
80001808 80001808        0     1                 .L0 
80001818 80001818        0     1                 .L0 
80001836 80001836        0     1                 .L0 
80001848 80001848        0     1                 .L0 
80001854 80001854        0     1                 .L0 
8000185e 8000185e        0     1                 .L0 
8000186c 8000186c        0     1                 .L0 
80001878 80001878        0     1                 .L0 
8000187a 8000187a        0     1                 .L0 
8000187c 8000187c        0     1                 .L0 
8000187e 8000187e        0     1                 .L0 
8000188a 8000188a        0     1                 .L0 
8000189a 8000189a        0     1                 .L0 
800018a8 800018a8        0     1                 .L0 
800018b6 800018b6        0     1                 .L0 
800018ba 800018ba        0     1                 .L0 
800018be 800018be        0     1                 .L0 
800018c6 800018c6        0     1                 .L0 
800018ca 800018ca        0     1                 .L0 
800018de 800018de        0     1                 .L0 
800018e4 800018e4        0     1                 .L0 
800018ea 800018ea        0     1                 .L0 
800018ee 800018ee        0     1                 .L0 
800018fe 800018fe        0     1                 .L0 
80001902 80001902        0     1                 .L0 
80001946 80001946        0     1                 .L0 
80001946 80001946      2f0     2         /home/kenta/repos/fpga_samples/rtl/displayport/test/sw-rs/target/riscv32imc-unknown-none-elf/release/deps/bootrom_rs-3df706e2faa0f1dc.bootrom_rs.8001855ce7bf4b60-cgu.0.rcgu.o:(.text._RNvMsa_NtCsddV114GBTEg_4core3fmtNtB5_9Formatter3pad)
80001946 80001946      2f0     1                 <core::fmt::Formatter>::pad
80001946 80001946        0     1                 .L0 
80001946 80001946        0     1                 .L0 
80001946 80001946        0     1                 $x
80001946 80001946        0     1                 .L0 
80001976 80001976        0     1                 .L0 
8000197e 8000197e        0     1                 .L0 
80001980 80001980        0     1                 .L0 
80001986 80001986        0     1                 .L0 
80001996 80001996        0     1                 .L0 
8000199e 8000199e        0     1                 .L0 
800019a6 800019a6        0     1                 .L0 
800019aa 800019aa        0     1                 .L0 
800019be 800019be        0     1                 .L0 
800019c2 800019c2        0     1                 .L0 
800019c6 800019c6        0     1                 .L0 
800019c8 800019c8        0     1                 .L0 
800019ce 800019ce        0     1                 .L0 
800019d0 800019d0        0     1                 .L0 
800019f8 800019f8        0     1                 .L0 
80001a06 80001a06        0     1                 .L0 
80001a0e 80001a0e        0     1                 .L0 
80001a16 80001a16        0     1                 .L0 
80001a1c 80001a1c        0     1                 .L0 
80001a28 80001a28        0     1                 .L0 
80001a30 80001a30        0     1                 .L0 
80001a38 80001a38        0     1                 .L0 
80001a4c 80001a4c        0     1                 .L0 
80001a54 80001a54        0     1                 .L0 
80001a7e 80001a7e        0     1                 .L0 
80001a8c 80001a8c        0     1                 .L0 
80001a9a 80001a9a        0     1                 .L0 
80001aa6 80001aa6        0     1                 .L0 
80001aae 80001aae        0     1                 .L0 
80001ab4 80001ab4        0     1                 .L0 
80001ab8 80001ab8        0     1                 .L0 
80001aba 80001aba        0     1                 .L0 
80001ac8 80001ac8        0     1                 .L0 
80001af4 80001af4        0     1                 .L0 
80001af6 80001af6        0     1                 .L0 
80001b02 80001b02        0     1                 .L0 
80001b06 80001b06        0     1                 .L0 
80001b08 80001b08        0     1                 .L0 
80001b0a 80001b0a        0     1                 .L0 
80001b10 80001b10        0     1                 .L0 
80001b22 80001b22        0     1                 .L0 
80001b2a 80001b2a        0     1                 .L0 
80001b2c 80001b2c        0     1                 .L0 
80001b32 80001b32        0     1                 .L0 
80001b38 80001b38        0     1                 .L0 
80001b3c 80001b3c        0     1                 .L0 
80001b5a 80001b5a        0     1                 .L0 
80001b62 80001b62        0     1                 .L0 
80001b66 80001b66        0     1                 .L0 
80001b68 80001b68        0     1                 .L0 
80001b6e 80001b6e        0     1                 .L0 
80001b82 80001b82        0     1                 .L0 
80001b92 80001b92        0     1                 .L0 
80001b9a 80001b9a        0     1                 .L0 
80001b9e 80001b9e        0     1                 .L0 
80001ba0 80001ba0        0     1                 .L0 
80001ba6 80001ba6        0     1                 .L0 
80001ba8 80001ba8        0     1                 .L0 
80001bd0 80001bd0        0     1                 .L0 
80001bd8 80001bd8        0     1                 .L0 
80001bda 80001bda        0     1                 .L0 
80001be8 80001be8        0     1                 .L0 
80001bea 80001bea        0     1                 .L0 
80001bec 80001bec        0     1                 .L0 
80001bee 80001bee        0     1                 .L0 
80001bfa 80001bfa        0     1                 .L0 
80001c04 80001c04        0     1                 .L0 
80001c34 80001c34        0     1                 .L0 
80001c36 80001c36        0     1                 .L0 
80001c36 80001c36        0     1                 .L0 
80001c36 80001c36      1e8     2         /home/kenta/repos/fpga_samples/rtl/displayport/test/sw-rs/target/riscv32imc-unknown-none-elf/release/deps/bootrom_rs-3df706e2faa0f1dc.bootrom_rs.8001855ce7bf4b60-cgu.0.rcgu.o:(.text._RNvXs0_NtNtCsddV114GBTEg_4core3fmt8buildersNtB5_10PadAdapterNtB7_5Write9write_str)
80001c36 80001c36      1e8     1                 <core::fmt::builders::PadAdapter as core::fmt::Write>::write_str
80001c36 80001c36        0     1                 .L0 
80001c36 80001c36        0     1                 .L0 
80001c36 80001c36        0     1                 $x
80001c36 80001c36        0     1                 .L0 
80001c94 80001c94        0     1                 .L0 
80001c98 80001c98        0     1                 .L0 
80001ca2 80001ca2        0     1                 .L0 
80001cc0 80001cc0        0     1                 .L0 
80001cc4 80001cc4        0     1                 .L0 
80001ccc 80001ccc        0     1                 .L0 
80001cda 80001cda        0     1                 .L0 
80001cde 80001cde        0     1                 .L0 
80001ce4 80001ce4        0     1                 .L0 
80001d06 80001d06        0     1                 .L0 
80001d1a 80001d1a        0     1                 .L0 
80001d2e 80001d2e        0     1                 .L0 
80001d34 80001d34        0     1                 .L0 
80001d50 80001d50        0     1                 .L0 
80001d6a 80001d6a        0     1                 .L0 
80001d6e 80001d6e        0     1                 .L0 
80001d74 80001d74        0     1                 .L0 
80001d92 80001d92        0     1                 .L0 
80001d98 80001d98        0     1                 .L0 
80001d9c 80001d9c        0     1                 .L0 
80001daa 80001daa        0     1                 .L0 
80001dac 80001dac        0     1                 .L0 
80001de8 80001de8        0     1                 .L0 
80001df0 80001df0        0     1                 .L0 
80001df2 80001df2        0     1                 .L0 
80001e1e 80001e1e        0     1                 .L0 
80001e1e 80001e1e       6e     2         /home/kenta/repos/fpga_samples/rtl/displayport/test/sw-rs/target/riscv32imc-unknown-none-elf/release/deps/bootrom_rs-3df706e2faa0f1dc.bootrom_rs.8001855ce7bf4b60-cgu.0.rcgu.o:(.text._RNvXs0_NtNtCsddV114GBTEg_4core3fmt8buildersNtB5_10PadAdapterNtB7_5Write10write_char)
80001e1e 80001e1e       6e     1                 <core::fmt::builders::PadAdapter as core::fmt::Write>::write_char
80001e1e 80001e1e        0     1                 .L0 
80001e1e 80001e1e        0     1                 .L0 
80001e1e 80001e1e        0     1                 $x
80001e1e 80001e1e        0     1                 .L0 
80001e56 80001e56        0     1                 .L0 
80001e8c 80001e8c        0     1                 .L0 
80001e8c 80001e8c       14     2         /home/kenta/repos/fpga_samples/rtl/displayport/test/sw-rs/target/riscv32imc-unknown-none-elf/release/deps/bootrom_rs-3df706e2faa0f1dc.bootrom_rs.8001855ce7bf4b60-cgu.0.rcgu.o:(.text._RNvYNtNtNtCsddV114GBTEg_4core3fmt8builders10PadAdapterNtB6_5Write9write_fmtB8_)
80001e8c 80001e8c       14     1                 <core::fmt::builders::PadAdapter as core::fmt::Write>::write_fmt
80001e8c 80001e8c        0     1                 .L0 
80001e8c 80001e8c        0     1                 .L0 
80001e8c 80001e8c        0     1                 $x
80001e8c 80001e8c        0     1                 .L0 
80001e90 80001e90        0     1                 .L0 
80001ea0 80001ea0        0     1                 .L0 
80001ea0 80001ea0      224     2         /home/kenta/repos/fpga_samples/rtl/displayport/test/sw-rs/target/riscv32imc-unknown-none-elf/release/deps/bootrom_rs-3df706e2faa0f1dc.bootrom_rs.8001855ce7bf4b60-cgu.0.rcgu.o:(.text._RNvMsa_NtCsddV114GBTEg_4core3fmtNtB5_9Formatter12pad_integral)
80001ea0 80001ea0      224     1                 <core::fmt::Formatter>::pad_integral
80001ea0 80001ea0        0     1                 .L0 
80001ea0 80001ea0        0     1                 .L0 
80001ea0 80001ea0        0     1                 $x
80001ea0 80001ea0        0     1                 .L0 
80001f08 80001f08        0     1                 .L0 
80001f34 80001f34        0     1                 .L0 
80001f44 80001f44        0     1                 .L0 
80001f4c 80001f4c        0     1                 .L0 
80001f68 80001f68        0     1                 .L0 
80001f70 80001f70        0     1                 .L0 
80001f76 80001f76        0     1                 .L0 
80001f80 80001f80        0     1                 .L0 
80001f96 80001f96        0     1                 .L0 
80001f9e 80001f9e        0     1                 .L0 
80001fce 80001fce        0     1                 .L0 
80001fd6 80001fd6        0     1                 .L0 
80001fda 80001fda        0     1                 .L0 
80001fdc 80001fdc        0     1                 .L0 
80001fec 80001fec        0     1                 .L0 
80001ff0 80001ff0        0     1                 .L0 
80001ffa 80001ffa        0     1                 .L0 
8000200a 8000200a        0     1                 .L0 
80002038 80002038        0     1                 .L0 
80002040 80002040        0     1                 .L0 
80002044 80002044        0     1                 .L0 
80002046 80002046        0     1                 .L0 
8000204c 8000204c        0     1                 .L0 
80002050 80002050        0     1                 .L0 
80002066 80002066        0     1                 .L0 
80002076 80002076        0     1                 .L0 
8000208a 8000208a        0     1                 .L0 
80002092 80002092        0     1                 .L0 
80002096 80002096        0     1                 .L0 
80002098 80002098        0     1                 .L0 
8000209e 8000209e        0     1                 .L0 
800020c4 800020c4        0     1                 .L0 
800020c4 800020c4       60     2         /home/kenta/repos/fpga_samples/rtl/displayport/test/sw-rs/target/riscv32imc-unknown-none-elf/release/deps/bootrom_rs-3df706e2faa0f1dc.bootrom_rs.8001855ce7bf4b60-cgu.0.rcgu.o:(.text._RNvNvMsa_NtCsddV114GBTEg_4core3fmtNtB7_9Formatter12pad_integral12write_prefix)
800020c4 800020c4       60     1                 <core::fmt::Formatter>::pad_integral::write_prefix
800020c4 800020c4        0     1                 .L0 
800020c4 800020c4        0     1                 .L0 
800020c4 800020c4        0     1                 $x
800020c4 800020c4        0     1                 .L0 
800020f0 800020f0        0     1                 .L0 
80002124 80002124        0     1                 .L0 
80002124 80002124       10     2         /home/kenta/repos/fpga_samples/rtl/displayport/test/sw-rs/target/riscv32imc-unknown-none-elf/release/deps/bootrom_rs-3df706e2faa0f1dc.bootrom_rs.8001855ce7bf4b60-cgu.0.rcgu.o:(.text.unlikely._RNvNtCsddV114GBTEg_4core6option13unwrap_failed)
80002124 80002124       10     1                 core::option::unwrap_failed
80002124 80002124        0     1                 .L0 
80002124 80002124        0     1                 .L0 
80002124 80002124        0     1                 $x
80002124 80002124        0     1                 .L0 
80002134 80002134        0     1                 .L0 
80002134 80002134       24     2         /home/kenta/repos/fpga_samples/rtl/displayport/test/sw-rs/target/riscv32imc-unknown-none-elf/release/deps/bootrom_rs-3df706e2faa0f1dc.bootrom_rs.8001855ce7bf4b60-cgu.0.rcgu.o:(.text.unlikely._RNvNtCsddV114GBTEg_4core9panicking5panic)
80002134 80002134       24     1                 core::panicking::panic
80002134 80002134        0     1                 .L0 
80002134 80002134        0     1                 .L0 
80002134 80002134        0     1                 $x
80002134 80002134        0     1                 .L0 
80002158 80002158        0     1                 .L0 
80002158 80002158       42     2         /home/kenta/repos/fpga_samples/rtl/displayport/test/sw-rs/target/riscv32imc-unknown-none-elf/release/deps/bootrom_rs-3df706e2faa0f1dc.bootrom_rs.8001855ce7bf4b60-cgu.0.rcgu.o:(.text.unlikely._RNvNtCsddV114GBTEg_4core9panicking18panic_bounds_check)
80002158 80002158       42     1                 core::panicking::panic_bounds_check
80002158 80002158        0     1                 .L0 
80002158 80002158        0     1                 .L0 
80002158 80002158        0     1                 $x
80002158 80002158        0     1                 .L0 
8000219a 8000219a        0     1                 .L0 
8000219a 8000219a       dc     2         /home/kenta/repos/fpga_samples/rtl/displayport/test/sw-rs/target/riscv32imc-unknown-none-elf/release/deps/bootrom_rs-3df706e2faa0f1dc.bootrom_rs.8001855ce7bf4b60-cgu.0.rcgu.o:(.text._RNvMsa_NtCsddV114GBTEg_4core3fmtNtB5_9Formatter25debug_tuple_field1_finish)
8000219a 8000219a       dc     1                 <core::fmt::Formatter>::debug_tuple_field1_finish
8000219a 8000219a        0     1                 .L0 
8000219a 8000219a        0     1                 .L0 
8000219a 8000219a        0     1                 $x
8000219a 8000219a        0     1                 .L0 
800021b2 800021b2        0     1                 .L0 
800021c4 800021c4        0     1                 .L0 
800021c6 800021c6        0     1                 .L0 
800021dc 800021dc        0     1                 .L0 
800021e6 800021e6        0     1                 .L0 
800021f6 800021f6        0     1                 .L0 
800021f8 800021f8        0     1                 .L0 
80002208 80002208        0     1                 .L0 
8000220c 8000220c        0     1                 .L0 
8000221a 8000221a        0     1                 .L0 
80002222 80002222        0     1                 .L0 
80002226 80002226        0     1                 .L0 
8000222a 8000222a        0     1                 .L0 
80002236 80002236        0     1                 .L0 
8000224a 8000224a        0     1                 .L0 
8000224c 8000224c        0     1                 .L0 
80002262 80002262        0     1                 .L0 
80002264 80002264        0     1                 .L0 
80002276 80002276        0     1                 .L0 
80002276 80002276        0     1                 .L0 
80002276 80002276      16a     2         /home/kenta/repos/fpga_samples/rtl/displayport/test/sw-rs/target/riscv32imc-unknown-none-elf/release/deps/bootrom_rs-3df706e2faa0f1dc.bootrom_rs.8001855ce7bf4b60-cgu.0.rcgu.o:(.text._RNvXs8_NtNtNtCsddV114GBTEg_4core3fmt3num3impmNtB9_7Display3fmt)
80002276 80002276      16a     1                 <u32 as core::fmt::Display>::fmt
80002276 80002276        0     1                 .L0 
80002276 80002276        0     1                 .L0 
80002276 80002276        0     1                 $x
80002276 80002276        0     1                 .L0 
800022a0 800022a0        0     1                 .L0 
8000232a 8000232a        0     1                 .L0 
8000232e 8000232e        0     1                 .L0 
80002332 80002332        0     1                 .L0 
80002336 80002336        0     1                 .L0 
8000238c 8000238c        0     1                 .L0 
80002390 80002390        0     1                 .L0 
800023ac 800023ac        0     1                 .L0 
800023b6 800023b6        0     1                 .L0 
800023b8 800023b8        0     1                 .L0 
800023e0 800023e0        0     1                 .L0 
800023e0 800023e0       8c     2         /home/kenta/repos/fpga_samples/rtl/displayport/test/sw-rs/target/riscv32imc-unknown-none-elf/release/deps/bootrom_rs-3df706e2faa0f1dc.bootrom_rs.8001855ce7bf4b60-cgu.0.rcgu.o:(.text._RNvXNtNtNtCsddV114GBTEg_4core3fmt3num3imphNtB6_7Display3fmt)
800023e0 800023e0       8c     1                 <u8 as core::fmt::Display>::fmt
800023e0 800023e0        0     1                 .L0 
800023e0 800023e0        0     1                 .L0 
800023e0 800023e0        0     1                 $x
800023e0 800023e0        0     1                 .L0 
800023f8 800023f8        0     1                 .L0 
80002420 80002420        0     1                 .L0 
80002424 80002424        0     1                 .L0 
80002448 80002448        0     1                 .L0 
80002452 80002452        0     1                 .L0 
80002454 80002454        0     1                 .L0 
8000246c 8000246c        0     1                 .L0 
8000246c 8000246c       62     2         /home/kenta/repos/fpga_samples/rtl/displayport/test/sw-rs/target/riscv32imc-unknown-none-elf/release/deps/bootrom_rs-3df706e2faa0f1dc.bootrom_rs.8001855ce7bf4b60-cgu.0.rcgu.o:(.text._RNvXsg_NtNtCsddV114GBTEg_4core3fmt3numhNtB7_8UpperHex3fmt)
8000246c 8000246c       62     1                 <u8 as core::fmt::UpperHex>::fmt
8000246c 8000246c        0     1                 .L0 
8000246c 8000246c        0     1                 .L0 
8000246c 8000246c        0     1                 $x
8000246c 8000246c        0     1                 .L0 
8000249e 8000249e        0     1                 .L0 
800024b0 800024b0        0     1                 .L0 
800024ce 800024ce        0     1                 .L0 
800024ce 800024ce      116     2         /home/kenta/repos/fpga_samples/rtl/displayport/test/sw-rs/target/riscv32imc-unknown-none-elf/release/deps/bootrom_rs-3df706e2faa0f1dc.bootrom_rs.8001855ce7bf4b60-cgu.0.rcgu.o:(.text._RNvXs3_NtNtNtCsddV114GBTEg_4core3fmt3num3imptNtB9_7Display3fmt)
800024ce 800024ce      116     1                 <u16 as core::fmt::Display>::fmt
800024ce 800024ce        0     1                 .L0 
800024ce 800024ce        0     1                 .L0 
800024ce 800024ce        0     1                 $x
800024ce 800024ce        0     1                 .L0 
800024e0 800024e0        0     1                 .L0 
80002544 80002544        0     1                 .L0 
80002548 80002548        0     1                 .L0 
8000254c 8000254c        0     1                 .L0 
80002550 80002550        0     1                 .L0 
80002592 80002592        0     1                 .L0 
80002596 80002596        0     1                 .L0 
800025c2 800025c2        0     1                 .L0 
800025cc 800025cc        0     1                 .L0 
800025ce 800025ce        0     1                 .L0 
800025e4 800025e4        0     1                 .L0 
800025e4 800025e4       5c     2         /home/kenta/repos/fpga_samples/rtl/displayport/test/sw-rs/target/riscv32imc-unknown-none-elf/release/deps/bootrom_rs-3df706e2faa0f1dc.bootrom_rs.8001855ce7bf4b60-cgu.0.rcgu.o:(.text._RNvXs8_NtNtCsddV114GBTEg_4core3fmt3numjNtB7_8UpperHex3fmt)
800025e4 800025e4       5c     1                 <usize as core::fmt::UpperHex>::fmt
800025e4 800025e4        0     1                 .L0 
800025e4 800025e4        0     1                 .L0 
800025e4 800025e4        0     1                 $x
800025e4 800025e4        0     1                 .L0 
80002612 80002612        0     1                 .L0 
80002622 80002622        0     1                 .L0 
80002640 80002640        0     1                 .L0 
80002640 80002640        8     2         /home/kenta/.rustup/toolchains/stable-x86_64-unknown-linux-gnu/lib/rustlib/riscv32imc-unknown-none-elf/lib/libcompiler_builtins-06f5cc7eb10af0bc.rlib(compiler_builtins-06f5cc7eb10af0bc.compiler_builtins.67690aa3454e5eb8-cgu.186.rcgu.o):(.text.memcpy)
80002640 80002640        0     1                 .L0 
80002640 80002640        0     1                 .L0 
80002640 80002640        0     1                 $x
80002640 80002640        0     1                 .L0 
80002640 80002640        8     1                 memcpy
80002648 80002648      188     2         /home/kenta/.rustup/toolchains/stable-x86_64-unknown-linux-gnu/lib/rustlib/riscv32imc-unknown-none-elf/lib/libcompiler_builtins-06f5cc7eb10af0bc.rlib(compiler_builtins-06f5cc7eb10af0bc.compiler_builtins.67690aa3454e5eb8-cgu.014.rcgu.o):(.text._RNvNtCs8SrWuf8EPoW_17compiler_builtins3mem6memcpy)
80002648 80002648        0     1                 .L0 
80002648 80002648        0     1                 .L0 
80002648 80002648        0     1                 $x
80002648 80002648        0     1                 .L0 
80002648 80002648      188     1                 compiler_builtins::mem::memcpy
8000264c 8000264c        0     1                 .L0 
80002650 80002650        0     1                 .L0 
80002658 80002658        0     1                 .L0 
80002670 80002670        0     1                 .L0 
80002672 80002672        0     1                 .L0 
80002676 80002676        0     1                 .L0 
8000268a 8000268a        0     1                 .L0 
80002696 80002696        0     1                 .L0 
80002698 80002698        0     1                 .L0 
8000269e 8000269e        0     1                 .L0 
800026a0 800026a0        0     1                 .L0 
800026a4 800026a4        0     1                 .L0 
800026b8 800026b8        0     1                 .L0 
800026c2 800026c2        0     1                 .L0 
800026c4 800026c4        0     1                 .L0 
800026c8 800026c8        0     1                 .L0 
800026d0 800026d0        0     1                 .L0 
800026d2 800026d2        0     1                 .L0 
800026da 800026da        0     1                 .L0 
800026de 800026de        0     1                 .L0 
800026e2 800026e2        0     1                 .L0 
800026e6 800026e6        0     1                 .L0 
800026ec 800026ec        0     1                 .L0 
800026ee 800026ee        0     1                 .L0 
800026f2 800026f2        0     1                 .L0 
800026f6 800026f6        0     1                 .L0 
80002700 80002700        0     1                 .L0 
8000270a 8000270a        0     1                 .L0 
80002710 80002710        0     1                 .L0 
80002718 80002718        0     1                 .L0 
8000271e 8000271e        0     1                 .L0 
80002720 80002720        0     1                 .L0 
80002724 80002724        0     1                 .L0 
80002728 80002728        0     1                 .L0 
80002742 80002742        0     1                 .L0 
8000275a 8000275a        0     1                 .L0 
80002764 80002764        0     1                 .L0 
80002788 80002788        0     1                 .L0 
8000278e 8000278e        0     1                 .L0 
800027a6 800027a6        0     1                 .L0 
800027ae 800027ae        0     1                 .L0 
800027b2 800027b2        0     1                 .L0 
800027c0 800027c0        0     1                 .L0 
800027c2 800027c2        0     1                 .L0 
800027c6 800027c6        0     1                 .L0 
800027d0 800027d0        0     1                 .L0 
800027d0 800027d0        0     1                 .L0 
800027d0 800027d0       6c     2         /home/kenta/.rustup/toolchains/stable-x86_64-unknown-linux-gnu/lib/rustlib/riscv32imc-unknown-none-elf/lib/libcompiler_builtins-06f5cc7eb10af0bc.rlib(compiler_builtins-06f5cc7eb10af0bc.compiler_builtins.67690aa3454e5eb8-cgu.233.rcgu.o):(.text.memset)
800027d0 800027d0        0     1                 .L0 
800027d0 800027d0        0     1                 .L0 
800027d0 800027d0        0     1                 $x
800027d0 800027d0        0     1                 .L0 
800027d0 800027d0       6c     1                 memset
800027d6 800027d6        0     1                 .L0 
800027de 800027de        0     1                 .L0 
800027f0 800027f0        0     1                 .L0 
800027fc 800027fc        0     1                 .L0 
80002814 80002814        0     1                 .L0 
8000282a 8000282a        0     1                 .L0 
8000283c 8000283c        0     1         . = ALIGN(4)
8000283c 8000283c      588     4 .rodata
8000283c 8000283c        0     1         . = ALIGN(4)
8000283c 8000283c       28     4         /home/kenta/repos/fpga_samples/rtl/displayport/test/sw-rs/target/riscv32imc-unknown-none-elf/release/deps/bootrom_rs-3df706e2faa0f1dc.bootrom_rs.8001855ce7bf4b60-cgu.0.rcgu.o:(.rodata.main)
8000283c 8000283c        0     1                 .LJTI20_0
8000283c 8000283c        0     1                 $d
80002864 80002864       14     4         /home/kenta/repos/fpga_samples/rtl/displayport/test/sw-rs/target/riscv32imc-unknown-none-elf/release/deps/bootrom_rs-3df706e2faa0f1dc.bootrom_rs.8001855ce7bf4b60-cgu.0.rcgu.o:(.rodata._ZN69_$LT$bootrom_rs..link_training..Error$u20$as$u20$core..fmt..Debug$GT$3fmt17h9553d38f470e0f02E)
80002864 80002864        0     1                 .LJTI22_0
80002864 80002864        0     1                 $d
80002878 80002878      175     1         <internal>:(.rodata.str1.1)
800029f0 800029f0       10     4         /home/kenta/repos/fpga_samples/rtl/displayport/test/sw-rs/target/riscv32imc-unknown-none-elf/release/deps/bootrom_rs-3df706e2faa0f1dc.bootrom_rs.8001855ce7bf4b60-cgu.0.rcgu.o:(.rodata..Lanon.044f1f8752d24f3821d022b727a598e8.1)
800029f0 800029f0       10     1                 .Lanon.044f1f8752d24f3821d022b727a598e8.1
800029f0 800029f0        0     1                 $d
80002a00 80002a00       10     4         /home/kenta/repos/fpga_samples/rtl/displayport/test/sw-rs/target/riscv32imc-unknown-none-elf/release/deps/bootrom_rs-3df706e2faa0f1dc.bootrom_rs.8001855ce7bf4b60-cgu.0.rcgu.o:(.rodata..Lanon.044f1f8752d24f3821d022b727a598e8.2)
80002a00 80002a00       10     1                 .Lanon.044f1f8752d24f3821d022b727a598e8.2
80002a00 80002a00        0     1                 $d
80002a10 80002a10       40     4         <internal>:(.rodata.cst16)
80002a50 80002a50       18     4         /home/kenta/repos/fpga_samples/rtl/displayport/test/sw-rs/target/riscv32imc-unknown-none-elf/release/deps/bootrom_rs-3df706e2faa0f1dc.bootrom_rs.8001855ce7bf4b60-cgu.0.rcgu.o:(.rodata..Lanon.13cdef66b3442099156009d2bbf42b2c.8)
80002a50 80002a50       18     1                 .Lanon.13cdef66b3442099156009d2bbf42b2c.8
80002a50 80002a50        0     1                 $d
80002a68 80002a68       15     1         /home/kenta/repos/fpga_samples/rtl/displayport/test/sw-rs/target/riscv32imc-unknown-none-elf/release/deps/bootrom_rs-3df706e2faa0f1dc.bootrom_rs.8001855ce7bf4b60-cgu.0.rcgu.o:(.rodata..Lanon.c9e955d39c895c54c66d660d32960f20.1)
80002a68 80002a68       15     1                 .Lanon.c9e955d39c895c54c66d660d32960f20.1
80002a68 80002a68        0     1                 $d
80002a7d 80002a7d       36     1         /home/kenta/repos/fpga_samples/rtl/displayport/test/sw-rs/target/riscv32imc-unknown-none-elf/release/deps/bootrom_rs-3df706e2faa0f1dc.bootrom_rs.8001855ce7bf4b60-cgu.0.rcgu.o:(.rodata..Lanon.c9e955d39c895c54c66d660d32960f20.2)
80002a7d 80002a7d       36     1                 .Lanon.c9e955d39c895c54c66d660d32960f20.2
80002a7d 80002a7d        0     1                 $d
80002ab3 80002ab3       15     1         /home/kenta/repos/fpga_samples/rtl/displayport/test/sw-rs/target/riscv32imc-unknown-none-elf/release/deps/bootrom_rs-3df706e2faa0f1dc.bootrom_rs.8001855ce7bf4b60-cgu.0.rcgu.o:(.rodata..Lanon.c9e955d39c895c54c66d660d32960f20.3)
80002ab3 80002ab3       15     1                 .Lanon.c9e955d39c895c54c66d660d32960f20.3
80002ab3 80002ab3        0     1                 $d
80002ac8 80002ac8       17     1         /home/kenta/repos/fpga_samples/rtl/displayport/test/sw-rs/target/riscv32imc-unknown-none-elf/release/deps/bootrom_rs-3df706e2faa0f1dc.bootrom_rs.8001855ce7bf4b60-cgu.0.rcgu.o:(.rodata..Lanon.c9e955d39c895c54c66d660d32960f20.4)
80002ac8 80002ac8       17     1                 .Lanon.c9e955d39c895c54c66d660d32960f20.4
80002ac8 80002ac8        0     1                 $d
80002adf 80002adf       25     1         /home/kenta/repos/fpga_samples/rtl/displayport/test/sw-rs/target/riscv32imc-unknown-none-elf/release/deps/bootrom_rs-3df706e2faa0f1dc.bootrom_rs.8001855ce7bf4b60-cgu.0.rcgu.o:(.rodata..Lanon.c9e955d39c895c54c66d660d32960f20.5)
80002adf 80002adf       25     1                 .Lanon.c9e955d39c895c54c66d660d32960f20.5
80002adf 80002adf        0     1                 $d
80002b04 80002b04       1a     1         /home/kenta/repos/fpga_samples/rtl/displayport/test/sw-rs/target/riscv32imc-unknown-none-elf/release/deps/bootrom_rs-3df706e2faa0f1dc.bootrom_rs.8001855ce7bf4b60-cgu.0.rcgu.o:(.rodata..Lanon.c9e955d39c895c54c66d660d32960f20.7)
80002b04 80002b04       1a     1                 .Lanon.c9e955d39c895c54c66d660d32960f20.7
80002b04 80002b04        0     1                 $d
80002b1e 80002b1e       26     1         /home/kenta/repos/fpga_samples/rtl/displayport/test/sw-rs/target/riscv32imc-unknown-none-elf/release/deps/bootrom_rs-3df706e2faa0f1dc.bootrom_rs.8001855ce7bf4b60-cgu.0.rcgu.o:(.rodata..Lanon.c9e955d39c895c54c66d660d32960f20.8)
80002b1e 80002b1e       26     1                 .Lanon.c9e955d39c895c54c66d660d32960f20.8
80002b1e 80002b1e        0     1                 $d
80002b44 80002b44       1c     1         /home/kenta/repos/fpga_samples/rtl/displayport/test/sw-rs/target/riscv32imc-unknown-none-elf/release/deps/bootrom_rs-3df706e2faa0f1dc.bootrom_rs.8001855ce7bf4b60-cgu.0.rcgu.o:(.rodata..Lanon.c9e955d39c895c54c66d660d32960f20.10)
80002b44 80002b44       1c     1                 .Lanon.c9e955d39c895c54c66d660d32960f20.10
80002b44 80002b44        0     1                 $d
80002b60 80002b60       2d     1         /home/kenta/repos/fpga_samples/rtl/displayport/test/sw-rs/target/riscv32imc-unknown-none-elf/release/deps/bootrom_rs-3df706e2faa0f1dc.bootrom_rs.8001855ce7bf4b60-cgu.0.rcgu.o:(.rodata..Lanon.c9e955d39c895c54c66d660d32960f20.11)
80002b60 80002b60       2d     1                 .Lanon.c9e955d39c895c54c66d660d32960f20.11
80002b60 80002b60        0     1                 $d
80002b8d 80002b8d        7     1         /home/kenta/repos/fpga_samples/rtl/displayport/test/sw-rs/target/riscv32imc-unknown-none-elf/release/deps/bootrom_rs-3df706e2faa0f1dc.bootrom_rs.8001855ce7bf4b60-cgu.0.rcgu.o:(.rodata..Lanon.c9e955d39c895c54c66d660d32960f20.12)
80002b8d 80002b8d        7     1                 .Lanon.c9e955d39c895c54c66d660d32960f20.12
80002b8d 80002b8d        0     1                 $d
80002b94 80002b94       4f     1         /home/kenta/repos/fpga_samples/rtl/displayport/test/sw-rs/target/riscv32imc-unknown-none-elf/release/deps/bootrom_rs-3df706e2faa0f1dc.bootrom_rs.8001855ce7bf4b60-cgu.0.rcgu.o:(.rodata..Lanon.c9e955d39c895c54c66d660d32960f20.13)
80002b94 80002b94       4f     1                 .Lanon.c9e955d39c895c54c66d660d32960f20.13
80002b94 80002b94        0     1                 $d
80002be3 80002be3       1e     1         /home/kenta/repos/fpga_samples/rtl/displayport/test/sw-rs/target/riscv32imc-unknown-none-elf/release/deps/bootrom_rs-3df706e2faa0f1dc.bootrom_rs.8001855ce7bf4b60-cgu.0.rcgu.o:(.rodata..Lanon.c9e955d39c895c54c66d660d32960f20.16)
[...]
    2bfd     2bfd        0     1                 .L0 
    2c1e     2c1e        0     1                 .L0 
    2c3f     2c3f        0     1                 .L0 
    2c60     2c60        0     1                 .L0 
    2c96     2c96        0     1                 .L0 
    2cb1     2cb1        0     1                 .L0 
    2d33     2d33        0     1                 .L0 
    2d5c     2d5c        0     1                 .L0 
    2d85     2d85        0     1                 .L0 
    2dae     2dae        0     1                 .L0 
    2e22     2e22        0     1                 .L0 
    2e4b     2e4b        0     1                 .L0 
    2e74     2e74        0     1                 .L0 
    2e8f     2e8f        0     1                 .L0 
    2eaf     2eaf        0     1                 .L0 
       0        0      b05     1 .debug_abbrev
       0        0      8bd     1         /home/kenta/repos/fpga_samples/rtl/displayport/test/sw-rs/target/riscv32imc-unknown-none-elf/release/deps/bootrom_rs-3df706e2faa0f1dc.bootrom_rs.8001855ce7bf4b60-cgu.0.rcgu.o:(.debug_abbrev)
       0        0        0     1                 $d
     8bd      8bd       2e     1         /home/kenta/.rustup/toolchains/stable-x86_64-unknown-linux-gnu/lib/rustlib/riscv32imc-unknown-none-elf/lib/libcompiler_builtins-06f5cc7eb10af0bc.rlib(compiler_builtins-06f5cc7eb10af0bc.compiler_builtins.67690aa3454e5eb8-cgu.186.rcgu.o):(.debug_abbrev)
     8bd      8bd        0     1                 $d
     8eb      8eb      131     1         /home/kenta/.rustup/toolchains/stable-x86_64-unknown-linux-gnu/lib/rustlib/riscv32imc-unknown-none-elf/lib/libcompiler_builtins-06f5cc7eb10af0bc.rlib(compiler_builtins-06f5cc7eb10af0bc.compiler_builtins.67690aa3454e5eb8-cgu.014.rcgu.o):(.debug_abbrev)
     8eb      8eb        0     1                 $d
     a1c      a1c       e9     1         /home/kenta/.rustup/toolchains/stable-x86_64-unknown-linux-gnu/lib/rustlib/riscv32imc-unknown-none-elf/lib/libcompiler_builtins-06f5cc7eb10af0bc.rlib(compiler_builtins-06f5cc7eb10af0bc.compiler_builtins.67690aa3454e5eb8-cgu.233.rcgu.o):(.debug_abbrev)
     a1c      a1c        0     1                 $d
       0        0     fcc6     1 .debug_info
       0        0     eb4d     1         /home/kenta/repos/fpga_samples/rtl/displayport/test/sw-rs/target/riscv32imc-unknown-none-elf/release/deps/bootrom_rs-3df706e2faa0f1dc.bootrom_rs.8001855ce7bf4b60-cgu.0.rcgu.o:(.debug_info)
       0        0        0     1                 .L0 
       0        0        0     1                 $d
    464e     464e        0     1                 .L0 
    468f     468f        0     1                 .L0 
    70b1     70b1        0     1                 .L0 
    c8e8     c8e8        0     1                 .L0 
    e928     e928        0     1                 .L0 
    eb4d     eb4d       4b     1         /home/kenta/.rustup/toolchains/stable-x86_64-unknown-linux-gnu/lib/rustlib/riscv32imc-unknown-none-elf/lib/libcompiler_builtins-06f5cc7eb10af0bc.rlib(compiler_builtins-06f5cc7eb10af0bc.compiler_builtins.67690aa3454e5eb8-cgu.186.rcgu.o):(.debug_info)
    eb4d     eb4d        0     1                 .L0 
    eb4d     eb4d        0     1                 $d
    eb98     eb98      eab     1         /home/kenta/.rustup/toolchains/stable-x86_64-unknown-linux-gnu/lib/rustlib/riscv32imc-unknown-none-elf/lib/libcompiler_builtins-06f5cc7eb10af0bc.rlib(compiler_builtins-06f5cc7eb10af0bc.compiler_builtins.67690aa3454e5eb8-cgu.014.rcgu.o):(.debug_info)
    eb98     eb98        0     1                 .L0 
    eb98     eb98        0     1                 $d
    fa43     fa43      283     1         /home/kenta/.rustup/toolchains/stable-x86_64-unknown-linux-gnu/lib/rustlib/riscv32imc-unknown-none-elf/lib/libcompiler_builtins-06f5cc7eb10af0bc.rlib(compiler_builtins-06f5cc7eb10af0bc.compiler_builtins.67690aa3454e5eb8-cgu.233.rcgu.o):(.debug_info)
    fa43     fa43        0     1                 .L0 
    fa43     fa43        0     1                 $d
       0        0      288     1 .debug_aranges
       0        0      218     1         /home/kenta/repos/fpga_samples/rtl/displayport/test/sw-rs/target/riscv32imc-unknown-none-elf/release/deps/bootrom_rs-3df706e2faa0f1dc.bootrom_rs.8001855ce7bf4b60-cgu.0.rcgu.o:(.debug_aranges)
       0        0        0     1                 $d
     218      218       20     1         /home/kenta/.rustup/toolchains/stable-x86_64-unknown-linux-gnu/lib/rustlib/riscv32imc-unknown-none-elf/lib/libcompiler_builtins-06f5cc7eb10af0bc.rlib(compiler_builtins-06f5cc7eb10af0bc.compiler_builtins.67690aa3454e5eb8-cgu.186.rcgu.o):(.debug_aranges)
     218      218        0     1                 $d
     238      238       30     1         /home/kenta/.rustup/toolchains/stable-x86_64-unknown-linux-gnu/lib/rustlib/riscv32imc-unknown-none-elf/lib/libcompiler_builtins-06f5cc7eb10af0bc.rlib(compiler_builtins-06f5cc7eb10af0bc.compiler_builtins.67690aa3454e5eb8-cgu.014.rcgu.o):(.debug_aranges)
     238      238        0     1                 $d
     268      268       20     1         /home/kenta/.rustup/toolchains/stable-x86_64-unknown-linux-gnu/lib/rustlib/riscv32imc-unknown-none-elf/lib/libcompiler_builtins-06f5cc7eb10af0bc.rlib(compiler_builtins-06f5cc7eb10af0bc.compiler_builtins.67690aa3454e5eb8-cgu.233.rcgu.o):(.debug_aranges)
     268      268        0     1                 $d
       0        0     16c8     1 .debug_ranges
       0        0     12d0     1         /home/kenta/repos/fpga_samples/rtl/displayport/test/sw-rs/target/riscv32imc-unknown-none-elf/release/deps/bootrom_rs-3df706e2faa0f1dc.bootrom_rs.8001855ce7bf4b60-cgu.0.rcgu.o:(.debug_ranges)
       0        0        0     1                 .L0 
       0        0        0     1                 $d
      18       18        0     1                 .L0 
      30       30        0     1                 .L0 
      48       48        0     1                 .L0 
      60       60        0     1                 .L0 
      78       78        0     1                 .L0 
      90       90        0     1                 .L0 
      b0       b0        0     1                 .L0 
      c8       c8        0     1                 .L0 
      e0       e0        0     1                 .L0 
      f8       f8        0     1                 .L0 
     110      110        0     1                 .L0 
     130      130        0     1                 .L0 
     148      148        0     1                 .L0 
     168      168        0     1                 .L0 
     180      180        0     1                 .L0 
     198      198        0     1                 .L0 
     1b0      1b0        0     1                 .L0 
     1c8      1c8        0     1                 .L0 
     1e0      1e0        0     1                 .L0 
     1f8      1f8        0     1                 .L0 
     210      210        0     1                 .L0 
     228      228        0     1                 .L0 
     240      240        0     1                 .L0 
     258      258        0     1                 .L0 
     270      270        0     1                 .L0 
     288      288        0     1                 .L0 
     2a0      2a0        0     1                 .L0 
     2b8      2b8        0     1                 .L0 
     2d0      2d0        0     1                 .L0 
     2e8      2e8        0     1                 .L0 
     308      308        0     1                 .L0 
     320      320        0     1                 .L0 
     340      340        0     1                 .L0 
     358      358        0     1                 .L0 
     370      370        0     1                 .L0 
     388      388        0     1                 .L0 
     3a0      3a0        0     1                 .L0 
     3b8      3b8        0     1                 .L0 
     3d8      3d8        0     1                 .L0 
     3f0      3f0        0     1                 .L0 
     408      408        0     1                 .L0 
     420      420        0     1                 .L0 
     438      438        0     1                 .L0 
     460      460        0     1                 .L0 
     478      478        0     1                 .L0 
     490      490        0     1                 .L0 
     4a8      4a8        0     1                 .L0 
     4c8      4c8        0     1                 .L0 
     4e0      4e0        0     1                 .L0 
     500      500        0     1                 .L0 
     538      538        0     1                 .L0 
     568      568        0     1                 .L0 
     598      598        0     1                 .L0 
     5b0      5b0        0     1                 .L0 
     5c8      5c8        0     1                 .L0 
     5e0      5e0        0     1                 .L0 
     5f8      5f8        0     1                 .L0 
     610      610        0     1                 .L0 
     628      628        0     1                 .L0 
     640      640        0     1                 .L0 
     660      660        0     1                 .L0 
     680      680        0     1                 .L0 
     698      698        0     1                 .L0 
     6c0      6c0        0     1                 .L0 
     6e8      6e8        0     1                 .L0 
     710      710        0     1                 .L0 
     740      740        0     1                 .L0 
     768      768        0     1                 .L0 
     788      788        0     1                 .L0 
     7a8      7a8        0     1                 .L0 
     7c8      7c8        0     1                 .L0 
     7e0      7e0        0     1                 .L0 
     800      800        0     1                 .L0 
     820      820        0     1                 .L0 
     840      840        0     1                 .L0 
     858      858        0     1                 .L0 
     870      870        0     1                 .L0 
     888      888        0     1                 .L0 
     8a0      8a0        0     1                 .L0 
     8b8      8b8        0     1                 .L0 
     900      900        0     1                 .L0 
     940      940        0     1                 .L0 
     980      980        0     1                 .L0 
     9a8      9a8        0     1                 .L0 
     9d0      9d0        0     1                 .L0 
     9f0      9f0        0     1                 .L0 
     a08      a08        0     1                 .L0 
     a20      a20        0     1                 .L0 
     a38      a38        0     1                 .L0 
     a50      a50        0     1                 .L0 
     a68      a68        0     1                 .L0 
     a88      a88        0     1                 .L0 
     aa8      aa8        0     1                 .L0 
     ac0      ac0        0     1                 .L0 
     ae0      ae0        0     1                 .L0 
     af8      af8        0     1                 .L0 
     b10      b10        0     1                 .L0 
     b28      b28        0     1                 .L0 
     b40      b40        0     1                 .L0 
     b58      b58        0     1                 .L0 
     b70      b70        0     1                 .L0 
     b88      b88        0     1                 .L0 
     ba0      ba0        0     1                 .L0 
     bb8      bb8        0     1                 .L0 
     bd0      bd0        0     1                 .L0 
     be8      be8        0     1                 .L0 
     c00      c00        0     1                 .L0 
     c18      c18        0     1                 .L0 
     c38      c38        0     1                 .L0 
     c50      c50        0     1                 .L0 
     c70      c70        0     1                 .L0 
     c90      c90        0     1                 .L0 
     ca8      ca8        0     1                 .L0 
     cc0      cc0        0     1                 .L0 
     cd8      cd8        0     1                 .L0 
     cf0      cf0        0     1                 .L0 
     d08      d08        0     1                 .L0 
     d20      d20        0     1                 .L0 
     d40      d40        0     1                 .L0 
     d60      d60        0     1                 .L0 
     d78      d78        0     1                 .L0 
     d90      d90        0     1                 .L0 
     da8      da8        0     1                 .L0 
     dc0      dc0        0     1                 .L0 
     dd8      dd8        0     1                 .L0 
     df0      df0        0     1                 .L0 
     e08      e08        0     1                 .L0 
     e20      e20        0     1                 .L0 
     e38      e38        0     1                 .L0 
     e50      e50        0     1                 .L0 
     e68      e68        0     1                 .L0 
     e80      e80        0     1                 .L0 
     e98      e98        0     1                 .L0 
     eb0      eb0        0     1                 .L0 
     ed0      ed0        0     1                 .L0 
     ee8      ee8        0     1                 .L0 
     f08      f08        0     1                 .L0 
     f20      f20        0     1                 .L0 
     f40      f40        0     1                 .L0 
     f58      f58        0     1                 .L0 
     f78      f78        0     1                 .L0 
     f98      f98        0     1                 .L0 
     fb0      fb0        0     1                 .L0 
     fc8      fc8        0     1                 .L0 
     fe8      fe8        0     1                 .L0 
    1000     1000        0     1                 .L0 
    1018     1018        0     1                 .L0 
    1030     1030        0     1                 .L0 
    1048     1048        0     1                 .L0 
    1068     1068        0     1                 .L0 
    1088     1088        0     1                 .L0 
    10a0     10a0        0     1                 .L0 
    10b8     10b8        0     1                 .L0 
    10d0     10d0        0     1                 .L0 
    10f0     10f0        0     1                 .L0 
    1108     1108        0     1                 .L0 
    1120     1120        0     1                 .L0 
    1138     1138        0     1                 .L0 
    1188     1188        0     1                 .L0 
    11d0     11d0        0     1                 .L0 
    1220     1220        0     1                 .L0 
    12b8     12b8        0     1                 .L0 
    12d0     12d0      3b0     1         /home/kenta/.rustup/toolchains/stable-x86_64-unknown-linux-gnu/lib/rustlib/riscv32imc-unknown-none-elf/lib/libcompiler_builtins-06f5cc7eb10af0bc.rlib(compiler_builtins-06f5cc7eb10af0bc.compiler_builtins.67690aa3454e5eb8-cgu.014.rcgu.o):(.debug_ranges)
    12d0     12d0        0     1                 .L0 
    12d0     12d0        0     1                 $d
    12e8     12e8        0     1                 .L0 
    1300     1300        0     1                 .L0 
    1320     1320        0     1                 .L0 
    1340     1340        0     1                 .L0 
    1358     1358        0     1                 .L0 
    1370     1370        0     1                 .L0 
    1388     1388        0     1                 .L0 
    13a0     13a0        0     1                 .L0 
    13b8     13b8        0     1                 .L0 
    13d0     13d0        0     1                 .L0 
    13e8     13e8        0     1                 .L0 
    1400     1400        0     1                 .L0 
    1430     1430        0     1                 .L0 
    1448     1448        0     1                 .L0 
    1468     1468        0     1                 .L0 
    1490     1490        0     1                 .L0 
    14b0     14b0        0     1                 .L0 
    14d0     14d0        0     1                 .L0 
    14e8     14e8        0     1                 .L0 
    1500     1500        0     1                 .L0 
    1520     1520        0     1                 .L0 
    1540     1540        0     1                 .L0 
    1568     1568        0     1                 .L0 
    1580     1580        0     1                 .L0 
    1598     1598        0     1                 .L0 
    15b8     15b8        0     1                 .L0 
    15d8     15d8        0     1                 .L0 
    15f0     15f0        0     1                 .L0 
    1608     1608        0     1                 .L0 
    1620     1620        0     1                 .L0 
    1640     1640        0     1                 .L0 
    1660     1660        0     1                 .L0 
    1680     1680       48     1         /home/kenta/.rustup/toolchains/stable-x86_64-unknown-linux-gnu/lib/rustlib/riscv32imc-unknown-none-elf/lib/libcompiler_builtins-06f5cc7eb10af0bc.rlib(compiler_builtins-06f5cc7eb10af0bc.compiler_builtins.67690aa3454e5eb8-cgu.233.rcgu.o):(.debug_ranges)
    1680     1680        0     1                 .L0 
    1680     1680        0     1                 $d
    1698     1698        0     1                 .L0 
    16b0     16b0        0     1                 .L0 
       0        0     e788     1 .debug_str
       0        0     e788     1         <internal>:(.debug_str)
       0        0       8b     1 .comment
       0        0       8b     1         <internal>:(.comment)
       0        0       36     1 .riscv.attributes
       0        0       36     1         <internal>:(.riscv.attributes)
       0        0     4443     1 .debug_line
       0        0     38fd     1         /home/kenta/repos/fpga_samples/rtl/displayport/test/sw-rs/target/riscv32imc-unknown-none-elf/release/deps/bootrom_rs-3df706e2faa0f1dc.bootrom_rs.8001855ce7bf4b60-cgu.0.rcgu.o:(.debug_line)
       0        0        0     1                 .Lline_table_start0
       0        0        0     1                 $d
     d0e      d0e        0     1                 .Lline_table_start1
     d3e      d3e        0     1                 .Lline_table_start2
    14a7     14a7        0     1                 .Lline_table_start3
    26f6     26f6        0     1                 .Lline_table_start4
    2714     2714        0     1                 .Lline_table_start5
    2732     2732        0     1                 .Lline_table_start6
    377d     377d        0     1                 .Lline_table_start7
    38fd     38fd       6e     1         /home/kenta/.rustup/toolchains/stable-x86_64-unknown-linux-gnu/lib/rustlib/riscv32imc-unknown-none-elf/lib/libcompiler_builtins-06f5cc7eb10af0bc.rlib(compiler_builtins-06f5cc7eb10af0bc.compiler_builtins.67690aa3454e5eb8-cgu.186.rcgu.o):(.debug_line)
    38fd     38fd        0     1                 .Lline_table_start0
    38fd     38fd        0     1                 $d
    396b     396b      844     1         /home/kenta/.rustup/toolchains/stable-x86_64-unknown-linux-gnu/lib/rustlib/riscv32imc-unknown-none-elf/lib/libcompiler_builtins-06f5cc7eb10af0bc.rlib(compiler_builtins-06f5cc7eb10af0bc.compiler_builtins.67690aa3454e5eb8-cgu.014.rcgu.o):(.debug_line)
    396b     396b        0     1                 .Lline_table_start0
    396b     396b        0     1                 $d
    41af     41af      294     1         /home/kenta/.rustup/toolchains/stable-x86_64-unknown-linux-gnu/lib/rustlib/riscv32imc-unknown-none-elf/lib/libcompiler_builtins-06f5cc7eb10af0bc.rlib(compiler_builtins-06f5cc7eb10af0bc.compiler_builtins.67690aa3454e5eb8-cgu.233.rcgu.o):(.debug_line)
    41af     41af        0     1                 .Lline_table_start0
    41af     41af        0     1                 $d
    435e     435e        0     1                 .Lline_table_start1
       0        0     6960     4 .symtab
       0        0     6960     4         <internal>:(.symtab)
       0        0       b4     1 .shstrtab
       0        0       b4     1         <internal>:(.shstrtab)
       0        0     3190     1 .strtab
       0        0     3190     1         <internal>:(.strtab)
