     VMA      LMA     Size Align Out     In      Symbol
80000000 80000000        4     1 .isr_vector
80000000 80000000        0     1         . = ALIGN(4)
80000000 80000000        4     1         /home/kenta/repos/fpga_samples/rtl/displayport/test/sw-rs/target/riscv32imc-unknown-none-elf/release/deps/bootrom_rs-60959512d032345b.bootrom_rs.4f57399457bc23e-cgu.1.rcgu.o:(.isr_vector)
80000000 80000000        0     1                 $x
80000004 80000004        0     1         . = ALIGN(4)
80000004 80000004     2170     2 .text
80000004 80000004        0     1         . = ALIGN(4)
80000004 80000004       1e     2         /home/kenta/repos/fpga_samples/rtl/displayport/test/sw-rs/target/riscv32imc-unknown-none-elf/release/deps/bootrom_rs-60959512d032345b.bootrom_rs.4f57399457bc23e-cgu.1.rcgu.o:(.text)
80000004 80000004        0     1                 _start
80000004 80000004        0     1                 .Lpcrel_hi0
80000004 80000004        0     1                 $x
80000022 80000022       3a     2         /home/kenta/repos/fpga_samples/rtl/displayport/test/sw-rs/target/riscv32imc-unknown-none-elf/release/deps/bootrom_rs-60959512d032345b.bootrom_rs.4f57399457bc23e-cgu.1.rcgu.o:(.text._RNvCsGIExRX8pES_7___rustc17rust_begin_unwind)
80000022 80000022       3a     1                 __rustc::rust_begin_unwind
80000022 80000022        0     1                 .L0 
80000022 80000022        0     1                 .L0 
80000022 80000022        0     1                 $x
80000022 80000022        0     1                 .L0 
8000002a 8000002a        0     1                 .L0 
80000048 80000048        0     1                 .L0 
80000058 80000058        0     1                 .L0 
8000005c 8000005c        0     1                 .L0 
8000005c 8000005c       24     2         /home/kenta/repos/fpga_samples/rtl/displayport/test/sw-rs/target/riscv32imc-unknown-none-elf/release/deps/bootrom_rs-60959512d032345b.bootrom_rs.4f57399457bc23e-cgu.1.rcgu.o:(.text._ZN106_$LT$bootrom_rs..serialout..SerialOut$LT$bootrom_pac..SYSTEM_SERIALOUT$GT$$u20$as$u20$core..fmt..Write$GT$9write_str17h57980ad64c707ebeE)
8000005c 8000005c       24     1                 _$LT$bootrom_rs..serialout..SerialOut$LT$bootrom_pac..SYSTEM_SERIALOUT$GT$$u20$as$u20$core..fmt..Write$GT$::write_str::h57980ad64c707ebe
8000005c 8000005c        0     1                 .L0 
8000005c 8000005c        0     1                 .L0 
8000005c 8000005c        0     1                 $x
8000005c 8000005c        0     1                 .L0 
8000005e 8000005e        0     1                 .L0 
80000064 80000064        0     1                 .L0 
80000066 80000066        0     1                 .L0 
8000006c 8000006c        0     1                 .L0 
80000070 80000070        0     1                 .L0 
80000074 80000074        0     1                 .L0 
80000078 80000078        0     1                 .L0 
8000007c 8000007c        0     1                 .L0 
80000080 80000080        0     1                 .L0 
80000080 80000080       40     2         /home/kenta/repos/fpga_samples/rtl/displayport/test/sw-rs/target/riscv32imc-unknown-none-elf/release/deps/bootrom_rs-60959512d032345b.bootrom_rs.4f57399457bc23e-cgu.1.rcgu.o:(.text._ZN10bootrom_rs9print_fmt17h6a77c2976e3f51bdE)
80000080 80000080       40     1                 bootrom_rs::print_fmt::h6a77c2976e3f51bd
80000080 80000080        0     1                 .L0 
80000080 80000080        0     1                 .L0 
80000080 80000080        0     1                 $x
80000080 80000080        0     1                 .L0 
80000082 80000082        0     1                 .L0 
80000092 80000092        0     1                 .L0 
800000ae 800000ae        0     1                 .L0 
800000b0 800000b0        0     1                 .L0 
800000b8 800000b8        0     1                 .L0 
800000c0 800000c0        0     1                 .L0 
800000c0 800000c0       a6     2         /home/kenta/repos/fpga_samples/rtl/displayport/test/sw-rs/target/riscv32imc-unknown-none-elf/release/deps/bootrom_rs-60959512d032345b.bootrom_rs.4f57399457bc23e-cgu.1.rcgu.o:(.text._ZN4core3fmt5Write10write_char17h95c2ede3cb06b6b5E)
800000c0 800000c0       a6     1                 core::fmt::Write::write_char::h95c2ede3cb06b6b5
800000c0 800000c0        0     1                 .L0 
800000c0 800000c0        0     1                 .L0 
800000c0 800000c0        0     1                 $x
800000c0 800000c0        0     1                 .L0 
800000c8 800000c8        0     1                 .L0 
800000cc 800000cc        0     1                 .L0 
800000d0 800000d0        0     1                 .L0 
800000d6 800000d6        0     1                 .L0 
800000da 800000da        0     1                 .L0 
800000e2 800000e2        0     1                 .L0 
800000e6 800000e6        0     1                 .L0 
800000e8 800000e8        0     1                 .L0 
800000ec 800000ec        0     1                 .L0 
800000fa 800000fa        0     1                 .L0 
800000fe 800000fe        0     1                 .L0 
80000102 80000102        0     1                 .L0 
8000010a 8000010a        0     1                 .L0 
8000010c 8000010c        0     1                 .L0 
80000110 80000110        0     1                 .L0 
80000122 80000122        0     1                 .L0 
80000132 80000132        0     1                 .L0 
80000142 80000142        0     1                 .L0 
80000148 80000148        0     1                 .L0 
8000014a 8000014a        0     1                 .L0 
80000150 80000150        0     1                 .L0 
80000154 80000154        0     1                 .L0 
80000158 80000158        0     1                 .L0 
8000015c 8000015c        0     1                 .L0 
80000160 80000160        0     1                 .L0 
80000166 80000166        0     1                 .L0 
80000166 80000166       14     2         /home/kenta/repos/fpga_samples/rtl/displayport/test/sw-rs/target/riscv32imc-unknown-none-elf/release/deps/bootrom_rs-60959512d032345b.bootrom_rs.4f57399457bc23e-cgu.1.rcgu.o:(.text._ZN4core3fmt5Write9write_fmt17h7cb5ffe83edb93f4E)
80000166 80000166       14     1                 core::fmt::Write::write_fmt::h7cb5ffe83edb93f4
80000166 80000166        0     1                 .L0 
80000166 80000166        0     1                 .L0 
80000166 80000166        0     1                 $x
80000166 80000166        0     1                 .L0 
8000016a 8000016a        0     1                 .L0 
8000017a 8000017a        0     1                 .L0 
8000017a 8000017a       26     2         /home/kenta/repos/fpga_samples/rtl/displayport/test/sw-rs/target/riscv32imc-unknown-none-elf/release/deps/bootrom_rs-60959512d032345b.bootrom_rs.4f57399457bc23e-cgu.1.rcgu.o:(.text._ZN64_$LT$bootrom_rs..dpcd..DpcdError$u20$as$u20$core..fmt..Debug$GT$3fmt17h580c9eb3c057e7e7E)
8000017a 8000017a       26     1                 _$LT$bootrom_rs..dpcd..DpcdError$u20$as$u20$core..fmt..Debug$GT$::fmt::h580c9eb3c057e7e7
8000017a 8000017a        0     1                 .L0 
8000017a 8000017a        0     1                 .L0 
8000017a 8000017a        0     1                 $x
8000017a 8000017a        0     1                 .L0 
8000019c 8000019c        0     1                 .L0 
800001a0 800001a0        0     1                 .L0 
800001a0 800001a0       82     2         /home/kenta/repos/fpga_samples/rtl/displayport/test/sw-rs/target/riscv32imc-unknown-none-elf/release/deps/bootrom_rs-60959512d032345b.bootrom_rs.4f57399457bc23e-cgu.1.rcgu.o:(.text._ZN69_$LT$bootrom_rs..link_training..Error$u20$as$u20$core..fmt..Debug$GT$3fmt17hbe7eb14ad76e4ebeE)
800001a0 800001a0       82     1                 _$LT$bootrom_rs..link_training..Error$u20$as$u20$core..fmt..Debug$GT$::fmt::hbe7eb14ad76e4ebe
800001a0 800001a0        0     1                 .L0 
800001a0 800001a0        0     1                 .L0 
800001a0 800001a0        0     1                 $x
800001a0 800001a0        0     1                 .L0 
800001ba 800001ba        0     1                 .L0 
800001bc 800001bc        0     1                 .L0 
800001ca 800001ca        0     1                 .L0 
800001ce 800001ce        0     1                 .L0 
800001da 800001da        0     1                 .L0 
800001de 800001de        0     1                 .L0 
800001e8 800001e8        0     1                 .L0 
800001ec 800001ec        0     1                 .L0 
800001ec 800001ec        0     1                 .L0 
800001f0 800001f0        0     1                 .L0 
800001fc 800001fc        0     1                 .L0 
80000202 80000202        0     1                 .L0 
80000202 80000202        0     1                 .L0 
80000204 80000204        0     1                 .L0 
80000222 80000222        0     1                 .L0 
80000222 80000222       48     2         /home/kenta/repos/fpga_samples/rtl/displayport/test/sw-rs/target/riscv32imc-unknown-none-elf/release/deps/bootrom_rs-60959512d032345b.bootrom_rs.4f57399457bc23e-cgu.1.rcgu.o:(.text.init)
80000222 80000222        0     1                 .L0 
80000222 80000222        0     1                 .L0 
80000222 80000222        0     1                 $x
80000222 80000222        0     1                 .L0 
80000222 80000222       48     1                 init
80000236 80000236        0     1                 .L0 
8000023a 8000023a        0     1                 .L0 
80000240 80000240        0     1                 .L0 
8000025c 8000025c        0     1                 .L0 
8000025e 8000025e        0     1                 .L0 
80000260 80000260        0     1                 .L0 
80000262 80000262        0     1                 .L0 
8000026a 8000026a        0     1                 .L0 
8000026a 8000026a      9d8     2         /home/kenta/repos/fpga_samples/rtl/displayport/test/sw-rs/target/riscv32imc-unknown-none-elf/release/deps/bootrom_rs-60959512d032345b.bootrom_rs.4f57399457bc23e-cgu.1.rcgu.o:(.text.main)
8000026a 8000026a        0     1                 .L0 
8000026a 8000026a        0     1                 .L0 
8000026a 8000026a        0     1                 $x
8000026a 8000026a        0     1                 .L0 
8000026a 8000026a      9d8     1                 main
800002a2 800002a2        0     1                 .L0 
800002a6 800002a6        0     1                 .L0 
800002b2 800002b2        0     1                 .L0 
800002b4 800002b4        0     1                 .L0 
800002ba 800002ba        0     1                 .L0 
800002be 800002be        0     1                 .L0 
800002c2 800002c2        0     1                 .L0 
800002c6 800002c6        0     1                 .L0 
800002ca 800002ca        0     1                 .L0 
800002d2 800002d2        0     1                 .L0 
800002d6 800002d6        0     1                 .L0 
800002de 800002de        0     1                 .L0 
800002e0 800002e0        0     1                 .L0 
800002e4 800002e4        0     1                 .L0 
80000300 80000300        0     1                 .L0 
8000031a 8000031a        0     1                 .L0 
8000031c 8000031c        0     1                 .L0 
80000322 80000322        0     1                 .L0 
8000032a 8000032a        0     1                 .L0 
8000032c 8000032c        0     1                 .L0 
8000032e 8000032e        0     1                 .L0 
80000332 80000332        0     1                 .L0 
80000334 80000334        0     1                 .L0 
8000033c 8000033c        0     1                 .L0 
80000342 80000342        0     1                 .L0 
80000376 80000376        0     1                 .L0 
80000386 80000386        0     1                 .L0 
8000038a 8000038a        0     1                 .L0 
8000038e 8000038e        0     1                 .L0 
80000394 80000394        0     1                 .L0 
800003a4 800003a4        0     1                 .L0 
800003a8 800003a8        0     1                 .L0 
800003ac 800003ac        0     1                 .L0 
800003b0 800003b0        0     1                 .L0 
800003b4 800003b4        0     1                 .L0 
800003bc 800003bc        0     1                 .L0 
800003c0 800003c0        0     1                 .L0 
800003c4 800003c4        0     1                 .L0 
800003c8 800003c8        0     1                 .L0 
800003cc 800003cc        0     1                 .L0 
800003d0 800003d0        0     1                 .L0 
800003d4 800003d4        0     1                 .L0 
800003e6 800003e6        0     1                 .L0 
800003ee 800003ee        0     1                 .L0 
800003f6 800003f6        0     1                 .L0 
800003f8 800003f8        0     1                 .L0 
8000041a 8000041a        0     1                 .L0 
8000041c 8000041c        0     1                 .L0 
80000420 80000420        0     1                 .L0 
8000042a 8000042a        0     1                 .L0 
80000436 80000436        0     1                 .L0 
8000043a 8000043a        0     1                 .L0 
8000043c 8000043c        0     1                 .L0 
80000440 80000440        0     1                 .L0 
80000444 80000444        0     1                 .L0 
80000450 80000450        0     1                 .L0 
80000458 80000458        0     1                 .L0 
8000045c 8000045c        0     1                 .L0 
80000460 80000460        0     1                 .L0 
80000466 80000466        0     1                 .L0 
8000046a 8000046a        0     1                 .L0 
80000470 80000470        0     1                 .L0 
8000047e 8000047e        0     1                 .L0 
80000482 80000482        0     1                 .L0 
8000048e 8000048e        0     1                 .L0 
80000498 80000498        0     1                 .L0 
8000049e 8000049e        0     1                 .L0 
800004a0 800004a0        0     1                 .L0 
800004ac 800004ac        0     1                 .L0 
800004b0 800004b0        0     1                 .L0 
800004b2 800004b2        0     1                 .L0 
800004b2 800004b2        0     1                 .L0 
800004b8 800004b8        0     1                 .L0 
800004bc 800004bc        0     1                 .L0 
800004c0 800004c0        0     1                 .L0 
800004c6 800004c6        0     1                 .L0 
800004ca 800004ca        0     1                 .L0 
800004d0 800004d0        0     1                 .L0 
800004f6 800004f6        0     1                 .L0 
8000050e 8000050e        0     1                 .L0 
80000516 80000516        0     1                 .L0 
8000051a 8000051a        0     1                 .L0 
8000051e 8000051e        0     1                 .L0 
80000524 80000524        0     1                 .L0 
80000528 80000528        0     1                 .L0 
8000052e 8000052e        0     1                 .L0 
80000532 80000532        0     1                 .L0 
80000534 80000534        0     1                 .L0 
8000054c 8000054c        0     1                 .L0 
8000054c 8000054c        0     1                 .L0 
8000054e 8000054e        0     1                 .L0 
80000550 80000550        0     1                 .L0 
80000558 80000558        0     1                 .L0 
80000560 80000560        0     1                 .L0 
80000564 80000564        0     1                 .L0 
8000056e 8000056e        0     1                 .L0 
80000580 80000580        0     1                 .L0 
80000588 80000588        0     1                 .L0 
8000059c 8000059c        0     1                 .L0 
800005be 800005be        0     1                 .L0 
800005c2 800005c2        0     1                 .L0 
800005c6 800005c6        0     1                 .L0 
800005ca 800005ca        0     1                 .L0 
800005da 800005da        0     1                 .L0 
800005f8 800005f8        0     1                 .L0 
8000061a 8000061a        0     1                 .L0 
8000061e 8000061e        0     1                 .L0 
80000630 80000630        0     1                 .L0 
80000634 80000634        0     1                 .L0 
80000638 80000638        0     1                 .L0 
8000063c 8000063c        0     1                 .L0 
80000642 80000642        0     1                 .L0 
80000646 80000646        0     1                 .L0 
8000064a 8000064a        0     1                 .L0 
8000064e 8000064e        0     1                 .L0 
80000652 80000652        0     1                 .L0 
80000658 80000658        0     1                 .L0 
8000066e 8000066e        0     1                 .L0 
80000670 80000670        0     1                 .L0 
80000676 80000676        0     1                 .L0 
8000067e 8000067e        0     1                 .L0 
80000680 80000680        0     1                 .L0 
80000682 80000682        0     1                 .L0 
80000686 80000686        0     1                 .L0 
80000688 80000688        0     1                 .L0 
80000690 80000690        0     1                 .L0 
80000692 80000692        0     1                 .L0 
80000698 80000698        0     1                 .L0 
8000069e 8000069e        0     1                 .L0 
800006ac 800006ac        0     1                 .L0 
800006ae 800006ae        0     1                 .L0 
800006b4 800006b4        0     1                 .L0 
800006bc 800006bc        0     1                 .L0 
800006be 800006be        0     1                 .L0 
800006c0 800006c0        0     1                 .L0 
800006c4 800006c4        0     1                 .L0 
800006c6 800006c6        0     1                 .L0 
800006ce 800006ce        0     1                 .L0 
800006d2 800006d2        0     1                 .L0 
8000071a 8000071a        0     1                 .L0 
8000071c 8000071c        0     1                 .L0 
80000728 80000728        0     1                 .L0 
8000073a 8000073a        0     1                 .L0 
80000746 80000746        0     1                 .L0 
80000748 80000748        0     1                 .L0 
8000074c 8000074c        0     1                 .L0 
80000754 80000754        0     1                 .L0 
80000764 80000764        0     1                 .L0 
80000768 80000768        0     1                 .L0 
8000076c 8000076c        0     1                 .L0 
8000077a 8000077a        0     1                 .L0 
8000077c 8000077c        0     1                 .L0 
80000780 80000780        0     1                 .L0 
80000784 80000784        0     1                 .L0 
8000079c 8000079c        0     1                 .L0 
8000079e 8000079e        0     1                 .L0 
800007a4 800007a4        0     1                 .L0 
800007ac 800007ac        0     1                 .L0 
800007ae 800007ae        0     1                 .L0 
800007b4 800007b4        0     1                 .L0 
800007b6 800007b6        0     1                 .L0 
800007be 800007be        0     1                 .L0 
800007c2 800007c2        0     1                 .L0 
800007c4 800007c4        0     1                 .L0 
800007cc 800007cc        0     1                 .L0 
800007ee 800007ee        0     1                 .L0 
800007f6 800007f6        0     1                 .L0 
800007fc 800007fc        0     1                 .L0 
80000802 80000802        0     1                 .L0 
80000806 80000806        0     1                 .L0 
8000080e 8000080e        0     1                 .L0 
80000812 80000812        0     1                 .L0 
80000816 80000816        0     1                 .L0 
80000818 80000818        0     1                 .L0 
8000081e 8000081e        0     1                 .L0 
80000822 80000822        0     1                 .L0 
80000826 80000826        0     1                 .L0 
8000083e 8000083e        0     1                 .L0 
80000840 80000840        0     1                 .L0 
80000846 80000846        0     1                 .L0 
8000084e 8000084e        0     1                 .L0 
80000850 80000850        0     1                 .L0 
80000852 80000852        0     1                 .L0 
80000856 80000856        0     1                 .L0 
80000858 80000858        0     1                 .L0 
80000860 80000860        0     1                 .L0 
80000864 80000864        0     1                 .L0 
80000868 80000868        0     1                 .L0 
80000870 80000870        0     1                 .L0 
80000878 80000878        0     1                 .L0 
80000896 80000896        0     1                 .L0 
800008a8 800008a8        0     1                 .L0 
800008aa 800008aa        0     1                 .L0 
800008be 800008be        0     1                 .L0 
800008ce 800008ce        0     1                 .L0 
800008ee 800008ee        0     1                 .L0 
800008f0 800008f0        0     1                 .L0 
800008f2 800008f2        0     1                 .L0 
8000095c 8000095c        0     1                 .L0 
80000960 80000960        0     1                 .L0 
80000962 80000962        0     1                 .L0 
8000096e 8000096e        0     1                 .L0 
80000976 80000976        0     1                 .L0 
8000097a 8000097a        0     1                 .L0 
8000097e 8000097e        0     1                 .L0 
80000982 80000982        0     1                 .L0 
80000986 80000986        0     1                 .L0 
8000098a 8000098a        0     1                 .L0 
8000098e 8000098e        0     1                 .L0 
80000992 80000992        0     1                 .L0 
80000996 80000996        0     1                 .L0 
800009a4 800009a4        0     1                 .L0 
800009a6 800009a6        0     1                 .L0 
800009c0 800009c0        0     1                 .L0 
800009e8 800009e8        0     1                 .L0 
800009ea 800009ea        0     1                 .L0 
80000a1c 80000a1c        0     1                 .L0 
80000a22 80000a22        0     1                 .L0 
80000a26 80000a26        0     1                 .L0 
80000a2a 80000a2a        0     1                 .L0 
80000a48 80000a48        0     1                 .L0 
80000a50 80000a50        0     1                 .L0 
80000a56 80000a56        0     1                 .L0 
80000a66 80000a66        0     1                 .L0 
80000a72 80000a72        0     1                 .L0 
80000a76 80000a76        0     1                 .L0 
80000a7a 80000a7a        0     1                 .L0 
80000a7e 80000a7e        0     1                 .L0 
80000a80 80000a80        0     1                 .L0 
80000a84 80000a84        0     1                 .L0 
80000a86 80000a86        0     1                 .L0 
80000a8a 80000a8a        0     1                 .L0 
80000a8e 80000a8e        0     1                 .L0 
80000a92 80000a92        0     1                 .L0 
80000aa0 80000aa0        0     1                 .L0 
80000aa4 80000aa4        0     1                 .L0 
80000abc 80000abc        0     1                 .L0 
80000ae2 80000ae2        0     1                 .L0 
80000ae4 80000ae4        0     1                 .L0 
80000afc 80000afc        0     1                 .L0 
80000b0c 80000b0c        0     1                 .L0 
80000b34 80000b34        0     1                 .L0 
80000b3e 80000b3e        0     1                 .L0 
80000b44 80000b44        0     1                 .L0 
80000b50 80000b50        0     1                 .L0 
80000b54 80000b54        0     1                 .L0 
80000b5a 80000b5a        0     1                 .L0 
80000b76 80000b76        0     1                 .L0 
80000b86 80000b86        0     1                 .L0 
80000bb2 80000bb2        0     1                 .L0 
80000bb6 80000bb6        0     1                 .L0 
80000bba 80000bba        0     1                 .L0 
80000bbc 80000bbc        0     1                 .L0 
80000bc2 80000bc2        0     1                 .L0 
80000bc4 80000bc4        0     1                 .L0 
80000bc8 80000bc8        0     1                 .L0 
80000bd0 80000bd0        0     1                 .L0 
80000bd4 80000bd4        0     1                 .L0 
80000bd6 80000bd6        0     1                 .L0 
80000bd8 80000bd8        0     1                 .L0 
80000bda 80000bda        0     1                 .L0 
80000bdc 80000bdc        0     1                 .L0 
80000bde 80000bde        0     1                 .L0 
80000bf4 80000bf4        0     1                 .L0 
80000bf6 80000bf6        0     1                 .L0 
80000bfc 80000bfc        0     1                 .L0 
80000c04 80000c04        0     1                 .L0 
80000c06 80000c06        0     1                 .L0 
80000c0c 80000c0c        0     1                 .L0 
80000c0e 80000c0e        0     1                 .L0 
80000c16 80000c16        0     1                 .L0 
80000c28 80000c28        0     1                 .L0 
80000c2a 80000c2a        0     1                 .L0 
80000c2c 80000c2c        0     1                 .L0 
80000c30 80000c30        0     1                 .L0 
80000c34 80000c34        0     1                 .L0 
80000c38 80000c38        0     1                 .L0 
80000c40 80000c40        0     1                 .L0 
80000c40 80000c40        0     1                 .L0 
80000c42 80000c42        0     1                 .L0 
80000c42 80000c42        0     1                 .L0 
80000c42 80000c42       14     2         /home/kenta/repos/fpga_samples/rtl/displayport/test/sw-rs/target/riscv32imc-unknown-none-elf/release/deps/bootrom_rs-60959512d032345b.bootrom_rs.4f57399457bc23e-cgu.1.rcgu.o:(.text.start_rust)
80000c42 80000c42        0     1                 .L0 
80000c42 80000c42        0     1                 .L0 
80000c42 80000c42        0     1                 $x
80000c42 80000c42        0     1                 .L0 
80000c42 80000c42       14     1                 start_rust
80000c56 80000c56        0     1                 .L0 
80000c56 80000c56       4a     2         /home/kenta/repos/fpga_samples/rtl/displayport/test/sw-rs/target/riscv32imc-unknown-none-elf/release/deps/bootrom_rs-60959512d032345b.bootrom_rs.4f57399457bc23e-cgu.1.rcgu.o:(.text._ZN10bootrom_rs4dpcd4read17h24f61b75cec19366E)
80000c56 80000c56       4a     1                 bootrom_rs::dpcd::read::h24f61b75cec19366
80000c56 80000c56        0     1                 .L0 
80000c56 80000c56        0     1                 .L0 
80000c56 80000c56        0     1                 $x
80000c56 80000c56        0     1                 .L0 
80000c64 80000c64        0     1                 .L0 
80000c6e 80000c6e        0     1                 .L0 
80000c80 80000c80        0     1                 .L0 
80000c8e 80000c8e        0     1                 .L0 
80000c90 80000c90        0     1                 .L0 
80000c94 80000c94        0     1                 .L0 
80000c9a 80000c9a        0     1                 .L0 
80000ca0 80000ca0        0     1                 .L0 
80000ca0 80000ca0       4a     2         /home/kenta/repos/fpga_samples/rtl/displayport/test/sw-rs/target/riscv32imc-unknown-none-elf/release/deps/bootrom_rs-60959512d032345b.bootrom_rs.4f57399457bc23e-cgu.1.rcgu.o:(.text._ZN10bootrom_rs4dpcd5write17he21a87a8c25f2a3cE)
80000ca0 80000ca0       4a     1                 bootrom_rs::dpcd::write::he21a87a8c25f2a3c
80000ca0 80000ca0        0     1                 .L0 
80000ca0 80000ca0        0     1                 .L0 
80000ca0 80000ca0        0     1                 $x
80000ca0 80000ca0        0     1                 .L0 
80000ca6 80000ca6        0     1                 .L0 
80000cb4 80000cb4        0     1                 .L0 
80000cbe 80000cbe        0     1                 .L0 
80000cd2 80000cd2        0     1                 .L0 
80000cea 80000cea        0     1                 .L0 
80000cea 80000cea      208     2         /home/kenta/repos/fpga_samples/rtl/displayport/test/sw-rs/target/riscv32imc-unknown-none-elf/release/deps/bootrom_rs-60959512d032345b.bootrom_rs.4f57399457bc23e-cgu.1.rcgu.o:(.text._ZN10bootrom_rs4dpcd8transact17hd44836a44db9e9e7E)
80000cea 80000cea      208     1                 bootrom_rs::dpcd::transact::hd44836a44db9e9e7
80000cea 80000cea        0     1                 .L0 
80000cea 80000cea        0     1                 .L0 
80000cea 80000cea        0     1                 $x
80000cea 80000cea        0     1                 .L0 
80000d68 80000d68        0     1                 .L0 
80000d80 80000d80        0     1                 .L0 
80000d84 80000d84        0     1                 .L0 
80000d92 80000d92        0     1                 .L0 
80000da6 80000da6        0     1                 .L0 
80000dac 80000dac        0     1                 .L0 
80000db0 80000db0        0     1                 .L0 
80000db2 80000db2        0     1                 .L0 
80000dbc 80000dbc        0     1                 .L0 
80000dc4 80000dc4        0     1                 .L0 
80000dc8 80000dc8        0     1                 .L0 
80000dcc 80000dcc        0     1                 .L0 
80000dd0 80000dd0        0     1                 .L0 
80000dd4 80000dd4        0     1                 .L0 
80000dd8 80000dd8        0     1                 .L0 
80000dde 80000dde        0     1                 .L0 
80000de2 80000de2        0     1                 .L0 
80000de4 80000de4        0     1                 .L0 
80000dee 80000dee        0     1                 .L0 
80000df2 80000df2        0     1                 .L0 
80000df4 80000df4        0     1                 .L0 
80000df6 80000df6        0     1                 .L0 
80000dfa 80000dfa        0     1                 .L0 
80000dfc 80000dfc        0     1                 .L0 
80000e06 80000e06        0     1                 .L0 
80000e0a 80000e0a        0     1                 .L0 
80000e0c 80000e0c        0     1                 .L0 
80000e0e 80000e0e        0     1                 .L0 
80000e12 80000e12        0     1                 .L0 
80000e1c 80000e1c        0     1                 .L0 
80000e1e 80000e1e        0     1                 .L0 
80000e22 80000e22        0     1                 .L0 
80000e34 80000e34        0     1                 .L0 
80000e3a 80000e3a        0     1                 .L0 
80000e46 80000e46        0     1                 .L0 
80000e4e 80000e4e        0     1                 .L0 
80000e56 80000e56        0     1                 .L0 
80000e68 80000e68        0     1                 .L0 
80000e6c 80000e6c        0     1                 .L0 
80000e74 80000e74        0     1                 .L0 
80000e7c 80000e7c        0     1                 .L0 
80000e7e 80000e7e        0     1                 .L0 
80000e80 80000e80        0     1                 .L0 
80000e86 80000e86        0     1                 .L0 
80000e9e 80000e9e        0     1                 .L0 
80000ed8 80000ed8        0     1                 .L0 
80000ede 80000ede        0     1                 .L0 
80000ef2 80000ef2        0     1                 .L0 
80000ef2 80000ef2        0     1                 .L0 
80000ef2 80000ef2       3c     2         /home/kenta/repos/fpga_samples/rtl/displayport/test/sw-rs/target/riscv32imc-unknown-none-elf/release/deps/bootrom_rs-60959512d032345b.bootrom_rs.4f57399457bc23e-cgu.1.rcgu.o:(.text._ZN10bootrom_rs3aux5AuxCh10send_reply17hdecb0562a1cd2144E)
80000ef2 80000ef2       3c     1                 bootrom_rs::aux::AuxCh::send_reply::hdecb0562a1cd2144
80000ef2 80000ef2        0     1                 .L0 
80000ef2 80000ef2        0     1                 .L0 
80000ef2 80000ef2        0     1                 $x
80000ef2 80000ef2        0     1                 .L0 
80000efc 80000efc        0     1                 .L0 
80000efe 80000efe        0     1                 .L0 
80000f00 80000f00        0     1                 .L0 
80000f06 80000f06        0     1                 .L0 
80000f0a 80000f0a        0     1                 .L0 
80000f0c 80000f0c        0     1                 .L0 
80000f0e 80000f0e        0     1                 .L0 
80000f10 80000f10        0     1                 .L0 
80000f12 80000f12        0     1                 .L0 
80000f14 80000f14        0     1                 .L0 
80000f16 80000f16        0     1                 .L0 
80000f1c 80000f1c        0     1                 .L0 
80000f20 80000f20        0     1                 .L0 
80000f24 80000f24        0     1                 .L0 
80000f28 80000f28        0     1                 .L0 
80000f2e 80000f2e        0     1                 .L0 
80000f2e 80000f2e      136     2         /home/kenta/repos/fpga_samples/rtl/displayport/test/sw-rs/target/riscv32imc-unknown-none-elf/release/deps/bootrom_rs-60959512d032345b.bootrom_rs.4f57399457bc23e-cgu.1.rcgu.o:(.text._ZN42_$LT$$RF$T$u20$as$u20$core..fmt..Debug$GT$3fmt17h74bd87c0d90eec95E)
80000f2e 80000f2e      136     1                 _$LT$$RF$T$u20$as$u20$core..fmt..Debug$GT$::fmt::h74bd87c0d90eec95
80000f2e 80000f2e        0     1                 .L0 
80000f2e 80000f2e        0     1                 .L0 
80000f2e 80000f2e        0     1                 $x
80000f2e 80000f2e        0     1                 .L0 
80000f4c 80000f4c        0     1                 .L0 
80000f52 80000f52        0     1                 .L0 
80000f56 80000f56        0     1                 .L0 
80000f6a 80000f6a        0     1                 .L0 
80000f6c 80000f6c        0     1                 .L0 
80000f8a 80000f8a        0     1                 .L0 
80000f92 80000f92        0     1                 .L0 
80000fa0 80000fa0        0     1                 .L0 
80000fb8 80000fb8        0     1                 .L0 
80000fba 80000fba        0     1                 .L0 
80000fc8 80000fc8        0     1                 .L0 
80000fd0 80000fd0        0     1                 .L0 
80000fd2 80000fd2        0     1                 .L0 
80000fe0 80000fe0        0     1                 .L0 
80000fe2 80000fe2        0     1                 .L0 
80000fe6 80000fe6        0     1                 .L0 
80000ffc 80000ffc        0     1                 .L0 
80001008 80001008        0     1                 .L0 
8000100e 8000100e        0     1                 .L0 
80001022 80001022        0     1                 .L0 
80001024 80001024        0     1                 .L0 
80001026 80001026        0     1                 .L0 
80001028 80001028        0     1                 .L0 
8000102c 8000102c        0     1                 .L0 
80001044 80001044        0     1                 .L0 
80001064 80001064        0     1                 .L0 
80001064 80001064       ae     2         /home/kenta/repos/fpga_samples/rtl/displayport/test/sw-rs/target/riscv32imc-unknown-none-elf/release/deps/bootrom_rs-60959512d032345b.bootrom_rs.4f57399457bc23e-cgu.1.rcgu.o:(.text._ZN42_$LT$$RF$T$u20$as$u20$core..fmt..Debug$GT$3fmt17hf961e875d1f93372E)
80001064 80001064       ae     1                 _$LT$$RF$T$u20$as$u20$core..fmt..Debug$GT$::fmt::hf961e875d1f93372
80001064 80001064        0     1                 .L0 
80001064 80001064        0     1                 .L0 
80001064 80001064        0     1                 $x
80001064 80001064        0     1                 .L0 
80001068 80001068        0     1                 .L0 
8000108a 8000108a        0     1                 .L0 
800010ac 800010ac        0     1                 .L0 
800010c0 800010c0        0     1                 .L0 
800010e2 800010e2        0     1                 .L0 
80001112 80001112        0     1                 .L0 
80001112 80001112       28     2         /home/kenta/repos/fpga_samples/rtl/displayport/test/sw-rs/target/riscv32imc-unknown-none-elf/release/deps/bootrom_rs-60959512d032345b.bootrom_rs.4f57399457bc23e-cgu.1.rcgu.o:(.text._ZN42_$LT$$RF$T$u20$as$u20$core..fmt..Debug$GT$3fmt17h76b53d497d045ebfE)
80001112 80001112       28     1                 _$LT$$RF$T$u20$as$u20$core..fmt..Debug$GT$::fmt::h76b53d497d045ebf
80001112 80001112        0     1                 .L0 
80001112 80001112        0     1                 .L0 
80001112 80001112        0     1                 $x
80001112 80001112        0     1                 .L0 
80001130 80001130        0     1                 .L0 
8000113a 8000113a        0     1                 .L0 
8000113a 8000113a       b2     2         /home/kenta/repos/fpga_samples/rtl/displayport/test/sw-rs/target/riscv32imc-unknown-none-elf/release/deps/bootrom_rs-60959512d032345b.bootrom_rs.4f57399457bc23e-cgu.1.rcgu.o:(.text._ZN44_$LT$$RF$T$u20$as$u20$core..fmt..Display$GT$3fmt17hb90af1a7d6191cd3E)
8000113a 8000113a       b2     1                 _$LT$$RF$T$u20$as$u20$core..fmt..Display$GT$::fmt::hb90af1a7d6191cd3
8000113a 8000113a        0     1                 .L0 
8000113a 8000113a        0     1                 .L0 
8000113a 8000113a        0     1                 $x
8000113a 8000113a        0     1                 .L0 
80001158 80001158        0     1                 .L0 
8000116c 8000116c        0     1                 .L0 
8000116e 8000116e        0     1                 .L0 
80001172 80001172        0     1                 .L0 
80001192 80001192        0     1                 .L0 
80001196 80001196        0     1                 .L0 
8000119a 8000119a        0     1                 .L0 
800011b0 800011b0        0     1                 .L0 
800011b2 800011b2        0     1                 .L0 
800011c0 800011c0        0     1                 .L0 
800011ca 800011ca        0     1                 .L0 
800011ec 800011ec        0     1                 .L0 
800011ec 800011ec      2f4     2         /home/kenta/repos/fpga_samples/rtl/displayport/test/sw-rs/target/riscv32imc-unknown-none-elf/release/deps/bootrom_rs-60959512d032345b.bootrom_rs.4f57399457bc23e-cgu.1.rcgu.o:(.text._RNvXs1i_NtCsddV114GBTEg_4core3fmtReNtB6_7Display3fmtB8_)
800011ec 800011ec      2f4     1                 <&str as core::fmt::Display>::fmt
800011ec 800011ec        0     1                 .L0 
800011ec 800011ec        0     1                 .L0 
800011ec 800011ec        0     1                 $x
800011ec 800011ec        0     1                 .L0 
80001208 80001208        0     1                 .L0 
8000120c 8000120c        0     1                 .L0 
80001218 80001218        0     1                 .L0 
80001220 80001220        0     1                 .L0 
80001228 80001228        0     1                 .L0 
8000122a 8000122a        0     1                 .L0 
80001230 80001230        0     1                 .L0 
80001240 80001240        0     1                 .L0 
80001248 80001248        0     1                 .L0 
80001250 80001250        0     1                 .L0 
80001254 80001254        0     1                 .L0 
80001268 80001268        0     1                 .L0 
8000126c 8000126c        0     1                 .L0 
80001270 80001270        0     1                 .L0 
80001272 80001272        0     1                 .L0 
80001278 80001278        0     1                 .L0 
8000127a 8000127a        0     1                 .L0 
800012a2 800012a2        0     1                 .L0 
800012b0 800012b0        0     1                 .L0 
800012b8 800012b8        0     1                 .L0 
800012c0 800012c0        0     1                 .L0 
800012c6 800012c6        0     1                 .L0 
800012d2 800012d2        0     1                 .L0 
800012da 800012da        0     1                 .L0 
800012e2 800012e2        0     1                 .L0 
800012f6 800012f6        0     1                 .L0 
800012fe 800012fe        0     1                 .L0 
80001328 80001328        0     1                 .L0 
80001336 80001336        0     1                 .L0 
80001344 80001344        0     1                 .L0 
80001350 80001350        0     1                 .L0 
80001358 80001358        0     1                 .L0 
8000135e 8000135e        0     1                 .L0 
80001362 80001362        0     1                 .L0 
80001364 80001364        0     1                 .L0 
80001372 80001372        0     1                 .L0 
8000139e 8000139e        0     1                 .L0 
800013a0 800013a0        0     1                 .L0 
800013ac 800013ac        0     1                 .L0 
800013b0 800013b0        0     1                 .L0 
800013b2 800013b2        0     1                 .L0 
800013b4 800013b4        0     1                 .L0 
800013ba 800013ba        0     1                 .L0 
800013cc 800013cc        0     1                 .L0 
800013d4 800013d4        0     1                 .L0 
800013d6 800013d6        0     1                 .L0 
800013dc 800013dc        0     1                 .L0 
800013e2 800013e2        0     1                 .L0 
800013e6 800013e6        0     1                 .L0 
80001404 80001404        0     1                 .L0 
8000140c 8000140c        0     1                 .L0 
80001410 80001410        0     1                 .L0 
80001412 80001412        0     1                 .L0 
80001418 80001418        0     1                 .L0 
8000142c 8000142c        0     1                 .L0 
8000143c 8000143c        0     1                 .L0 
80001444 80001444        0     1                 .L0 
80001448 80001448        0     1                 .L0 
8000144a 8000144a        0     1                 .L0 
80001450 80001450        0     1                 .L0 
80001452 80001452        0     1                 .L0 
8000147a 8000147a        0     1                 .L0 
80001482 80001482        0     1                 .L0 
80001484 80001484        0     1                 .L0 
80001492 80001492        0     1                 .L0 
80001494 80001494        0     1                 .L0 
80001496 80001496        0     1                 .L0 
80001498 80001498        0     1                 .L0 
800014a4 800014a4        0     1                 .L0 
800014ae 800014ae        0     1                 .L0 
800014de 800014de        0     1                 .L0 
800014e0 800014e0        0     1                 .L0 
800014e0 800014e0        0     1                 .L0 
800014e0 800014e0       2e     2         /home/kenta/repos/fpga_samples/rtl/displayport/test/sw-rs/target/riscv32imc-unknown-none-elf/release/deps/bootrom_rs-60959512d032345b.bootrom_rs.4f57399457bc23e-cgu.1.rcgu.o:(.text.unlikely._RNvNtCsddV114GBTEg_4core9panicking9panic_fmt)
800014e0 800014e0       2e     1                 core::panicking::panic_fmt
800014e0 800014e0        0     1                 .L0 
800014e0 800014e0        0     1                 .L0 
800014e0 800014e0        0     1                 $x
800014e0 800014e0        0     1                 .L0 
800014f6 800014f6        0     1                 .L0 
8000150e 8000150e        0     1                 .L0 
8000150e 8000150e      1d6     2         /home/kenta/repos/fpga_samples/rtl/displayport/test/sw-rs/target/riscv32imc-unknown-none-elf/release/deps/bootrom_rs-60959512d032345b.bootrom_rs.4f57399457bc23e-cgu.1.rcgu.o:(.text._RNvNtCsddV114GBTEg_4core3fmt5write)
8000150e 8000150e      1d6     1                 core::fmt::write
8000150e 8000150e        0     1                 .L0 
8000150e 8000150e        0     1                 .L0 
8000150e 8000150e        0     1                 $x
8000150e 8000150e        0     1                 .L0 
8000152e 8000152e        0     1                 .L0 
80001538 80001538        0     1                 .L0 
8000153c 8000153c        0     1                 .L0 
80001558 80001558        0     1                 .L0 
80001560 80001560        0     1                 .L0 
80001564 80001564        0     1                 .L0 
80001574 80001574        0     1                 .L0 
8000157e 8000157e        0     1                 .L0 
80001580 80001580        0     1                 .L0 
80001586 80001586        0     1                 .L0 
8000158e 8000158e        0     1                 .L0 
8000159e 8000159e        0     1                 .L0 
800015a2 800015a2        0     1                 .L0 
800015a4 800015a4        0     1                 .L0 
800015a6 800015a6        0     1                 .L0 
800015b6 800015b6        0     1                 .L0 
800015d4 800015d4        0     1                 .L0 
800015e6 800015e6        0     1                 .L0 
800015f2 800015f2        0     1                 .L0 
800015fc 800015fc        0     1                 .L0 
8000160a 8000160a        0     1                 .L0 
80001616 80001616        0     1                 .L0 
80001618 80001618        0     1                 .L0 
8000161a 8000161a        0     1                 .L0 
8000161c 8000161c        0     1                 .L0 
80001628 80001628        0     1                 .L0 
80001638 80001638        0     1                 .L0 
80001646 80001646        0     1                 .L0 
80001654 80001654        0     1                 .L0 
80001658 80001658        0     1                 .L0 
8000165c 8000165c        0     1                 .L0 
80001664 80001664        0     1                 .L0 
80001668 80001668        0     1                 .L0 
8000167c 8000167c        0     1                 .L0 
80001682 80001682        0     1                 .L0 
80001688 80001688        0     1                 .L0 
8000168c 8000168c        0     1                 .L0 
8000169c 8000169c        0     1                 .L0 
800016a0 800016a0        0     1                 .L0 
800016e4 800016e4        0     1                 .L0 
800016e4 800016e4      1e8     2         /home/kenta/repos/fpga_samples/rtl/displayport/test/sw-rs/target/riscv32imc-unknown-none-elf/release/deps/bootrom_rs-60959512d032345b.bootrom_rs.4f57399457bc23e-cgu.1.rcgu.o:(.text._RNvXs0_NtNtCsddV114GBTEg_4core3fmt8buildersNtB5_10PadAdapterNtB7_5Write9write_str)
800016e4 800016e4      1e8     1                 <core::fmt::builders::PadAdapter as core::fmt::Write>::write_str
800016e4 800016e4        0     1                 .L0 
800016e4 800016e4        0     1                 .L0 
800016e4 800016e4        0     1                 $x
800016e4 800016e4        0     1                 .L0 
80001742 80001742        0     1                 .L0 
80001746 80001746        0     1                 .L0 
80001750 80001750        0     1                 .L0 
8000176e 8000176e        0     1                 .L0 
80001772 80001772        0     1                 .L0 
8000177a 8000177a        0     1                 .L0 
80001788 80001788        0     1                 .L0 
8000178c 8000178c        0     1                 .L0 
80001792 80001792        0     1                 .L0 
800017b4 800017b4        0     1                 .L0 
800017c8 800017c8        0     1                 .L0 
800017dc 800017dc        0     1                 .L0 
800017e2 800017e2        0     1                 .L0 
800017fe 800017fe        0     1                 .L0 
80001818 80001818        0     1                 .L0 
8000181c 8000181c        0     1                 .L0 
80001822 80001822        0     1                 .L0 
80001840 80001840        0     1                 .L0 
80001846 80001846        0     1                 .L0 
8000184a 8000184a        0     1                 .L0 
80001858 80001858        0     1                 .L0 
8000185a 8000185a        0     1                 .L0 
80001896 80001896        0     1                 .L0 
8000189e 8000189e        0     1                 .L0 
800018a0 800018a0        0     1                 .L0 
800018cc 800018cc        0     1                 .L0 
800018cc 800018cc       6e     2         /home/kenta/repos/fpga_samples/rtl/displayport/test/sw-rs/target/riscv32imc-unknown-none-elf/release/deps/bootrom_rs-60959512d032345b.bootrom_rs.4f57399457bc23e-cgu.1.rcgu.o:(.text._RNvXs0_NtNtCsddV114GBTEg_4core3fmt8buildersNtB5_10PadAdapterNtB7_5Write10write_char)
800018cc 800018cc       6e     1                 <core::fmt::builders::PadAdapter as core::fmt::Write>::write_char
800018cc 800018cc        0     1                 .L0 
800018cc 800018cc        0     1                 .L0 
800018cc 800018cc        0     1                 $x
800018cc 800018cc        0     1                 .L0 
80001904 80001904        0     1                 .L0 
8000193a 8000193a        0     1                 .L0 
8000193a 8000193a       14     2         /home/kenta/repos/fpga_samples/rtl/displayport/test/sw-rs/target/riscv32imc-unknown-none-elf/release/deps/bootrom_rs-60959512d032345b.bootrom_rs.4f57399457bc23e-cgu.1.rcgu.o:(.text._RNvYNtNtNtCsddV114GBTEg_4core3fmt8builders10PadAdapterNtB6_5Write9write_fmtB8_)
8000193a 8000193a       14     1                 <core::fmt::builders::PadAdapter as core::fmt::Write>::write_fmt
8000193a 8000193a        0     1                 .L0 
8000193a 8000193a        0     1                 .L0 
8000193a 8000193a        0     1                 $x
8000193a 8000193a        0     1                 .L0 
8000193e 8000193e        0     1                 .L0 
8000194e 8000194e        0     1                 .L0 
8000194e 8000194e      224     2         /home/kenta/repos/fpga_samples/rtl/displayport/test/sw-rs/target/riscv32imc-unknown-none-elf/release/deps/bootrom_rs-60959512d032345b.bootrom_rs.4f57399457bc23e-cgu.1.rcgu.o:(.text._RNvMsa_NtCsddV114GBTEg_4core3fmtNtB5_9Formatter12pad_integral)
8000194e 8000194e      224     1                 <core::fmt::Formatter>::pad_integral
8000194e 8000194e        0     1                 .L0 
8000194e 8000194e        0     1                 .L0 
8000194e 8000194e        0     1                 $x
8000194e 8000194e        0     1                 .L0 
800019b6 800019b6        0     1                 .L0 
800019e2 800019e2        0     1                 .L0 
800019f2 800019f2        0     1                 .L0 
800019fa 800019fa        0     1                 .L0 
80001a16 80001a16        0     1                 .L0 
80001a1e 80001a1e        0     1                 .L0 
80001a24 80001a24        0     1                 .L0 
80001a2e 80001a2e        0     1                 .L0 
80001a44 80001a44        0     1                 .L0 
80001a4c 80001a4c        0     1                 .L0 
80001a7c 80001a7c        0     1                 .L0 
80001a84 80001a84        0     1                 .L0 
80001a88 80001a88        0     1                 .L0 
80001a8a 80001a8a        0     1                 .L0 
80001a9a 80001a9a        0     1                 .L0 
80001a9e 80001a9e        0     1                 .L0 
80001aa8 80001aa8        0     1                 .L0 
80001ab8 80001ab8        0     1                 .L0 
80001ae6 80001ae6        0     1                 .L0 
80001aee 80001aee        0     1                 .L0 
80001af2 80001af2        0     1                 .L0 
80001af4 80001af4        0     1                 .L0 
80001afa 80001afa        0     1                 .L0 
80001afe 80001afe        0     1                 .L0 
80001b14 80001b14        0     1                 .L0 
80001b24 80001b24        0     1                 .L0 
80001b38 80001b38        0     1                 .L0 
80001b40 80001b40        0     1                 .L0 
80001b44 80001b44        0     1                 .L0 
80001b46 80001b46        0     1                 .L0 
80001b4c 80001b4c        0     1                 .L0 
80001b72 80001b72        0     1                 .L0 
80001b72 80001b72       60     2         /home/kenta/repos/fpga_samples/rtl/displayport/test/sw-rs/target/riscv32imc-unknown-none-elf/release/deps/bootrom_rs-60959512d032345b.bootrom_rs.4f57399457bc23e-cgu.1.rcgu.o:(.text._RNvNvMsa_NtCsddV114GBTEg_4core3fmtNtB7_9Formatter12pad_integral12write_prefix)
80001b72 80001b72       60     1                 <core::fmt::Formatter>::pad_integral::write_prefix
80001b72 80001b72        0     1                 .L0 
80001b72 80001b72        0     1                 .L0 
80001b72 80001b72        0     1                 $x
80001b72 80001b72        0     1                 .L0 
80001b9e 80001b9e        0     1                 .L0 
80001bd2 80001bd2        0     1                 .L0 
80001bd2 80001bd2       10     2         /home/kenta/repos/fpga_samples/rtl/displayport/test/sw-rs/target/riscv32imc-unknown-none-elf/release/deps/bootrom_rs-60959512d032345b.bootrom_rs.4f57399457bc23e-cgu.1.rcgu.o:(.text.unlikely._RNvNtCsddV114GBTEg_4core6option13unwrap_failed)
80001bd2 80001bd2       10     1                 core::option::unwrap_failed
80001bd2 80001bd2        0     1                 .L0 
80001bd2 80001bd2        0     1                 .L0 
80001bd2 80001bd2        0     1                 $x
80001bd2 80001bd2        0     1                 .L0 
80001be2 80001be2        0     1                 .L0 
80001be2 80001be2       24     2         /home/kenta/repos/fpga_samples/rtl/displayport/test/sw-rs/target/riscv32imc-unknown-none-elf/release/deps/bootrom_rs-60959512d032345b.bootrom_rs.4f57399457bc23e-cgu.1.rcgu.o:(.text.unlikely._RNvNtCsddV114GBTEg_4core9panicking5panic)
80001be2 80001be2       24     1                 core::panicking::panic
80001be2 80001be2        0     1                 .L0 
80001be2 80001be2        0     1                 .L0 
80001be2 80001be2        0     1                 $x
80001be2 80001be2        0     1                 .L0 
80001c06 80001c06        0     1                 .L0 
80001c06 80001c06       42     2         /home/kenta/repos/fpga_samples/rtl/displayport/test/sw-rs/target/riscv32imc-unknown-none-elf/release/deps/bootrom_rs-60959512d032345b.bootrom_rs.4f57399457bc23e-cgu.1.rcgu.o:(.text.unlikely._RNvNtCsddV114GBTEg_4core9panicking18panic_bounds_check)
80001c06 80001c06       42     1                 core::panicking::panic_bounds_check
80001c06 80001c06        0     1                 .L0 
80001c06 80001c06        0     1                 .L0 
80001c06 80001c06        0     1                 $x
80001c06 80001c06        0     1                 .L0 
80001c48 80001c48        0     1                 .L0 
80001c48 80001c48       dc     2         /home/kenta/repos/fpga_samples/rtl/displayport/test/sw-rs/target/riscv32imc-unknown-none-elf/release/deps/bootrom_rs-60959512d032345b.bootrom_rs.4f57399457bc23e-cgu.1.rcgu.o:(.text._RNvMsa_NtCsddV114GBTEg_4core3fmtNtB5_9Formatter25debug_tuple_field1_finish)
80001c48 80001c48       dc     1                 <core::fmt::Formatter>::debug_tuple_field1_finish
80001c48 80001c48        0     1                 .L0 
80001c48 80001c48        0     1                 .L0 
80001c48 80001c48        0     1                 $x
80001c48 80001c48        0     1                 .L0 
80001c60 80001c60        0     1                 .L0 
80001c72 80001c72        0     1                 .L0 
80001c74 80001c74        0     1                 .L0 
80001c8a 80001c8a        0     1                 .L0 
80001c94 80001c94        0     1                 .L0 
80001ca4 80001ca4        0     1                 .L0 
80001ca6 80001ca6        0     1                 .L0 
80001cb6 80001cb6        0     1                 .L0 
80001cba 80001cba        0     1                 .L0 
80001cc8 80001cc8        0     1                 .L0 
80001cd0 80001cd0        0     1                 .L0 
80001cd4 80001cd4        0     1                 .L0 
80001cd8 80001cd8        0     1                 .L0 
80001ce4 80001ce4        0     1                 .L0 
80001cf8 80001cf8        0     1                 .L0 
80001cfa 80001cfa        0     1                 .L0 
80001d10 80001d10        0     1                 .L0 
80001d12 80001d12        0     1                 .L0 
80001d24 80001d24        0     1                 .L0 
80001d24 80001d24        0     1                 .L0 
80001d24 80001d24      16a     2         /home/kenta/repos/fpga_samples/rtl/displayport/test/sw-rs/target/riscv32imc-unknown-none-elf/release/deps/bootrom_rs-60959512d032345b.bootrom_rs.4f57399457bc23e-cgu.1.rcgu.o:(.text._RNvXs8_NtNtNtCsddV114GBTEg_4core3fmt3num3impmNtB9_7Display3fmt)
80001d24 80001d24      16a     1                 <u32 as core::fmt::Display>::fmt
80001d24 80001d24        0     1                 .L0 
80001d24 80001d24        0     1                 .L0 
80001d24 80001d24        0     1                 $x
80001d24 80001d24        0     1                 .L0 
80001d4e 80001d4e        0     1                 .L0 
80001dd8 80001dd8        0     1                 .L0 
80001ddc 80001ddc        0     1                 .L0 
80001de0 80001de0        0     1                 .L0 
80001de4 80001de4        0     1                 .L0 
80001e3a 80001e3a        0     1                 .L0 
80001e3e 80001e3e        0     1                 .L0 
80001e5a 80001e5a        0     1                 .L0 
80001e64 80001e64        0     1                 .L0 
80001e66 80001e66        0     1                 .L0 
80001e8e 80001e8e        0     1                 .L0 
80001e8e 80001e8e       8c     2         /home/kenta/repos/fpga_samples/rtl/displayport/test/sw-rs/target/riscv32imc-unknown-none-elf/release/deps/bootrom_rs-60959512d032345b.bootrom_rs.4f57399457bc23e-cgu.1.rcgu.o:(.text._RNvXNtNtNtCsddV114GBTEg_4core3fmt3num3imphNtB6_7Display3fmt)
80001e8e 80001e8e       8c     1                 <u8 as core::fmt::Display>::fmt
80001e8e 80001e8e        0     1                 .L0 
80001e8e 80001e8e        0     1                 .L0 
80001e8e 80001e8e        0     1                 $x
80001e8e 80001e8e        0     1                 .L0 
80001ea6 80001ea6        0     1                 .L0 
80001ece 80001ece        0     1                 .L0 
80001ed2 80001ed2        0     1                 .L0 
80001ef6 80001ef6        0     1                 .L0 
80001f00 80001f00        0     1                 .L0 
80001f02 80001f02        0     1                 .L0 
80001f1a 80001f1a        0     1                 .L0 
80001f1a 80001f1a       5c     2         /home/kenta/repos/fpga_samples/rtl/displayport/test/sw-rs/target/riscv32imc-unknown-none-elf/release/deps/bootrom_rs-60959512d032345b.bootrom_rs.4f57399457bc23e-cgu.1.rcgu.o:(.text._RNvXsw_NtNtCsddV114GBTEg_4core3fmt3nummNtB7_8UpperHex3fmt)
80001f1a 80001f1a       5c     1                 <u32 as core::fmt::UpperHex>::fmt
80001f1a 80001f1a        0     1                 .L0 
80001f1a 80001f1a        0     1                 .L0 
80001f1a 80001f1a        0     1                 $x
80001f1a 80001f1a        0     1                 .L0 
80001f48 80001f48        0     1                 .L0 
80001f58 80001f58        0     1                 .L0 
80001f76 80001f76        0     1                 .L0 
80001f76 80001f76        8     2         /home/kenta/.rustup/toolchains/stable-x86_64-unknown-linux-gnu/lib/rustlib/riscv32imc-unknown-none-elf/lib/libcompiler_builtins-06f5cc7eb10af0bc.rlib(compiler_builtins-06f5cc7eb10af0bc.compiler_builtins.67690aa3454e5eb8-cgu.186.rcgu.o):(.text.memcpy)
80001f76 80001f76        0     1                 .L0 
80001f76 80001f76        0     1                 .L0 
80001f76 80001f76        0     1                 $x
80001f76 80001f76        0     1                 .L0 
80001f76 80001f76        8     1                 memcpy
80001f7e 80001f7e      188     2         /home/kenta/.rustup/toolchains/stable-x86_64-unknown-linux-gnu/lib/rustlib/riscv32imc-unknown-none-elf/lib/libcompiler_builtins-06f5cc7eb10af0bc.rlib(compiler_builtins-06f5cc7eb10af0bc.compiler_builtins.67690aa3454e5eb8-cgu.014.rcgu.o):(.text._RNvNtCs8SrWuf8EPoW_17compiler_builtins3mem6memcpy)
80001f7e 80001f7e        0     1                 .L0 
80001f7e 80001f7e        0     1                 .L0 
80001f7e 80001f7e        0     1                 $x
80001f7e 80001f7e        0     1                 .L0 
80001f7e 80001f7e      188     1                 compiler_builtins::mem::memcpy
80001f82 80001f82        0     1                 .L0 
80001f86 80001f86        0     1                 .L0 
80001f8e 80001f8e        0     1                 .L0 
80001fa6 80001fa6        0     1                 .L0 
80001fa8 80001fa8        0     1                 .L0 
80001fac 80001fac        0     1                 .L0 
80001fc0 80001fc0        0     1                 .L0 
80001fcc 80001fcc        0     1                 .L0 
80001fce 80001fce        0     1                 .L0 
80001fd4 80001fd4        0     1                 .L0 
80001fd6 80001fd6        0     1                 .L0 
80001fda 80001fda        0     1                 .L0 
80001fee 80001fee        0     1                 .L0 
80001ff8 80001ff8        0     1                 .L0 
80001ffa 80001ffa        0     1                 .L0 
80001ffe 80001ffe        0     1                 .L0 
80002006 80002006        0     1                 .L0 
80002008 80002008        0     1                 .L0 
80002010 80002010        0     1                 .L0 
80002014 80002014        0     1                 .L0 
80002018 80002018        0     1                 .L0 
8000201c 8000201c        0     1                 .L0 
80002022 80002022        0     1                 .L0 
80002024 80002024        0     1                 .L0 
80002028 80002028        0     1                 .L0 
8000202c 8000202c        0     1                 .L0 
80002036 80002036        0     1                 .L0 
80002040 80002040        0     1                 .L0 
80002046 80002046        0     1                 .L0 
8000204e 8000204e        0     1                 .L0 
80002054 80002054        0     1                 .L0 
80002056 80002056        0     1                 .L0 
8000205a 8000205a        0     1                 .L0 
8000205e 8000205e        0     1                 .L0 
80002078 80002078        0     1                 .L0 
80002090 80002090        0     1                 .L0 
8000209a 8000209a        0     1                 .L0 
800020be 800020be        0     1                 .L0 
800020c4 800020c4        0     1                 .L0 
800020dc 800020dc        0     1                 .L0 
800020e4 800020e4        0     1                 .L0 
800020e8 800020e8        0     1                 .L0 
800020f6 800020f6        0     1                 .L0 
800020f8 800020f8        0     1                 .L0 
800020fc 800020fc        0     1                 .L0 
80002106 80002106        0     1                 .L0 
80002106 80002106        0     1                 .L0 
80002106 80002106       6c     2         /home/kenta/.rustup/toolchains/stable-x86_64-unknown-linux-gnu/lib/rustlib/riscv32imc-unknown-none-elf/lib/libcompiler_builtins-06f5cc7eb10af0bc.rlib(compiler_builtins-06f5cc7eb10af0bc.compiler_builtins.67690aa3454e5eb8-cgu.233.rcgu.o):(.text.memset)
80002106 80002106        0     1                 .L0 
80002106 80002106        0     1                 .L0 
80002106 80002106        0     1                 $x
80002106 80002106        0     1                 .L0 
80002106 80002106       6c     1                 memset
8000210c 8000210c        0     1                 .L0 
80002114 80002114        0     1                 .L0 
80002126 80002126        0     1                 .L0 
80002132 80002132        0     1                 .L0 
8000214a 8000214a        0     1                 .L0 
80002160 80002160        0     1                 .L0 
80002172 80002172        2     1         . = ALIGN(4)
80002174 80002174      448     4 .rodata
80002174 80002174        0     1         . = ALIGN(4)
80002174 80002174       14     4         /home/kenta/repos/fpga_samples/rtl/displayport/test/sw-rs/target/riscv32imc-unknown-none-elf/release/deps/bootrom_rs-60959512d032345b.bootrom_rs.4f57399457bc23e-cgu.1.rcgu.o:(.rodata._ZN69_$LT$bootrom_rs..link_training..Error$u20$as$u20$core..fmt..Debug$GT$3fmt17hbe7eb14ad76e4ebeE)
80002174 80002174        0     1                 .LJTI6_0
80002174 80002174        0     1                 $d
80002188 80002188       28     4         /home/kenta/repos/fpga_samples/rtl/displayport/test/sw-rs/target/riscv32imc-unknown-none-elf/release/deps/bootrom_rs-60959512d032345b.bootrom_rs.4f57399457bc23e-cgu.1.rcgu.o:(.rodata.main)
80002188 80002188        0     1                 .LJTI8_0
80002188 80002188        0     1                 $d
800021b0 800021b0       ff     1         <internal>:(.rodata.str1.1)
800022af 800022af       15     1         /home/kenta/repos/fpga_samples/rtl/displayport/test/sw-rs/target/riscv32imc-unknown-none-elf/release/deps/bootrom_rs-60959512d032345b.bootrom_rs.4f57399457bc23e-cgu.1.rcgu.o:(.rodata..Lanon.791660a2cbd336c3c16aff44e546db93.1)
800022af 800022af       15     1                 .Lanon.791660a2cbd336c3c16aff44e546db93.1
800022af 800022af        0     1                 $d
800022c4 800022c4       36     1         /home/kenta/repos/fpga_samples/rtl/displayport/test/sw-rs/target/riscv32imc-unknown-none-elf/release/deps/bootrom_rs-60959512d032345b.bootrom_rs.4f57399457bc23e-cgu.1.rcgu.o:(.rodata..Lanon.791660a2cbd336c3c16aff44e546db93.2)
800022c4 800022c4       36     1                 .Lanon.791660a2cbd336c3c16aff44e546db93.2
800022c4 800022c4        0     1                 $d
800022fa 800022fa       15     1         /home/kenta/repos/fpga_samples/rtl/displayport/test/sw-rs/target/riscv32imc-unknown-none-elf/release/deps/bootrom_rs-60959512d032345b.bootrom_rs.4f57399457bc23e-cgu.1.rcgu.o:(.rodata..Lanon.791660a2cbd336c3c16aff44e546db93.3)
800022fa 800022fa       15     1                 .Lanon.791660a2cbd336c3c16aff44e546db93.3
800022fa 800022fa        0     1                 $d
8000230f 8000230f       17     1         /home/kenta/repos/fpga_samples/rtl/displayport/test/sw-rs/target/riscv32imc-unknown-none-elf/release/deps/bootrom_rs-60959512d032345b.bootrom_rs.4f57399457bc23e-cgu.1.rcgu.o:(.rodata..Lanon.791660a2cbd336c3c16aff44e546db93.4)
8000230f 8000230f       17     1                 .Lanon.791660a2cbd336c3c16aff44e546db93.4
8000230f 8000230f        0     1                 $d
80002326 80002326       25     1         /home/kenta/repos/fpga_samples/rtl/displayport/test/sw-rs/target/riscv32imc-unknown-none-elf/release/deps/bootrom_rs-60959512d032345b.bootrom_rs.4f57399457bc23e-cgu.1.rcgu.o:(.rodata..Lanon.791660a2cbd336c3c16aff44e546db93.5)
80002326 80002326       25     1                 .Lanon.791660a2cbd336c3c16aff44e546db93.5
80002326 80002326        0     1                 $d
8000234b 8000234b       1a     1         /home/kenta/repos/fpga_samples/rtl/displayport/test/sw-rs/target/riscv32imc-unknown-none-elf/release/deps/bootrom_rs-60959512d032345b.bootrom_rs.4f57399457bc23e-cgu.1.rcgu.o:(.rodata..Lanon.791660a2cbd336c3c16aff44e546db93.7)
8000234b 8000234b       1a     1                 .Lanon.791660a2cbd336c3c16aff44e546db93.7
8000234b 8000234b        0     1                 $d
80002365 80002365       1c     1         /home/kenta/repos/fpga_samples/rtl/displayport/test/sw-rs/target/riscv32imc-unknown-none-elf/release/deps/bootrom_rs-60959512d032345b.bootrom_rs.4f57399457bc23e-cgu.1.rcgu.o:(.rodata..Lanon.791660a2cbd336c3c16aff44e546db93.9)
80002365 80002365       1c     1                 .Lanon.791660a2cbd336c3c16aff44e546db93.9
80002365 80002365        0     1                 $d
80002384 80002384       40     4         <internal>:(.rodata.cst16)
800023c4 800023c4       20     1         <internal>:(.rodata.cst8)
800023e4 800023e4        9     1         /home/kenta/repos/fpga_samples/rtl/displayport/test/sw-rs/target/riscv32imc-unknown-none-elf/release/deps/bootrom_rs-60959512d032345b.bootrom_rs.4f57399457bc23e-cgu.1.rcgu.o:(.rodata..Lanon.791660a2cbd336c3c16aff44e546db93.21)
800023e4 800023e4        9     1                 .Lanon.791660a2cbd336c3c16aff44e546db93.21
800023e4 800023e4        0     1                 $d
800023ed 800023ed        6     1         /home/kenta/repos/fpga_samples/rtl/displayport/test/sw-rs/target/riscv32imc-unknown-none-elf/release/deps/bootrom_rs-60959512d032345b.bootrom_rs.4f57399457bc23e-cgu.1.rcgu.o:(.rodata..Lanon.791660a2cbd336c3c16aff44e546db93.23)
800023ed 800023ed        6     1                 .Lanon.791660a2cbd336c3c16aff44e546db93.23
800023ed 800023ed        0     1                 $d
800023f4 800023f4       18     4         /home/kenta/repos/fpga_samples/rtl/displayport/test/sw-rs/target/riscv32imc-unknown-none-elf/release/deps/bootrom_rs-60959512d032345b.bootrom_rs.4f57399457bc23e-cgu.1.rcgu.o:(.rodata..Lanon.791660a2cbd336c3c16aff44e546db93.25)
800023f4 800023f4       18     1                 .Lanon.791660a2cbd336c3c16aff44e546db93.25
800023f4 800023f4        0     1                 $d
8000240c 8000240c       10     4         /home/kenta/repos/fpga_samples/rtl/displayport/test/sw-rs/target/riscv32imc-unknown-none-elf/release/deps/bootrom_rs-60959512d032345b.bootrom_rs.4f57399457bc23e-cgu.1.rcgu.o:(.rodata..Lanon.791660a2cbd336c3c16aff44e546db93.26)
8000240c 8000240c       10     1                 .Lanon.791660a2cbd336c3c16aff44e546db93.26
8000240c 8000240c        0     1                 $d
8000241c 8000241c       1b     1         /home/kenta/repos/fpga_samples/rtl/displayport/test/sw-rs/target/riscv32imc-unknown-none-elf/release/deps/bootrom_rs-60959512d032345b.bootrom_rs.4f57399457bc23e-cgu.1.rcgu.o:(.rodata..Lanon.791660a2cbd336c3c16aff44e546db93.28)
8000241c 8000241c       1b     1                 .Lanon.791660a2cbd336c3c16aff44e546db93.28
8000241c 8000241c        0     1                 $d
80002438 80002438       10     4         /home/kenta/repos/fpga_samples/rtl/displayport/test/sw-rs/target/riscv32imc-unknown-none-elf/release/deps/bootrom_rs-60959512d032345b.bootrom_rs.4f57399457bc23e-cgu.1.rcgu.o:(.rodata..Lanon.300c4a2487e2a32b8ff3a8bfc8046bcd.1)
80002438 80002438       10     1                 .Lanon.300c4a2487e2a32b8ff3a8bfc8046bcd.1
80002438 80002438        0     1                 $d
80002448 80002448       10     4         /home/kenta/repos/fpga_samples/rtl/displayport/test/sw-rs/target/riscv32imc-unknown-none-elf/release/deps/bootrom_rs-60959512d032345b.bootrom_rs.4f57399457bc23e-cgu.1.rcgu.o:(.rodata..Lanon.300c4a2487e2a32b8ff3a8bfc8046bcd.2)
80002448 80002448       10     1                 .Lanon.300c4a2487e2a32b8ff3a8bfc8046bcd.2
80002448 80002448        0     1                 $d
80002458 80002458        7     1         /home/kenta/repos/fpga_samples/rtl/displayport/test/sw-rs/target/riscv32imc-unknown-none-elf/release/deps/bootrom_rs-60959512d032345b.bootrom_rs.4f57399457bc23e-cgu.1.rcgu.o:(.rodata..Lanon.300c4a2487e2a32b8ff3a8bfc8046bcd.4)
80002458 80002458        7     1                 .Lanon.300c4a2487e2a32b8ff3a8bfc8046bcd.4
80002458 80002458        0     1                 $d
8000245f 8000245f        8     1         <internal>:(.rodata.cst4)
80002467 80002467        e     1         /home/kenta/repos/fpga_samples/rtl/displayport/test/sw-rs/target/riscv32imc-unknown-none-elf/release/deps/bootrom_rs-60959512d032345b.bootrom_rs.4f57399457bc23e-cgu.1.rcgu.o:(.rodata..Lanon.300c4a2487e2a32b8ff3a8bfc8046bcd.7)
80002467 80002467        e     1                 .Lanon.300c4a2487e2a32b8ff3a8bfc8046bcd.7
80002467 80002467        0     1                 $d
80002475 80002475        2     1         /home/kenta/repos/fpga_samples/rtl/displayport/test/sw-rs/target/riscv32imc-unknown-none-elf/release/deps/bootrom_rs-60959512d032345b.bootrom_rs.4f57399457bc23e-cgu.1.rcgu.o:(.rodata..Lanon.923384997e615e59193c02823937d1cb.35)
80002475 80002475        2     1                 .Lanon.923384997e615e59193c02823937d1cb.35
80002475 80002475        0     1                 $d
80002477 80002477        2     1         /home/kenta/repos/fpga_samples/rtl/displayport/test/sw-rs/target/riscv32imc-unknown-none-elf/release/deps/bootrom_rs-60959512d032345b.bootrom_rs.4f57399457bc23e-cgu.1.rcgu.o:(.rodata..Lanon.923384997e615e59193c02823937d1cb.38)
80002477 80002477        2     1                 .Lanon.923384997e615e59193c02823937d1cb.38
80002477 80002477        0     1                 $d
80002479 80002479        1     1         /home/kenta/repos/fpga_samples/rtl/displayport/test/sw-rs/target/riscv32imc-unknown-none-elf/release/deps/bootrom_rs-60959512d032345b.bootrom_rs.4f57399457bc23e-cgu.1.rcgu.o:(.rodata..Lanon.923384997e615e59193c02823937d1cb.39)
80002479 80002479        1     1                 .Lanon.923384997e615e59193c02823937d1cb.39
80002479 80002479        0     1                 $d
8000247a 8000247a        2     1         /home/kenta/repos/fpga_samples/rtl/displayport/test/sw-rs/target/riscv32imc-unknown-none-elf/release/deps/bootrom_rs-60959512d032345b.bootrom_rs.4f57399457bc23e-cgu.1.rcgu.o:(.rodata..Lanon.923384997e615e59193c02823937d1cb.40)
8000247a 8000247a        2     1                 .Lanon.923384997e615e59193c02823937d1cb.40
8000247a 8000247a        0     1                 $d
8000247c 8000247c        1     1         /home/kenta/repos/fpga_samples/rtl/displayport/test/sw-rs/target/riscv32imc-unknown-none-elf/release/deps/bootrom_rs-60959512d032345b.bootrom_rs.4f57399457bc23e-cgu.1.rcgu.o:(.rodata..Lanon.923384997e615e59193c02823937d1cb.41)
8000247c 8000247c        1     1                 .Lanon.923384997e615e59193c02823937d1cb.41
8000247c 8000247c        0     1                 $d
8000247d 8000247d        1     1         /home/kenta/repos/fpga_samples/rtl/displayport/test/sw-rs/target/riscv32imc-unknown-none-elf/release/deps/bootrom_rs-60959512d032345b.bootrom_rs.4f57399457bc23e-cgu.1.rcgu.o:(.rodata..Lanon.923384997e615e59193c02823937d1cb.57)
8000247d 8000247d        1     1                 .Lanon.923384997e615e59193c02823937d1cb.57
8000247d 8000247d        0     1                 $d
8000247e 8000247e        1     1         /home/kenta/repos/fpga_samples/rtl/displayport/test/sw-rs/target/riscv32imc-unknown-none-elf/release/deps/bootrom_rs-60959512d032345b.bootrom_rs.4f57399457bc23e-cgu.1.rcgu.o:(.rodata..Lanon.923384997e615e59193c02823937d1cb.63)
8000247e 8000247e        1     1                 .Lanon.923384997e615e59193c02823937d1cb.63
8000247e 8000247e        0     1                 $d
80002480 80002480       18     4         /home/kenta/repos/fpga_samples/rtl/displayport/test/sw-rs/target/riscv32imc-unknown-none-elf/release/deps/bootrom_rs-60959512d032345b.bootrom_rs.4f57399457bc23e-cgu.1.rcgu.o:(.rodata..Lanon.923384997e615e59193c02823937d1cb.98)
80002480 80002480       18     1                 .Lanon.923384997e615e59193c02823937d1cb.98
80002480 80002480        0     1                 $d
80002498 80002498       2b     1         /home/kenta/repos/fpga_samples/rtl/displayport/test/sw-rs/target/riscv32imc-unknown-none-elf/release/deps/bootrom_rs-60959512d032345b.bootrom_rs.4f57399457bc23e-cgu.1.rcgu.o:(.rodata..Lanon.923384997e615e59193c02823937d1cb.128)
80002498 80002498       2b     1                 .Lanon.923384997e615e59193c02823937d1cb.128
80002498 80002498        0     1                 $d
800024c3 800024c3       c8     1         /home/kenta/repos/fpga_samples/rtl/displayport/test/sw-rs/target/riscv32imc-unknown-none-elf/release/deps/bootrom_rs-60959512d032345b.bootrom_rs.4f57399457bc23e-cgu.1.rcgu.o:(.rodata..Lanon.923384997e615e59193c02823937d1cb.145)
800024c3 800024c3       c8     1                 .Lanon.923384997e615e59193c02823937d1cb.145
800024c3 800024c3        0     1                 $d
8000258b 8000258b        1     1         /home/kenta/repos/fpga_samples/rtl/displayport/test/sw-rs/target/riscv32imc-unknown-none-elf/release/deps/bootrom_rs-60959512d032345b.bootrom_rs.4f57399457bc23e-cgu.1.rcgu.o:(.rodata..Lanon.923384997e615e59193c02823937d1cb.149)
8000258b 8000258b        1     1                 .Lanon.923384997e615e59193c02823937d1cb.149
8000258b 8000258b        0     1                 $d
8000258c 8000258c        2     1         /home/kenta/repos/fpga_samples/rtl/displayport/test/sw-rs/target/riscv32imc-unknown-none-elf/release/deps/bootrom_rs-60959512d032345b.bootrom_rs.4f57399457bc23e-cgu.1.rcgu.o:(.rodata..Lanon.923384997e615e59193c02823937d1cb.343)
8000258c 8000258c        2     1                 .Lanon.923384997e615e59193c02823937d1cb.343
8000258c 8000258c        0     1                 $d
8000258e 8000258e        c     1         /home/kenta/repos/fpga_samples/rtl/displayport/test/sw-rs/target/riscv32imc-unknown-none-elf/release/deps/bootrom_rs-60959512d032345b.bootrom_rs.4f57399457bc23e-cgu.1.rcgu.o:(.rodata..Lanon.923384997e615e59193c02823937d1cb.381)
8000258e 8000258e        c     1                 .Lanon.923384997e615e59193c02823937d1cb.381
8000258e 8000258e        0     1                 $d
8000259a 8000259a        2     1         /home/kenta/repos/fpga_samples/rtl/displayport/test/sw-rs/target/riscv32imc-unknown-none-elf/release/deps/bootrom_rs-60959512d032345b.bootrom_rs.4f57399457bc23e-cgu.1.rcgu.o:(.rodata..Lanon.923384997e615e59193c02823937d1cb.382)
8000259a 8000259a        2     1                 .Lanon.923384997e615e59193c02823937d1cb.382
8000259a 8000259a        0     1                 $d
8000259c 8000259c       10     4         /home/kenta/repos/fpga_samples/rtl/displayport/test/sw-rs/target/riscv32imc-unknown-none-elf/release/deps/bootrom_rs-60959512d032345b.bootrom_rs.4f57399457bc23e-cgu.1.rcgu.o:(.rodata..Lswitch.table._ZN64_$LT$bootrom_rs..dpcd..DpcdError$u20$as$u20$core..fmt..Debug$GT$3fmt17h580c9eb3c057e7e7E.81)
8000259c 8000259c       10     1                 .Lswitch.table._ZN64_$LT$bootrom_rs..dpcd..DpcdError$u20$as$u20$core..fmt..Debug$GT$3fmt17h580c9eb3c057e7e7E.81
8000259c 8000259c        0     1                 $d
800025ac 800025ac       10     4         /home/kenta/repos/fpga_samples/rtl/displayport/test/sw-rs/target/riscv32imc-unknown-none-elf/release/deps/bootrom_rs-60959512d032345b.bootrom_rs.4f57399457bc23e-cgu.1.rcgu.o:(.rodata..Lswitch.table._ZN42_$LT$$RF$T$u20$as$u20$core..fmt..Debug$GT$3fmt17h76b53d497d045ebfE.82)
800025ac 800025ac       10     1                 .Lswitch.table._ZN42_$LT$$RF$T$u20$as$u20$core..fmt..Debug$GT$3fmt17h76b53d497d045ebfE.82
800025ac 800025ac        0     1                 $d
800025bc 800025bc        0     1         . = ALIGN(4)
20000000 20000000        0     1 .data
20000000 20000000        0     1         PROVIDE(_data_start = .)
20000000 20000000        0     1         PROVIDE(_data_rom_start = LOADADDR(.data))
20000000 20000000        0     1         . = ALIGN(4)
20000000 20000000        0     1         . = ALIGN(4)
20000000 20000000        0     1         PROVIDE(_data_end = .)
20000000 20000000        4     1 .bss
20000000 20000000        0     1         PROVIDE(_bss_start = .)
20000000 20000000        3     1         /home/kenta/repos/fpga_samples/rtl/displayport/test/sw-rs/target/riscv32imc-unknown-none-elf/release/deps/bootrom_rs-60959512d032345b.bootrom_rs.4f57399457bc23e-cgu.1.rcgu.o:(.bss..L_MergedGlobals)
20000000 20000000        3     1                 .L_MergedGlobals
20000000 20000000        0     1                 $d
20000000 20000000        1     1                 bootrom_rs::SERIAL_OUT::hd9ed7271b5386d4a
20000001 20000001        1     1                 bootrom_rs::SYSTEM::he7d9ef978c93d840 (.0)
20000002 20000002        1     1                 DEVICE_PERIPHERALS
20000003 20000003        1     1         . = ALIGN(4)
20000004 20000004        0     1         PROVIDE(_bss_end = .)
20000004 20000004        0     1 PROVIDE(ramend = ORIGIN(dmem) + LENGTH(dmem))
       0        0     279b     1 .debug_loc
       0        0     279b     1         /home/kenta/repos/fpga_samples/rtl/displayport/test/sw-rs/target/riscv32imc-unknown-none-elf/release/deps/bootrom_rs-60959512d032345b.bootrom_rs.4f57399457bc23e-cgu.1.rcgu.o:(.debug_loc)
       0        0        0     1                 .L0 
       0        0        0     1                 $d
      2d       2d        0     1                 .L0 
      7a       7a        0     1                 .L0 
      95       95        0     1                 .L0 
      bb       bb        0     1                 .L0 
      fb       fb        0     1                 .L0 
     117      117        0     1                 .L0 
     137      137        0     1                 .L0 
     157      157        0     1                 .L0 
     1b2      1b2        0     1                 .L0 
     1e3      1e3        0     1                 .L0 
     206      206        0     1                 .L0 
     237      237        0     1                 .L0 
[...]
    1fa2     1fa2        0     1                 .L0 
    1fe7     1fe7        0     1                 .L0 
    2008     2008        0     1                 .L0 
    2029     2029        0     1                 .L0 
    2045     2045        0     1                 .L0 
    2066     2066        0     1                 .L0 
    2082     2082        0     1                 .L0 
    20d5     20d5        0     1                 .L0 
    2107     2107        0     1                 .L0 
    2139     2139        0     1                 .L0 
    216b     216b        0     1                 .L0 
    21be     21be        0     1                 .L0 
    21f0     21f0        0     1                 .L0 
    2222     2222        0     1                 .L0 
    2254     2254        0     1                 .L0 
    226f     226f        0     1                 .L0 
    228a     228a        0     1                 .L0 
    22c6     22c6        0     1                 .L0 
    2367     2367        0     1                 .L0 
    239f     239f        0     1                 .L0 
    23cf     23cf        0     1                 .L0 
    23f5     23f5        0     1                 .L0 
    2439     2439        0     1                 .L0 
    2456     2456        0     1                 .L0 
    247f     247f        0     1                 .L0 
    24ae     24ae        0     1                 .L0 
    2517     2517        0     1                 .L0 
    2532     2532        0     1                 .L0 
    254d     254d        0     1                 .L0 
    2576     2576        0     1                 .L0 
    25aa     25aa        0     1                 .L0 
    25ca     25ca        0     1                 .L0 
    25e5     25e5        0     1                 .L0 
    260a     260a        0     1                 .L0 
    2649     2649        0     1                 .L0 
    266f     266f        0     1                 .L0 
    268f     268f        0     1                 .L0 
    26b8     26b8        0     1                 .L0 
    26d3     26d3        0     1                 .L0 
    26ee     26ee        0     1                 .L0 
    2717     2717        0     1                 .L0 
    2740     2740        0     1                 .L0 
    275b     275b        0     1                 .L0 
    277b     277b        0     1                 .L0 
       0        0      add     1 .debug_abbrev
       0        0      895     1         /home/kenta/repos/fpga_samples/rtl/displayport/test/sw-rs/target/riscv32imc-unknown-none-elf/release/deps/bootrom_rs-60959512d032345b.bootrom_rs.4f57399457bc23e-cgu.1.rcgu.o:(.debug_abbrev)
       0        0        0     1                 $d
     895      895       2e     1         /home/kenta/.rustup/toolchains/stable-x86_64-unknown-linux-gnu/lib/rustlib/riscv32imc-unknown-none-elf/lib/libcompiler_builtins-06f5cc7eb10af0bc.rlib(compiler_builtins-06f5cc7eb10af0bc.compiler_builtins.67690aa3454e5eb8-cgu.186.rcgu.o):(.debug_abbrev)
     895      895        0     1                 $d
     8c3      8c3      131     1         /home/kenta/.rustup/toolchains/stable-x86_64-unknown-linux-gnu/lib/rustlib/riscv32imc-unknown-none-elf/lib/libcompiler_builtins-06f5cc7eb10af0bc.rlib(compiler_builtins-06f5cc7eb10af0bc.compiler_builtins.67690aa3454e5eb8-cgu.014.rcgu.o):(.debug_abbrev)
     8c3      8c3        0     1                 $d
     9f4      9f4       e9     1         /home/kenta/.rustup/toolchains/stable-x86_64-unknown-linux-gnu/lib/rustlib/riscv32imc-unknown-none-elf/lib/libcompiler_builtins-06f5cc7eb10af0bc.rlib(compiler_builtins-06f5cc7eb10af0bc.compiler_builtins.67690aa3454e5eb8-cgu.233.rcgu.o):(.debug_abbrev)
     9f4      9f4        0     1                 $d
       0        0     f247     1 .debug_info
       0        0     e0ce     1         /home/kenta/repos/fpga_samples/rtl/displayport/test/sw-rs/target/riscv32imc-unknown-none-elf/release/deps/bootrom_rs-60959512d032345b.bootrom_rs.4f57399457bc23e-cgu.1.rcgu.o:(.debug_info)
       0        0        0     1                 .L0 
       0        0        0     1                 $d
    7354     7354        0     1                 .L0 
    7395     7395        0     1                 .L0 
    bfe4     bfe4        0     1                 .L0 
    de9c     de9c        0     1                 .L0 
    e0ce     e0ce       4b     1         /home/kenta/.rustup/toolchains/stable-x86_64-unknown-linux-gnu/lib/rustlib/riscv32imc-unknown-none-elf/lib/libcompiler_builtins-06f5cc7eb10af0bc.rlib(compiler_builtins-06f5cc7eb10af0bc.compiler_builtins.67690aa3454e5eb8-cgu.186.rcgu.o):(.debug_info)
    e0ce     e0ce        0     1                 .L0 
    e0ce     e0ce        0     1                 $d
    e119     e119      eab     1         /home/kenta/.rustup/toolchains/stable-x86_64-unknown-linux-gnu/lib/rustlib/riscv32imc-unknown-none-elf/lib/libcompiler_builtins-06f5cc7eb10af0bc.rlib(compiler_builtins-06f5cc7eb10af0bc.compiler_builtins.67690aa3454e5eb8-cgu.014.rcgu.o):(.debug_info)
    e119     e119        0     1                 .L0 
    e119     e119        0     1                 $d
    efc4     efc4      283     1         /home/kenta/.rustup/toolchains/stable-x86_64-unknown-linux-gnu/lib/rustlib/riscv32imc-unknown-none-elf/lib/libcompiler_builtins-06f5cc7eb10af0bc.rlib(compiler_builtins-06f5cc7eb10af0bc.compiler_builtins.67690aa3454e5eb8-cgu.233.rcgu.o):(.debug_info)
    efc4     efc4        0     1                 .L0 
    efc4     efc4        0     1                 $d
       0        0      220     1 .debug_aranges
       0        0      1b0     1         /home/kenta/repos/fpga_samples/rtl/displayport/test/sw-rs/target/riscv32imc-unknown-none-elf/release/deps/bootrom_rs-60959512d032345b.bootrom_rs.4f57399457bc23e-cgu.1.rcgu.o:(.debug_aranges)
       0        0        0     1                 $d
     1b0      1b0       20     1         /home/kenta/.rustup/toolchains/stable-x86_64-unknown-linux-gnu/lib/rustlib/riscv32imc-unknown-none-elf/lib/libcompiler_builtins-06f5cc7eb10af0bc.rlib(compiler_builtins-06f5cc7eb10af0bc.compiler_builtins.67690aa3454e5eb8-cgu.186.rcgu.o):(.debug_aranges)
     1b0      1b0        0     1                 $d
     1d0      1d0       30     1         /home/kenta/.rustup/toolchains/stable-x86_64-unknown-linux-gnu/lib/rustlib/riscv32imc-unknown-none-elf/lib/libcompiler_builtins-06f5cc7eb10af0bc.rlib(compiler_builtins-06f5cc7eb10af0bc.compiler_builtins.67690aa3454e5eb8-cgu.014.rcgu.o):(.debug_aranges)
     1d0      1d0        0     1                 $d
     200      200       20     1         /home/kenta/.rustup/toolchains/stable-x86_64-unknown-linux-gnu/lib/rustlib/riscv32imc-unknown-none-elf/lib/libcompiler_builtins-06f5cc7eb10af0bc.rlib(compiler_builtins-06f5cc7eb10af0bc.compiler_builtins.67690aa3454e5eb8-cgu.233.rcgu.o):(.debug_aranges)
     200      200        0     1                 $d
       0        0     13f8     1 .debug_ranges
       0        0     1000     1         /home/kenta/repos/fpga_samples/rtl/displayport/test/sw-rs/target/riscv32imc-unknown-none-elf/release/deps/bootrom_rs-60959512d032345b.bootrom_rs.4f57399457bc23e-cgu.1.rcgu.o:(.debug_ranges)
       0        0        0     1                 .L0 
       0        0        0     1                 $d
      20       20        0     1                 .L0 
      38       38        0     1                 .L0 
      58       58        0     1                 .L0 
      90       90        0     1                 .L0 
      c0       c0        0     1                 .L0 
      f0       f0        0     1                 .L0 
     108      108        0     1                 .L0 
     120      120        0     1                 .L0 
     138      138        0     1                 .L0 
     150      150        0     1                 .L0 
     168      168        0     1                 .L0 
     180      180        0     1                 .L0 
     198      198        0     1                 .L0 
     1b0      1b0        0     1                 .L0 
     1d0      1d0        0     1                 .L0 
     1f0      1f0        0     1                 .L0 
     208      208        0     1                 .L0 
     230      230        0     1                 .L0 
     248      248        0     1                 .L0 
     260      260        0     1                 .L0 
     288      288        0     1                 .L0 
     2b0      2b0        0     1                 .L0 
     2d8      2d8        0     1                 .L0 
     2f8      2f8        0     1                 .L0 
     318      318        0     1                 .L0 
     338      338        0     1                 .L0 
     358      358        0     1                 .L0 
     370      370        0     1                 .L0 
     390      390        0     1                 .L0 
     3b0      3b0        0     1                 .L0 
     3d0      3d0        0     1                 .L0 
     3e8      3e8        0     1                 .L0 
     400      400        0     1                 .L0 
     418      418        0     1                 .L0 
     430      430        0     1                 .L0 
     448      448        0     1                 .L0 
     460      460        0     1                 .L0 
     4a0      4a0        0     1                 .L0 
     4d8      4d8        0     1                 .L0 
     510      510        0     1                 .L0 
     528      528        0     1                 .L0 
     540      540        0     1                 .L0 
     558      558        0     1                 .L0 
     570      570        0     1                 .L0 
     588      588        0     1                 .L0 
     5a0      5a0        0     1                 .L0 
     5b8      5b8        0     1                 .L0 
     5e0      5e0        0     1                 .L0 
     5f8      5f8        0     1                 .L0 
     610      610        0     1                 .L0 
     628      628        0     1                 .L0 
     640      640        0     1                 .L0 
     668      668        0     1                 .L0 
     680      680        0     1                 .L0 
     6a0      6a0        0     1                 .L0 
     6b8      6b8        0     1                 .L0 
     6d0      6d0        0     1                 .L0 
     6f0      6f0        0     1                 .L0 
     710      710        0     1                 .L0 
     738      738        0     1                 .L0 
     750      750        0     1                 .L0 
     770      770        0     1                 .L0 
     790      790        0     1                 .L0 
     7a8      7a8        0     1                 .L0 
     7c0      7c0        0     1                 .L0 
     7d8      7d8        0     1                 .L0 
     7f8      7f8        0     1                 .L0 
     818      818        0     1                 .L0 
     830      830        0     1                 .L0 
     848      848        0     1                 .L0 
     860      860        0     1                 .L0 
     878      878        0     1                 .L0 
     890      890        0     1                 .L0 
     8a8      8a8        0     1                 .L0 
     8c0      8c0        0     1                 .L0 
     8f0      8f0        0     1                 .L0 
     918      918        0     1                 .L0 
     938      938        0     1                 .L0 
     958      958        0     1                 .L0 
     970      970        0     1                 .L0 
     988      988        0     1                 .L0 
     9a0      9a0        0     1                 .L0 
     9b8      9b8        0     1                 .L0 
     9d0      9d0        0     1                 .L0 
     9e8      9e8        0     1                 .L0 
     a00      a00        0     1                 .L0 
     a18      a18        0     1                 .L0 
     a38      a38        0     1                 .L0 
     a50      a50        0     1                 .L0 
     a70      a70        0     1                 .L0 
     a88      a88        0     1                 .L0 
     aa8      aa8        0     1                 .L0 
     ac0      ac0        0     1                 .L0 
     ad8      ad8        0     1                 .L0 
     af0      af0        0     1                 .L0 
     b08      b08        0     1                 .L0 
     b20      b20        0     1                 .L0 
     b40      b40        0     1                 .L0 
     b58      b58        0     1                 .L0 
     b70      b70        0     1                 .L0 
     b90      b90        0     1                 .L0 
     ba8      ba8        0     1                 .L0 
     bc8      bc8        0     1                 .L0 
     be0      be0        0     1                 .L0 
     c00      c00        0     1                 .L0 
     c18      c18        0     1                 .L0 
     c38      c38        0     1                 .L0 
     c50      c50        0     1                 .L0 
     c70      c70        0     1                 .L0 
     c90      c90        0     1                 .L0 
     ca8      ca8        0     1                 .L0 
     cc0      cc0        0     1                 .L0 
     ce0      ce0        0     1                 .L0 
     cf8      cf8        0     1                 .L0 
     d10      d10        0     1                 .L0 
     d28      d28        0     1                 .L0 
     d40      d40        0     1                 .L0 
     d58      d58        0     1                 .L0 
     d70      d70        0     1                 .L0 
     d88      d88        0     1                 .L0 
     da0      da0        0     1                 .L0 
     db8      db8        0     1                 .L0 
     dd0      dd0        0     1                 .L0 
     df0      df0        0     1                 .L0 
     e10      e10        0     1                 .L0 
     e28      e28        0     1                 .L0 
     e40      e40        0     1                 .L0 
     e58      e58        0     1                 .L0 
     e78      e78        0     1                 .L0 
     e90      e90        0     1                 .L0 
     ea8      ea8        0     1                 .L0 
     ec0      ec0        0     1                 .L0 
     f20      f20        0     1                 .L0 
     f68      f68        0     1                 .L0 
     fe8      fe8        0     1                 .L0 
    1000     1000      3b0     1         /home/kenta/.rustup/toolchains/stable-x86_64-unknown-linux-gnu/lib/rustlib/riscv32imc-unknown-none-elf/lib/libcompiler_builtins-06f5cc7eb10af0bc.rlib(compiler_builtins-06f5cc7eb10af0bc.compiler_builtins.67690aa3454e5eb8-cgu.014.rcgu.o):(.debug_ranges)
    1000     1000        0     1                 .L0 
    1000     1000        0     1                 $d
    1018     1018        0     1                 .L0 
    1030     1030        0     1                 .L0 
    1050     1050        0     1                 .L0 
    1070     1070        0     1                 .L0 
    1088     1088        0     1                 .L0 
    10a0     10a0        0     1                 .L0 
    10b8     10b8        0     1                 .L0 
    10d0     10d0        0     1                 .L0 
    10e8     10e8        0     1                 .L0 
    1100     1100        0     1                 .L0 
    1118     1118        0     1                 .L0 
    1130     1130        0     1                 .L0 
    1160     1160        0     1                 .L0 
    1178     1178        0     1                 .L0 
    1198     1198        0     1                 .L0 
    11c0     11c0        0     1                 .L0 
    11e0     11e0        0     1                 .L0 
    1200     1200        0     1                 .L0 
    1218     1218        0     1                 .L0 
    1230     1230        0     1                 .L0 
    1250     1250        0     1                 .L0 
    1270     1270        0     1                 .L0 
    1298     1298        0     1                 .L0 
    12b0     12b0        0     1                 .L0 
    12c8     12c8        0     1                 .L0 
    12e8     12e8        0     1                 .L0 
    1308     1308        0     1                 .L0 
    1320     1320        0     1                 .L0 
    1338     1338        0     1                 .L0 
    1350     1350        0     1                 .L0 
    1370     1370        0     1                 .L0 
    1390     1390        0     1                 .L0 
    13b0     13b0       48     1         /home/kenta/.rustup/toolchains/stable-x86_64-unknown-linux-gnu/lib/rustlib/riscv32imc-unknown-none-elf/lib/libcompiler_builtins-06f5cc7eb10af0bc.rlib(compiler_builtins-06f5cc7eb10af0bc.compiler_builtins.67690aa3454e5eb8-cgu.233.rcgu.o):(.debug_ranges)
    13b0     13b0        0     1                 .L0 
    13b0     13b0        0     1                 $d
    13c8     13c8        0     1                 .L0 
    13e0     13e0        0     1                 .L0 
       0        0     d603     1 .debug_str
       0        0     d603     1         <internal>:(.debug_str)
       0        0       8b     1 .comment
       0        0       8b     1         <internal>:(.comment)
       0        0       36     1 .riscv.attributes
       0        0       36     1         <internal>:(.riscv.attributes)
       0        0     3cbe     1 .debug_line
       0        0     3178     1         /home/kenta/repos/fpga_samples/rtl/displayport/test/sw-rs/target/riscv32imc-unknown-none-elf/release/deps/bootrom_rs-60959512d032345b.bootrom_rs.4f57399457bc23e-cgu.1.rcgu.o:(.debug_line)
       0        0        0     1                 .Lline_table_start0
       0        0        0     1                 $d
    13db     13db        0     1                 .Lline_table_start1
    140b     140b        0     1                 .Lline_table_start2
    209f     209f        0     1                 .Lline_table_start3
    20bd     20bd        0     1                 .Lline_table_start4
    20db     20db        0     1                 .Lline_table_start5
    2ff8     2ff8        0     1                 .Lline_table_start6
    3178     3178       6e     1         /home/kenta/.rustup/toolchains/stable-x86_64-unknown-linux-gnu/lib/rustlib/riscv32imc-unknown-none-elf/lib/libcompiler_builtins-06f5cc7eb10af0bc.rlib(compiler_builtins-06f5cc7eb10af0bc.compiler_builtins.67690aa3454e5eb8-cgu.186.rcgu.o):(.debug_line)
    3178     3178        0     1                 .Lline_table_start0
    3178     3178        0     1                 $d
    31e6     31e6      844     1         /home/kenta/.rustup/toolchains/stable-x86_64-unknown-linux-gnu/lib/rustlib/riscv32imc-unknown-none-elf/lib/libcompiler_builtins-06f5cc7eb10af0bc.rlib(compiler_builtins-06f5cc7eb10af0bc.compiler_builtins.67690aa3454e5eb8-cgu.014.rcgu.o):(.debug_line)
    31e6     31e6        0     1                 .Lline_table_start0
    31e6     31e6        0     1                 $d
    3a2a     3a2a      294     1         /home/kenta/.rustup/toolchains/stable-x86_64-unknown-linux-gnu/lib/rustlib/riscv32imc-unknown-none-elf/lib/libcompiler_builtins-06f5cc7eb10af0bc.rlib(compiler_builtins-06f5cc7eb10af0bc.compiler_builtins.67690aa3454e5eb8-cgu.233.rcgu.o):(.debug_line)
    3a2a     3a2a        0     1                 .Lline_table_start0
    3a2a     3a2a        0     1                 $d
    3bd9     3bd9        0     1                 .Lline_table_start1
       0        0     5df0     4 .symtab
       0        0     5df0     4         <internal>:(.symtab)
       0        0       b4     1 .shstrtab
       0        0       b4     1         <internal>:(.shstrtab)
       0        0     2abc     1 .strtab
       0        0     2abc     1         <internal>:(.strtab)
