     VMA      LMA     Size Align Out     In      Symbol
80000000 80000000        4     1 .isr_vector
80000000 80000000        0     1         . = ALIGN(4)
80000000 80000000        4     1         /home/kenta/repos/fpga_samples/rtl/displayport/test/sw-rs/target/riscv32imc-unknown-none-elf/release/deps/bootrom_rs-60959512d032345b.bootrom_rs.4f57399457bc23e-cgu.0.rcgu.o:(.isr_vector)
80000000 80000000        0     1                 $x
80000004 80000004        0     1         . = ALIGN(4)
80000004 80000004     1d8c     2 .text
80000004 80000004        0     1         . = ALIGN(4)
80000004 80000004       1e     2         /home/kenta/repos/fpga_samples/rtl/displayport/test/sw-rs/target/riscv32imc-unknown-none-elf/release/deps/bootrom_rs-60959512d032345b.bootrom_rs.4f57399457bc23e-cgu.0.rcgu.o:(.text)
80000004 80000004        0     1                 _start
80000004 80000004        0     1                 .Lpcrel_hi0
80000004 80000004        0     1                 $x
80000022 80000022       3a     2         /home/kenta/repos/fpga_samples/rtl/displayport/test/sw-rs/target/riscv32imc-unknown-none-elf/release/deps/bootrom_rs-60959512d032345b.bootrom_rs.4f57399457bc23e-cgu.0.rcgu.o:(.text._RNvCsGIExRX8pES_7___rustc17rust_begin_unwind)
80000022 80000022       3a     1                 __rustc::rust_begin_unwind
80000022 80000022        0     1                 .L0 
80000022 80000022        0     1                 .L0 
80000022 80000022        0     1                 $x
80000022 80000022        0     1                 .L0 
8000002a 8000002a        0     1                 .L0 
80000048 80000048        0     1                 .L0 
80000058 80000058        0     1                 .L0 
8000005c 8000005c        0     1                 .L0 
8000005c 8000005c       3a     2         /home/kenta/repos/fpga_samples/rtl/displayport/test/sw-rs/target/riscv32imc-unknown-none-elf/release/deps/bootrom_rs-60959512d032345b.bootrom_rs.4f57399457bc23e-cgu.0.rcgu.o:(.text._ZN10bootrom_rs4dpcd4read17hb23e0590077d3166E)
8000005c 8000005c       3a     1                 bootrom_rs::dpcd::read::hb23e0590077d3166
8000005c 8000005c        0     1                 .L0 
8000005c 8000005c        0     1                 .L0 
8000005c 8000005c        0     1                 $x
8000005c 8000005c        0     1                 .L0 
8000006a 8000006a        0     1                 .L0 
80000074 80000074        0     1                 .L0 
80000096 80000096        0     1                 .L0 
80000096 80000096       3a     2         /home/kenta/repos/fpga_samples/rtl/displayport/test/sw-rs/target/riscv32imc-unknown-none-elf/release/deps/bootrom_rs-60959512d032345b.bootrom_rs.4f57399457bc23e-cgu.0.rcgu.o:(.text._ZN10bootrom_rs4dpcd5write17h58d2065b7edee056E)
80000096 80000096       3a     1                 bootrom_rs::dpcd::write::h58d2065b7edee056
80000096 80000096        0     1                 .L0 
80000096 80000096        0     1                 .L0 
80000096 80000096        0     1                 $x
80000096 80000096        0     1                 .L0 
8000009a 8000009a        0     1                 .L0 
800000a8 800000a8        0     1                 .L0 
800000b2 800000b2        0     1                 .L0 
800000d0 800000d0        0     1                 .L0 
800000d0 800000d0       40     2         /home/kenta/repos/fpga_samples/rtl/displayport/test/sw-rs/target/riscv32imc-unknown-none-elf/release/deps/bootrom_rs-60959512d032345b.bootrom_rs.4f57399457bc23e-cgu.0.rcgu.o:(.text._ZN10bootrom_rs9print_fmt17h6a77c2976e3f51bdE)
800000d0 800000d0       40     1                 bootrom_rs::print_fmt::h6a77c2976e3f51bd
800000d0 800000d0        0     1                 .L0 
800000d0 800000d0        0     1                 .L0 
800000d0 800000d0        0     1                 $x
800000d0 800000d0        0     1                 .L0 
800000d2 800000d2        0     1                 .L0 
800000e2 800000e2        0     1                 .L0 
800000fe 800000fe        0     1                 .L0 
80000100 80000100        0     1                 .L0 
80000108 80000108        0     1                 .L0 
80000110 80000110        0     1                 .L0 
80000110 80000110      136     2         /home/kenta/repos/fpga_samples/rtl/displayport/test/sw-rs/target/riscv32imc-unknown-none-elf/release/deps/bootrom_rs-60959512d032345b.bootrom_rs.4f57399457bc23e-cgu.0.rcgu.o:(.text._ZN42_$LT$$RF$T$u20$as$u20$core..fmt..Debug$GT$3fmt17h74bd87c0d90eec95E)
80000110 80000110      136     1                 _$LT$$RF$T$u20$as$u20$core..fmt..Debug$GT$::fmt::h74bd87c0d90eec95
80000110 80000110        0     1                 .L0 
80000110 80000110        0     1                 .L0 
80000110 80000110        0     1                 $x
80000110 80000110        0     1                 .L0 
8000012e 8000012e        0     1                 .L0 
80000134 80000134        0     1                 .L0 
80000138 80000138        0     1                 .L0 
8000014c 8000014c        0     1                 .L0 
8000014e 8000014e        0     1                 .L0 
8000016c 8000016c        0     1                 .L0 
80000174 80000174        0     1                 .L0 
80000182 80000182        0     1                 .L0 
8000019a 8000019a        0     1                 .L0 
8000019c 8000019c        0     1                 .L0 
800001aa 800001aa        0     1                 .L0 
800001b2 800001b2        0     1                 .L0 
800001b4 800001b4        0     1                 .L0 
800001c2 800001c2        0     1                 .L0 
800001c4 800001c4        0     1                 .L0 
800001c8 800001c8        0     1                 .L0 
800001de 800001de        0     1                 .L0 
800001ea 800001ea        0     1                 .L0 
800001f0 800001f0        0     1                 .L0 
80000204 80000204        0     1                 .L0 
80000206 80000206        0     1                 .L0 
80000208 80000208        0     1                 .L0 
8000020a 8000020a        0     1                 .L0 
8000020e 8000020e        0     1                 .L0 
80000226 80000226        0     1                 .L0 
80000246 80000246        0     1                 .L0 
80000246 80000246      120     2         /home/kenta/repos/fpga_samples/rtl/displayport/test/sw-rs/target/riscv32imc-unknown-none-elf/release/deps/bootrom_rs-60959512d032345b.bootrom_rs.4f57399457bc23e-cgu.0.rcgu.o:(.text._ZN42_$LT$$RF$T$u20$as$u20$core..fmt..Debug$GT$3fmt17hf961e875d1f93372E)
80000246 80000246      120     1                 _$LT$$RF$T$u20$as$u20$core..fmt..Debug$GT$::fmt::hf961e875d1f93372
80000246 80000246        0     1                 .L0 
80000246 80000246        0     1                 .L0 
80000246 80000246        0     1                 $x
80000246 80000246        0     1                 .L0 
8000024c 8000024c        0     1                 .L0 
80000276 80000276        0     1                 .L0 
80000292 80000292        0     1                 .L0 
80000296 80000296        0     1                 .L0 
800002a0 800002a0        0     1                 .L0 
800002a6 800002a6        0     1                 .L0 
800002c8 800002c8        0     1                 .L0 
800002da 800002da        0     1                 .L0 
800002e0 800002e0        0     1                 .L0 
80000306 80000306        0     1                 .L0 
80000318 80000318        0     1                 .L0 
8000032e 8000032e        0     1                 .L0 
80000344 80000344        0     1                 .L0 
80000348 80000348        0     1                 .L0 
8000034e 8000034e        0     1                 .L0 
80000350 80000350        0     1                 .L0 
80000352 80000352        0     1                 .L0 
80000358 80000358        0     1                 .L0 
80000366 80000366        0     1                 .L0 
80000366 80000366       b2     2         /home/kenta/repos/fpga_samples/rtl/displayport/test/sw-rs/target/riscv32imc-unknown-none-elf/release/deps/bootrom_rs-60959512d032345b.bootrom_rs.4f57399457bc23e-cgu.0.rcgu.o:(.text._ZN44_$LT$$RF$T$u20$as$u20$core..fmt..Display$GT$3fmt17hb90af1a7d6191cd3E)
80000366 80000366       b2     1                 _$LT$$RF$T$u20$as$u20$core..fmt..Display$GT$::fmt::hb90af1a7d6191cd3
80000366 80000366        0     1                 .L0 
80000366 80000366        0     1                 .L0 
80000366 80000366        0     1                 $x
80000366 80000366        0     1                 .L0 
80000384 80000384        0     1                 .L0 
80000398 80000398        0     1                 .L0 
8000039a 8000039a        0     1                 .L0 
8000039e 8000039e        0     1                 .L0 
800003be 800003be        0     1                 .L0 
800003c2 800003c2        0     1                 .L0 
800003c6 800003c6        0     1                 .L0 
800003dc 800003dc        0     1                 .L0 
800003de 800003de        0     1                 .L0 
800003ec 800003ec        0     1                 .L0 
800003f6 800003f6        0     1                 .L0 
80000418 80000418        0     1                 .L0 
80000418 80000418       26     2         /home/kenta/repos/fpga_samples/rtl/displayport/test/sw-rs/target/riscv32imc-unknown-none-elf/release/deps/bootrom_rs-60959512d032345b.bootrom_rs.4f57399457bc23e-cgu.0.rcgu.o:(.text._ZN69_$LT$bootrom_rs..link_training..Error$u20$as$u20$core..fmt..Debug$GT$3fmt17h016f36847aff5422E)
80000418 80000418       26     1                 _$LT$bootrom_rs..link_training..Error$u20$as$u20$core..fmt..Debug$GT$::fmt::h016f36847aff5422
80000418 80000418        0     1                 .L0 
80000418 80000418        0     1                 .L0 
80000418 80000418        0     1                 $x
80000418 80000418        0     1                 .L0 
8000043a 8000043a        0     1                 .L0 
8000043e 8000043e        0     1                 .L0 
8000043e 8000043e       48     2         /home/kenta/repos/fpga_samples/rtl/displayport/test/sw-rs/target/riscv32imc-unknown-none-elf/release/deps/bootrom_rs-60959512d032345b.bootrom_rs.4f57399457bc23e-cgu.0.rcgu.o:(.text.init)
8000043e 8000043e        0     1                 .L0 
8000043e 8000043e        0     1                 .L0 
8000043e 8000043e        0     1                 $x
8000043e 8000043e        0     1                 .L0 
8000043e 8000043e       48     1                 init
80000452 80000452        0     1                 .L0 
80000456 80000456        0     1                 .L0 
8000045c 8000045c        0     1                 .L0 
80000478 80000478        0     1                 .L0 
8000047a 8000047a        0     1                 .L0 
8000047c 8000047c        0     1                 .L0 
8000047e 8000047e        0     1                 .L0 
80000486 80000486        0     1                 .L0 
80000486 80000486      852     2         /home/kenta/repos/fpga_samples/rtl/displayport/test/sw-rs/target/riscv32imc-unknown-none-elf/release/deps/bootrom_rs-60959512d032345b.bootrom_rs.4f57399457bc23e-cgu.0.rcgu.o:(.text.main)
80000486 80000486        0     1                 .L0 
80000486 80000486        0     1                 .L0 
80000486 80000486        0     1                 $x
80000486 80000486        0     1                 .L0 
80000486 80000486      852     1                 main
800004be 800004be        0     1                 .L0 
800004c2 800004c2        0     1                 .L0 
800004ce 800004ce        0     1                 .L0 
800004d0 800004d0        0     1                 .L0 
800004d6 800004d6        0     1                 .L0 
800004da 800004da        0     1                 .L0 
800004de 800004de        0     1                 .L0 
800004e2 800004e2        0     1                 .L0 
800004e6 800004e6        0     1                 .L0 
800004ee 800004ee        0     1                 .L0 
800004f2 800004f2        0     1                 .L0 
800004fa 800004fa        0     1                 .L0 
800004fc 800004fc        0     1                 .L0 
80000500 80000500        0     1                 .L0 
80000520 80000520        0     1                 .L0 
80000534 80000534        0     1                 .L0 
80000562 80000562        0     1                 .L0 
80000572 80000572        0     1                 .L0 
80000576 80000576        0     1                 .L0 
8000057a 8000057a        0     1                 .L0 
80000580 80000580        0     1                 .L0 
80000590 80000590        0     1                 .L0 
80000594 80000594        0     1                 .L0 
80000598 80000598        0     1                 .L0 
8000059c 8000059c        0     1                 .L0 
800005a0 800005a0        0     1                 .L0 
800005a8 800005a8        0     1                 .L0 
800005ac 800005ac        0     1                 .L0 
800005b0 800005b0        0     1                 .L0 
800005b4 800005b4        0     1                 .L0 
800005b8 800005b8        0     1                 .L0 
800005be 800005be        0     1                 .L0 
800005d0 800005d0        0     1                 .L0 
800005d4 800005d4        0     1                 .L0 
800005d8 800005d8        0     1                 .L0 
800005f8 800005f8        0     1                 .L0 
800005fa 800005fa        0     1                 .L0 
800005fe 800005fe        0     1                 .L0 
80000608 80000608        0     1                 .L0 
80000614 80000614        0     1                 .L0 
80000618 80000618        0     1                 .L0 
80000626 80000626        0     1                 .L0 
80000628 80000628        0     1                 .L0 
80000632 80000632        0     1                 .L0 
80000634 80000634        0     1                 .L0 
80000638 80000638        0     1                 .L0 
8000063a 8000063a        0     1                 .L0 
80000646 80000646        0     1                 .L0 
8000064a 8000064a        0     1                 .L0 
8000064c 8000064c        0     1                 .L0 
8000064c 8000064c        0     1                 .L0 
80000650 80000650        0     1                 .L0 
80000656 80000656        0     1                 .L0 
8000065a 8000065a        0     1                 .L0 
80000660 80000660        0     1                 .L0 
80000664 80000664        0     1                 .L0 
8000066a 8000066a        0     1                 .L0 
80000690 80000690        0     1                 .L0 
800006a8 800006a8        0     1                 .L0 
800006ae 800006ae        0     1                 .L0 
800006b4 800006b4        0     1                 .L0 
800006b8 800006b8        0     1                 .L0 
800006be 800006be        0     1                 .L0 
800006c2 800006c2        0     1                 .L0 
800006c8 800006c8        0     1                 .L0 
800006cc 800006cc        0     1                 .L0 
800006ce 800006ce        0     1                 .L0 
800006e8 800006e8        0     1                 .L0 
800006e8 800006e8        0     1                 .L0 
800006ee 800006ee        0     1                 .L0 
800006f8 800006f8        0     1                 .L0 
800006fc 800006fc        0     1                 .L0 
80000704 80000704        0     1                 .L0 
8000070c 8000070c        0     1                 .L0 
80000710 80000710        0     1                 .L0 
8000071a 8000071a        0     1                 .L0 
8000072a 8000072a        0     1                 .L0 
80000734 80000734        0     1                 .L0 
80000756 80000756        0     1                 .L0 
8000075a 8000075a        0     1                 .L0 
8000075e 8000075e        0     1                 .L0 
80000762 80000762        0     1                 .L0 
80000772 80000772        0     1                 .L0 
80000780 80000780        0     1                 .L0 
80000784 80000784        0     1                 .L0 
80000790 80000790        0     1                 .L0 
8000079a 8000079a        0     1                 .L0 
800007aa 800007aa        0     1                 .L0 
800007b2 800007b2        0     1                 .L0 
800007ca 800007ca        0     1                 .L0 
800007dc 800007dc        0     1                 .L0 
800007e0 800007e0        0     1                 .L0 
800007e6 800007e6        0     1                 .L0 
800007ea 800007ea        0     1                 .L0 
800007f0 800007f0        0     1                 .L0 
800007f4 800007f4        0     1                 .L0 
800007f8 800007f8        0     1                 .L0 
800007fc 800007fc        0     1                 .L0 
80000800 80000800        0     1                 .L0 
80000804 80000804        0     1                 .L0 
8000080a 8000080a        0     1                 .L0 
8000081e 8000081e        0     1                 .L0 
80000824 80000824        0     1                 .L0 
80000840 80000840        0     1                 .L0 
8000085a 8000085a        0     1                 .L0 
80000868 80000868        0     1                 .L0 
8000088a 8000088a        0     1                 .L0 
800008a8 800008a8        0     1                 .L0 
800008b6 800008b6        0     1                 .L0 
800008c4 800008c4        0     1                 .L0 
800008d2 800008d2        0     1                 .L0 
800008dc 800008dc        0     1                 .L0 
800008fc 800008fc        0     1                 .L0 
80000900 80000900        0     1                 .L0 
80000906 80000906        0     1                 .L0 
80000928 80000928        0     1                 .L0 
8000092e 8000092e        0     1                 .L0 
80000934 80000934        0     1                 .L0 
80000938 80000938        0     1                 .L0 
8000093c 8000093c        0     1                 .L0 
80000956 80000956        0     1                 .L0 
80000958 80000958        0     1                 .L0 
80000966 80000966        0     1                 .L0 
8000096e 8000096e        0     1                 .L0 
80000978 80000978        0     1                 .L0 
80000994 80000994        0     1                 .L0 
8000099c 8000099c        0     1                 .L0 
800009a6 800009a6        0     1                 .L0 
800009c6 800009c6        0     1                 .L0 
800009ce 800009ce        0     1                 .L0 
800009d8 800009d8        0     1                 .L0 
800009fc 800009fc        0     1                 .L0 
80000a02 80000a02        0     1                 .L0 
80000a18 80000a18        0     1                 .L0 
80000a1a 80000a1a        0     1                 .L0 
80000a1e 80000a1e        0     1                 .L0 
80000a22 80000a22        0     1                 .L0 
80000a28 80000a28        0     1                 .L0 
80000a2c 80000a2c        0     1                 .L0 
80000a30 80000a30        0     1                 .L0 
80000a34 80000a34        0     1                 .L0 
80000a3c 80000a3c        0     1                 .L0 
80000a44 80000a44        0     1                 .L0 
80000a4a 80000a4a        0     1                 .L0 
80000a50 80000a50        0     1                 .L0 
80000a58 80000a58        0     1                 .L0 
80000a6a 80000a6a        0     1                 .L0 
80000a84 80000a84        0     1                 .L0 
80000a9a 80000a9a        0     1                 .L0 
80000a9e 80000a9e        0     1                 .L0 
80000ab0 80000ab0        0     1                 .L0 
80000acc 80000acc        0     1                 .L0 
80000ace 80000ace        0     1                 .L0 
80000afe 80000afe        0     1                 .L0 
80000b08 80000b08        0     1                 .L0 
80000b30 80000b30        0     1                 .L0 
80000b40 80000b40        0     1                 .L0 
80000b48 80000b48        0     1                 .L0 
80000b4c 80000b4c        0     1                 .L0 
80000b50 80000b50        0     1                 .L0 
80000b54 80000b54        0     1                 .L0 
80000b56 80000b56        0     1                 .L0 
80000b5a 80000b5a        0     1                 .L0 
80000b5c 80000b5c        0     1                 .L0 
80000b60 80000b60        0     1                 .L0 
80000b64 80000b64        0     1                 .L0 
80000b68 80000b68        0     1                 .L0 
80000b76 80000b76        0     1                 .L0 
80000b7a 80000b7a        0     1                 .L0 
80000b8e 80000b8e        0     1                 .L0 
80000bb8 80000bb8        0     1                 .L0 
80000bba 80000bba        0     1                 .L0 
80000c0a 80000c0a        0     1                 .L0 
80000c14 80000c14        0     1                 .L0 
80000c24 80000c24        0     1                 .L0 
80000c3a 80000c3a        0     1                 .L0 
80000c4a 80000c4a        0     1                 .L0 
80000c6c 80000c6c        0     1                 .L0 
80000c70 80000c70        0     1                 .L0 
80000c74 80000c74        0     1                 .L0 
80000c78 80000c78        0     1                 .L0 
80000c7e 80000c7e        0     1                 .L0 
80000c80 80000c80        0     1                 .L0 
80000c86 80000c86        0     1                 .L0 
80000c8a 80000c8a        0     1                 .L0 
80000c90 80000c90        0     1                 .L0 
80000c92 80000c92        0     1                 .L0 
80000c94 80000c94        0     1                 .L0 
80000c98 80000c98        0     1                 .L0 
80000c9a 80000c9a        0     1                 .L0 
80000cc4 80000cc4        0     1                 .L0 
80000cc6 80000cc6        0     1                 .L0 
80000cca 80000cca        0     1                 .L0 
80000cce 80000cce        0     1                 .L0 
80000cd6 80000cd6        0     1                 .L0 
80000cd6 80000cd6        0     1                 .L0 
80000cd8 80000cd8        0     1                 .L0 
80000cd8 80000cd8        0     1                 .L0 
80000cd8 80000cd8       14     2         /home/kenta/repos/fpga_samples/rtl/displayport/test/sw-rs/target/riscv32imc-unknown-none-elf/release/deps/bootrom_rs-60959512d032345b.bootrom_rs.4f57399457bc23e-cgu.0.rcgu.o:(.text.start_rust)
80000cd8 80000cd8        0     1                 .L0 
80000cd8 80000cd8        0     1                 .L0 
80000cd8 80000cd8        0     1                 $x
80000cd8 80000cd8        0     1                 .L0 
80000cd8 80000cd8       14     1                 start_rust
80000cec 80000cec        0     1                 .L0 
80000cec 80000cec      170     2         /home/kenta/repos/fpga_samples/rtl/displayport/test/sw-rs/target/riscv32imc-unknown-none-elf/release/deps/bootrom_rs-60959512d032345b.bootrom_rs.4f57399457bc23e-cgu.0.rcgu.o:(.text._ZN10bootrom_rs3aux5AuxCh23send_request_wait_reply17h3709c1bad4391ff6E)
80000cec 80000cec      170     1                 bootrom_rs::aux::AuxCh::send_request_wait_reply::h3709c1bad4391ff6
80000cec 80000cec        0     1                 .L0 
80000cec 80000cec        0     1                 .L0 
80000cec 80000cec        0     1                 $x
80000cec 80000cec        0     1                 .L0 
80000cf4 80000cf4        0     1                 .L0 
80000d0c 80000d0c        0     1                 .L0 
80000d14 80000d14        0     1                 .L0 
80000d18 80000d18        0     1                 .L0 
80000d44 80000d44        0     1                 .L0 
80000d48 80000d48        0     1                 .L0 
80000d4a 80000d4a        0     1                 .L0 
80000d54 80000d54        0     1                 .L0 
80000d6c 80000d6c        0     1                 .L0 
80000d70 80000d70        0     1                 .L0 
80000d7e 80000d7e        0     1                 .L0 
80000d82 80000d82        0     1                 .L0 
80000d8a 80000d8a        0     1                 .L0 
80000d8c 80000d8c        0     1                 .L0 
80000d8e 80000d8e        0     1                 .L0 
80000d94 80000d94        0     1                 .L0 
80000d96 80000d96        0     1                 .L0 
80000d9a 80000d9a        0     1                 .L0 
80000da0 80000da0        0     1                 .L0 
80000da6 80000da6        0     1                 .L0 
80000daa 80000daa        0     1                 .L0 
80000db0 80000db0        0     1                 .L0 
80000db4 80000db4        0     1                 .L0 
80000db8 80000db8        0     1                 .L0 
80000dbc 80000dbc        0     1                 .L0 
80000dc0 80000dc0        0     1                 .L0 
80000dc4 80000dc4        0     1                 .L0 
80000dc8 80000dc8        0     1                 .L0 
80000dce 80000dce        0     1                 .L0 
80000dd2 80000dd2        0     1                 .L0 
80000de0 80000de0        0     1                 .L0 
80000de2 80000de2        0     1                 .L0 
80000de6 80000de6        0     1                 .L0 
80000dec 80000dec        0     1                 .L0 
80000dfa 80000dfa        0     1                 .L0 
80000dfc 80000dfc        0     1                 .L0 
80000e02 80000e02        0     1                 .L0 
80000e04 80000e04        0     1                 .L0 
80000e1a 80000e1a        0     1                 .L0 
80000e1c 80000e1c        0     1                 .L0 
80000e1e 80000e1e        0     1                 .L0 
80000e22 80000e22        0     1                 .L0 
80000e2a 80000e2a        0     1                 .L0 
80000e32 80000e32        0     1                 .L0 
80000e38 80000e38        0     1                 .L0 
80000e48 80000e48        0     1                 .L0 
80000e5c 80000e5c        0     1                 .L0 
80000e5c 80000e5c        0     1                 .L0 
80000e5c 80000e5c       38     2         /home/kenta/repos/fpga_samples/rtl/displayport/test/sw-rs/target/riscv32imc-unknown-none-elf/release/deps/bootrom_rs-60959512d032345b.bootrom_rs.4f57399457bc23e-cgu.0.rcgu.o:(.text._ZN10bootrom_rs3aux5AuxCh10send_reply17hdecb0562a1cd2144E)
80000e5c 80000e5c       38     1                 bootrom_rs::aux::AuxCh::send_reply::hdecb0562a1cd2144
80000e5c 80000e5c        0     1                 .L0 
80000e5c 80000e5c        0     1                 .L0 
80000e5c 80000e5c        0     1                 $x
80000e5c 80000e5c        0     1                 .L0 
80000e60 80000e60        0     1                 .L0 
80000e68 80000e68        0     1                 .L0 
80000e6c 80000e6c        0     1                 .L0 
80000e6e 80000e6e        0     1                 .L0 
80000e70 80000e70        0     1                 .L0 
80000e72 80000e72        0     1                 .L0 
80000e74 80000e74        0     1                 .L0 
80000e76 80000e76        0     1                 .L0 
80000e7c 80000e7c        0     1                 .L0 
80000e82 80000e82        0     1                 .L0 
80000e86 80000e86        0     1                 .L0 
80000e8a 80000e8a        0     1                 .L0 
80000e8e 80000e8e        0     1                 .L0 
80000e94 80000e94        0     1                 .L0 
80000e94 80000e94       14     2         /home/kenta/repos/fpga_samples/rtl/displayport/test/sw-rs/target/riscv32imc-unknown-none-elf/release/deps/bootrom_rs-60959512d032345b.bootrom_rs.4f57399457bc23e-cgu.0.rcgu.o:(.text._ZN4core3fmt5Write9write_fmt17h7cb5ffe83edb93f4E)
80000e94 80000e94       14     1                 core::fmt::Write::write_fmt::h7cb5ffe83edb93f4
80000e94 80000e94        0     1                 .L0 
80000e94 80000e94        0     1                 .L0 
80000e94 80000e94        0     1                 $x
80000e94 80000e94        0     1                 .L0 
80000e98 80000e98        0     1                 .L0 
80000ea8 80000ea8        0     1                 .L0 
80000ea8 80000ea8       24     2         /home/kenta/repos/fpga_samples/rtl/displayport/test/sw-rs/target/riscv32imc-unknown-none-elf/release/deps/bootrom_rs-60959512d032345b.bootrom_rs.4f57399457bc23e-cgu.0.rcgu.o:(.text._ZN106_$LT$bootrom_rs..serialout..SerialOut$LT$bootrom_pac..SYSTEM_SERIALOUT$GT$$u20$as$u20$core..fmt..Write$GT$9write_str17h57980ad64c707ebeE)
80000ea8 80000ea8       24     1                 _$LT$bootrom_rs..serialout..SerialOut$LT$bootrom_pac..SYSTEM_SERIALOUT$GT$$u20$as$u20$core..fmt..Write$GT$::write_str::h57980ad64c707ebe
80000ea8 80000ea8        0     1                 .L0 
80000ea8 80000ea8        0     1                 .L0 
80000ea8 80000ea8        0     1                 $x
80000ea8 80000ea8        0     1                 .L0 
80000eaa 80000eaa        0     1                 .L0 
80000eb0 80000eb0        0     1                 .L0 
80000eb2 80000eb2        0     1                 .L0 
80000eb8 80000eb8        0     1                 .L0 
80000ebc 80000ebc        0     1                 .L0 
80000ec0 80000ec0        0     1                 .L0 
80000ec4 80000ec4        0     1                 .L0 
80000ec8 80000ec8        0     1                 .L0 
80000ecc 80000ecc        0     1                 .L0 
80000ecc 80000ecc       a6     2         /home/kenta/repos/fpga_samples/rtl/displayport/test/sw-rs/target/riscv32imc-unknown-none-elf/release/deps/bootrom_rs-60959512d032345b.bootrom_rs.4f57399457bc23e-cgu.0.rcgu.o:(.text._ZN4core3fmt5Write10write_char17h95c2ede3cb06b6b5E)
80000ecc 80000ecc       a6     1                 core::fmt::Write::write_char::h95c2ede3cb06b6b5
80000ecc 80000ecc        0     1                 .L0 
80000ecc 80000ecc        0     1                 .L0 
80000ecc 80000ecc        0     1                 $x
80000ecc 80000ecc        0     1                 .L0 
80000ed4 80000ed4        0     1                 .L0 
80000ed8 80000ed8        0     1                 .L0 
80000edc 80000edc        0     1                 .L0 
80000ee2 80000ee2        0     1                 .L0 
80000ee6 80000ee6        0     1                 .L0 
80000eee 80000eee        0     1                 .L0 
80000ef2 80000ef2        0     1                 .L0 
80000ef4 80000ef4        0     1                 .L0 
80000ef8 80000ef8        0     1                 .L0 
80000f06 80000f06        0     1                 .L0 
80000f0a 80000f0a        0     1                 .L0 
80000f0e 80000f0e        0     1                 .L0 
80000f16 80000f16        0     1                 .L0 
80000f18 80000f18        0     1                 .L0 
80000f1c 80000f1c        0     1                 .L0 
80000f2e 80000f2e        0     1                 .L0 
80000f3e 80000f3e        0     1                 .L0 
80000f4e 80000f4e        0     1                 .L0 
80000f54 80000f54        0     1                 .L0 
80000f56 80000f56        0     1                 .L0 
80000f5c 80000f5c        0     1                 .L0 
80000f60 80000f60        0     1                 .L0 
80000f64 80000f64        0     1                 .L0 
80000f68 80000f68        0     1                 .L0 
80000f6c 80000f6c        0     1                 .L0 
80000f72 80000f72        0     1                 .L0 
80000f72 80000f72      2f4     2         /home/kenta/repos/fpga_samples/rtl/displayport/test/sw-rs/target/riscv32imc-unknown-none-elf/release/deps/bootrom_rs-60959512d032345b.bootrom_rs.4f57399457bc23e-cgu.0.rcgu.o:(.text._RNvXs1i_NtCsddV114GBTEg_4core3fmtReNtB6_7Display3fmtB8_)
80000f72 80000f72      2f4     1                 <&str as core::fmt::Display>::fmt
80000f72 80000f72        0     1                 .L0 
80000f72 80000f72        0     1                 .L0 
80000f72 80000f72        0     1                 $x
80000f72 80000f72        0     1                 .L0 
80000f8e 80000f8e        0     1                 .L0 
80000f92 80000f92        0     1                 .L0 
80000f9e 80000f9e        0     1                 .L0 
80000fa6 80000fa6        0     1                 .L0 
80000fae 80000fae        0     1                 .L0 
80000fb0 80000fb0        0     1                 .L0 
80000fb6 80000fb6        0     1                 .L0 
80000fc6 80000fc6        0     1                 .L0 
80000fce 80000fce        0     1                 .L0 
80000fd6 80000fd6        0     1                 .L0 
80000fda 80000fda        0     1                 .L0 
80000fee 80000fee        0     1                 .L0 
80000ff2 80000ff2        0     1                 .L0 
80000ff6 80000ff6        0     1                 .L0 
80000ff8 80000ff8        0     1                 .L0 
80000ffe 80000ffe        0     1                 .L0 
80001000 80001000        0     1                 .L0 
80001028 80001028        0     1                 .L0 
80001036 80001036        0     1                 .L0 
8000103e 8000103e        0     1                 .L0 
80001046 80001046        0     1                 .L0 
8000104c 8000104c        0     1                 .L0 
80001058 80001058        0     1                 .L0 
80001060 80001060        0     1                 .L0 
80001068 80001068        0     1                 .L0 
8000107c 8000107c        0     1                 .L0 
80001084 80001084        0     1                 .L0 
800010ae 800010ae        0     1                 .L0 
800010bc 800010bc        0     1                 .L0 
800010ca 800010ca        0     1                 .L0 
800010d6 800010d6        0     1                 .L0 
800010de 800010de        0     1                 .L0 
800010e4 800010e4        0     1                 .L0 
800010e8 800010e8        0     1                 .L0 
800010ea 800010ea        0     1                 .L0 
800010f8 800010f8        0     1                 .L0 
80001124 80001124        0     1                 .L0 
80001126 80001126        0     1                 .L0 
80001132 80001132        0     1                 .L0 
80001136 80001136        0     1                 .L0 
80001138 80001138        0     1                 .L0 
8000113a 8000113a        0     1                 .L0 
80001140 80001140        0     1                 .L0 
80001152 80001152        0     1                 .L0 
8000115a 8000115a        0     1                 .L0 
8000115c 8000115c        0     1                 .L0 
80001162 80001162        0     1                 .L0 
80001168 80001168        0     1                 .L0 
8000116c 8000116c        0     1                 .L0 
8000118a 8000118a        0     1                 .L0 
80001192 80001192        0     1                 .L0 
80001196 80001196        0     1                 .L0 
80001198 80001198        0     1                 .L0 
8000119e 8000119e        0     1                 .L0 
800011b2 800011b2        0     1                 .L0 
800011c2 800011c2        0     1                 .L0 
800011ca 800011ca        0     1                 .L0 
800011ce 800011ce        0     1                 .L0 
800011d0 800011d0        0     1                 .L0 
800011d6 800011d6        0     1                 .L0 
800011d8 800011d8        0     1                 .L0 
80001200 80001200        0     1                 .L0 
80001208 80001208        0     1                 .L0 
8000120a 8000120a        0     1                 .L0 
80001218 80001218        0     1                 .L0 
8000121a 8000121a        0     1                 .L0 
8000121c 8000121c        0     1                 .L0 
8000121e 8000121e        0     1                 .L0 
8000122a 8000122a        0     1                 .L0 
80001234 80001234        0     1                 .L0 
80001264 80001264        0     1                 .L0 
80001266 80001266        0     1                 .L0 
80001266 80001266        0     1                 .L0 
80001266 80001266       2e     2         /home/kenta/repos/fpga_samples/rtl/displayport/test/sw-rs/target/riscv32imc-unknown-none-elf/release/deps/bootrom_rs-60959512d032345b.bootrom_rs.4f57399457bc23e-cgu.0.rcgu.o:(.text.unlikely._RNvNtCsddV114GBTEg_4core9panicking9panic_fmt)
80001266 80001266       2e     1                 core::panicking::panic_fmt
80001266 80001266        0     1                 .L0 
80001266 80001266        0     1                 .L0 
80001266 80001266        0     1                 $x
80001266 80001266        0     1                 .L0 
8000127c 8000127c        0     1                 .L0 
80001294 80001294        0     1                 .L0 
80001294 80001294      1d6     2         /home/kenta/repos/fpga_samples/rtl/displayport/test/sw-rs/target/riscv32imc-unknown-none-elf/release/deps/bootrom_rs-60959512d032345b.bootrom_rs.4f57399457bc23e-cgu.0.rcgu.o:(.text._RNvNtCsddV114GBTEg_4core3fmt5write)
80001294 80001294      1d6     1                 core::fmt::write
80001294 80001294        0     1                 .L0 
80001294 80001294        0     1                 .L0 
80001294 80001294        0     1                 $x
80001294 80001294        0     1                 .L0 
800012b4 800012b4        0     1                 .L0 
800012be 800012be        0     1                 .L0 
800012c2 800012c2        0     1                 .L0 
800012de 800012de        0     1                 .L0 
800012e6 800012e6        0     1                 .L0 
800012ea 800012ea        0     1                 .L0 
800012fa 800012fa        0     1                 .L0 
80001304 80001304        0     1                 .L0 
80001306 80001306        0     1                 .L0 
8000130c 8000130c        0     1                 .L0 
80001314 80001314        0     1                 .L0 
80001324 80001324        0     1                 .L0 
80001328 80001328        0     1                 .L0 
8000132a 8000132a        0     1                 .L0 
8000132c 8000132c        0     1                 .L0 
8000133c 8000133c        0     1                 .L0 
8000135a 8000135a        0     1                 .L0 
8000136c 8000136c        0     1                 .L0 
80001378 80001378        0     1                 .L0 
80001382 80001382        0     1                 .L0 
80001390 80001390        0     1                 .L0 
8000139c 8000139c        0     1                 .L0 
8000139e 8000139e        0     1                 .L0 
800013a0 800013a0        0     1                 .L0 
800013a2 800013a2        0     1                 .L0 
800013ae 800013ae        0     1                 .L0 
800013be 800013be        0     1                 .L0 
800013cc 800013cc        0     1                 .L0 
800013da 800013da        0     1                 .L0 
800013de 800013de        0     1                 .L0 
800013e2 800013e2        0     1                 .L0 
800013ea 800013ea        0     1                 .L0 
800013ee 800013ee        0     1                 .L0 
80001402 80001402        0     1                 .L0 
80001408 80001408        0     1                 .L0 
8000140e 8000140e        0     1                 .L0 
80001412 80001412        0     1                 .L0 
80001422 80001422        0     1                 .L0 
80001426 80001426        0     1                 .L0 
8000146a 8000146a        0     1                 .L0 
8000146a 8000146a      1e8     2         /home/kenta/repos/fpga_samples/rtl/displayport/test/sw-rs/target/riscv32imc-unknown-none-elf/release/deps/bootrom_rs-60959512d032345b.bootrom_rs.4f57399457bc23e-cgu.0.rcgu.o:(.text._RNvXs0_NtNtCsddV114GBTEg_4core3fmt8buildersNtB5_10PadAdapterNtB7_5Write9write_str)
8000146a 8000146a      1e8     1                 <core::fmt::builders::PadAdapter as core::fmt::Write>::write_str
8000146a 8000146a        0     1                 .L0 
8000146a 8000146a        0     1                 .L0 
8000146a 8000146a        0     1                 $x
8000146a 8000146a        0     1                 .L0 
800014c8 800014c8        0     1                 .L0 
800014cc 800014cc        0     1                 .L0 
800014d6 800014d6        0     1                 .L0 
800014f4 800014f4        0     1                 .L0 
800014f8 800014f8        0     1                 .L0 
80001500 80001500        0     1                 .L0 
8000150e 8000150e        0     1                 .L0 
80001512 80001512        0     1                 .L0 
80001518 80001518        0     1                 .L0 
8000153a 8000153a        0     1                 .L0 
8000154e 8000154e        0     1                 .L0 
80001562 80001562        0     1                 .L0 
80001568 80001568        0     1                 .L0 
80001584 80001584        0     1                 .L0 
8000159e 8000159e        0     1                 .L0 
800015a2 800015a2        0     1                 .L0 
800015a8 800015a8        0     1                 .L0 
800015c6 800015c6        0     1                 .L0 
800015cc 800015cc        0     1                 .L0 
800015d0 800015d0        0     1                 .L0 
800015de 800015de        0     1                 .L0 
800015e0 800015e0        0     1                 .L0 
8000161c 8000161c        0     1                 .L0 
80001624 80001624        0     1                 .L0 
80001626 80001626        0     1                 .L0 
80001652 80001652        0     1                 .L0 
80001652 80001652       6e     2         /home/kenta/repos/fpga_samples/rtl/displayport/test/sw-rs/target/riscv32imc-unknown-none-elf/release/deps/bootrom_rs-60959512d032345b.bootrom_rs.4f57399457bc23e-cgu.0.rcgu.o:(.text._RNvXs0_NtNtCsddV114GBTEg_4core3fmt8buildersNtB5_10PadAdapterNtB7_5Write10write_char)
80001652 80001652       6e     1                 <core::fmt::builders::PadAdapter as core::fmt::Write>::write_char
80001652 80001652        0     1                 .L0 
80001652 80001652        0     1                 .L0 
80001652 80001652        0     1                 $x
80001652 80001652        0     1                 .L0 
8000168a 8000168a        0     1                 .L0 
800016c0 800016c0        0     1                 .L0 
800016c0 800016c0       14     2         /home/kenta/repos/fpga_samples/rtl/displayport/test/sw-rs/target/riscv32imc-unknown-none-elf/release/deps/bootrom_rs-60959512d032345b.bootrom_rs.4f57399457bc23e-cgu.0.rcgu.o:(.text._RNvYNtNtNtCsddV114GBTEg_4core3fmt8builders10PadAdapterNtB6_5Write9write_fmtB8_)
800016c0 800016c0       14     1                 <core::fmt::builders::PadAdapter as core::fmt::Write>::write_fmt
800016c0 800016c0        0     1                 .L0 
800016c0 800016c0        0     1                 .L0 
800016c0 800016c0        0     1                 $x
800016c0 800016c0        0     1                 .L0 
800016c4 800016c4        0     1                 .L0 
800016d4 800016d4        0     1                 .L0 
800016d4 800016d4      224     2         /home/kenta/repos/fpga_samples/rtl/displayport/test/sw-rs/target/riscv32imc-unknown-none-elf/release/deps/bootrom_rs-60959512d032345b.bootrom_rs.4f57399457bc23e-cgu.0.rcgu.o:(.text._RNvMsa_NtCsddV114GBTEg_4core3fmtNtB5_9Formatter12pad_integral)
800016d4 800016d4      224     1                 <core::fmt::Formatter>::pad_integral
800016d4 800016d4        0     1                 .L0 
800016d4 800016d4        0     1                 .L0 
800016d4 800016d4        0     1                 $x
800016d4 800016d4        0     1                 .L0 
8000173c 8000173c        0     1                 .L0 
80001768 80001768        0     1                 .L0 
80001778 80001778        0     1                 .L0 
80001780 80001780        0     1                 .L0 
8000179c 8000179c        0     1                 .L0 
800017a4 800017a4        0     1                 .L0 
800017aa 800017aa        0     1                 .L0 
800017b4 800017b4        0     1                 .L0 
800017ca 800017ca        0     1                 .L0 
800017d2 800017d2        0     1                 .L0 
80001802 80001802        0     1                 .L0 
8000180a 8000180a        0     1                 .L0 
8000180e 8000180e        0     1                 .L0 
80001810 80001810        0     1                 .L0 
80001820 80001820        0     1                 .L0 
80001824 80001824        0     1                 .L0 
8000182e 8000182e        0     1                 .L0 
8000183e 8000183e        0     1                 .L0 
8000186c 8000186c        0     1                 .L0 
80001874 80001874        0     1                 .L0 
80001878 80001878        0     1                 .L0 
8000187a 8000187a        0     1                 .L0 
80001880 80001880        0     1                 .L0 
80001884 80001884        0     1                 .L0 
8000189a 8000189a        0     1                 .L0 
800018aa 800018aa        0     1                 .L0 
800018be 800018be        0     1                 .L0 
800018c6 800018c6        0     1                 .L0 
800018ca 800018ca        0     1                 .L0 
800018cc 800018cc        0     1                 .L0 
800018d2 800018d2        0     1                 .L0 
800018f8 800018f8        0     1                 .L0 
800018f8 800018f8       60     2         /home/kenta/repos/fpga_samples/rtl/displayport/test/sw-rs/target/riscv32imc-unknown-none-elf/release/deps/bootrom_rs-60959512d032345b.bootrom_rs.4f57399457bc23e-cgu.0.rcgu.o:(.text._RNvNvMsa_NtCsddV114GBTEg_4core3fmtNtB7_9Formatter12pad_integral12write_prefix)
800018f8 800018f8       60     1                 <core::fmt::Formatter>::pad_integral::write_prefix
800018f8 800018f8        0     1                 .L0 
800018f8 800018f8        0     1                 .L0 
800018f8 800018f8        0     1                 $x
800018f8 800018f8        0     1                 .L0 
80001924 80001924        0     1                 .L0 
80001958 80001958        0     1                 .L0 
80001958 80001958       10     2         /home/kenta/repos/fpga_samples/rtl/displayport/test/sw-rs/target/riscv32imc-unknown-none-elf/release/deps/bootrom_rs-60959512d032345b.bootrom_rs.4f57399457bc23e-cgu.0.rcgu.o:(.text.unlikely._RNvNtCsddV114GBTEg_4core6option13unwrap_failed)
80001958 80001958       10     1                 core::option::unwrap_failed
80001958 80001958        0     1                 .L0 
80001958 80001958        0     1                 .L0 
80001958 80001958        0     1                 $x
80001958 80001958        0     1                 .L0 
80001968 80001968        0     1                 .L0 
80001968 80001968       24     2         /home/kenta/repos/fpga_samples/rtl/displayport/test/sw-rs/target/riscv32imc-unknown-none-elf/release/deps/bootrom_rs-60959512d032345b.bootrom_rs.4f57399457bc23e-cgu.0.rcgu.o:(.text.unlikely._RNvNtCsddV114GBTEg_4core9panicking5panic)
80001968 80001968       24     1                 core::panicking::panic
80001968 80001968        0     1                 .L0 
80001968 80001968        0     1                 .L0 
80001968 80001968        0     1                 $x
80001968 80001968        0     1                 .L0 
8000198c 8000198c        0     1                 .L0 
8000198c 8000198c       42     2         /home/kenta/repos/fpga_samples/rtl/displayport/test/sw-rs/target/riscv32imc-unknown-none-elf/release/deps/bootrom_rs-60959512d032345b.bootrom_rs.4f57399457bc23e-cgu.0.rcgu.o:(.text.unlikely._RNvNtCsddV114GBTEg_4core9panicking18panic_bounds_check)
8000198c 8000198c       42     1                 core::panicking::panic_bounds_check
8000198c 8000198c        0     1                 .L0 
8000198c 8000198c        0     1                 .L0 
8000198c 8000198c        0     1                 $x
8000198c 8000198c        0     1                 .L0 
800019ce 800019ce        0     1                 .L0 
800019ce 800019ce      16a     2         /home/kenta/repos/fpga_samples/rtl/displayport/test/sw-rs/target/riscv32imc-unknown-none-elf/release/deps/bootrom_rs-60959512d032345b.bootrom_rs.4f57399457bc23e-cgu.0.rcgu.o:(.text._RNvXs8_NtNtNtCsddV114GBTEg_4core3fmt3num3impmNtB9_7Display3fmt)
800019ce 800019ce      16a     1                 <u32 as core::fmt::Display>::fmt
800019ce 800019ce        0     1                 .L0 
800019ce 800019ce        0     1                 .L0 
800019ce 800019ce        0     1                 $x
800019ce 800019ce        0     1                 .L0 
800019f8 800019f8        0     1                 .L0 
80001a82 80001a82        0     1                 .L0 
80001a86 80001a86        0     1                 .L0 
80001a8a 80001a8a        0     1                 .L0 
80001a8e 80001a8e        0     1                 .L0 
80001ae4 80001ae4        0     1                 .L0 
80001ae8 80001ae8        0     1                 .L0 
80001b04 80001b04        0     1                 .L0 
80001b0e 80001b0e        0     1                 .L0 
80001b10 80001b10        0     1                 .L0 
80001b38 80001b38        0     1                 .L0 
80001b38 80001b38       5c     2         /home/kenta/repos/fpga_samples/rtl/displayport/test/sw-rs/target/riscv32imc-unknown-none-elf/release/deps/bootrom_rs-60959512d032345b.bootrom_rs.4f57399457bc23e-cgu.0.rcgu.o:(.text._RNvXsw_NtNtCsddV114GBTEg_4core3fmt3nummNtB7_8UpperHex3fmt)
80001b38 80001b38       5c     1                 <u32 as core::fmt::UpperHex>::fmt
80001b38 80001b38        0     1                 .L0 
80001b38 80001b38        0     1                 .L0 
80001b38 80001b38        0     1                 $x
80001b38 80001b38        0     1                 .L0 
80001b66 80001b66        0     1                 .L0 
80001b76 80001b76        0     1                 .L0 
80001b94 80001b94        0     1                 .L0 
80001b94 80001b94        8     2         /home/kenta/.rustup/toolchains/stable-x86_64-unknown-linux-gnu/lib/rustlib/riscv32imc-unknown-none-elf/lib/libcompiler_builtins-06f5cc7eb10af0bc.rlib(compiler_builtins-06f5cc7eb10af0bc.compiler_builtins.67690aa3454e5eb8-cgu.186.rcgu.o):(.text.memcpy)
80001b94 80001b94        0     1                 .L0 
80001b94 80001b94        0     1                 .L0 
80001b94 80001b94        0     1                 $x
80001b94 80001b94        0     1                 .L0 
80001b94 80001b94        8     1                 memcpy
80001b9c 80001b9c      188     2         /home/kenta/.rustup/toolchains/stable-x86_64-unknown-linux-gnu/lib/rustlib/riscv32imc-unknown-none-elf/lib/libcompiler_builtins-06f5cc7eb10af0bc.rlib(compiler_builtins-06f5cc7eb10af0bc.compiler_builtins.67690aa3454e5eb8-cgu.014.rcgu.o):(.text._RNvNtCs8SrWuf8EPoW_17compiler_builtins3mem6memcpy)
80001b9c 80001b9c        0     1                 .L0 
80001b9c 80001b9c        0     1                 .L0 
80001b9c 80001b9c        0     1                 $x
80001b9c 80001b9c        0     1                 .L0 
80001b9c 80001b9c      188     1                 compiler_builtins::mem::memcpy
80001ba0 80001ba0        0     1                 .L0 
80001ba4 80001ba4        0     1                 .L0 
80001bac 80001bac        0     1                 .L0 
80001bc4 80001bc4        0     1                 .L0 
80001bc6 80001bc6        0     1                 .L0 
80001bca 80001bca        0     1                 .L0 
80001bde 80001bde        0     1                 .L0 
80001bea 80001bea        0     1                 .L0 
80001bec 80001bec        0     1                 .L0 
80001bf2 80001bf2        0     1                 .L0 
80001bf4 80001bf4        0     1                 .L0 
80001bf8 80001bf8        0     1                 .L0 
80001c0c 80001c0c        0     1                 .L0 
80001c16 80001c16        0     1                 .L0 
80001c18 80001c18        0     1                 .L0 
80001c1c 80001c1c        0     1                 .L0 
80001c24 80001c24        0     1                 .L0 
80001c26 80001c26        0     1                 .L0 
80001c2e 80001c2e        0     1                 .L0 
80001c32 80001c32        0     1                 .L0 
80001c36 80001c36        0     1                 .L0 
80001c3a 80001c3a        0     1                 .L0 
80001c40 80001c40        0     1                 .L0 
80001c42 80001c42        0     1                 .L0 
80001c46 80001c46        0     1                 .L0 
80001c4a 80001c4a        0     1                 .L0 
80001c54 80001c54        0     1                 .L0 
80001c5e 80001c5e        0     1                 .L0 
80001c64 80001c64        0     1                 .L0 
80001c6c 80001c6c        0     1                 .L0 
80001c72 80001c72        0     1                 .L0 
80001c74 80001c74        0     1                 .L0 
80001c78 80001c78        0     1                 .L0 
80001c7c 80001c7c        0     1                 .L0 
80001c96 80001c96        0     1                 .L0 
80001cae 80001cae        0     1                 .L0 
80001cb8 80001cb8        0     1                 .L0 
80001cdc 80001cdc        0     1                 .L0 
80001ce2 80001ce2        0     1                 .L0 
80001cfa 80001cfa        0     1                 .L0 
80001d02 80001d02        0     1                 .L0 
80001d06 80001d06        0     1                 .L0 
80001d14 80001d14        0     1                 .L0 
80001d16 80001d16        0     1                 .L0 
80001d1a 80001d1a        0     1                 .L0 
80001d24 80001d24        0     1                 .L0 
80001d24 80001d24        0     1                 .L0 
80001d24 80001d24       6c     2         /home/kenta/.rustup/toolchains/stable-x86_64-unknown-linux-gnu/lib/rustlib/riscv32imc-unknown-none-elf/lib/libcompiler_builtins-06f5cc7eb10af0bc.rlib(compiler_builtins-06f5cc7eb10af0bc.compiler_builtins.67690aa3454e5eb8-cgu.233.rcgu.o):(.text.memset)
80001d24 80001d24        0     1                 .L0 
80001d24 80001d24        0     1                 .L0 
80001d24 80001d24        0     1                 $x
80001d24 80001d24        0     1                 .L0 
80001d24 80001d24       6c     1                 memset
80001d2a 80001d2a        0     1                 .L0 
80001d32 80001d32        0     1                 .L0 
80001d44 80001d44        0     1                 .L0 
80001d50 80001d50        0     1                 .L0 
80001d68 80001d68        0     1                 .L0 
80001d7e 80001d7e        0     1                 .L0 
80001d90 80001d90        0     1         . = ALIGN(4)
80001d90 80001d90      3ac     4 .rodata
80001d90 80001d90        0     1         . = ALIGN(4)
80001d90 80001d90       28     4         /home/kenta/repos/fpga_samples/rtl/displayport/test/sw-rs/target/riscv32imc-unknown-none-elf/release/deps/bootrom_rs-60959512d032345b.bootrom_rs.4f57399457bc23e-cgu.0.rcgu.o:(.rodata.main)
80001d90 80001d90        0     1                 .LJTI9_0
80001d90 80001d90        0     1                 $d
80001db8 80001db8       ca     1         <internal>:(.rodata.str1.1)
80001e82 80001e82       15     1         /home/kenta/repos/fpga_samples/rtl/displayport/test/sw-rs/target/riscv32imc-unknown-none-elf/release/deps/bootrom_rs-60959512d032345b.bootrom_rs.4f57399457bc23e-cgu.0.rcgu.o:(.rodata..Lanon.ebbc4afdba37f6c2c4e2bbb6a9255259.1)
80001e82 80001e82       15     1                 .Lanon.ebbc4afdba37f6c2c4e2bbb6a9255259.1
80001e82 80001e82        0     1                 $d
80001e97 80001e97       36     1         /home/kenta/repos/fpga_samples/rtl/displayport/test/sw-rs/target/riscv32imc-unknown-none-elf/release/deps/bootrom_rs-60959512d032345b.bootrom_rs.4f57399457bc23e-cgu.0.rcgu.o:(.rodata..Lanon.ebbc4afdba37f6c2c4e2bbb6a9255259.2)
80001e97 80001e97       36     1                 .Lanon.ebbc4afdba37f6c2c4e2bbb6a9255259.2
80001e97 80001e97        0     1                 $d
80001ecd 80001ecd       15     1         /home/kenta/repos/fpga_samples/rtl/displayport/test/sw-rs/target/riscv32imc-unknown-none-elf/release/deps/bootrom_rs-60959512d032345b.bootrom_rs.4f57399457bc23e-cgu.0.rcgu.o:(.rodata..Lanon.ebbc4afdba37f6c2c4e2bbb6a9255259.3)
80001ecd 80001ecd       15     1                 .Lanon.ebbc4afdba37f6c2c4e2bbb6a9255259.3
80001ecd 80001ecd        0     1                 $d
80001ee2 80001ee2       17     1         /home/kenta/repos/fpga_samples/rtl/displayport/test/sw-rs/target/riscv32imc-unknown-none-elf/release/deps/bootrom_rs-60959512d032345b.bootrom_rs.4f57399457bc23e-cgu.0.rcgu.o:(.rodata..Lanon.ebbc4afdba37f6c2c4e2bbb6a9255259.4)
80001ee2 80001ee2       17     1                 .Lanon.ebbc4afdba37f6c2c4e2bbb6a9255259.4
80001ee2 80001ee2        0     1                 $d
80001ef9 80001ef9       1a     1         /home/kenta/repos/fpga_samples/rtl/displayport/test/sw-rs/target/riscv32imc-unknown-none-elf/release/deps/bootrom_rs-60959512d032345b.bootrom_rs.4f57399457bc23e-cgu.0.rcgu.o:(.rodata..Lanon.ebbc4afdba37f6c2c4e2bbb6a9255259.6)
80001ef9 80001ef9       1a     1                 .Lanon.ebbc4afdba37f6c2c4e2bbb6a9255259.6
80001ef9 80001ef9        0     1                 $d
80001f13 80001f13       1c     1         /home/kenta/repos/fpga_samples/rtl/displayport/test/sw-rs/target/riscv32imc-unknown-none-elf/release/deps/bootrom_rs-60959512d032345b.bootrom_rs.4f57399457bc23e-cgu.0.rcgu.o:(.rodata..Lanon.ebbc4afdba37f6c2c4e2bbb6a9255259.8)
80001f13 80001f13       1c     1                 .Lanon.ebbc4afdba37f6c2c4e2bbb6a9255259.8
80001f13 80001f13        0     1                 $d
80001f2f 80001f2f       18     1         <internal>:(.rodata.cst8)
80001f47 80001f47        9     1         /home/kenta/repos/fpga_samples/rtl/displayport/test/sw-rs/target/riscv32imc-unknown-none-elf/release/deps/bootrom_rs-60959512d032345b.bootrom_rs.4f57399457bc23e-cgu.0.rcgu.o:(.rodata..Lanon.ebbc4afdba37f6c2c4e2bbb6a9255259.13)
80001f47 80001f47        9     1                 .Lanon.ebbc4afdba37f6c2c4e2bbb6a9255259.13
80001f47 80001f47        0     1                 $d
80001f50 80001f50        6     1         /home/kenta/repos/fpga_samples/rtl/displayport/test/sw-rs/target/riscv32imc-unknown-none-elf/release/deps/bootrom_rs-60959512d032345b.bootrom_rs.4f57399457bc23e-cgu.0.rcgu.o:(.rodata..Lanon.ebbc4afdba37f6c2c4e2bbb6a9255259.15)
80001f50 80001f50        6     1                 .Lanon.ebbc4afdba37f6c2c4e2bbb6a9255259.15
80001f50 80001f50        0     1                 $d
80001f58 80001f58       10     4         /home/kenta/repos/fpga_samples/rtl/displayport/test/sw-rs/target/riscv32imc-unknown-none-elf/release/deps/bootrom_rs-60959512d032345b.bootrom_rs.4f57399457bc23e-cgu.0.rcgu.o:(.rodata..Lanon.ebbc4afdba37f6c2c4e2bbb6a9255259.17)
80001f58 80001f58       10     1                 .Lanon.ebbc4afdba37f6c2c4e2bbb6a9255259.17
80001f58 80001f58        0     1                 $d
80001f68 80001f68       1b     1         /home/kenta/repos/fpga_samples/rtl/displayport/test/sw-rs/target/riscv32imc-unknown-none-elf/release/deps/bootrom_rs-60959512d032345b.bootrom_rs.4f57399457bc23e-cgu.0.rcgu.o:(.rodata..Lanon.ebbc4afdba37f6c2c4e2bbb6a9255259.19)
80001f68 80001f68       1b     1                 .Lanon.ebbc4afdba37f6c2c4e2bbb6a9255259.19
80001f68 80001f68        0     1                 $d
80001f84 80001f84       10     4         /home/kenta/repos/fpga_samples/rtl/displayport/test/sw-rs/target/riscv32imc-unknown-none-elf/release/deps/bootrom_rs-60959512d032345b.bootrom_rs.4f57399457bc23e-cgu.0.rcgu.o:(.rodata..Lanon.ed059f149e7456045ba4f0dde85cc2f7.1)
80001f84 80001f84       10     1                 .Lanon.ed059f149e7456045ba4f0dde85cc2f7.1
80001f84 80001f84        0     1                 $d
80001f94 80001f94       10     4         /home/kenta/repos/fpga_samples/rtl/displayport/test/sw-rs/target/riscv32imc-unknown-none-elf/release/deps/bootrom_rs-60959512d032345b.bootrom_rs.4f57399457bc23e-cgu.0.rcgu.o:(.rodata..Lanon.ed059f149e7456045ba4f0dde85cc2f7.2)
80001f94 80001f94       10     1                 .Lanon.ed059f149e7456045ba4f0dde85cc2f7.2
80001f94 80001f94        0     1                 $d
80001fa4 80001fa4       30     1         <internal>:(.rodata.cst16)
80001fd4 80001fd4       18     4         /home/kenta/repos/fpga_samples/rtl/displayport/test/sw-rs/target/riscv32imc-unknown-none-elf/release/deps/bootrom_rs-60959512d032345b.bootrom_rs.4f57399457bc23e-cgu.0.rcgu.o:(.rodata..Lanon.ed059f149e7456045ba4f0dde85cc2f7.6)
80001fd4 80001fd4       18     1                 .Lanon.ed059f149e7456045ba4f0dde85cc2f7.6
80001fd4 80001fd4        0     1                 $d
80001fec 80001fec        2     1         /home/kenta/repos/fpga_samples/rtl/displayport/test/sw-rs/target/riscv32imc-unknown-none-elf/release/deps/bootrom_rs-60959512d032345b.bootrom_rs.4f57399457bc23e-cgu.0.rcgu.o:(.rodata..Lanon.923384997e615e59193c02823937d1cb.35)
80001fec 80001fec        2     1                 .Lanon.923384997e615e59193c02823937d1cb.35
80001fec 80001fec        0     1                 $d
80001fee 80001fee        2     1         /home/kenta/repos/fpga_samples/rtl/displayport/test/sw-rs/target/riscv32imc-unknown-none-elf/release/deps/bootrom_rs-60959512d032345b.bootrom_rs.4f57399457bc23e-cgu.0.rcgu.o:(.rodata..Lanon.923384997e615e59193c02823937d1cb.38)
80001fee 80001fee        2     1                 .Lanon.923384997e615e59193c02823937d1cb.38
80001fee 80001fee        0     1                 $d
80001ff0 80001ff0        1     1         /home/kenta/repos/fpga_samples/rtl/displayport/test/sw-rs/target/riscv32imc-unknown-none-elf/release/deps/bootrom_rs-60959512d032345b.bootrom_rs.4f57399457bc23e-cgu.0.rcgu.o:(.rodata..Lanon.923384997e615e59193c02823937d1cb.41)
80001ff0 80001ff0        1     1                 .Lanon.923384997e615e59193c02823937d1cb.41
80001ff0 80001ff0        0     1                 $d
80001ff1 80001ff1        1     1         /home/kenta/repos/fpga_samples/rtl/displayport/test/sw-rs/target/riscv32imc-unknown-none-elf/release/deps/bootrom_rs-60959512d032345b.bootrom_rs.4f57399457bc23e-cgu.0.rcgu.o:(.rodata..Lanon.923384997e615e59193c02823937d1cb.63)
80001ff1 80001ff1        1     1                 .Lanon.923384997e615e59193c02823937d1cb.63
80001ff1 80001ff1        0     1                 $d
80001ff4 80001ff4       18     4         /home/kenta/repos/fpga_samples/rtl/displayport/test/sw-rs/target/riscv32imc-unknown-none-elf/release/deps/bootrom_rs-60959512d032345b.bootrom_rs.4f57399457bc23e-cgu.0.rcgu.o:(.rodata..Lanon.923384997e615e59193c02823937d1cb.98)
80001ff4 80001ff4       18     1                 .Lanon.923384997e615e59193c02823937d1cb.98
80001ff4 80001ff4        0     1                 $d
8000200c 8000200c       2b     1         /home/kenta/repos/fpga_samples/rtl/displayport/test/sw-rs/target/riscv32imc-unknown-none-elf/release/deps/bootrom_rs-60959512d032345b.bootrom_rs.4f57399457bc23e-cgu.0.rcgu.o:(.rodata..Lanon.923384997e615e59193c02823937d1cb.128)
8000200c 8000200c       2b     1                 .Lanon.923384997e615e59193c02823937d1cb.128
8000200c 8000200c        0     1                 $d
80002037 80002037       c8     1         /home/kenta/repos/fpga_samples/rtl/displayport/test/sw-rs/target/riscv32imc-unknown-none-elf/release/deps/bootrom_rs-60959512d032345b.bootrom_rs.4f57399457bc23e-cgu.0.rcgu.o:(.rodata..Lanon.923384997e615e59193c02823937d1cb.145)
80002037 80002037       c8     1                 .Lanon.923384997e615e59193c02823937d1cb.145
80002037 80002037        0     1                 $d
800020ff 800020ff        1     1         /home/kenta/repos/fpga_samples/rtl/displayport/test/sw-rs/target/riscv32imc-unknown-none-elf/release/deps/bootrom_rs-60959512d032345b.bootrom_rs.4f57399457bc23e-cgu.0.rcgu.o:(.rodata..Lanon.923384997e615e59193c02823937d1cb.149)
800020ff 800020ff        1     1                 .Lanon.923384997e615e59193c02823937d1cb.149
800020ff 800020ff        0     1                 $d
80002100 80002100        4     1         <internal>:(.rodata.cst4)
80002104 80002104        2     1         /home/kenta/repos/fpga_samples/rtl/displayport/test/sw-rs/target/riscv32imc-unknown-none-elf/release/deps/bootrom_rs-60959512d032345b.bootrom_rs.4f57399457bc23e-cgu.0.rcgu.o:(.rodata..Lanon.923384997e615e59193c02823937d1cb.343)
80002104 80002104        2     1                 .Lanon.923384997e615e59193c02823937d1cb.343
80002104 80002104        0     1                 $d
80002106 80002106        c     1         /home/kenta/repos/fpga_samples/rtl/displayport/test/sw-rs/target/riscv32imc-unknown-none-elf/release/deps/bootrom_rs-60959512d032345b.bootrom_rs.4f57399457bc23e-cgu.0.rcgu.o:(.rodata..Lanon.923384997e615e59193c02823937d1cb.381)
80002106 80002106        c     1                 .Lanon.923384997e615e59193c02823937d1cb.381
80002106 80002106        0     1                 $d
80002112 80002112        2     1         /home/kenta/repos/fpga_samples/rtl/displayport/test/sw-rs/target/riscv32imc-unknown-none-elf/release/deps/bootrom_rs-60959512d032345b.bootrom_rs.4f57399457bc23e-cgu.0.rcgu.o:(.rodata..Lanon.923384997e615e59193c02823937d1cb.382)
80002112 80002112        2     1                 .Lanon.923384997e615e59193c02823937d1cb.382
80002112 80002112        0     1                 $d
80002114 80002114       14     4         /home/kenta/repos/fpga_samples/rtl/displayport/test/sw-rs/target/riscv32imc-unknown-none-elf/release/deps/bootrom_rs-60959512d032345b.bootrom_rs.4f57399457bc23e-cgu.0.rcgu.o:(.rodata..Lswitch.table._ZN69_$LT$bootrom_rs..link_training..Error$u20$as$u20$core..fmt..Debug$GT$3fmt17h016f36847aff5422E)
80002114 80002114       14     1                 .Lswitch.table._ZN69_$LT$bootrom_rs..link_training..Error$u20$as$u20$core..fmt..Debug$GT$3fmt17h016f36847aff5422E
80002114 80002114        0     1                 $d
80002128 80002128       14     4         /home/kenta/repos/fpga_samples/rtl/displayport/test/sw-rs/target/riscv32imc-unknown-none-elf/release/deps/bootrom_rs-60959512d032345b.bootrom_rs.4f57399457bc23e-cgu.0.rcgu.o:(.rodata..Lswitch.table._ZN69_$LT$bootrom_rs..link_training..Error$u20$as$u20$core..fmt..Debug$GT$3fmt17h016f36847aff5422E.56)
80002128 80002128       14     1                 .Lswitch.table._ZN69_$LT$bootrom_rs..link_training..Error$u20$as$u20$core..fmt..Debug$GT$3fmt17h016f36847aff5422E.56
80002128 80002128        0     1                 $d
8000213c 8000213c        0     1         . = ALIGN(4)
20000000 20000000        0     1 .data
20000000 20000000        0     1         PROVIDE(_data_start = .)
20000000 20000000        0     1         PROVIDE(_data_rom_start = LOADADDR(.data))
20000000 20000000        0     1         . = ALIGN(4)
20000000 20000000        0     1         . = ALIGN(4)
20000000 20000000        0     1         PROVIDE(_data_end = .)
20000000 20000000        4     1 .bss
20000000 20000000        0     1         PROVIDE(_bss_start = .)
20000000 20000000        3     1         /home/kenta/repos/fpga_samples/rtl/displayport/test/sw-rs/target/riscv32imc-unknown-none-elf/release/deps/bootrom_rs-60959512d032345b.bootrom_rs.4f57399457bc23e-cgu.0.rcgu.o:(.bss..L_MergedGlobals)
20000000 20000000        3     1                 .L_MergedGlobals
20000000 20000000        0     1                 $d
20000000 20000000        1     1                 bootrom_rs::SERIAL_OUT::hd9ed7271b5386d4a
20000001 20000001        1     1                 bootrom_rs::SYSTEM::he7d9ef978c93d840 (.0)
20000002 20000002        1     1                 DEVICE_PERIPHERALS
20000003 20000003        1     1         . = ALIGN(4)
20000004 20000004        0     1         PROVIDE(_bss_end = .)
20000004 20000004        0     1 PROVIDE(ramend = ORIGIN(dmem) + LENGTH(dmem))
       0        0     1e41     1 .debug_loc
       0        0     1e41     1         /home/kenta/repos/fpga_samples/rtl/displayport/test/sw-rs/target/riscv32imc-unknown-none-elf/release/deps/bootrom_rs-60959512d032345b.bootrom_rs.4f57399457bc23e-cgu.0.rcgu.o:(.debug_loc)
       0        0        0     1                 .L0 
       0        0        0     1                 $d
      29       29        0     1                 .L0 
      52       52        0     1                 .L0 
      7b       7b        0     1                 .L0 
      bb       bb        0     1                 .L0 
      d7       d7        0     1                 .L0 
      f7       f7        0     1                 .L0 
     117      117        0     1                 .L0 
     132      132        0     1                 .L0 
     14d      14d        0     1                 .L0 
     168      168        0     1                 .L0 
     191      191        0     1                 .L0 
     1c5      1c5        0     1                 .L0 
     1e5      1e5        0     1                 .L0 
     200      200        0     1                 .L0 
     225      225        0     1                 .L0 
     264      264        0     1                 .L0 
     28a      28a        0     1                 .L0 
     2aa      2aa        0     1                 .L0 
     2d0      2d0        0     1                 .L0 
     2eb      2eb        0     1                 .L0 
     314      314        0     1                 .L0 
     33d      33d        0     1                 .L0 
     366      366        0     1                 .L0 
     38f      38f        0     1                 .L0 
     3aa      3aa        0     1                 .L0 
     3c5      3c5        0     1                 .L0 
     3e0      3e0        0     1                 .L0 
     3fb      3fb        0     1                 .L0 
     416      416        0     1                 .L0 
     431      431        0     1                 .L0 
     44e      44e        0     1                 .L0 
     492      492        0     1                 .L0 
     4c9      4c9        0     1                 .L0 
     505      505        0     1                 .L0 
     520      520        0     1                 .L0 
     54a      54a        0     1                 .L0 
     574      574        0     1                 .L0 
     59e      59e        0     1                 .L0 
     5c4      5c4        0     1                 .L0 
     5ea      5ea        0     1                 .L0 
     610      610        0     1                 .L0 
     64f      64f        0     1                 .L0 
     673      673        0     1                 .L0 
     6af      6af        0     1                 .L0 
     6d5      6d5        0     1                 .L0 
     719      719        0     1                 .L0 
     755      755        0     1                 .L0 
     77f      77f        0     1                 .L0 
     7a7      7a7        0     1                 .L0 
     7c2      7c2        0     1                 .L0 
     7f6      7f6        0     1                 .L0 
     818      818        0     1                 .L0 
     839      839        0     1                 .L0 
     855      855        0     1                 .L0 
     871      871        0     1                 .L0 
     892      892        0     1                 .L0 
     8ae      8ae        0     1                 .L0 
     8cf      8cf        0     1                 .L0 
     8eb      8eb        0     1                 .L0 
     90c      90c        0     1                 .L0 
     92d      92d        0     1                 .L0 
     949      949        0     1                 .L0 
     96a      96a        0     1                 .L0 
     986      986        0     1                 .L0 
     9a9      9a9        0     1                 .L0 
     9c8      9c8        0     1                 .L0 
     9eb      9eb        0     1                 .L0 
     a0a      a0a        0     1                 .L0 
     a2c      a2c        0     1                 .L0 
     a4d      a4d        0     1                 .L0 
     a69      a69        0     1                 .L0 
     a85      a85        0     1                 .L0 
     aa6      aa6        0     1                 .L0 
     ac2      ac2        0     1                 .L0 
     ae3      ae3        0     1                 .L0 
     aff      aff        0     1                 .L0 
     b20      b20        0     1                 .L0 
     b41      b41        0     1                 .L0 
     b5d      b5d        0     1                 .L0 
     b7e      b7e        0     1                 .L0 
     b9a      b9a        0     1                 .L0 
     bc4      bc4        0     1                 .L0 
     bf5      bf5        0     1                 .L0 
     c34      c34        0     1                 .L0 
     c67      c67        0     1                 .L0 
     c9a      c9a        0     1                 .L0 
     cd6      cd6        0     1                 .L0 
     cf7      cf7        0     1                 .L0 
     d14      d14        0     1                 .L0 
     d38      d38        0     1                 .L0 
     d53      d53        0     1                 .L0 
     d77      d77        0     1                 .L0 
     da8      da8        0     1                 .L0 
     dd8      dd8        0     1                 .L0 
     df3      df3        0     1                 .L0 
     e0e      e0e        0     1                 .L0 
     e30      e30        0     1                 .L0 
     e51      e51        0     1                 .L0 
     e6d      e6d        0     1                 .L0 
     e89      e89        0     1                 .L0 
     eaa      eaa        0     1                 .L0 
     ec6      ec6        0     1                 .L0 
     ee7      ee7        0     1                 .L0 
     f03      f03        0     1                 .L0 
     f24      f24        0     1                 .L0 
     f45      f45        0     1                 .L0 
     f61      f61        0     1                 .L0 
     f82      f82        0     1                 .L0 
     f9e      f9e        0     1                 .L0 
     fc2      fc2        0     1                 .L0 
    1002     1002        0     1                 .L0 
    104a     104a        0     1                 .L0 
    107e     107e        0     1                 .L0 
    110d     110d        0     1                 .L0 
    1169     1169        0     1                 .L0 
    1198     1198        0     1                 .L0 
    11c9     11c9        0     1                 .L0 
    11e5     11e5        0     1                 .L0 
    1200     1200        0     1                 .L0 
    121b     121b        0     1                 .L0 
    123b     123b        0     1                 .L0 
    125b     125b        0     1                 .L0 
    1279     1279        0     1                 .L0 
    1296     1296        0     1                 .L0 
    12b6     12b6        0     1                 .L0 
    12d8     12d8        0     1                 .L0 
    12fa     12fa        0     1                 .L0 
    1315     1315        0     1                 .L0 
    1332     1332        0     1                 .L0 
    1352     1352        0     1                 .L0 
    137c     137c        0     1                 .L0 
    1397     1397        0     1                 .L0 
    13b7     13b7        0     1                 .L0 
    13d7     13d7        0     1                 .L0 
    13f4     13f4        0     1                 .L0 
    1416     1416        0     1                 .L0 
    1433     1433        0     1                 .L0 
    1466     1466        0     1                 .L0 
    1495     1495        0     1                 .L0 
    14f1     14f1        0     1                 .L0 
    1528     1528        0     1                 .L0 
    1584     1584        0     1                 .L0 
    159f     159f        0     1                 .L0 
    15c5     15c5        0     1                 .L0 
    162a     162a        0     1                 .L0 
    1657     1657        0     1                 .L0 
    169d     169d        0     1                 .L0 
    173d     173d        0     1                 .L0 
    175d     175d        0     1                 .L0 
    178a     178a        0     1                 .L0 
    17b0     17b0        0     1                 .L0 
    17f4     17f4        0     1                 .L0 
    181e     181e        0     1                 .L0 
    1839     1839        0     1                 .L0 
    1854     1854        0     1                 .L0 
    1875     1875        0     1                 .L0 
    1890     1890        0     1                 .L0 
    18b6     18b6        0     1                 .L0 
    18d1     18d1        0     1                 .L0 
    18ec     18ec        0     1                 .L0 
    1946     1946        0     1                 .L0 
    1975     1975        0     1                 .L0 
    19ce     19ce        0     1                 .L0 
    19e9     19e9        0     1                 .L0 
    1a04     1a04        0     1                 .L0 
    1a1f     1a1f        0     1                 .L0 
    1a5f     1a5f        0     1                 .L0 
    1a7f     1a7f        0     1                 .L0 
    1aac     1aac        0     1                 .L0 
    1af9     1af9        0     1                 .L0 
    1b14     1b14        0     1                 .L0 
    1b3a     1b3a        0     1                 .L0 
    1b95     1b95        0     1                 .L0 
    1bc6     1bc6        0     1                 .L0 
    1be9     1be9        0     1                 .L0 
    1c1a     1c1a        0     1                 .L0 
    1c4b     1c4b        0     1                 .L0 
    1c6e     1c6e        0     1                 .L0 
    1c8a     1c8a        0     1                 .L0 
    1cbb     1cbb        0     1                 .L0 
    1ce5     1ce5        0     1                 .L0 
    1d01     1d01        0     1                 .L0 
    1d1c     1d1c        0     1                 .L0 
    1d37     1d37        0     1                 .L0 
    1d52     1d52        0     1                 .L0 
    1d71     1d71        0     1                 .L0 
    1db0     1db0        0     1                 .L0 
    1dcb     1dcb        0     1                 .L0 
    1de6     1de6        0     1                 .L0 
    1e01     1e01        0     1                 .L0 
    1e21     1e21        0     1                 .L0 
       0        0      b01     1 .debug_abbrev
       0        0      8b9     1         /home/kenta/repos/fpga_samples/rtl/displayport/test/sw-rs/target/riscv32imc-unknown-none-elf/release/deps/bootrom_rs-60959512d032345b.bootrom_rs.4f57399457bc23e-cgu.0.rcgu.o:(.debug_abbrev)
       0        0        0     1                 $d
     8b9      8b9       2e     1         /home/kenta/.rustup/toolchains/stable-x86_64-unknown-linux-gnu/lib/rustlib/riscv32imc-unknown-none-elf/lib/libcompiler_builtins-06f5cc7eb10af0bc.rlib(compiler_builtins-06f5cc7eb10af0bc.compiler_builtins.67690aa3454e5eb8-cgu.186.rcgu.o):(.debug_abbrev)
     8b9      8b9        0     1                 $d
     8e7      8e7      131     1         /home/kenta/.rustup/toolchains/stable-x86_64-unknown-linux-gnu/lib/rustlib/riscv32imc-unknown-none-elf/lib/libcompiler_builtins-06f5cc7eb10af0bc.rlib(compiler_builtins-06f5cc7eb10af0bc.compiler_builtins.67690aa3454e5eb8-cgu.014.rcgu.o):(.debug_abbrev)
     8e7      8e7        0     1                 $d
     a18      a18       e9     1         /home/kenta/.rustup/toolchains/stable-x86_64-unknown-linux-gnu/lib/rustlib/riscv32imc-unknown-none-elf/lib/libcompiler_builtins-06f5cc7eb10af0bc.rlib(compiler_builtins-06f5cc7eb10af0bc.compiler_builtins.67690aa3454e5eb8-cgu.233.rcgu.o):(.debug_abbrev)
     a18      a18        0     1                 $d
       0        0     ca25     1 .debug_info
       0        0     b8ac     1         /home/kenta/repos/fpga_samples/rtl/displayport/test/sw-rs/target/riscv32imc-unknown-none-elf/release/deps/bootrom_rs-60959512d032345b.bootrom_rs.4f57399457bc23e-cgu.0.rcgu.o:(.debug_info)
       0        0        0     1                 .L0 
       0        0        0     1                 $d
    62b8     62b8        0     1                 .L0 
    62f9     62f9        0     1                 .L0 
    9ab8     9ab8        0     1                 .L0 
    b67a     b67a        0     1                 .L0 
    b8ac     b8ac       4b     1         /home/kenta/.rustup/toolchains/stable-x86_64-unknown-linux-gnu/lib/rustlib/riscv32imc-unknown-none-elf/lib/libcompiler_builtins-06f5cc7eb10af0bc.rlib(compiler_builtins-06f5cc7eb10af0bc.compiler_builtins.67690aa3454e5eb8-cgu.186.rcgu.o):(.debug_info)
    b8ac     b8ac        0     1                 .L0 
    b8ac     b8ac        0     1                 $d
    b8f7     b8f7      eab     1         /home/kenta/.rustup/toolchains/stable-x86_64-unknown-linux-gnu/lib/rustlib/riscv32imc-unknown-none-elf/lib/libcompiler_builtins-06f5cc7eb10af0bc.rlib(compiler_builtins-06f5cc7eb10af0bc.compiler_builtins.67690aa3454e5eb8-cgu.014.rcgu.o):(.debug_info)
    b8f7     b8f7        0     1                 .L0 
    b8f7     b8f7        0     1                 $d
    c7a2     c7a2      283     1         /home/kenta/.rustup/toolchains/stable-x86_64-unknown-linux-gnu/lib/rustlib/riscv32imc-unknown-none-elf/lib/libcompiler_builtins-06f5cc7eb10af0bc.rlib(compiler_builtins-06f5cc7eb10af0bc.compiler_builtins.67690aa3454e5eb8-cgu.233.rcgu.o):(.debug_info)
    c7a2     c7a2        0     1                 .L0 
    c7a2     c7a2        0     1                 $d
       0        0      200     1 .debug_aranges
       0        0      190     1         /home/kenta/repos/fpga_samples/rtl/displayport/test/sw-rs/target/riscv32imc-unknown-none-elf/release/deps/bootrom_rs-60959512d032345b.bootrom_rs.4f57399457bc23e-cgu.0.rcgu.o:(.debug_aranges)
       0        0        0     1                 $d
     190      190       20     1         /home/kenta/.rustup/toolchains/stable-x86_64-unknown-linux-gnu/lib/rustlib/riscv32imc-unknown-none-elf/lib/libcompiler_builtins-06f5cc7eb10af0bc.rlib(compiler_builtins-06f5cc7eb10af0bc.compiler_builtins.67690aa3454e5eb8-cgu.186.rcgu.o):(.debug_aranges)
     190      190        0     1                 $d
     1b0      1b0       30     1         /home/kenta/.rustup/toolchains/stable-x86_64-unknown-linux-gnu/lib/rustlib/riscv32imc-unknown-none-elf/lib/libcompiler_builtins-06f5cc7eb10af0bc.rlib(compiler_builtins-06f5cc7eb10af0bc.compiler_builtins.67690aa3454e5eb8-cgu.014.rcgu.o):(.debug_aranges)
     1b0      1b0        0     1                 $d
     1e0      1e0       20     1         /home/kenta/.rustup/toolchains/stable-x86_64-unknown-linux-gnu/lib/rustlib/riscv32imc-unknown-none-elf/lib/libcompiler_builtins-06f5cc7eb10af0bc.rlib(compiler_builtins-06f5cc7eb10af0bc.compiler_builtins.67690aa3454e5eb8-cgu.233.rcgu.o):(.debug_aranges)
     1e0      1e0        0     1                 $d
       0        0     1140     1 .debug_ranges
       0        0      d48     1         /home/kenta/repos/fpga_samples/rtl/displayport/test/sw-rs/target/riscv32imc-unknown-none-elf/release/deps/bootrom_rs-60959512d032345b.bootrom_rs.4f57399457bc23e-cgu.0.rcgu.o:(.debug_ranges)
       0        0        0     1                 .L0 
       0        0        0     1                 $d
      18       18        0     1                 .L0 
      30       30        0     1                 .L0 
      48       48        0     1                 .L0 
      68       68        0     1                 .L0 
      80       80        0     1                 .L0 
      98       98        0     1                 .L0 
      b0       b0        0     1                 .L0 
      c8       c8        0     1                 .L0 
      e0       e0        0     1                 .L0 
      f8       f8        0     1                 .L0 
     110      110        0     1                 .L0 
     128      128        0     1                 .L0 
     140      140        0     1                 .L0 
     158      158        0     1                 .L0 
     178      178        0     1                 .L0 
     198      198        0     1                 .L0 
     1b0      1b0        0     1                 .L0 
     1d8      1d8        0     1                 .L0 
     200      200        0     1                 .L0 
     228      228        0     1                 .L0 
     248      248        0     1                 .L0 
     260      260        0     1                 .L0 
     278      278        0     1                 .L0 
     290      290        0     1                 .L0 
     2a8      2a8        0     1                 .L0 
     2c0      2c0        0     1                 .L0 
     2d8      2d8        0     1                 .L0 
     2f0      2f0        0     1                 .L0 
     308      308        0     1                 .L0 
     320      320        0     1                 .L0 
     338      338        0     1                 .L0 
     368      368        0     1                 .L0 
     380      380        0     1                 .L0 
     3a8      3a8        0     1                 .L0 
     3c0      3c0        0     1                 .L0 
     3d8      3d8        0     1                 .L0 
     3f0      3f0        0     1                 .L0 
     408      408        0     1                 .L0 
     420      420        0     1                 .L0 
     438      438        0     1                 .L0 
     458      458        0     1                 .L0 
     478      478        0     1                 .L0 
     4a0      4a0        0     1                 .L0 
     4c8      4c8        0     1                 .L0 
     4f0      4f0        0     1                 .L0 
     510      510        0     1                 .L0 
     530      530        0     1                 .L0 
     550      550        0     1                 .L0 
     578      578        0     1                 .L0 
     590      590        0     1                 .L0 
     5b0      5b0        0     1                 .L0 
     5d0      5d0        0     1                 .L0 
     5e8      5e8        0     1                 .L0 
     600      600        0     1                 .L0 
     618      618        0     1                 .L0 
     630      630        0     1                 .L0 
     648      648        0     1                 .L0 
     668      668        0     1                 .L0 
     680      680        0     1                 .L0 
     6a0      6a0        0     1                 .L0 
     6c0      6c0        0     1                 .L0 
     6d8      6d8        0     1                 .L0 
     6f0      6f0        0     1                 .L0 
     708      708        0     1                 .L0 
     720      720        0     1                 .L0 
     738      738        0     1                 .L0 
     750      750        0     1                 .L0 
     768      768        0     1                 .L0 
     788      788        0     1                 .L0 
     7a0      7a0        0     1                 .L0 
     7c0      7c0        0     1                 .L0 
     7d8      7d8        0     1                 .L0 
     7f0      7f0        0     1                 .L0 
     808      808        0     1                 .L0 
     820      820        0     1                 .L0 
     840      840        0     1                 .L0 
     858      858        0     1                 .L0 
     878      878        0     1                 .L0 
     8b0      8b0        0     1                 .L0 
     8e0      8e0        0     1                 .L0 
     910      910        0     1                 .L0 
     928      928        0     1                 .L0 
     940      940        0     1                 .L0 
     960      960        0     1                 .L0 
     978      978        0     1                 .L0 
     998      998        0     1                 .L0 
     9b0      9b0        0     1                 .L0 
     9d0      9d0        0     1                 .L0 
     9e8      9e8        0     1                 .L0 
     a08      a08        0     1                 .L0 
     a20      a20        0     1                 .L0 
     a40      a40        0     1                 .L0 
     a60      a60        0     1                 .L0 
     a78      a78        0     1                 .L0 
     a90      a90        0     1                 .L0 
     ab0      ab0        0     1                 .L0 
     ac8      ac8        0     1                 .L0 
     ae0      ae0        0     1                 .L0 
     af8      af8        0     1                 .L0 
     b10      b10        0     1                 .L0 
     b28      b28        0     1                 .L0 
     b40      b40        0     1                 .L0 
     b58      b58        0     1                 .L0 
     b70      b70        0     1                 .L0 
     b88      b88        0     1                 .L0 
     ba0      ba0        0     1                 .L0 
     bc0      bc0        0     1                 .L0 
     be0      be0        0     1                 .L0 
     bf8      bf8        0     1                 .L0 
     c10      c10        0     1                 .L0 
     c28      c28        0     1                 .L0 
     c90      c90        0     1                 .L0 
     cc0      cc0        0     1                 .L0 
     d30      d30        0     1                 .L0 
     d48      d48      3b0     1         /home/kenta/.rustup/toolchains/stable-x86_64-unknown-linux-gnu/lib/rustlib/riscv32imc-unknown-none-elf/lib/libcompiler_builtins-06f5cc7eb10af0bc.rlib(compiler_builtins-06f5cc7eb10af0bc.compiler_builtins.67690aa3454e5eb8-cgu.014.rcgu.o):(.debug_ranges)
     d48      d48        0     1                 .L0 
     d48      d48        0     1                 $d
     d60      d60        0     1                 .L0 
     d78      d78        0     1                 .L0 
     d98      d98        0     1                 .L0 
     db8      db8        0     1                 .L0 
     dd0      dd0        0     1                 .L0 
     de8      de8        0     1                 .L0 
     e00      e00        0     1                 .L0 
     e18      e18        0     1                 .L0 
     e30      e30        0     1                 .L0 
     e48      e48        0     1                 .L0 
     e60      e60        0     1                 .L0 
     e78      e78        0     1                 .L0 
     ea8      ea8        0     1                 .L0 
     ec0      ec0        0     1                 .L0 
     ee0      ee0        0     1                 .L0 
     f08      f08        0     1                 .L0 
     f28      f28        0     1                 .L0 
     f48      f48        0     1                 .L0 
     f60      f60        0     1                 .L0 
     f78      f78        0     1                 .L0 
     f98      f98        0     1                 .L0 
     fb8      fb8        0     1                 .L0 
     fe0      fe0        0     1                 .L0 
     ff8      ff8        0     1                 .L0 
    1010     1010        0     1                 .L0 
    1030     1030        0     1                 .L0 
    1050     1050        0     1                 .L0 
    1068     1068        0     1                 .L0 
    1080     1080        0     1                 .L0 
    1098     1098        0     1                 .L0 
    10b8     10b8        0     1                 .L0 
    10d8     10d8        0     1                 .L0 
    10f8     10f8       48     1         /home/kenta/.rustup/toolchains/stable-x86_64-unknown-linux-gnu/lib/rustlib/riscv32imc-unknown-none-elf/lib/libcompiler_builtins-06f5cc7eb10af0bc.rlib(compiler_builtins-06f5cc7eb10af0bc.compiler_builtins.67690aa3454e5eb8-cgu.233.rcgu.o):(.debug_ranges)
    10f8     10f8        0     1                 .L0 
    10f8     10f8        0     1                 $d
    1110     1110        0     1                 .L0 
    1128     1128        0     1                 .L0 
       0        0     c81e     1 .debug_str
       0        0     c81e     1         <internal>:(.debug_str)
       0        0       8b     1 .comment
       0        0       8b     1         <internal>:(.comment)
       0        0       36     1 .riscv.attributes
       0        0       36     1         <internal>:(.riscv.attributes)
       0        0     37ae     1 .debug_line
       0        0     2c68     1         /home/kenta/repos/fpga_samples/rtl/displayport/test/sw-rs/target/riscv32imc-unknown-none-elf/release/deps/bootrom_rs-60959512d032345b.bootrom_rs.4f57399457bc23e-cgu.0.rcgu.o:(.debug_line)
       0        0        0     1                 .Lline_table_start0
       0        0        0     1                 $d
    1367     1367        0     1                 .Lline_table_start1
    1397     1397        0     1                 .Lline_table_start2
    1cbe     1cbe        0     1                 .Lline_table_start3
    1cdc     1cdc        0     1                 .Lline_table_start4
    1cfa     1cfa        0     1                 .Lline_table_start5
    2ae8     2ae8        0     1                 .Lline_table_start6
    2c68     2c68       6e     1         /home/kenta/.rustup/toolchains/stable-x86_64-unknown-linux-gnu/lib/rustlib/riscv32imc-unknown-none-elf/lib/libcompiler_builtins-06f5cc7eb10af0bc.rlib(compiler_builtins-06f5cc7eb10af0bc.compiler_builtins.67690aa3454e5eb8-cgu.186.rcgu.o):(.debug_line)
    2c68     2c68        0     1                 .Lline_table_start0
    2c68     2c68        0     1                 $d
    2cd6     2cd6      844     1         /home/kenta/.rustup/toolchains/stable-x86_64-unknown-linux-gnu/lib/rustlib/riscv32imc-unknown-none-elf/lib/libcompiler_builtins-06f5cc7eb10af0bc.rlib(compiler_builtins-06f5cc7eb10af0bc.compiler_builtins.67690aa3454e5eb8-cgu.014.rcgu.o):(.debug_line)
    2cd6     2cd6        0     1                 .Lline_table_start0
    2cd6     2cd6        0     1                 $d
    351a     351a      294     1         /home/kenta/.rustup/toolchains/stable-x86_64-unknown-linux-gnu/lib/rustlib/riscv32imc-unknown-none-elf/lib/libcompiler_builtins-06f5cc7eb10af0bc.rlib(compiler_builtins-06f5cc7eb10af0bc.compiler_builtins.67690aa3454e5eb8-cgu.233.rcgu.o):(.debug_line)
    351a     351a        0     1                 .Lline_table_start0
    351a     351a        0     1                 $d
    36c9     36c9        0     1                 .Lline_table_start1
       0        0     4f30     4 .symtab
       0        0     4f30     4         <internal>:(.symtab)
       0        0       b4     1 .shstrtab
       0        0       b4     1         <internal>:(.shstrtab)
       0        0     2467     1 .strtab
       0        0     2467     1         <internal>:(.strtab)
