     VMA      LMA     Size Align Out     In      Symbol
80000000 80000000        4     1 .isr_vector
80000000 80000000        0     1         . = ALIGN ( 4 )
80000000 80000000        4     1         /home/kenta/repos/fpga_samples/rtl/displayport/test/sw-rs/target/riscv32imc-unknown-none-elf/release/deps/bootrom_rs-e43dc9fb7cfa4a2a.bootrom_rs.ac0f80643d59fcb4-cgu.0.rcgu.o:(.isr_vector)
80000004 80000004        0     1         . = ALIGN ( 4 )
80000004 80000004     21cc     2 .text
80000004 80000004        0     1         . = ALIGN ( 4 )
80000004 80000004       26     2         /home/kenta/repos/fpga_samples/rtl/displayport/test/sw-rs/target/riscv32imc-unknown-none-elf/release/deps/bootrom_rs-e43dc9fb7cfa4a2a.bootrom_rs.ac0f80643d59fcb4-cgu.0.rcgu.o:(.text)
80000004 80000004        0     1                 _start
80000004 80000004        0     1                 .Lpcrel_hi0
8000001a 8000001a        0     1                 .Lpcrel_hi1
8000002a 8000002a      150     2         /home/kenta/repos/fpga_samples/rtl/displayport/test/sw-rs/target/riscv32imc-unknown-none-elf/release/deps/bootrom_rs-e43dc9fb7cfa4a2a.bootrom_rs.ac0f80643d59fcb4-cgu.0.rcgu.o:(.text._ZN42_$LT$$RF$T$u20$as$u20$core..fmt..Debug$GT$3fmt17h7a745f0a134dbbe5E)
8000002a 8000002a      150     1                 _$LT$$RF$T$u20$as$u20$core..fmt..Debug$GT$::fmt::h7a745f0a134dbbe5
8000002a 8000002a        0     1                 
8000002a 8000002a        0     1                 
8000002a 8000002a        0     1                 
80000048 80000048        0     1                 
80000048 80000048        0     1                 
8000004a 8000004a        0     1                 
8000004a 8000004a        0     1                 
8000004e 8000004e        0     1                 
8000004e 8000004e        0     1                 
80000064 80000064        0     1                 
80000064 80000064        0     1                 
80000066 80000066        0     1                 
80000066 80000066        0     1                 
80000088 80000088        0     1                 
80000088 80000088        0     1                 
80000090 80000090        0     1                 
80000090 80000090        0     1                 
80000098 80000098        0     1                 
8000009a 8000009a        0     1                 
8000009e 8000009e        0     1                 
8000009e 8000009e        0     1                 
800000b0 800000b0        0     1                 
800000b2 800000b2        0     1                 
800000b2 800000b2        0     1                 
800000c0 800000c0        0     1                 
800000c0 800000c0        0     1                 
800000c8 800000c8        0     1                 
800000c8 800000c8        0     1                 
800000cc 800000cc        0     1                 
800000cc 800000cc        0     1                 
800000da 800000da        0     1                 
800000dc 800000dc        0     1                 
800000dc 800000dc        0     1                 
800000e0 800000e0        0     1                 
800000e0 800000e0        0     1                 
800000ea 800000ea        0     1                 
800000ee 800000ee        0     1                 
800000f2 800000f2        0     1                 
800000fa 800000fa        0     1                 
80000102 80000102        0     1                 
80000118 80000118        0     1                 
80000118 80000118        0     1                 
80000124 80000124        0     1                 
80000126 80000126        0     1                 
8000012a 8000012a        0     1                 
8000012a 8000012a        0     1                 
80000136 80000136        0     1                 
80000138 80000138        0     1                 
8000013a 8000013a        0     1                 
8000013a 8000013a        0     1                 
8000013c 8000013c        0     1                 
8000013c 8000013c        0     1                 
8000013e 8000013e        0     1                 
8000013e 8000013e        0     1                 
80000140 80000140        0     1                 
80000140 80000140        0     1                 
80000146 80000146        0     1                 
80000146 80000146        0     1                 
8000015c 8000015c        0     1                 
8000015c 8000015c        0     1                 
8000016a 8000016a        0     1                 
80000176 80000176        0     1                 
8000017a 8000017a        0     1                 
8000017a 8000017a        0     1                 
8000017a 8000017a        0     1                 
8000017a 8000017a        a     2         /home/kenta/repos/fpga_samples/rtl/displayport/test/sw-rs/target/riscv32imc-unknown-none-elf/release/deps/bootrom_rs-e43dc9fb7cfa4a2a.bootrom_rs.ac0f80643d59fcb4-cgu.0.rcgu.o:(.text._ZN42_$LT$$RF$T$u20$as$u20$core..fmt..Debug$GT$3fmt17haa29981d3f1730d8E)
8000017a 8000017a        a     1                 _$LT$$RF$T$u20$as$u20$core..fmt..Debug$GT$::fmt::haa29981d3f1730d8
8000017a 8000017a        0     1                 
8000017a 8000017a        0     1                 
8000017a 8000017a        0     1                 
8000017c 8000017c        0     1                 
80000184 80000184        0     1                 
80000184 80000184       28     2         /home/kenta/repos/fpga_samples/rtl/displayport/test/sw-rs/target/riscv32imc-unknown-none-elf/release/deps/bootrom_rs-e43dc9fb7cfa4a2a.bootrom_rs.ac0f80643d59fcb4-cgu.0.rcgu.o:(.text._ZN42_$LT$$RF$T$u20$as$u20$core..fmt..Debug$GT$3fmt17hd1b9b3a34b9adae3E)
80000184 80000184       28     1                 _$LT$$RF$T$u20$as$u20$core..fmt..Debug$GT$::fmt::hd1b9b3a34b9adae3
80000184 80000184        0     1                 
80000184 80000184        0     1                 
80000184 80000184        0     1                 
80000186 80000186        0     1                 
8000018a 8000018a        0     1                 
8000018c 8000018c        0     1                 
8000018c 8000018c        0     1                 
80000190 80000190        0     1                 
80000192 80000192        0     1                 
800001a6 800001a6        0     1                 
800001a8 800001a8        0     1                 
800001ac 800001ac        0     1                 
800001ac 800001ac       9e     2         /home/kenta/repos/fpga_samples/rtl/displayport/test/sw-rs/target/riscv32imc-unknown-none-elf/release/deps/bootrom_rs-e43dc9fb7cfa4a2a.bootrom_rs.ac0f80643d59fcb4-cgu.0.rcgu.o:(.text._ZN42_$LT$$RF$T$u20$as$u20$core..fmt..Debug$GT$3fmt17he61268ea3ad8ee1aE)
800001ac 800001ac       9e     1                 _$LT$$RF$T$u20$as$u20$core..fmt..Debug$GT$::fmt::he61268ea3ad8ee1a
800001ac 800001ac        0     1                 
800001ac 800001ac        0     1                 
800001ac 800001ac        0     1                 
800001b2 800001b2        0     1                 
800001b2 800001b2        0     1                 
800001b4 800001b4        0     1                 
800001b4 800001b4        0     1                 
800001b6 800001b6        0     1                 
800001b6 800001b6        0     1                 
800001ba 800001ba        0     1                 
800001ba 800001ba        0     1                 
800001bc 800001bc        0     1                 
800001bc 800001bc        0     1                 
800001c0 800001c0        0     1                 
800001c2 800001c2        0     1                 
800001c2 800001c2        0     1                 
800001c4 800001c4        0     1                 
800001c4 800001c4        0     1                 
800001ca 800001ca        0     1                 
800001d4 800001d4        0     1                 
800001d4 800001d4        0     1                 
800001d6 800001d6        0     1                 
800001d6 800001d6        0     1                 
800001da 800001da        0     1                 
800001da 800001da        0     1                 
800001e0 800001e0        0     1                 
800001e2 800001e2        0     1                 
800001e2 800001e2        0     1                 
800001ea 800001ea        0     1                 
800001ea 800001ea        0     1                 
800001ee 800001ee        0     1                 
800001ee 800001ee        0     1                 
800001f4 800001f4        0     1                 
800001f4 800001f4        0     1                 
800001f6 800001f6        0     1                 
800001f6 800001f6        0     1                 
800001fa 800001fa        0     1                 
80000202 80000202        0     1                 
8000020a 8000020a        0     1                 
8000020a 8000020a        0     1                 
8000020e 8000020e        0     1                 
80000212 80000212        0     1                 
80000212 80000212        0     1                 
80000216 80000216        0     1                 
80000216 80000216        0     1                 
80000218 80000218        0     1                 
80000218 80000218        0     1                 
8000022e 8000022e        0     1                 
8000022e 8000022e        0     1                 
80000230 80000230        0     1                 
80000234 80000234        0     1                 
80000234 80000234        0     1                 
80000238 80000238        0     1                 
80000242 80000242        0     1                 
80000242 80000242        0     1                 
8000024a 8000024a        0     1                 
8000024a 8000024a        0     1                 
8000024a 8000024a        0     1                 
8000024a 8000024a        0     1                 
8000024a 8000024a       c8     2         /home/kenta/repos/fpga_samples/rtl/displayport/test/sw-rs/target/riscv32imc-unknown-none-elf/release/deps/bootrom_rs-e43dc9fb7cfa4a2a.bootrom_rs.ac0f80643d59fcb4-cgu.0.rcgu.o:(.text._ZN42_$LT$$RF$T$u20$as$u20$core..fmt..Debug$GT$3fmt17hfb6d41a1366ece54E)
8000024a 8000024a       c8     1                 _$LT$$RF$T$u20$as$u20$core..fmt..Debug$GT$::fmt::hfb6d41a1366ece54
8000024a 8000024a        0     1                 
8000024a 8000024a        0     1                 
8000024a 8000024a        0     1                 
80000250 80000250        0     1                 
80000250 80000250        0     1                 
80000256 80000256        0     1                 
80000258 80000258        0     1                 
80000258 80000258        0     1                 
8000025c 8000025c        0     1                 
8000025e 8000025e        0     1                 
8000025e 8000025e        0     1                 
80000262 80000262        0     1                 
80000268 80000268        0     1                 
80000272 80000272        0     1                 
80000272 80000272        0     1                 
8000027a 8000027a        0     1                 
8000027a 8000027a        0     1                 
80000280 80000280        0     1                 
80000282 80000282        0     1                 
80000282 80000282        0     1                 
8000028a 8000028a        0     1                 
8000028a 8000028a        0     1                 
8000028e 8000028e        0     1                 
8000028e 8000028e        0     1                 
80000296 80000296        0     1                 
80000296 80000296        0     1                 
80000298 80000298        0     1                 
80000298 80000298        0     1                 
8000029c 8000029c        0     1                 
800002a6 800002a6        0     1                 
800002a6 800002a6        0     1                 
800002ae 800002ae        0     1                 
800002ae 800002ae        0     1                 
800002b4 800002b4        0     1                 
800002b6 800002b6        0     1                 
800002b6 800002b6        0     1                 
800002be 800002be        0     1                 
800002be 800002be        0     1                 
800002c2 800002c2        0     1                 
800002c2 800002c2        0     1                 
800002ca 800002ca        0     1                 
800002ca 800002ca        0     1                 
800002cc 800002cc        0     1                 
800002cc 800002cc        0     1                 
800002d0 800002d0        0     1                 
800002d8 800002d8        0     1                 
800002d8 800002d8        0     1                 
80000304 80000304        0     1                 
80000304 80000304        0     1                 
80000306 80000306        0     1                 
8000030a 8000030a        0     1                 
8000030a 8000030a        0     1                 
80000312 80000312        0     1                 
80000312 80000312        0     1                 
80000312 80000312        0     1                 
80000312 80000312        0     1                 
80000312 80000312       28     2         /home/kenta/repos/fpga_samples/rtl/displayport/test/sw-rs/target/riscv32imc-unknown-none-elf/release/deps/bootrom_rs-e43dc9fb7cfa4a2a.bootrom_rs.ac0f80643d59fcb4-cgu.0.rcgu.o:(.text._ZN42_$LT$$RF$T$u20$as$u20$core..fmt..Debug$GT$3fmt17hff8f90cbfdf09563E)
80000312 80000312       28     1                 _$LT$$RF$T$u20$as$u20$core..fmt..Debug$GT$::fmt::hff8f90cbfdf09563
80000312 80000312        0     1                 
80000312 80000312        0     1                 
80000312 80000312        0     1                 
80000314 80000314        0     1                 
80000318 80000318        0     1                 
8000031a 8000031a        0     1                 
8000031a 8000031a        0     1                 
8000031e 8000031e        0     1                 
80000320 80000320        0     1                 
80000334 80000334        0     1                 
80000336 80000336        0     1                 
8000033a 8000033a        0     1                 
8000033a 8000033a      126     2         /home/kenta/repos/fpga_samples/rtl/displayport/test/sw-rs/target/riscv32imc-unknown-none-elf/release/deps/bootrom_rs-e43dc9fb7cfa4a2a.bootrom_rs.ac0f80643d59fcb4-cgu.0.rcgu.o:(.text._ZN44_$LT$$RF$T$u20$as$u20$core..fmt..Display$GT$3fmt17h0e7fd631caf104a5E)
8000033a 8000033a      126     1                 _$LT$$RF$T$u20$as$u20$core..fmt..Display$GT$::fmt::h0e7fd631caf104a5
8000033a 8000033a        0     1                 
8000033a 8000033a        0     1                 
8000033a 8000033a        0     1                 
8000033c 8000033c        0     1                 
8000033c 8000033c        0     1                 
8000034c 8000034c        0     1                 
8000034c 8000034c        0     1                 
8000034e 8000034e        0     1                 
8000034e 8000034e        0     1                 
80000366 80000366        0     1                 
80000366 80000366        0     1                 
80000368 80000368        0     1                 
8000036a 8000036a        0     1                 
8000036a 8000036a        0     1                 
8000038e 8000038e        0     1                 
8000038e 8000038e        0     1                 
800003a4 800003a4        0     1                 
800003a4 800003a4        0     1                 
800003b2 800003b2        0     1                 
800003b4 800003b4        0     1                 
800003bc 800003bc        0     1                 
800003bc 800003bc        0     1                 
800003ca 800003ca        0     1                 
800003cc 800003cc        0     1                 
800003da 800003da        0     1                 
800003da 800003da        0     1                 
800003e8 800003e8        0     1                 
800003ec 800003ec        0     1                 
800003f0 800003f0        0     1                 
800003f0 800003f0        0     1                 
800003f2 800003f2        0     1                 
800003f2 800003f2        0     1                 
80000408 80000408        0     1                 
80000408 80000408        0     1                 
8000042e 8000042e        0     1                 
80000430 80000430        0     1                 
80000430 80000430        0     1                 
8000043e 8000043e        0     1                 
80000440 80000440        0     1                 
80000444 80000444        0     1                 
80000444 80000444        0     1                 
80000448 80000448        0     1                 
8000044a 8000044a        0     1                 
8000044a 8000044a        0     1                 
8000044c 8000044c        0     1                 
8000045c 8000045c        0     1                 
80000460 80000460        0     1                 
80000460 80000460        0     1                 
80000460 80000460        0     1                 
80000460 80000460       16     2         /home/kenta/repos/fpga_samples/rtl/displayport/test/sw-rs/target/riscv32imc-unknown-none-elf/release/deps/bootrom_rs-e43dc9fb7cfa4a2a.bootrom_rs.ac0f80643d59fcb4-cgu.0.rcgu.o:(.text._ZN45_$LT$$LP$$RP$$u20$as$u20$core..fmt..Debug$GT$3fmt17h5b9b7a7ed901d52eE)
80000460 80000460       16     1                 _$LT$$LP$$RP$$u20$as$u20$core..fmt..Debug$GT$::fmt::h5b9b7a7ed901d52e
80000460 80000460        0     1                 
80000460 80000460        0     1                 
80000460 80000460        0     1                 
80000476 80000476        0     1                 
80000476 80000476       c4     2         /home/kenta/repos/fpga_samples/rtl/displayport/test/sw-rs/target/riscv32imc-unknown-none-elf/release/deps/bootrom_rs-e43dc9fb7cfa4a2a.bootrom_rs.ac0f80643d59fcb4-cgu.0.rcgu.o:(.text._ZN4core3fmt5Write10write_char17h20ab500e5f9b99eaE)
80000476 80000476       c4     1                 core::fmt::Write::write_char::h20ab500e5f9b99ea
80000476 80000476        0     1                 
80000476 80000476        0     1                 
80000476 80000476        0     1                 
8000047c 8000047c        0     1                 
8000047e 8000047e        0     1                 
8000047e 8000047e        0     1                 
80000482 80000482        0     1                 
80000482 80000482        0     1                 
8000048a 8000048a        0     1                 
8000048a 8000048a        0     1                 
80000490 80000490        0     1                 
80000490 80000490        0     1                 
80000494 80000494        0     1                 
8000049c 8000049c        0     1                 
800004a0 800004a0        0     1                 
800004ac 800004ac        0     1                 
800004ac 800004ac        0     1                 
800004b2 800004b2        0     1                 
800004b2 800004b2        0     1                 
800004b6 800004b6        0     1                 
800004be 800004be        0     1                 
800004c4 800004c4        0     1                 
800004cc 800004cc        0     1                 
800004d0 800004d0        0     1                 
800004dc 800004dc        0     1                 
800004dc 800004dc        0     1                 
800004e2 800004e2        0     1                 
800004ea 800004ea        0     1                 
800004f0 800004f0        0     1                 
800004f8 800004f8        0     1                 
800004fe 800004fe        0     1                 
80000506 80000506        0     1                 
8000050a 8000050a        0     1                 
80000514 80000514        0     1                 
80000514 80000514        0     1                 
80000516 80000516        0     1                 
80000516 80000516        0     1                 
80000518 80000518        0     1                 
80000518 80000518        0     1                 
8000051c 8000051c        0     1                 
8000051c 8000051c        0     1                 
8000051e 8000051e        0     1                 
8000051e 8000051e        0     1                 
80000522 80000522        0     1                 
80000524 80000524        0     1                 
80000524 80000524        0     1                 
80000528 80000528        0     1                 
80000528 80000528        0     1                 
8000052c 8000052c        0     1                 
8000052c 8000052c        0     1                 
8000052e 8000052e        0     1                 
80000530 80000530        0     1                 
80000530 80000530        0     1                 
80000534 80000534        0     1                 
80000534 80000534        0     1                 
80000536 80000536        0     1                 
8000053a 8000053a        0     1                 
8000053a 8000053a        0     1                 
8000053a 8000053a        0     1                 
8000053a 8000053a       16     2         /home/kenta/repos/fpga_samples/rtl/displayport/test/sw-rs/target/riscv32imc-unknown-none-elf/release/deps/bootrom_rs-e43dc9fb7cfa4a2a.bootrom_rs.ac0f80643d59fcb4-cgu.0.rcgu.o:(.text._ZN4core3fmt5Write9write_fmt17h692c14679aeaee78E)
8000053a 8000053a       16     1                 core::fmt::Write::write_fmt::h692c14679aeaee78
8000053a 8000053a        0     1                 
8000053a 8000053a        0     1                 
8000053a 8000053a        0     1                 
80000550 80000550        0     1                 
80000550 80000550        2     2         /home/kenta/repos/fpga_samples/rtl/displayport/test/sw-rs/target/riscv32imc-unknown-none-elf/release/deps/bootrom_rs-e43dc9fb7cfa4a2a.bootrom_rs.ac0f80643d59fcb4-cgu.0.rcgu.o:(.text._ZN4core3ptr29drop_in_place$LT$$LP$$RP$$GT$17hd9e385d0e517db32E)
80000550 80000550        2     1                 core::ptr::drop_in_place$LT$$LP$$RP$$GT$::hd9e385d0e517db32
80000550 80000550        0     1                 
80000550 80000550        0     1                 
80000550 80000550        0     1                 
80000552 80000552        0     1                 
80000552 80000552       12     2         /home/kenta/repos/fpga_samples/rtl/displayport/test/sw-rs/target/riscv32imc-unknown-none-elf/release/deps/bootrom_rs-e43dc9fb7cfa4a2a.bootrom_rs.ac0f80643d59fcb4-cgu.0.rcgu.o:(.text._ZN53_$LT$core..fmt..Error$u20$as$u20$core..fmt..Debug$GT$3fmt17hdb1aebf809bbb898E)
80000552 80000552       12     1                 _$LT$core..fmt..Error$u20$as$u20$core..fmt..Debug$GT$::fmt::hdb1aebf809bbb898
80000552 80000552        0     1                 
80000552 80000552        0     1                 
80000552 80000552        0     1                 
80000564 80000564        0     1                 
80000564 80000564       42     2         /home/kenta/repos/fpga_samples/rtl/displayport/test/sw-rs/target/riscv32imc-unknown-none-elf/release/deps/bootrom_rs-e43dc9fb7cfa4a2a.bootrom_rs.ac0f80643d59fcb4-cgu.0.rcgu.o:(.text._ZN66_$LT$core..option..Option$LT$T$GT$$u20$as$u20$core..fmt..Debug$GT$3fmt17h7205eda93dd9889bE)
80000564 80000564       42     1                 _$LT$core..option..Option$LT$T$GT$$u20$as$u20$core..fmt..Debug$GT$::fmt::h7205eda93dd9889b
80000564 80000564        0     1                 
80000564 80000564        0     1                 
80000564 80000564        0     1                 
8000056a 8000056a        0     1                 
8000056a 8000056a        0     1                 
8000056a 8000056a        0     1                 
8000056c 8000056c        0     1                 
8000056c 8000056c        0     1                 
8000056e 8000056e        0     1                 
8000056e 8000056e        0     1                 
80000572 80000572        0     1                 
80000586 80000586        0     1                 
8000058e 8000058e        0     1                 
8000058e 8000058e        0     1                 
80000590 80000590        0     1                 
80000594 80000594        0     1                 
80000594 80000594        0     1                 
80000598 80000598        0     1                 
8000059e 8000059e        0     1                 
800005a6 800005a6        0     1                 
800005a6 800005a6        0     1                 
800005a6 800005a6        0     1                 
800005a6 800005a6       24     2         /home/kenta/repos/fpga_samples/rtl/displayport/test/sw-rs/target/riscv32imc-unknown-none-elf/release/deps/bootrom_rs-e43dc9fb7cfa4a2a.bootrom_rs.ac0f80643d59fcb4-cgu.0.rcgu.o:(.text._ZN106_$LT$bootrom_rs..serialout..SerialOut$LT$bootrom_pac..SYSTEM_SERIALOUT$GT$$u20$as$u20$core..fmt..Write$GT$9write_str17h20a447713e2b2c72E)
800005a6 800005a6       24     1                 _$LT$bootrom_rs..serialout..SerialOut$LT$bootrom_pac..SYSTEM_SERIALOUT$GT$$u20$as$u20$core..fmt..Write$GT$::write_str::h20a447713e2b2c72
800005a6 800005a6        0     1                 
800005a6 800005a6        0     1                 
800005a6 800005a6        0     1                 
800005a8 800005a8        0     1                 
800005a8 800005a8        0     1                 
800005aa 800005aa        0     1                 
800005ae 800005ae        0     1                 
800005ae 800005ae        0     1                 
800005b0 800005b0        0     1                 
800005b0 800005b0        0     1                 
800005b4 800005b4        0     1                 
800005b6 800005b6        0     1                 
800005b6 800005b6        0     1                 
800005ba 800005ba        0     1                 
800005ba 800005ba        0     1                 
800005be 800005be        0     1                 
800005be 800005be        0     1                 
800005c0 800005c0        0     1                 
800005c2 800005c2        0     1                 
800005c2 800005c2        0     1                 
800005c6 800005c6        0     1                 
800005c6 800005c6        0     1                 
800005ca 800005ca        0     1                 
800005ca 800005ca        0     1                 
800005ca 800005ca        0     1                 
800005ca 800005ca        2     2         /home/kenta/repos/fpga_samples/rtl/displayport/test/sw-rs/target/riscv32imc-unknown-none-elf/release/deps/bootrom_rs-e43dc9fb7cfa4a2a.bootrom_rs.ac0f80643d59fcb4-cgu.0.rcgu.o:(.text.trap_handler)
800005ca 800005ca        0     1                 
800005ca 800005ca        0     1                 
800005ca 800005ca        0     1                 
800005ca 800005ca        2     1                 trap_handler
800005cc 800005cc        0     1                 
800005cc 800005cc        0     1                 
800005cc 800005cc        0     1                 
800005cc 800005cc       48     2         /home/kenta/repos/fpga_samples/rtl/displayport/test/sw-rs/target/riscv32imc-unknown-none-elf/release/deps/bootrom_rs-e43dc9fb7cfa4a2a.bootrom_rs.ac0f80643d59fcb4-cgu.0.rcgu.o:(.text.init)
800005cc 800005cc        0     1                 
800005cc 800005cc        0     1                 
800005cc 800005cc        0     1                 
800005cc 800005cc       48     1                 init
800005e0 800005e0        0     1                 
800005e0 800005e0        0     1                 
800005e4 800005e4        0     1                 
800005e4 800005e4        0     1                 
800005e6 800005e6        0     1                 
800005ea 800005ea        0     1                 
800005ea 800005ea        0     1                 
800005ee 800005ee        0     1                 
800005f6 800005f6        0     1                 
800005fa 800005fa        0     1                 
800005fe 800005fe        0     1                 
80000606 80000606        0     1                 
80000606 80000606        0     1                 
80000608 80000608        0     1                 
80000608 80000608        0     1                 
8000060a 8000060a        0     1                 
8000060a 8000060a        0     1                 
8000060c 8000060c        0     1                 
8000060c 8000060c        0     1                 
8000060e 8000060e        0     1                 
8000060e 8000060e        0     1                 
80000612 80000612        0     1                 
80000612 80000612        0     1                 
80000614 80000614        0     1                 
80000614 80000614        0     1                 
80000614 80000614        0     1                 
80000614 80000614       14     2         /home/kenta/repos/fpga_samples/rtl/displayport/test/sw-rs/target/riscv32imc-unknown-none-elf/release/deps/bootrom_rs-e43dc9fb7cfa4a2a.bootrom_rs.ac0f80643d59fcb4-cgu.0.rcgu.o:(.text.start_rust)
80000614 80000614        0     1                 
80000614 80000614        0     1                 
80000614 80000614        0     1                 
80000614 80000614       14     1                 start_rust
80000616 80000616        0     1                 
80000620 80000620        0     1                 
80000628 80000628        0     1                 
80000628 80000628       92     2         /home/kenta/repos/fpga_samples/rtl/displayport/test/sw-rs/target/riscv32imc-unknown-none-elf/release/deps/bootrom_rs-e43dc9fb7cfa4a2a.bootrom_rs.ac0f80643d59fcb4-cgu.0.rcgu.o:(.text._ZN10bootrom_rs9print_fmt17hafc5ec8c43bf4b5aE)
80000628 80000628       92     1                 bootrom_rs::print_fmt::hafc5ec8c43bf4b5a
80000628 80000628        0     1                 
80000628 80000628        0     1                 
80000628 80000628        0     1                 
8000062a 8000062a        0     1                 
8000062a 8000062a        0     1                 
80000636 80000636        0     1                 
80000638 80000638        0     1                 
8000063a 8000063a        0     1                 
8000063a 8000063a        0     1                 
80000652 80000652        0     1                 
80000652 80000652        0     1                 
80000654 80000654        0     1                 
80000654 80000654        0     1                 
8000065c 8000065c        0     1                 
80000660 80000660        0     1                 
80000670 80000670        0     1                 
80000670 80000670        0     1                 
80000684 80000684        0     1                 
80000684 80000684        0     1                 
80000686 80000686        0     1                 
80000686 80000686        0     1                 
8000068a 8000068a        0     1                 
8000068e 8000068e        0     1                 
8000068e 8000068e        0     1                 
800006a0 800006a0        0     1                 
800006a0 800006a0        0     1                 
800006b0 800006b0        0     1                 
800006b0 800006b0        0     1                 
800006ba 800006ba        0     1                 
800006ba 800006ba        0     1                 
800006ba 800006ba        0     1                 
800006ba 800006ba        0     1                 
800006ba 800006ba       48     2         /home/kenta/repos/fpga_samples/rtl/displayport/test/sw-rs/target/riscv32imc-unknown-none-elf/release/deps/bootrom_rs-e43dc9fb7cfa4a2a.bootrom_rs.ac0f80643d59fcb4-cgu.0.rcgu.o:(.text.rust_begin_unwind)
800006ba 800006ba       48     1                 rust_begin_unwind
800006ba 800006ba        0     1                 
800006ba 800006ba        0     1                 
800006ba 800006ba        0     1                 
800006c4 800006c4        0     1                 
800006d0 800006d0        0     1                 
800006d0 800006d0        0     1                 
800006e6 800006e6        0     1                 
800006f0 800006f0        0     1                 
800006f0 800006f0        0     1                 
800006f8 800006f8        0     1                 
800006fa 800006fa        0     1                 
800006fa 800006fa        0     1                 
800006fe 800006fe        0     1                 
800006fe 800006fe        0     1                 
80000700 80000700        0     1                 
80000700 80000700        0     1                 
80000702 80000702        0     1                 
80000702 80000702        0     1                 
80000702 80000702        0     1                 
80000702 80000702       80     2         /home/kenta/repos/fpga_samples/rtl/displayport/test/sw-rs/target/riscv32imc-unknown-none-elf/release/deps/bootrom_rs-e43dc9fb7cfa4a2a.bootrom_rs.ac0f80643d59fcb4-cgu.0.rcgu.o:(.text._ZN10bootrom_rs5AuxCh7read_rx17he608a5e96e122161E)
80000702 80000702       80     1                 bootrom_rs::AuxCh::read_rx::he608a5e96e122161
80000702 80000702        0     1                 
80000702 80000702        0     1                 
80000702 80000702        0     1                 
80000708 80000708        0     1                 
80000708 80000708        0     1                 
8000070c 8000070c        0     1                 
8000070c 8000070c        0     1                 
80000712 80000712        0     1                 
80000712 80000712        0     1                 
80000716 80000716        0     1                 
80000716 80000716        0     1                 
8000071a 8000071a        0     1                 
8000071a 8000071a        0     1                 
8000071c 8000071c        0     1                 
8000071e 8000071e        0     1                 
8000071e 8000071e        0     1                 
80000724 80000724        0     1                 
80000724 80000724        0     1                 
80000728 80000728        0     1                 
80000728 80000728        0     1                 
8000072c 8000072c        0     1                 
80000730 80000730        0     1                 
80000730 80000730        0     1                 
80000734 80000734        0     1                 
80000736 80000736        0     1                 
80000736 80000736        0     1                 
80000742 80000742        0     1                 
80000742 80000742        0     1                 
80000744 80000744        0     1                 
80000744 80000744        0     1                 
80000748 80000748        0     1                 
8000074e 8000074e        0     1                 
80000752 80000752        0     1                 
80000752 80000752        0     1                 
8000075e 8000075e        0     1                 
80000762 80000762        0     1                 
80000764 80000764        0     1                 
80000764 80000764        0     1                 
80000768 80000768        0     1                 
80000768 80000768        0     1                 
8000076a 8000076a        0     1                 
8000076a 8000076a        0     1                 
8000076c 8000076c        0     1                 
8000076c 8000076c        0     1                 
8000076e 8000076e        0     1                 
80000772 80000772        0     1                 
80000774 80000774        0     1                 
80000778 80000778        0     1                 
8000077a 8000077a        0     1                 
8000077a 8000077a        0     1                 
8000077e 8000077e        0     1                 
8000077e 8000077e        0     1                 
80000782 80000782        0     1                 
80000782 80000782        0     1                 
80000782 80000782        0     1                 
80000782 80000782      858     2         /home/kenta/repos/fpga_samples/rtl/displayport/test/sw-rs/target/riscv32imc-unknown-none-elf/release/deps/bootrom_rs-e43dc9fb7cfa4a2a.bootrom_rs.ac0f80643d59fcb4-cgu.0.rcgu.o:(.text.main)
80000782 80000782        0     1                 
80000782 80000782        0     1                 
80000782 80000782        0     1                 
80000782 80000782      858     1                 main
80000786 80000786        0     1                 
80000786 80000786        0     1                 
800007be 800007be        0     1                 
800007be 800007be        0     1                 
800007c6 800007c6        0     1                 
800007c6 800007c6        0     1                 
800007c8 800007c8        0     1                 
800007c8 800007c8        0     1                 
800007cc 800007cc        0     1                 
800007ce 800007ce        0     1                 
800007ce 800007ce        0     1                 
800007d2 800007d2        0     1                 
800007d2 800007d2        0     1                 
800007d4 800007d4        0     1                 
800007d6 800007d6        0     1                 
800007d6 800007d6        0     1                 
800007da 800007da        0     1                 
800007da 800007da        0     1                 
800007e2 800007e2        0     1                 
800007e2 800007e2        0     1                 
800007ee 800007ee        0     1                 
800007ee 800007ee        0     1                 
800007f2 800007f2        0     1                 
800007f4 800007f4        0     1                 
80000824 80000824        0     1                 
80000824 80000824        0     1                 
80000828 80000828        0     1                 
80000828 80000828        0     1                 
8000082c 8000082c        0     1                 
8000082c 8000082c        0     1                 
80000872 80000872        0     1                 
80000872 80000872        0     1                 
8000087e 8000087e        0     1                 
8000088a 8000088a        0     1                 
8000088c 8000088c        0     1                 
8000088c 8000088c        0     1                 
80000890 80000890        0     1                 
80000890 80000890        0     1                 
80000892 80000892        0     1                 
80000896 80000896        0     1                 
80000898 80000898        0     1                 
8000089c 8000089c        0     1                 
8000089c 8000089c        0     1                 
800008a0 800008a0        0     1                 
800008a4 800008a4        0     1                 
800008b4 800008b4        0     1                 
800008c0 800008c0        0     1                 
80000948 80000948        0     1                 
80000948 80000948        0     1                 
80000958 80000958        0     1                 
80000958 80000958        0     1                 
8000095c 8000095c        0     1                 
8000095c 8000095c        0     1                 
80000962 80000962        0     1                 
80000966 80000966        0     1                 
8000096e 8000096e        0     1                 
80000972 80000972        0     1                 
80000972 80000972        0     1                 
80000980 80000980        0     1                 
80000980 80000980        0     1                 
80000984 80000984        0     1                 
80000984 80000984        0     1                 
8000098e 8000098e        0     1                 
800009da 800009da        0     1                 
800009da 800009da        0     1                 
800009f6 800009f6        0     1                 
80000a00 80000a00        0     1                 
80000a08 80000a08        0     1                 
80000a08 80000a08        0     1                 
80000a0a 80000a0a        0     1                 
80000a0e 80000a0e        0     1                 
80000a0e 80000a0e        0     1                 
80000a1a 80000a1a        0     1                 
80000a20 80000a20        0     1                 
80000a24 80000a24        0     1                 
80000a24 80000a24        0     1                 
80000a28 80000a28        0     1                 
80000a28 80000a28        0     1                 
80000a2c 80000a2c        0     1                 
80000a30 80000a30        0     1                 
80000a30 80000a30        0     1                 
80000a34 80000a34        0     1                 
80000a38 80000a38        0     1                 
80000a3a 80000a3a        0     1                 
80000a3c 80000a3c        0     1                 
80000a3c 80000a3c        0     1                 
80000a44 80000a44        0     1                 
80000a44 80000a44        0     1                 
80000a50 80000a50        0     1                 
80000a50 80000a50        0     1                 
80000a52 80000a52        0     1                 
80000ac2 80000ac2        0     1                 
80000ac2 80000ac2        0     1                 
80000ac4 80000ac4        0     1                 
80000ac8 80000ac8        0     1                 
80000ae0 80000ae0        0     1                 
80000aea 80000aea        0     1                 
80000aea 80000aea        0     1                 
80000afa 80000afa        0     1                 
80000afa 80000afa        0     1                 
80000afe 80000afe        0     1                 
80000b02 80000b02        0     1                 
80000b08 80000b08        0     1                 
80000b08 80000b08        0     1                 
80000b12 80000b12        0     1                 
80000b14 80000b14        0     1                 
80000b18 80000b18        0     1                 
80000b1c 80000b1c        0     1                 
80000b20 80000b20        0     1                 
80000b2e 80000b2e        0     1                 
80000b34 80000b34        0     1                 
80000b34 80000b34        0     1                 
80000b38 80000b38        0     1                 
80000b3e 80000b3e        0     1                 
80000b50 80000b50        0     1                 
80000b50 80000b50        0     1                 
80000b5c 80000b5c        0     1                 
80000b5c 80000b5c        0     1                 
80000b90 80000b90        0     1                 
80000b94 80000b94        0     1                 
80000b94 80000b94        0     1                 
80000b98 80000b98        0     1                 
80000b9c 80000b9c        0     1                 
80000b9c 80000b9c        0     1                 
80000b9e 80000b9e        0     1                 
80000ba8 80000ba8        0     1                 
80000ba8 80000ba8        0     1                 
80000bac 80000bac        0     1                 
80000bac 80000bac        0     1                 
80000bfc 80000bfc        0     1                 
80000bfc 80000bfc        0     1                 
80000bfe 80000bfe        0     1                 
80000c02 80000c02        0     1                 
80000c1a 80000c1a        0     1                 
80000c24 80000c24        0     1                 
80000c2c 80000c2c        0     1                 
80000c2c 80000c2c        0     1                 
80000c2e 80000c2e        0     1                 
80000c2e 80000c2e        0     1                 
80000c32 80000c32        0     1                 
80000c34 80000c34        0     1                 
80000c34 80000c34        0     1                 
80000c36 80000c36        0     1                 
80000c36 80000c36        0     1                 
80000c3a 80000c3a        0     1                 
80000c3a 80000c3a        0     1                 
80000c40 80000c40        0     1                 
80000c40 80000c40        0     1                 
80000c44 80000c44        0     1                 
80000c4c 80000c4c        0     1                 
80000c4c 80000c4c        0     1                 
80000c4e 80000c4e        0     1                 
80000c4e 80000c4e        0     1                 
80000c50 80000c50        0     1                 
80000c50 80000c50        0     1                 
80000c54 80000c54        0     1                 
80000c54 80000c54        0     1                 
80000c58 80000c58        0     1                 
80000c58 80000c58        0     1                 
80000c5c 80000c5c        0     1                 
80000c68 80000c68        0     1                 
80000c6e 80000c6e        0     1                 
80000c6e 80000c6e        0     1                 
80000c74 80000c74        0     1                 
80000c74 80000c74        0     1                 
80000c78 80000c78        0     1                 
80000c78 80000c78        0     1                 
80000c7c 80000c7c        0     1                 
80000c7c 80000c7c        0     1                 
80000c7e 80000c7e        0     1                 
80000c7e 80000c7e        0     1                 
80000c82 80000c82        0     1                 
80000c82 80000c82        0     1                 
80000c84 80000c84        0     1                 
80000c84 80000c84        0     1                 
80000c86 80000c86        0     1                 
80000c86 80000c86        0     1                 
80000c8a 80000c8a        0     1                 
80000c8a 80000c8a        0     1                 
80000c8e 80000c8e        0     1                 
80000c8e 80000c8e        0     1                 
80000c92 80000c92        0     1                 
80000c94 80000c94        0     1                 
80000c94 80000c94        0     1                 
80000c96 80000c96        0     1                 
80000c98 80000c98        0     1                 
80000c98 80000c98        0     1                 
80000c9c 80000c9c        0     1                 
80000c9c 80000c9c        0     1                 
80000ca0 80000ca0        0     1                 
80000ca0 80000ca0        0     1                 
80000caa 80000caa        0     1                 
80000caa 80000caa        0     1                 
80000cb2 80000cb2        0     1                 
80000cb2 80000cb2        0     1                 
80000cba 80000cba        0     1                 
80000cc0 80000cc0        0     1                 
80000cd8 80000cd8        0     1                 
80000cdc 80000cdc        0     1                 
80000cdc 80000cdc        0     1                 
80000ce0 80000ce0        0     1                 
80000ce4 80000ce4        0     1                 
80000cea 80000cea        0     1                 
80000d02 80000d02        0     1                 
80000d0c 80000d0c        0     1                 
80000d0c 80000d0c        0     1                 
80000d20 80000d20        0     1                 
80000d20 80000d20        0     1                 
80000d24 80000d24        0     1                 
80000d24 80000d24        0     1                 
80000d36 80000d36        0     1                 
80000d36 80000d36        0     1                 
80000d3a 80000d3a        0     1                 
80000d3a 80000d3a        0     1                 
80000d3c 80000d3c        0     1                 
80000d3c 80000d3c        0     1                 
80000d3e 80000d3e        0     1                 
80000d44 80000d44        0     1                 
80000d44 80000d44        0     1                 
80000d58 80000d58        0     1                 
80000d58 80000d58        0     1                 
80000d5c 80000d5c        0     1                 
80000d5c 80000d5c        0     1                 
80000d60 80000d60        0     1                 
80000d60 80000d60        0     1                 
80000d66 80000d66        0     1                 
80000d66 80000d66        0     1                 
80000d6c 80000d6c        0     1                 
80000d70 80000d70        0     1                 
80000d76 80000d76        0     1                 
80000d76 80000d76        0     1                 
80000d78 80000d78        0     1                 
80000d80 80000d80        0     1                 
80000d80 80000d80        0     1                 
80000d84 80000d84        0     1                 
80000d84 80000d84        0     1                 
80000d90 80000d90        0     1                 
80000ddc 80000ddc        0     1                 
80000ddc 80000ddc        0     1                 
80000de4 80000de4        0     1                 
80000df6 80000df6        0     1                 
80000dfe 80000dfe        0     1                 
80000e08 80000e08        0     1                 
80000e0c 80000e0c        0     1                 
80000e10 80000e10        0     1                 
80000e10 80000e10        0     1                 
80000e16 80000e16        0     1                 
80000e16 80000e16        0     1                 
80000e1e 80000e1e        0     1                 
80000e1e 80000e1e        0     1                 
80000e22 80000e22        0     1                 
80000e22 80000e22        0     1                 
80000e28 80000e28        0     1                 
80000e28 80000e28        0     1                 
80000e5e 80000e5e        0     1                 
80000e5e 80000e5e        0     1                 
80000e66 80000e66        0     1                 
80000e6c 80000e6c        0     1                 
80000e76 80000e76        0     1                 
80000e7a 80000e7a        0     1                 
80000e7a 80000e7a        0     1                 
80000e7e 80000e7e        0     1                 
80000e7e 80000e7e        0     1                 
80000e80 80000e80        0     1                 
80000e80 80000e80        0     1                 
80000e8e 80000e8e        0     1                 
80000e8e 80000e8e        0     1                 
80000e9e 80000e9e        0     1                 
80000e9e 80000e9e        0     1                 
80000ea6 80000ea6        0     1                 
80000eaa 80000eaa        0     1                 
80000eb0 80000eb0        0     1                 
80000eb4 80000eb4        0     1                 
80000ebe 80000ebe        0     1                 
80000ec6 80000ec6        0     1                 
80000eca 80000eca        0     1                 
80000eca 80000eca        0     1                 
80000ed2 80000ed2        0     1                 
80000ed2 80000ed2        0     1                 
80000ed6 80000ed6        0     1                 
80000ed6 80000ed6        0     1                 
80000ed8 80000ed8        0     1                 
80000ee2 80000ee2        0     1                 
80000ee2 80000ee2        0     1                 
80000f36 80000f36        0     1                 
80000f36 80000f36        0     1                 
80000f3e 80000f3e        0     1                 
80000f48 80000f48        0     1                 
80000f5a 80000f5a        0     1                 
80000f5c 80000f5c        0     1                 
80000f5c 80000f5c        0     1                 
80000f6a 80000f6a        0     1                 
80000f6a 80000f6a        0     1                 
80000f6c 80000f6c        0     1                 
80000f6e 80000f6e        0     1                 
80000f6e 80000f6e        0     1                 
80000f76 80000f76        0     1                 
80000f76 80000f76        0     1                 
80000f82 80000f82        0     1                 
80000f90 80000f90        0     1                 
80000f90 80000f90        0     1                 
80000f92 80000f92        0     1                 
80000f94 80000f94        0     1                 
80000f94 80000f94        0     1                 
80000f98 80000f98        0     1                 
80000f98 80000f98        0     1                 
80000fa0 80000fa0        0     1                 
80000fa0 80000fa0        0     1                 
80000fb0 80000fb0        0     1                 
80000fb0 80000fb0        0     1                 
80000fca 80000fca        0     1                 
80000fca 80000fca        0     1                 
80000fda 80000fda        0     1                 
80000fda 80000fda        0     1                 
80000fda 80000fda        0     1                 
80000fda 80000fda        0     1                 
80000fda 80000fda       32     2         /home/kenta/repos/fpga_samples/rtl/displayport/test/sw-rs/target/riscv32imc-unknown-none-elf/release/deps/bootrom_rs-e43dc9fb7cfa4a2a.bootrom_rs.ac0f80643d59fcb4-cgu.0.rcgu.o:(.text._ZN68_$LT$bootrom_rs..AuxChRequestCommand$u20$as$u20$core..fmt..Debug$GT$3fmt17h73ca98ac50c3a4f5E)
80000fda 80000fda       32     1                 _$LT$bootrom_rs..AuxChRequestCommand$u20$as$u20$core..fmt..Debug$GT$::fmt::h73ca98ac50c3a4f5
80000fda 80000fda        0     1                 
80000fda 80000fda        0     1                 
80000fda 80000fda        0     1                 
80000fe8 80000fe8        0     1                 
80000ff0 80000ff0        0     1                 
80001002 80001002        0     1                 
80001002 80001002        0     1                 
8000100a 8000100a        0     1                 
8000100c 8000100c        0     1                 
8000100c 8000100c        0     1                 
8000100c 8000100c        0     1                 
8000100c 8000100c       4a     2         /home/kenta/repos/fpga_samples/rtl/displayport/test/sw-rs/target/riscv32imc-unknown-none-elf/release/deps/bootrom_rs-e43dc9fb7cfa4a2a.bootrom_rs.ac0f80643d59fcb4-cgu.0.rcgu.o:(.text._ZN71_$LT$bootrom_rs..AuxChRequesterResponse$u20$as$u20$core..fmt..Debug$GT$3fmt17h93a8e3e531ecb802E)
8000100c 8000100c       4a     1                 _$LT$bootrom_rs..AuxChRequesterResponse$u20$as$u20$core..fmt..Debug$GT$::fmt::h93a8e3e531ecb802
8000100c 8000100c        0     1                 
8000100c 8000100c        0     1                 
8000100c 8000100c        0     1                 
80001012 80001012        0     1                 
80001016 80001016        0     1                 
80001018 80001018        0     1                 
8000101a 8000101a        0     1                 
8000101c 8000101c        0     1                 
8000101c 8000101c        0     1                 
80001032 80001032        0     1                 
80001032 80001032        0     1                 
80001034 80001034        0     1                 
80001034 80001034        0     1                 
80001048 80001048        0     1                 
80001050 80001050        0     1                 
80001050 80001050        0     1                 
80001052 80001052        0     1                 
80001056 80001056        0     1                 
80001056 80001056        0     1                 
80001056 80001056        0     1                 
80001056 80001056       20     2         /home/kenta/repos/fpga_samples/rtl/displayport/test/sw-rs/target/riscv32imc-unknown-none-elf/release/deps/bootrom_rs-e43dc9fb7cfa4a2a.bootrom_rs.ac0f80643d59fcb4-cgu.0.rcgu.o:(.text._ZN72_$LT$bootrom_rs..AuxChNativeResponseKind$u20$as$u20$core..fmt..Debug$GT$3fmt17h0e8ecc980d9d85a9E)
80001056 80001056       20     1                 _$LT$bootrom_rs..AuxChNativeResponseKind$u20$as$u20$core..fmt..Debug$GT$::fmt::h0e8ecc980d9d85a9
80001056 80001056        0     1                 
80001056 80001056        0     1                 
80001056 80001056        0     1                 
80001066 80001066        0     1                 
80001066 80001066        0     1                 
80001068 80001068        0     1                 
80001068 80001068        0     1                 
8000106c 8000106c        0     1                 
8000106c 8000106c        0     1                 
80001070 80001070        0     1                 
80001070 80001070        0     1                 
80001072 80001072        0     1                 
80001072 80001072        0     1                 
80001076 80001076        0     1                 
80001076 80001076        0     1                 
80001076 80001076        4     2         /home/kenta/repos/fpga_samples/rtl/displayport/test/sw-rs/target/riscv32imc-unknown-none-elf/release/deps/bootrom_rs-e43dc9fb7cfa4a2a.bootrom_rs.ac0f80643d59fcb4-cgu.0.rcgu.o:(.text._ZN4core3ops8function6FnOnce9call_once17hef2e98a58306d44bE)
80001076 80001076        4     1                 core::ops::function::FnOnce::call_once::hef2e98a58306d44b
80001076 80001076        0     1                 
80001076 80001076        0     1                 
80001076 80001076        0     1                 
80001078 80001078        0     1                 
8000107a 8000107a        0     1                 
8000107a 8000107a        0     1                 
8000107a 8000107a        0     1                 
8000107a 8000107a        0     1                 
8000107a 8000107a       2c     2         /home/kenta/repos/fpga_samples/rtl/displayport/test/sw-rs/target/riscv32imc-unknown-none-elf/release/deps/bootrom_rs-e43dc9fb7cfa4a2a.bootrom_rs.ac0f80643d59fcb4-cgu.0.rcgu.o:(.text.unlikely._ZN4core9panicking9panic_fmt17h639571a17d035fdbE)
8000107a 8000107a       2c     1                 core::panicking::panic_fmt::h639571a17d035fdb
8000107a 8000107a        0     1                 
8000107a 8000107a        0     1                 
8000107a 8000107a        0     1                 
8000107c 8000107c        0     1                 
8000107c 8000107c        0     1                 
8000109c 8000109c        0     1                 
800010a6 800010a6        0     1                 
800010a6 800010a6        2     2         /home/kenta/repos/fpga_samples/rtl/displayport/test/sw-rs/target/riscv32imc-unknown-none-elf/release/deps/bootrom_rs-e43dc9fb7cfa4a2a.bootrom_rs.ac0f80643d59fcb4-cgu.0.rcgu.o:(.text._ZN4core3ptr37drop_in_place$LT$core..fmt..Error$GT$17h5a38cc124d3aba1bE)
800010a6 800010a6        2     1                 core::ptr::drop_in_place$LT$core..fmt..Error$GT$::h5a38cc124d3aba1b
800010a6 800010a6        0     1                 
800010a6 800010a6        0     1                 
800010a6 800010a6        0     1                 
800010a8 800010a8        0     1                 
800010a8 800010a8       2a     2         /home/kenta/repos/fpga_samples/rtl/displayport/test/sw-rs/target/riscv32imc-unknown-none-elf/release/deps/bootrom_rs-e43dc9fb7cfa4a2a.bootrom_rs.ac0f80643d59fcb4-cgu.0.rcgu.o:(.text._ZN36_$LT$T$u20$as$u20$core..any..Any$GT$7type_id17h1d8191a0d3cfb98fE)
800010a8 800010a8       2a     1                 _$LT$T$u20$as$u20$core..any..Any$GT$::type_id::h1d8191a0d3cfb98f
800010a8 800010a8        0     1                 
800010a8 800010a8        0     1                 
800010a8 800010a8        0     1                 
800010b0 800010b0        0     1                 
800010d2 800010d2        0     1                 
800010d2 800010d2       48     2         /home/kenta/repos/fpga_samples/rtl/displayport/test/sw-rs/target/riscv32imc-unknown-none-elf/release/deps/bootrom_rs-e43dc9fb7cfa4a2a.bootrom_rs.ac0f80643d59fcb4-cgu.0.rcgu.o:(.text.unlikely._ZN4core5slice5index26slice_start_index_len_fail17he60363178197bb97E)
800010d2 800010d2       48     1                 core::slice::index::slice_start_index_len_fail::he60363178197bb97
800010d2 800010d2        0     1                 
800010d2 800010d2        0     1                 
800010d2 800010d2        0     1                 
800010d4 800010d4        0     1                 
800010e0 800010e0        0     1                 
800010e0 800010e0        0     1                 
800010f2 800010f2        0     1                 
800010f2 800010f2        0     1                 
80001108 80001108        0     1                 
8000111a 8000111a        0     1                 
8000111a 8000111a       48     2         /home/kenta/repos/fpga_samples/rtl/displayport/test/sw-rs/target/riscv32imc-unknown-none-elf/release/deps/bootrom_rs-e43dc9fb7cfa4a2a.bootrom_rs.ac0f80643d59fcb4-cgu.0.rcgu.o:(.text.unlikely._ZN4core9panicking18panic_bounds_check17h11751ffb6c9cbcdbE)
8000111a 8000111a       48     1                 core::panicking::panic_bounds_check::h11751ffb6c9cbcdb
8000111a 8000111a        0     1                 
8000111a 8000111a        0     1                 
8000111a 8000111a        0     1                 
80001128 80001128        0     1                 
8000113a 8000113a        0     1                 
8000113a 8000113a        0     1                 
80001150 80001150        0     1                 
80001162 80001162        0     1                 
80001162 80001162        e     2         /home/kenta/repos/fpga_samples/rtl/displayport/test/sw-rs/target/riscv32imc-unknown-none-elf/release/deps/bootrom_rs-e43dc9fb7cfa4a2a.bootrom_rs.ac0f80643d59fcb4-cgu.0.rcgu.o:(.text._ZN4core3fmt3num3imp52_$LT$impl$u20$core..fmt..Display$u20$for$u20$u32$GT$3fmt17hc8f41ad79a6c142bE)
80001162 80001162        e     1                 core::fmt::num::imp::_$LT$impl$u20$core..fmt..Display$u20$for$u20$u32$GT$::fmt::hc8f41ad79a6c142b
80001162 80001162        0     1                 
80001162 80001162        0     1                 
80001162 80001162        0     1                 
80001166 80001166        0     1                 
80001170 80001170        0     1                 
80001170 80001170      152     2         /home/kenta/repos/fpga_samples/rtl/displayport/test/sw-rs/target/riscv32imc-unknown-none-elf/release/deps/bootrom_rs-e43dc9fb7cfa4a2a.bootrom_rs.ac0f80643d59fcb4-cgu.0.rcgu.o:(.text._ZN4core3fmt3num3imp7fmt_u3217h5f8e5cdde9fdfc5bE)
80001170 80001170      152     1                 core::fmt::num::imp::fmt_u32::h5f8e5cdde9fdfc5b
80001170 80001170        0     1                 
80001170 80001170        0     1                 
80001170 80001170        0     1                 
80001176 80001176        0     1                 
80001186 80001186        0     1                 
8000118a 8000118a        0     1                 
800011b6 800011b6        0     1                 
800011b8 800011b8        0     1                 
800011c6 800011c6        0     1                 
800011e0 800011e0        0     1                 
800011e0 800011e0        0     1                 
800011e2 800011e2        0     1                 
800011e2 800011e2        0     1                 
800011e6 800011e6        0     1                 
800011e6 800011e6        0     1                 
800011ea 800011ea        0     1                 
800011ea 800011ea        0     1                 
800011f2 800011f2        0     1                 
800011f2 800011f2        0     1                 
800011f4 800011f4        0     1                 
800011f4 800011f4        0     1                 
800011fc 800011fc        0     1                 
800011fc 800011fc        0     1                 
800011fe 800011fe        0     1                 
800011fe 800011fe        0     1                 
80001202 80001202        0     1                 
80001202 80001202        0     1                 
8000120a 8000120a        0     1                 
8000120a 8000120a        0     1                 
80001210 80001210        0     1                 
80001214 80001214        0     1                 
80001218 80001218        0     1                 
80001234 80001234        0     1                 
80001238 80001238        0     1                 
8000123a 8000123a        0     1                 
8000123a 8000123a        0     1                 
80001244 80001244        0     1                 
80001244 80001244        0     1                 
80001250 80001250        0     1                 
80001250 80001250        0     1                 
80001252 80001252        0     1                 
80001252 80001252        0     1                 
8000125c 8000125c        0     1                 
8000125c 8000125c        0     1                 
8000125e 8000125e        0     1                 
80001262 80001262        0     1                 
8000126a 8000126a        0     1                 
8000126a 8000126a        0     1                 
8000126c 8000126c        0     1                 
80001276 80001276        0     1                 
80001278 80001278        0     1                 
8000127c 8000127c        0     1                 
8000127c 8000127c        0     1                 
80001286 80001286        0     1                 
80001286 80001286        0     1                 
80001292 80001292        0     1                 
80001292 80001292        0     1                 
80001294 80001294        0     1                 
80001294 80001294        0     1                 
8000129c 8000129c        0     1                 
8000129c 8000129c        0     1                 
800012a0 800012a0        0     1                 
800012a0 800012a0        0     1                 
800012a6 800012a6        0     1                 
800012a8 800012a8        0     1                 
800012bc 800012bc        0     1                 
800012be 800012be        0     1                 
800012c2 800012c2        0     1                 
800012c2 800012c2        0     1                 
800012c2 800012c2        0     1                 
800012c2 800012c2      1f6     2         /home/kenta/repos/fpga_samples/rtl/displayport/test/sw-rs/target/riscv32imc-unknown-none-elf/release/deps/bootrom_rs-e43dc9fb7cfa4a2a.bootrom_rs.ac0f80643d59fcb4-cgu.0.rcgu.o:(.text._ZN4core3fmt9Formatter12pad_integral17hcc31ebe3456dd2ccE)
800012c2 800012c2      1f6     1                 core::fmt::Formatter::pad_integral::hcc31ebe3456dd2cc
800012c2 800012c2        0     1                 
800012c2 800012c2        0     1                 
800012c2 800012c2        0     1                 
800012e8 800012e8        0     1                 
800012ea 800012ea        0     1                 
800012ea 800012ea        0     1                 
800012f6 800012f6        0     1                 
800012fa 800012fa        0     1                 
800012fe 800012fe        0     1                 
80001300 80001300        0     1                 
80001300 80001300        0     1                 
80001304 80001304        0     1                 
80001304 80001304        0     1                 
80001306 80001306        0     1                 
80001308 80001308        0     1                 
80001308 80001308        0     1                 
8000130c 8000130c        0     1                 
80001310 80001310        0     1                 
80001314 80001314        0     1                 
80001314 80001314        0     1                 
8000131c 8000131c        0     1                 
8000131c 8000131c        0     1                 
8000131e 8000131e        0     1                 
80001324 80001324        0     1                 
80001324 80001324        0     1                 
80001326 80001326        0     1                 
8000132a 8000132a        0     1                 
8000132e 8000132e        0     1                 
8000132e 8000132e        0     1                 
80001332 80001332        0     1                 
80001332 80001332        0     1                 
8000133a 8000133a        0     1                 
8000133a 8000133a        0     1                 
8000133e 8000133e        0     1                 
8000133e 8000133e        0     1                 
80001340 80001340        0     1                 
80001342 80001342        0     1                 
80001346 80001346        0     1                 
80001348 80001348        0     1                 
8000134c 8000134c        0     1                 
80001350 80001350        0     1                 
80001350 80001350        0     1                 
80001354 80001354        0     1                 
80001354 80001354        0     1                 
8000135a 8000135a        0     1                 
8000135a 8000135a        0     1                 
8000135e 8000135e        0     1                 
8000135e 8000135e        0     1                 
80001366 80001366        0     1                 
80001366 80001366        0     1                 
80001384 80001384        0     1                 
800013a0 800013a0        0     1                 
800013a4 800013a4        0     1                 
800013ca 800013ca        0     1                 
800013ca 800013ca        0     1                 
800013d2 800013d2        0     1                 
800013d2 800013d2        0     1                 
800013d6 800013d6        0     1                 
800013d6 800013d6        0     1                 
800013e0 800013e0        0     1                 
800013e0 800013e0        0     1                 
800013e6 800013e6        0     1                 
800013e6 800013e6        0     1                 
800013ea 800013ea        0     1                 
800013ea 800013ea        0     1                 
800013fe 800013fe        0     1                 
80001400 80001400        0     1                 
80001400 80001400        0     1                 
80001406 80001406        0     1                 
80001406 80001406        0     1                 
8000140a 8000140a        0     1                 
8000140a 8000140a        0     1                 
80001418 80001418        0     1                 
80001418 80001418        0     1                 
8000141a 8000141a        0     1                 
8000141a 8000141a        0     1                 
8000141e 8000141e        0     1                 
80001422 80001422        0     1                 
8000142a 8000142a        0     1                 
8000143a 8000143a        0     1                 
8000143e 8000143e        0     1                 
8000143e 8000143e        0     1                 
80001440 80001440        0     1                 
80001442 80001442        0     1                 
80001442 80001442        0     1                 
8000144c 8000144c        0     1                 
8000144c 8000144c        0     1                 
80001450 80001450        0     1                 
80001466 80001466        0     1                 
80001472 80001472        0     1                 
80001472 80001472        0     1                 
8000147a 8000147a        0     1                 
8000147a 8000147a        0     1                 
8000147e 8000147e        0     1                 
8000147e 8000147e        0     1                 
80001482 80001482        0     1                 
80001482 80001482        0     1                 
8000148e 8000148e        0     1                 
8000148e 8000148e        0     1                 
80001494 80001494        0     1                 
80001494 80001494        0     1                 
800014a2 800014a2        0     1                 
800014a4 800014a4        0     1                 
800014a8 800014a8        0     1                 
800014b0 800014b0        0     1                 
800014b2 800014b2        0     1                 
800014b2 800014b2        0     1                 
800014b8 800014b8        0     1                 
800014b8 800014b8        0     1                 
800014b8 800014b8        0     1                 
800014b8 800014b8        0     1                 
800014b8 800014b8       52     2         /home/kenta/repos/fpga_samples/rtl/displayport/test/sw-rs/target/riscv32imc-unknown-none-elf/release/deps/bootrom_rs-e43dc9fb7cfa4a2a.bootrom_rs.ac0f80643d59fcb4-cgu.0.rcgu.o:(.text._ZN4core3fmt9Formatter12pad_integral12write_prefix17h7c82f370adf9e8f7E)
800014b8 800014b8       52     1                 core::fmt::Formatter::pad_integral::write_prefix::h7c82f370adf9e8f7
800014b8 800014b8        0     1                 
800014b8 800014b8        0     1                 
800014b8 800014b8        0     1                 
800014d0 800014d0        0     1                 
800014d4 800014d4        0     1                 
800014e2 800014e2        0     1                 
800014e4 800014e4        0     1                 
800014f6 800014f6        0     1                 
800014fa 800014fa        0     1                 
800014fc 800014fc        0     1                 
80001506 80001506        0     1                 
8000150a 8000150a        0     1                 
8000150a 8000150a        0     1                 
8000150a 8000150a        0     1                 
8000150a 8000150a       40     2         /home/kenta/repos/fpga_samples/rtl/displayport/test/sw-rs/target/riscv32imc-unknown-none-elf/release/deps/bootrom_rs-e43dc9fb7cfa4a2a.bootrom_rs.ac0f80643d59fcb4-cgu.0.rcgu.o:(.text.unlikely._ZN4core5slice5index24slice_end_index_len_fail17h7bcbf6998ed64932E)
8000150a 8000150a       40     1                 core::slice::index::slice_end_index_len_fail::h7bcbf6998ed64932
8000150a 8000150a        0     1                 
8000150a 8000150a        0     1                 
8000150a 8000150a        0     1                 
8000150c 8000150c        0     1                 
80001518 80001518        0     1                 
80001518 80001518        0     1                 
8000152a 8000152a        0     1                 
8000152a 8000152a        0     1                 
80001540 80001540        0     1                 
8000154a 8000154a        0     1                 
8000154a 8000154a      340     2         /home/kenta/repos/fpga_samples/rtl/displayport/test/sw-rs/target/riscv32imc-unknown-none-elf/release/deps/bootrom_rs-e43dc9fb7cfa4a2a.bootrom_rs.ac0f80643d59fcb4-cgu.0.rcgu.o:(.text._ZN4core3fmt9Formatter3pad17h95e278d504699b00E)
8000154a 8000154a      340     1                 core::fmt::Formatter::pad::h95e278d504699b00
8000154a 8000154a        0     1                 
8000154a 8000154a        0     1                 
8000154a 8000154a        0     1                 
8000154c 8000154c        0     1                 
8000154c 8000154c        0     1                 
80001562 80001562        0     1                 
8000156a 8000156a        0     1                 
8000156e 8000156e        0     1                 
80001572 80001572        0     1                 
80001576 80001576        0     1                 
80001576 80001576        0     1                 
8000157a 8000157a        0     1                 
8000157a 8000157a        0     1                 
8000158c 8000158c        0     1                 
80001590 80001590        0     1                 
80001590 80001590        0     1                 
80001592 80001592        0     1                 
80001596 80001596        0     1                 
80001596 80001596        0     1                 
8000159a 8000159a        0     1                 
8000159a 8000159a        0     1                 
8000159c 8000159c        0     1                 
8000159e 8000159e        0     1                 
8000159e 8000159e        0     1                 
800015a2 800015a2        0     1                 
800015a2 800015a2        0     1                 
800015aa 800015aa        0     1                 
800015ae 800015ae        0     1                 
800015b2 800015b2        0     1                 
800015b2 800015b2        0     1                 
800015b6 800015b6        0     1                 
800015b6 800015b6        0     1                 
800015ba 800015ba        0     1                 
800015be 800015be        0     1                 
800015c2 800015c2        0     1                 
800015c2 800015c2        0     1                 
800015c4 800015c4        0     1                 
800015c8 800015c8        0     1                 
800015cc 800015cc        0     1                 
800015d0 800015d0        0     1                 
800015d4 800015d4        0     1                 
800015d8 800015d8        0     1                 
800015d8 800015d8        0     1                 
800015da 800015da        0     1                 
800015de 800015de        0     1                 
800015e2 800015e2        0     1                 
800015e4 800015e4        0     1                 
800015e4 800015e4        0     1                 
800015e8 800015e8        0     1                 
800015e8 800015e8        0     1                 
80001606 80001606        0     1                 
80001606 80001606        0     1                 
8000160a 8000160a        0     1                 
8000160a 8000160a        0     1                 
8000160e 8000160e        0     1                 
80001612 80001612        0     1                 
8000161a 8000161a        0     1                 
8000161e 8000161e        0     1                 
80001622 80001622        0     1                 
80001626 80001626        0     1                 
8000162a 8000162a        0     1                 
8000162e 8000162e        0     1                 
8000162e 8000162e        0     1                 
80001632 80001632        0     1                 
80001632 80001632        0     1                 
80001636 80001636        0     1                 
8000163a 8000163a        0     1                 
8000163e 8000163e        0     1                 
8000163e 8000163e        0     1                 
80001644 80001644        0     1                 
80001648 80001648        0     1                 
8000164a 8000164a        0     1                 
80001650 80001650        0     1                 
80001650 80001650        0     1                 
80001654 80001654        0     1                 
80001654 80001654        0     1                 
80001656 80001656        0     1                 
8000165a 8000165a        0     1                 
8000165a 8000165a        0     1                 
8000165e 8000165e        0     1                 
80001666 80001666        0     1                 
80001666 80001666        0     1                 
8000166a 8000166a        0     1                 
8000166a 8000166a        0     1                 
8000166c 8000166c        0     1                 
8000166c 8000166c        0     1                 
80001672 80001672        0     1                 
80001672 80001672        0     1                 
80001676 80001676        0     1                 
80001676 80001676        0     1                 
80001678 80001678        0     1                 
80001678 80001678        0     1                 
8000167c 8000167c        0     1                 
8000167c 8000167c        0     1                 
80001680 80001680        0     1                 
80001684 80001684        0     1                 
8000168a 8000168a        0     1                 
8000168a 8000168a        0     1                 
8000168e 8000168e        0     1                 
80001690 80001690        0     1                 
80001690 80001690        0     1                 
80001694 80001694        0     1                 
80001698 80001698        0     1                 
8000169c 8000169c        0     1                 
8000169c 8000169c        0     1                 
800016a4 800016a4        0     1                 
800016a4 800016a4        0     1                 
800016a6 800016a6        0     1                 
800016ae 800016ae        0     1                 
800016ae 800016ae        0     1                 
800016b6 800016b6        0     1                 
800016b6 800016b6        0     1                 
800016be 800016be        0     1                 
800016be 800016be        0     1                 
800016c4 800016c4        0     1                 
800016c4 800016c4        0     1                 
800016c8 800016c8        0     1                 
800016ca 800016ca        0     1                 
800016ce 800016ce        0     1                 
800016ce 800016ce        0     1                 
800016d6 800016d6        0     1                 
800016d6 800016d6        0     1                 
800016d8 800016d8        0     1                 
800016de 800016de        0     1                 
800016de 800016de        0     1                 
800016e0 800016e0        0     1                 
800016e0 800016e0        0     1                 
800016e2 800016e2        0     1                 
800016e8 800016e8        0     1                 
800016ec 800016ec        0     1                 
800016ec 800016ec        0     1                 
800016f4 800016f4        0     1                 
800016f4 800016f4        0     1                 
800016f6 800016f6        0     1                 
800016fc 800016fc        0     1                 
800016fc 800016fc        0     1                 
80001714 80001714        0     1                 
8000171a 8000171a        0     1                 
80001728 80001728        0     1                 
80001728 80001728        0     1                 
8000172c 8000172c        0     1                 
8000172e 8000172e        0     1                 
80001732 80001732        0     1                 
80001734 80001734        0     1                 
80001734 80001734        0     1                 
80001738 80001738        0     1                 
8000173a 8000173a        0     1                 
8000173c 8000173c        0     1                 
8000173e 8000173e        0     1                 
8000173e 8000173e        0     1                 
[...]
     a80      a80        0     1                 
     ac1      ac1        0     1                 
     afb      afb        0     1                 
     b35      b35        0     1                 
     b6f      b6f        0     1                 
     b9b      b9b        0     1                 
     bdb      bdb        0     1                 
     c1b      c1b        0     1                 
     c5e      c5e        0     1                 
     ca1      ca1        0     1                 
     ccb      ccb        0     1                 
     cec      cec        0     1                 
     d10      d10        0     1                 
     d34      d34        0     1                 
     d4f      d4f        0     1                 
     d75      d75        0     1                 
     d9b      d9b        0     1                 
     dd0      dd0        0     1                 
     e10      e10        0     1                 
     e43      e43        0     1                 
     e67      e67        0     1                 
     e8b      e8b        0     1                 
     f43      f43        0     1                 
     f67      f67        0     1                 
     f87      f87        0     1                 
     fc3      fc3        0     1                 
     ff5      ff5        0     1                 
    1027     1027        0     1                 
    1063     1063        0     1                 
    1095     1095        0     1                 
    10c1     10c1        0     1                 
    10f4     10f4        0     1                 
    1118     1118        0     1                 
    113c     113c        0     1                 
    1183     1183        0     1                 
    11af     11af        0     1                 
    11cc     11cc        0     1                 
    11e7     11e7        0     1                 
    1204     1204        0     1                 
    1221     1221        0     1                 
    1349     1349        0     1                 
    1387     1387        0     1                 
    13b3     13b3        0     1                 
    140c     140c        0     1                 
    142a     142a        0     1                 
    1448     1448        0     1                 
    146e     146e        0     1                 
    148e     148e        0     1                 
    14b8     14b8        0     1                 
    14d3     14d3        0     1                 
    1514     1514        0     1                 
    1555     1555        0     1                 
    158f     158f        0     1                 
    15dd     15dd        0     1                 
    1607     1607        0     1                 
    1631     1631        0     1                 
    165b     165b        0     1                 
    167f     167f        0     1                 
    16a7     16a7        0     1                 
    16e1     16e1        0     1                 
    1700     1700        0     1                 
    173c     173c        0     1                 
    1764     1764        0     1                 
    1790     1790        0     1                 
    17b3     17b3        0     1                 
    17d6     17d6        0     1                 
    1802     1802        0     1                 
    182a     182a        0     1                 
    1850     1850        0     1                 
    1876     1876        0     1                 
    18a7     18a7        0     1                 
    18d8     18d8        0     1                 
    190b     190b        0     1                 
    193e     193e        0     1                 
    1971     1971        0     1                 
    1994     1994        0     1                 
    19b8     19b8        0     1                 
    19f9     19f9        0     1                 
    1a1f     1a1f        0     1                 
    1a43     1a43        0     1                 
    1a67     1a67        0     1                 
    1aa8     1aa8        0     1                 
    1aeb     1aeb        0     1                 
    1b0f     1b0f        0     1                 
    1b50     1b50        0     1                 
    1b8c     1b8c        0     1                 
    1bcc     1bcc        0     1                 
    1c08     1c08        0     1                 
    1c2e     1c2e        0     1                 
    1c54     1c54        0     1                 
    1c90     1c90        0     1                 
    1cb6     1cb6        0     1                 
    1ce2     1ce2        0     1                 
    1d08     1d08        0     1                 
    1d2b     1d2b        0     1                 
    1d4f     1d4f        0     1                 
    1d90     1d90        0     1                 
    1dab     1dab        0     1                 
    1dc6     1dc6        0     1                 
    1dec     1dec        0     1                 
    1e12     1e12        0     1                 
    1e2d     1e2d        0     1                 
    1e48     1e48        0     1                 
    1e63     1e63        0     1                 
    1e83     1e83        0     1                 
       0        0      8ca     1 .debug_abbrev
       0        0      7a9     1         /home/kenta/repos/fpga_samples/rtl/displayport/test/sw-rs/target/riscv32imc-unknown-none-elf/release/deps/bootrom_rs-e43dc9fb7cfa4a2a.bootrom_rs.ac0f80643d59fcb4-cgu.0.rcgu.o:(.debug_abbrev)
     7a9      7a9       2e     1         /home/kenta/.rustup/toolchains/stable-x86_64-unknown-linux-gnu/lib/rustlib/riscv32imc-unknown-none-elf/lib/libcompiler_builtins-2a2322721fcadcfc.rlib(compiler_builtins-2a2322721fcadcfc.compiler_builtins.c99ba87fabe3f628-cgu.067.rcgu.o):(.debug_abbrev)
     7d7      7d7       c5     1         /home/kenta/.rustup/toolchains/stable-x86_64-unknown-linux-gnu/lib/rustlib/riscv32imc-unknown-none-elf/lib/libcompiler_builtins-2a2322721fcadcfc.rlib(compiler_builtins-2a2322721fcadcfc.compiler_builtins.c99ba87fabe3f628-cgu.003.rcgu.o):(.debug_abbrev)
     89c      89c       2e     1         /home/kenta/.rustup/toolchains/stable-x86_64-unknown-linux-gnu/lib/rustlib/riscv32imc-unknown-none-elf/lib/libcompiler_builtins-2a2322721fcadcfc.rlib(compiler_builtins-2a2322721fcadcfc.compiler_builtins.c99ba87fabe3f628-cgu.114.rcgu.o):(.debug_abbrev)
       0        0     a228     1 .debug_info
       0        0     989c     1         /home/kenta/repos/fpga_samples/rtl/displayport/test/sw-rs/target/riscv32imc-unknown-none-elf/release/deps/bootrom_rs-e43dc9fb7cfa4a2a.bootrom_rs.ac0f80643d59fcb4-cgu.0.rcgu.o:(.debug_info)
       0        0        0     1                 
    72ec     72ec        0     1                 
    746d     746d        0     1                 
    967b     967b        0     1                 
    989c     989c       4b     1         /home/kenta/.rustup/toolchains/stable-x86_64-unknown-linux-gnu/lib/rustlib/riscv32imc-unknown-none-elf/lib/libcompiler_builtins-2a2322721fcadcfc.rlib(compiler_builtins-2a2322721fcadcfc.compiler_builtins.c99ba87fabe3f628-cgu.067.rcgu.o):(.debug_info)
    989c     989c        0     1                 
    98e7     98e7      8f6     1         /home/kenta/.rustup/toolchains/stable-x86_64-unknown-linux-gnu/lib/rustlib/riscv32imc-unknown-none-elf/lib/libcompiler_builtins-2a2322721fcadcfc.rlib(compiler_builtins-2a2322721fcadcfc.compiler_builtins.c99ba87fabe3f628-cgu.003.rcgu.o):(.debug_info)
    98e7     98e7        0     1                 
    a1dd     a1dd       4b     1         /home/kenta/.rustup/toolchains/stable-x86_64-unknown-linux-gnu/lib/rustlib/riscv32imc-unknown-none-elf/lib/libcompiler_builtins-2a2322721fcadcfc.rlib(compiler_builtins-2a2322721fcadcfc.compiler_builtins.c99ba87fabe3f628-cgu.114.rcgu.o):(.debug_info)
    a1dd     a1dd        0     1                 
       0        0      300     1 .debug_aranges
       0        0      230     1         /home/kenta/repos/fpga_samples/rtl/displayport/test/sw-rs/target/riscv32imc-unknown-none-elf/release/deps/bootrom_rs-e43dc9fb7cfa4a2a.bootrom_rs.ac0f80643d59fcb4-cgu.0.rcgu.o:(.debug_aranges)
     230      230       20     1         /home/kenta/.rustup/toolchains/stable-x86_64-unknown-linux-gnu/lib/rustlib/riscv32imc-unknown-none-elf/lib/libcompiler_builtins-2a2322721fcadcfc.rlib(compiler_builtins-2a2322721fcadcfc.compiler_builtins.c99ba87fabe3f628-cgu.067.rcgu.o):(.debug_aranges)
     250      250       90     1         /home/kenta/.rustup/toolchains/stable-x86_64-unknown-linux-gnu/lib/rustlib/riscv32imc-unknown-none-elf/lib/libcompiler_builtins-2a2322721fcadcfc.rlib(compiler_builtins-2a2322721fcadcfc.compiler_builtins.c99ba87fabe3f628-cgu.003.rcgu.o):(.debug_aranges)
     2e0      2e0       20     1         /home/kenta/.rustup/toolchains/stable-x86_64-unknown-linux-gnu/lib/rustlib/riscv32imc-unknown-none-elf/lib/libcompiler_builtins-2a2322721fcadcfc.rlib(compiler_builtins-2a2322721fcadcfc.compiler_builtins.c99ba87fabe3f628-cgu.114.rcgu.o):(.debug_aranges)
       0        0     11d0     1 .debug_ranges
       0        0     1108     1         /home/kenta/repos/fpga_samples/rtl/displayport/test/sw-rs/target/riscv32imc-unknown-none-elf/release/deps/bootrom_rs-e43dc9fb7cfa4a2a.bootrom_rs.ac0f80643d59fcb4-cgu.0.rcgu.o:(.debug_ranges)
       0        0        0     1                 
      18       18        0     1                 
      30       30        0     1                 
      48       48        0     1                 
      60       60        0     1                 
      80       80        0     1                 
      98       98        0     1                 
      b0       b0        0     1                 
      d0       d0        0     1                 
      e8       e8        0     1                 
     100      100        0     1                 
     118      118        0     1                 
     130      130        0     1                 
     148      148        0     1                 
     160      160        0     1                 
     178      178        0     1                 
     190      190        0     1                 
     1a8      1a8        0     1                 
     1c0      1c0        0     1                 
     1d8      1d8        0     1                 
     1f0      1f0        0     1                 
     208      208        0     1                 
     228      228        0     1                 
     248      248        0     1                 
     268      268        0     1                 
     280      280        0     1                 
     298      298        0     1                 
     2b0      2b0        0     1                 
     2d0      2d0        0     1                 
     2e8      2e8        0     1                 
     300      300        0     1                 
     318      318        0     1                 
     330      330        0     1                 
     348      348        0     1                 
     360      360        0     1                 
     378      378        0     1                 
     390      390        0     1                 
     3a8      3a8        0     1                 
     3c0      3c0        0     1                 
     3d8      3d8        0     1                 
     3f0      3f0        0     1                 
     408      408        0     1                 
     420      420        0     1                 
     438      438        0     1                 
     450      450        0     1                 
     468      468        0     1                 
     480      480        0     1                 
     498      498        0     1                 
     4b0      4b0        0     1                 
     4c8      4c8        0     1                 
     4e0      4e0        0     1                 
     4f8      4f8        0     1                 
     510      510        0     1                 
     530      530        0     1                 
     550      550        0     1                 
     570      570        0     1                 
     588      588        0     1                 
     5a0      5a0        0     1                 
     5b8      5b8        0     1                 
     5d0      5d0        0     1                 
     5e8      5e8        0     1                 
     608      608        0     1                 
     628      628        0     1                 
     648      648        0     1                 
     660      660        0     1                 
     678      678        0     1                 
     690      690        0     1                 
     6a8      6a8        0     1                 
     6c0      6c0        0     1                 
     6e0      6e0        0     1                 
     6f8      6f8        0     1                 
     710      710        0     1                 
     728      728        0     1                 
     740      740        0     1                 
     768      768        0     1                 
     790      790        0     1                 
     7b0      7b0        0     1                 
     7d0      7d0        0     1                 
     7f0      7f0        0     1                 
     810      810        0     1                 
     830      830        0     1                 
     848      848        0     1                 
     860      860        0     1                 
     878      878        0     1                 
     890      890        0     1                 
     8a8      8a8        0     1                 
     8c0      8c0        0     1                 
     8d8      8d8        0     1                 
     8f0      8f0        0     1                 
     908      908        0     1                 
     920      920        0     1                 
     938      938        0     1                 
     950      950        0     1                 
     968      968        0     1                 
     980      980        0     1                 
     9a0      9a0        0     1                 
     9c0      9c0        0     1                 
     9d8      9d8        0     1                 
     9f0      9f0        0     1                 
     a08      a08        0     1                 
     a28      a28        0     1                 
     a48      a48        0     1                 
     a60      a60        0     1                 
     a80      a80        0     1                 
     aa0      aa0        0     1                 
     ac0      ac0        0     1                 
     ad8      ad8        0     1                 
     af0      af0        0     1                 
     b08      b08        0     1                 
     b20      b20        0     1                 
     b38      b38        0     1                 
     b50      b50        0     1                 
     b70      b70        0     1                 
     ba8      ba8        0     1                 
     bd0      bd0        0     1                 
     bf0      bf0        0     1                 
     c08      c08        0     1                 
     c20      c20        0     1                 
     c38      c38        0     1                 
     c50      c50        0     1                 
     c68      c68        0     1                 
     c80      c80        0     1                 
     ca0      ca0        0     1                 
     cc0      cc0        0     1                 
     cd8      cd8        0     1                 
     cf0      cf0        0     1                 
     d08      d08        0     1                 
     d20      d20        0     1                 
     d38      d38        0     1                 
     d50      d50        0     1                 
     d68      d68        0     1                 
     d80      d80        0     1                 
     d98      d98        0     1                 
     db0      db0        0     1                 
     dc8      dc8        0     1                 
     de0      de0        0     1                 
     df8      df8        0     1                 
     e10      e10        0     1                 
     e28      e28        0     1                 
     e40      e40        0     1                 
     e58      e58        0     1                 
     e70      e70        0     1                 
     e88      e88        0     1                 
     ea0      ea0        0     1                 
     eb8      eb8        0     1                 
     ed0      ed0        0     1                 
     ee8      ee8        0     1                 
     f00      f00        0     1                 
     f18      f18        0     1                 
     f30      f30        0     1                 
     f48      f48        0     1                 
    1010     1010        0     1                 
    10f0     10f0        0     1                 
    1108     1108       c8     1         /home/kenta/.rustup/toolchains/stable-x86_64-unknown-linux-gnu/lib/rustlib/riscv32imc-unknown-none-elf/lib/libcompiler_builtins-2a2322721fcadcfc.rlib(compiler_builtins-2a2322721fcadcfc.compiler_builtins.c99ba87fabe3f628-cgu.003.rcgu.o):(.debug_ranges)
    1108     1108        0     1                 
    1120     1120        0     1                 
    1138     1138        0     1                 
    1150     1150        0     1                 
       0        0     efff     1 .debug_str
       0        0     efff     1         <internal>:(.debug_str)
       0        0       40     1 .comment
       0        0       40     1         <internal>:(.comment)
       0        0       26     1 .riscv.attributes
       0        0       26     1         <internal>:(.riscv.attributes)
       0        0     42b0     1 .debug_line
       0        0     377a     1         /home/kenta/repos/fpga_samples/rtl/displayport/test/sw-rs/target/riscv32imc-unknown-none-elf/release/deps/bootrom_rs-e43dc9fb7cfa4a2a.bootrom_rs.ac0f80643d59fcb4-cgu.0.rcgu.o:(.debug_line)
       0        0        0     1                 .Lline_table_start0
    1b83     1b83        0     1                 .Lline_table_start1
    1bb3     1bb3        0     1                 .Lline_table_start2
    1bd1     1bd1        0     1                 .Lline_table_start3
    1bef     1bef        0     1                 .Lline_table_start4
    1c0d     1c0d        0     1                 .Lline_table_start5
    35e9     35e9        0     1                 .Lline_table_start6
    377a     377a       43     1         /home/kenta/.rustup/toolchains/stable-x86_64-unknown-linux-gnu/lib/rustlib/riscv32imc-unknown-none-elf/lib/libcompiler_builtins-2a2322721fcadcfc.rlib(compiler_builtins-2a2322721fcadcfc.compiler_builtins.c99ba87fabe3f628-cgu.067.rcgu.o):(.debug_line)
    377a     377a        0     1                 .Lline_table_start0
    37bd     37bd      ab0     1         /home/kenta/.rustup/toolchains/stable-x86_64-unknown-linux-gnu/lib/rustlib/riscv32imc-unknown-none-elf/lib/libcompiler_builtins-2a2322721fcadcfc.rlib(compiler_builtins-2a2322721fcadcfc.compiler_builtins.c99ba87fabe3f628-cgu.003.rcgu.o):(.debug_line)
    37bd     37bd        0     1                 .Lline_table_start0
    426d     426d       43     1         /home/kenta/.rustup/toolchains/stable-x86_64-unknown-linux-gnu/lib/rustlib/riscv32imc-unknown-none-elf/lib/libcompiler_builtins-2a2322721fcadcfc.rlib(compiler_builtins-2a2322721fcadcfc.compiler_builtins.c99ba87fabe3f628-cgu.114.rcgu.o):(.debug_line)
    426d     426d        0     1                 .Lline_table_start0
       0        0     f1c0     4 .symtab
       0        0     f1c0     4         <internal>:(.symtab)
       0        0       be     1 .shstrtab
       0        0       be     1         <internal>:(.shstrtab)
       0        0     1e0e     1 .strtab
       0        0     1e0e     1         <internal>:(.strtab)
