     VMA      LMA     Size Align Out     In      Symbol
80000000 80000000        4     1 .isr_vector
80000000 80000000        0     1         . = ALIGN(4)
80000000 80000000        4     1         /home/kenta/repos/fpga_samples/rtl/displayport/test/sw-rs/target/riscv32imc-unknown-none-elf/release/deps/bootrom_rs-e5eb5b1023555d08.bootrom_rs.30b7ddda3c400c0b-cgu.0.rcgu.o:(.isr_vector)
80000000 80000000        0     1                 $x
80000004 80000004        0     1         . = ALIGN(4)
80000004 80000004     27c0     2 .text
80000004 80000004        0     1         . = ALIGN(4)
80000004 80000004       1e     2         /home/kenta/repos/fpga_samples/rtl/displayport/test/sw-rs/target/riscv32imc-unknown-none-elf/release/deps/bootrom_rs-e5eb5b1023555d08.bootrom_rs.30b7ddda3c400c0b-cgu.0.rcgu.o:(.text)
80000004 80000004        0     1                 _start
80000004 80000004        0     1                 .Lpcrel_hi0
80000004 80000004        0     1                 $x
80000022 80000022       38     2         /home/kenta/repos/fpga_samples/rtl/displayport/test/sw-rs/target/riscv32imc-unknown-none-elf/release/deps/bootrom_rs-e5eb5b1023555d08.bootrom_rs.30b7ddda3c400c0b-cgu.0.rcgu.o:(.text._ZN10bootrom_rs3aux5AuxCh10send_reply17h84e94e564ba0d46dE)
80000022 80000022       38     1                 bootrom_rs::aux::AuxCh::send_reply::h84e94e564ba0d46d
80000022 80000022        0     1                 .L0 
80000022 80000022        0     1                 .L0 
80000022 80000022        0     1                 $x
80000022 80000022        0     1                 .L0 
80000026 80000026        0     1                 .L0 
8000002e 8000002e        0     1                 .L0 
80000032 80000032        0     1                 .L0 
80000034 80000034        0     1                 .L0 
80000036 80000036        0     1                 .L0 
80000038 80000038        0     1                 .L0 
8000003a 8000003a        0     1                 .L0 
8000003c 8000003c        0     1                 .L0 
80000042 80000042        0     1                 .L0 
80000048 80000048        0     1                 .L0 
8000004c 8000004c        0     1                 .L0 
80000050 80000050        0     1                 .L0 
80000054 80000054        0     1                 .L0 
8000005a 8000005a        0     1                 .L0 
8000005a 8000005a      1c0     2         /home/kenta/repos/fpga_samples/rtl/displayport/test/sw-rs/target/riscv32imc-unknown-none-elf/release/deps/bootrom_rs-e5eb5b1023555d08.bootrom_rs.30b7ddda3c400c0b-cgu.0.rcgu.o:(.text._ZN10bootrom_rs3aux5AuxCh23send_request_wait_reply17hd0686742d3a37d3cE)
8000005a 8000005a      1c0     1                 bootrom_rs::aux::AuxCh::send_request_wait_reply::hd0686742d3a37d3c
8000005a 8000005a        0     1                 .L0 
8000005a 8000005a        0     1                 .L0 
8000005a 8000005a        0     1                 $x
8000005a 8000005a        0     1                 .L0 
80000062 80000062        0     1                 .L0 
8000007a 8000007a        0     1                 .L0 
80000082 80000082        0     1                 .L0 
80000086 80000086        0     1                 .L0 
800000ae 800000ae        0     1                 .L0 
800000b2 800000b2        0     1                 .L0 
800000b6 800000b6        0     1                 .L0 
800000b8 800000b8        0     1                 .L0 
800000bc 800000bc        0     1                 .L0 
800000be 800000be        0     1                 .L0 
800000c2 800000c2        0     1                 .L0 
800000c4 800000c4        0     1                 .L0 
800000dc 800000dc        0     1                 .L0 
800000e0 800000e0        0     1                 .L0 
800000f4 800000f4        0     1                 .L0 
800000fc 800000fc        0     1                 .L0 
800000fe 800000fe        0     1                 .L0 
80000100 80000100        0     1                 .L0 
80000106 80000106        0     1                 .L0 
80000108 80000108        0     1                 .L0 
8000010c 8000010c        0     1                 .L0 
80000112 80000112        0     1                 .L0 
80000118 80000118        0     1                 .L0 
8000011c 8000011c        0     1                 .L0 
80000122 80000122        0     1                 .L0 
80000126 80000126        0     1                 .L0 
8000012a 8000012a        0     1                 .L0 
8000012e 8000012e        0     1                 .L0 
80000132 80000132        0     1                 .L0 
80000136 80000136        0     1                 .L0 
80000142 80000142        0     1                 .L0 
80000146 80000146        0     1                 .L0 
80000148 80000148        0     1                 .L0 
8000014a 8000014a        0     1                 .L0 
8000014e 8000014e        0     1                 .L0 
80000150 80000150        0     1                 .L0 
8000015e 8000015e        0     1                 .L0 
80000162 80000162        0     1                 .L0 
80000164 80000164        0     1                 .L0 
80000168 80000168        0     1                 .L0 
8000016c 8000016c        0     1                 .L0 
80000174 80000174        0     1                 .L0 
8000017c 8000017c        0     1                 .L0 
8000017e 8000017e        0     1                 .L0 
80000182 80000182        0     1                 .L0 
80000188 80000188        0     1                 .L0 
80000194 80000194        0     1                 .L0 
800001a2 800001a2        0     1                 .L0 
800001a6 800001a6        0     1                 .L0 
800001ac 800001ac        0     1                 .L0 
800001b0 800001b0        0     1                 .L0 
800001c6 800001c6        0     1                 .L0 
800001c8 800001c8        0     1                 .L0 
800001ca 800001ca        0     1                 .L0 
800001ce 800001ce        0     1                 .L0 
800001d6 800001d6        0     1                 .L0 
800001da 800001da        0     1                 .L0 
800001e0 800001e0        0     1                 .L0 
800001e2 800001e2        0     1                 .L0 
800001e4 800001e4        0     1                 .L0 
800001f0 800001f0        0     1                 .L0 
800001f4 800001f4        0     1                 .L0 
80000208 80000208        0     1                 .L0 
8000021a 8000021a        0     1                 .L0 
8000021a 8000021a        0     1                 .L0 
8000021a 8000021a       7e     2         /home/kenta/repos/fpga_samples/rtl/displayport/test/sw-rs/target/riscv32imc-unknown-none-elf/release/deps/bootrom_rs-e5eb5b1023555d08.bootrom_rs.30b7ddda3c400c0b-cgu.0.rcgu.o:(.text._ZN10bootrom_rs4edid8transact17h94d05537d87a6a73E)
8000021a 8000021a       7e     1                 bootrom_rs::edid::transact::h94d05537d87a6a73
8000021a 8000021a        0     1                 .L0 
8000021a 8000021a        0     1                 .L0 
8000021a 8000021a        0     1                 $x
8000021a 8000021a        0     1                 .L0 
80000238 80000238        0     1                 .L0 
8000025c 8000025c        0     1                 .L0 
80000260 80000260        0     1                 .L0 
8000026a 8000026a        0     1                 .L0 
8000026e 8000026e        0     1                 .L0 
80000286 80000286        0     1                 .L0 
80000298 80000298        0     1                 .L0 
80000298 80000298       7c     2         /home/kenta/repos/fpga_samples/rtl/displayport/test/sw-rs/target/riscv32imc-unknown-none-elf/release/deps/bootrom_rs-e5eb5b1023555d08.bootrom_rs.30b7ddda3c400c0b-cgu.0.rcgu.o:(.text._ZN42_$LT$$RF$T$u20$as$u20$core..fmt..Debug$GT$3fmt17hb8c721513c3f39d6E)
80000298 80000298       7c     1                 _$LT$$RF$T$u20$as$u20$core..fmt..Debug$GT$::fmt::hb8c721513c3f39d6
80000298 80000298        0     1                 .L0 
80000298 80000298        0     1                 .L0 
80000298 80000298        0     1                 $x
80000298 80000298        0     1                 .L0 
800002ba 800002ba        0     1                 .L0 
800002dc 800002dc        0     1                 .L0 
800002ee 800002ee        0     1                 .L0 
80000306 80000306        0     1                 .L0 
8000030c 8000030c        0     1                 .L0 
80000314 80000314        0     1                 .L0 
80000314 80000314        0     1                 .L0 
80000314 80000314       14     2         /home/kenta/repos/fpga_samples/rtl/displayport/test/sw-rs/target/riscv32imc-unknown-none-elf/release/deps/bootrom_rs-e5eb5b1023555d08.bootrom_rs.30b7ddda3c400c0b-cgu.0.rcgu.o:(.text._ZN42_$LT$$RF$T$u20$as$u20$core..fmt..Debug$GT$3fmt17he62feb4a5ecba799E)
80000314 80000314       14     1                 _$LT$$RF$T$u20$as$u20$core..fmt..Debug$GT$::fmt::he62feb4a5ecba799
80000314 80000314        0     1                 .L0 
80000314 80000314        0     1                 .L0 
80000314 80000314        0     1                 $x
80000314 80000314        0     1                 .L0 
80000328 80000328        0     1                 .L0 
80000328 80000328       10     2         /home/kenta/repos/fpga_samples/rtl/displayport/test/sw-rs/target/riscv32imc-unknown-none-elf/release/deps/bootrom_rs-e5eb5b1023555d08.bootrom_rs.30b7ddda3c400c0b-cgu.0.rcgu.o:(.text._ZN44_$LT$$RF$T$u20$as$u20$core..fmt..Display$GT$3fmt17h58814cacca545d1aE)
80000328 80000328       10     1                 _$LT$$RF$T$u20$as$u20$core..fmt..Display$GT$::fmt::h58814cacca545d1a
80000328 80000328        0     1                 .L0 
80000328 80000328        0     1                 .L0 
80000328 80000328        0     1                 $x
80000328 80000328        0     1                 .L0 
8000032e 8000032e        0     1                 .L0 
80000338 80000338        0     1                 .L0 
80000338 80000338       b2     2         /home/kenta/repos/fpga_samples/rtl/displayport/test/sw-rs/target/riscv32imc-unknown-none-elf/release/deps/bootrom_rs-e5eb5b1023555d08.bootrom_rs.30b7ddda3c400c0b-cgu.0.rcgu.o:(.text._ZN44_$LT$$RF$T$u20$as$u20$core..fmt..Display$GT$3fmt17hb6b30607ae0fe4dfE)
80000338 80000338       b2     1                 _$LT$$RF$T$u20$as$u20$core..fmt..Display$GT$::fmt::hb6b30607ae0fe4df
80000338 80000338        0     1                 .L0 
80000338 80000338        0     1                 .L0 
80000338 80000338        0     1                 $x
80000338 80000338        0     1                 .L0 
80000356 80000356        0     1                 .L0 
8000036a 8000036a        0     1                 .L0 
8000036c 8000036c        0     1                 .L0 
80000370 80000370        0     1                 .L0 
80000390 80000390        0     1                 .L0 
80000394 80000394        0     1                 .L0 
80000398 80000398        0     1                 .L0 
800003ae 800003ae        0     1                 .L0 
800003b0 800003b0        0     1                 .L0 
800003be 800003be        0     1                 .L0 
800003c8 800003c8        0     1                 .L0 
800003ea 800003ea        0     1                 .L0 
800003ea 800003ea      134     2         /home/kenta/repos/fpga_samples/rtl/displayport/test/sw-rs/target/riscv32imc-unknown-none-elf/release/deps/bootrom_rs-e5eb5b1023555d08.bootrom_rs.30b7ddda3c400c0b-cgu.0.rcgu.o:(.text._ZN48_$LT$$u5b$T$u5d$$u20$as$u20$core..fmt..Debug$GT$3fmt17h43dc6bb1fca20f60E)
800003ea 800003ea      134     1                 _$LT$$u5b$T$u5d$$u20$as$u20$core..fmt..Debug$GT$::fmt::h43dc6bb1fca20f60
800003ea 800003ea        0     1                 .L0 
800003ea 800003ea        0     1                 .L0 
800003ea 800003ea        0     1                 $x
800003ea 800003ea        0     1                 .L0 
8000040a 8000040a        0     1                 .L0 
80000424 80000424        0     1                 .L0 
80000426 80000426        0     1                 .L0 
80000444 80000444        0     1                 .L0 
8000044c 8000044c        0     1                 .L0 
8000045a 8000045a        0     1                 .L0 
80000472 80000472        0     1                 .L0 
80000474 80000474        0     1                 .L0 
80000482 80000482        0     1                 .L0 
8000048a 8000048a        0     1                 .L0 
8000048c 8000048c        0     1                 .L0 
8000049a 8000049a        0     1                 .L0 
8000049c 8000049c        0     1                 .L0 
800004a0 800004a0        0     1                 .L0 
800004b6 800004b6        0     1                 .L0 
800004c2 800004c2        0     1                 .L0 
800004c8 800004c8        0     1                 .L0 
800004dc 800004dc        0     1                 .L0 
800004de 800004de        0     1                 .L0 
800004e0 800004e0        0     1                 .L0 
800004e2 800004e2        0     1                 .L0 
800004e6 800004e6        0     1                 .L0 
8000051e 8000051e        0     1                 .L0 
8000051e 8000051e        c     2         /home/kenta/repos/fpga_samples/rtl/displayport/test/sw-rs/target/riscv32imc-unknown-none-elf/release/deps/bootrom_rs-e5eb5b1023555d08.bootrom_rs.30b7ddda3c400c0b-cgu.0.rcgu.o:(.text._ZN4core5array69_$LT$impl$u20$core..fmt..Debug$u20$for$u20$$u5b$T$u3b$$u20$N$u5d$$GT$3fmt17h788004dd57ed36d5E)
8000051e 8000051e        c     1                 core::array::_$LT$impl$u20$core..fmt..Debug$u20$for$u20$$u5b$T$u3b$$u20$N$u5d$$GT$::fmt::h788004dd57ed36d5
8000051e 8000051e        0     1                 .L0 
8000051e 8000051e        0     1                 .L0 
8000051e 8000051e        0     1                 $x
8000051e 8000051e        0     1                 .L0 
80000520 80000520        0     1                 .L0 
8000052a 8000052a        0     1                 .L0 
8000052a 8000052a       64     2         /home/kenta/repos/fpga_samples/rtl/displayport/test/sw-rs/target/riscv32imc-unknown-none-elf/release/deps/bootrom_rs-e5eb5b1023555d08.bootrom_rs.30b7ddda3c400c0b-cgu.0.rcgu.o:(.text._ZN10bootrom_rs4dpcd10read_block17h5b504821b8c1e6b5E)
8000052a 8000052a       64     1                 bootrom_rs::dpcd::read_block::h5b504821b8c1e6b5
8000052a 8000052a        0     1                 .L0 
8000052a 8000052a        0     1                 .L0 
8000052a 8000052a        0     1                 $x
8000052a 8000052a        0     1                 .L0 
80000538 80000538        0     1                 .L0 
8000054e 8000054e        0     1                 .L0 
8000055c 8000055c        0     1                 .L0 
8000056a 8000056a        0     1                 .L0 
8000056e 8000056e        0     1                 .L0 
80000570 80000570        0     1                 .L0 
80000572 80000572        0     1                 .L0 
80000582 80000582        0     1                 .L0 
8000058e 8000058e        0     1                 .L0 
8000058e 8000058e       a6     2         /home/kenta/repos/fpga_samples/rtl/displayport/test/sw-rs/target/riscv32imc-unknown-none-elf/release/deps/bootrom_rs-e5eb5b1023555d08.bootrom_rs.30b7ddda3c400c0b-cgu.0.rcgu.o:(.text._ZN10bootrom_rs4dpcd8transact17ha8fc969084200f7bE)
8000058e 8000058e       a6     1                 bootrom_rs::dpcd::transact::ha8fc969084200f7b
8000058e 8000058e        0     1                 .L0 
8000058e 8000058e        0     1                 .L0 
8000058e 8000058e        0     1                 $x
8000058e 8000058e        0     1                 .L0 
800005ae 800005ae        0     1                 .L0 
800005c8 800005c8        0     1                 .L0 
800005ce 800005ce        0     1                 .L0 
800005e2 800005e2        0     1                 .L0 
800005ea 800005ea        0     1                 .L0 
800005f8 800005f8        0     1                 .L0 
80000600 80000600        0     1                 .L0 
80000602 80000602        0     1                 .L0 
80000614 80000614        0     1                 .L0 
80000618 80000618        0     1                 .L0 
8000061c 8000061c        0     1                 .L0 
80000634 80000634        0     1                 .L0 
80000634 80000634       4a     2         /home/kenta/repos/fpga_samples/rtl/displayport/test/sw-rs/target/riscv32imc-unknown-none-elf/release/deps/bootrom_rs-e5eb5b1023555d08.bootrom_rs.30b7ddda3c400c0b-cgu.0.rcgu.o:(.text._ZN10bootrom_rs4dpcd4read17hd2444bca14c3ef75E)
80000634 80000634       4a     1                 bootrom_rs::dpcd::read::hd2444bca14c3ef75
80000634 80000634        0     1                 .L0 
80000634 80000634        0     1                 .L0 
80000634 80000634        0     1                 $x
80000634 80000634        0     1                 .L0 
80000642 80000642        0     1                 .L0 
8000064c 8000064c        0     1                 .L0 
8000065e 8000065e        0     1                 .L0 
8000066c 8000066c        0     1                 .L0 
8000066e 8000066e        0     1                 .L0 
80000672 80000672        0     1                 .L0 
80000678 80000678        0     1                 .L0 
8000067e 8000067e        0     1                 .L0 
8000067e 8000067e       4a     2         /home/kenta/repos/fpga_samples/rtl/displayport/test/sw-rs/target/riscv32imc-unknown-none-elf/release/deps/bootrom_rs-e5eb5b1023555d08.bootrom_rs.30b7ddda3c400c0b-cgu.0.rcgu.o:(.text._ZN10bootrom_rs4dpcd5write17h153ed2923f968938E)
8000067e 8000067e       4a     1                 bootrom_rs::dpcd::write::h153ed2923f968938
8000067e 8000067e        0     1                 .L0 
8000067e 8000067e        0     1                 .L0 
8000067e 8000067e        0     1                 $x
8000067e 8000067e        0     1                 .L0 
80000684 80000684        0     1                 .L0 
80000692 80000692        0     1                 .L0 
8000069c 8000069c        0     1                 .L0 
800006b0 800006b0        0     1                 .L0 
800006c8 800006c8        0     1                 .L0 
800006c8 800006c8       28     2         /home/kenta/repos/fpga_samples/rtl/displayport/test/sw-rs/target/riscv32imc-unknown-none-elf/release/deps/bootrom_rs-e5eb5b1023555d08.bootrom_rs.30b7ddda3c400c0b-cgu.0.rcgu.o:(.text._ZN42_$LT$$RF$T$u20$as$u20$core..fmt..Debug$GT$3fmt17h7f7e4ab7f6d6b6d7E)
800006c8 800006c8       28     1                 _$LT$$RF$T$u20$as$u20$core..fmt..Debug$GT$::fmt::h7f7e4ab7f6d6b6d7
800006c8 800006c8        0     1                 .L0 
800006c8 800006c8        0     1                 .L0 
800006c8 800006c8        0     1                 $x
800006c8 800006c8        0     1                 .L0 
800006e6 800006e6        0     1                 .L0 
800006f0 800006f0        0     1                 .L0 
800006f0 800006f0       14     2         /home/kenta/repos/fpga_samples/rtl/displayport/test/sw-rs/target/riscv32imc-unknown-none-elf/release/deps/bootrom_rs-e5eb5b1023555d08.bootrom_rs.30b7ddda3c400c0b-cgu.0.rcgu.o:(.text._ZN4core3fmt5Write9write_fmt17hf6d8d5f6a0bc22f2E)
800006f0 800006f0       14     1                 core::fmt::Write::write_fmt::hf6d8d5f6a0bc22f2
800006f0 800006f0        0     1                 .L0 
800006f0 800006f0        0     1                 .L0 
800006f0 800006f0        0     1                 $x
800006f0 800006f0        0     1                 .L0 
800006f4 800006f4        0     1                 .L0 
80000704 80000704        0     1                 .L0 
80000704 80000704       24     2         /home/kenta/repos/fpga_samples/rtl/displayport/test/sw-rs/target/riscv32imc-unknown-none-elf/release/deps/bootrom_rs-e5eb5b1023555d08.bootrom_rs.30b7ddda3c400c0b-cgu.0.rcgu.o:(.text._ZN106_$LT$bootrom_rs..serialout..SerialOut$LT$bootrom_pac..SYSTEM_SERIALOUT$GT$$u20$as$u20$core..fmt..Write$GT$9write_str17h2e7f89afb7c30451E)
80000704 80000704       24     1                 _$LT$bootrom_rs..serialout..SerialOut$LT$bootrom_pac..SYSTEM_SERIALOUT$GT$$u20$as$u20$core..fmt..Write$GT$::write_str::h2e7f89afb7c30451
80000704 80000704        0     1                 .L0 
80000704 80000704        0     1                 .L0 
80000704 80000704        0     1                 $x
80000704 80000704        0     1                 .L0 
80000706 80000706        0     1                 .L0 
8000070c 8000070c        0     1                 .L0 
8000070e 8000070e        0     1                 .L0 
80000714 80000714        0     1                 .L0 
80000718 80000718        0     1                 .L0 
8000071c 8000071c        0     1                 .L0 
80000720 80000720        0     1                 .L0 
80000724 80000724        0     1                 .L0 
80000728 80000728        0     1                 .L0 
80000728 80000728       a6     2         /home/kenta/repos/fpga_samples/rtl/displayport/test/sw-rs/target/riscv32imc-unknown-none-elf/release/deps/bootrom_rs-e5eb5b1023555d08.bootrom_rs.30b7ddda3c400c0b-cgu.0.rcgu.o:(.text._ZN4core3fmt5Write10write_char17hd7b20ce4254444f1E)
80000728 80000728       a6     1                 core::fmt::Write::write_char::hd7b20ce4254444f1
80000728 80000728        0     1                 .L0 
80000728 80000728        0     1                 .L0 
80000728 80000728        0     1                 $x
80000728 80000728        0     1                 .L0 
80000730 80000730        0     1                 .L0 
80000734 80000734        0     1                 .L0 
80000738 80000738        0     1                 .L0 
8000073e 8000073e        0     1                 .L0 
80000742 80000742        0     1                 .L0 
8000074a 8000074a        0     1                 .L0 
8000074e 8000074e        0     1                 .L0 
80000750 80000750        0     1                 .L0 
80000754 80000754        0     1                 .L0 
80000762 80000762        0     1                 .L0 
80000766 80000766        0     1                 .L0 
8000076a 8000076a        0     1                 .L0 
80000772 80000772        0     1                 .L0 
80000774 80000774        0     1                 .L0 
80000778 80000778        0     1                 .L0 
8000078a 8000078a        0     1                 .L0 
8000079a 8000079a        0     1                 .L0 
800007aa 800007aa        0     1                 .L0 
800007b0 800007b0        0     1                 .L0 
800007b2 800007b2        0     1                 .L0 
800007b8 800007b8        0     1                 .L0 
800007bc 800007bc        0     1                 .L0 
800007c0 800007c0        0     1                 .L0 
800007c4 800007c4        0     1                 .L0 
800007c8 800007c8        0     1                 .L0 
800007ce 800007ce        0     1                 .L0 
800007ce 800007ce       3a     2         /home/kenta/repos/fpga_samples/rtl/displayport/test/sw-rs/target/riscv32imc-unknown-none-elf/release/deps/bootrom_rs-e5eb5b1023555d08.bootrom_rs.30b7ddda3c400c0b-cgu.0.rcgu.o:(.text._RNvCsGIExRX8pES_7___rustc17rust_begin_unwind)
800007ce 800007ce       3a     1                 __rustc::rust_begin_unwind
800007ce 800007ce        0     1                 .L0 
800007ce 800007ce        0     1                 .L0 
800007ce 800007ce        0     1                 $x
800007ce 800007ce        0     1                 .L0 
800007d6 800007d6        0     1                 .L0 
800007f4 800007f4        0     1                 .L0 
80000804 80000804        0     1                 .L0 
80000808 80000808        0     1                 .L0 
80000808 80000808       40     2         /home/kenta/repos/fpga_samples/rtl/displayport/test/sw-rs/target/riscv32imc-unknown-none-elf/release/deps/bootrom_rs-e5eb5b1023555d08.bootrom_rs.30b7ddda3c400c0b-cgu.0.rcgu.o:(.text._ZN10bootrom_rs9print_fmt17hdb74bc91f75a486cE)
80000808 80000808       40     1                 bootrom_rs::print_fmt::hdb74bc91f75a486c
80000808 80000808        0     1                 .L0 
80000808 80000808        0     1                 .L0 
80000808 80000808        0     1                 $x
80000808 80000808        0     1                 .L0 
8000080a 8000080a        0     1                 .L0 
8000081a 8000081a        0     1                 .L0 
80000836 80000836        0     1                 .L0 
80000838 80000838        0     1                 .L0 
80000840 80000840        0     1                 .L0 
80000848 80000848        0     1                 .L0 
80000848 80000848       48     2         /home/kenta/repos/fpga_samples/rtl/displayport/test/sw-rs/target/riscv32imc-unknown-none-elf/release/deps/bootrom_rs-e5eb5b1023555d08.bootrom_rs.30b7ddda3c400c0b-cgu.0.rcgu.o:(.text.init)
80000848 80000848        0     1                 .L0 
80000848 80000848        0     1                 .L0 
80000848 80000848        0     1                 $x
80000848 80000848        0     1                 .L0 
80000848 80000848       48     1                 init
8000085c 8000085c        0     1                 .L0 
80000860 80000860        0     1                 .L0 
80000866 80000866        0     1                 .L0 
80000882 80000882        0     1                 .L0 
80000884 80000884        0     1                 .L0 
80000886 80000886        0     1                 .L0 
80000888 80000888        0     1                 .L0 
80000890 80000890        0     1                 .L0 
80000890 80000890      d46     2         /home/kenta/repos/fpga_samples/rtl/displayport/test/sw-rs/target/riscv32imc-unknown-none-elf/release/deps/bootrom_rs-e5eb5b1023555d08.bootrom_rs.30b7ddda3c400c0b-cgu.0.rcgu.o:(.text.main)
80000890 80000890        0     1                 .L0 
80000890 80000890        0     1                 .L0 
80000890 80000890        0     1                 $x
80000890 80000890        0     1                 .L0 
80000890 80000890      d46     1                 main
800008c8 800008c8        0     1                 .L0 
800008cc 800008cc        0     1                 .L0 
800008d8 800008d8        0     1                 .L0 
800008da 800008da        0     1                 .L0 
800008e0 800008e0        0     1                 .L0 
800008e4 800008e4        0     1                 .L0 
800008e8 800008e8        0     1                 .L0 
800008ec 800008ec        0     1                 .L0 
800008f0 800008f0        0     1                 .L0 
800008f8 800008f8        0     1                 .L0 
800008fe 800008fe        0     1                 .L0 
80000906 80000906        0     1                 .L0 
80000908 80000908        0     1                 .L0 
8000090c 8000090c        0     1                 .L0 
8000092c 8000092c        0     1                 .L0 
80000940 80000940        0     1                 .L0 
80000972 80000972        0     1                 .L0 
80000982 80000982        0     1                 .L0 
80000986 80000986        0     1                 .L0 
8000098a 8000098a        0     1                 .L0 
80000990 80000990        0     1                 .L0 
800009a0 800009a0        0     1                 .L0 
800009a4 800009a4        0     1                 .L0 
800009a8 800009a8        0     1                 .L0 
800009ac 800009ac        0     1                 .L0 
800009b0 800009b0        0     1                 .L0 
800009b8 800009b8        0     1                 .L0 
800009bc 800009bc        0     1                 .L0 
800009c0 800009c0        0     1                 .L0 
800009c4 800009c4        0     1                 .L0 
800009c8 800009c8        0     1                 .L0 
800009cc 800009cc        0     1                 .L0 
800009d0 800009d0        0     1                 .L0 
800009e2 800009e2        0     1                 .L0 
800009e6 800009e6        0     1                 .L0 
800009ea 800009ea        0     1                 .L0 
80000a0a 80000a0a        0     1                 .L0 
80000a0c 80000a0c        0     1                 .L0 
80000a10 80000a10        0     1                 .L0 
80000a1a 80000a1a        0     1                 .L0 
80000a26 80000a26        0     1                 .L0 
80000a2a 80000a2a        0     1                 .L0 
80000a2c 80000a2c        0     1                 .L0 
80000a30 80000a30        0     1                 .L0 
80000a34 80000a34        0     1                 .L0 
80000a40 80000a40        0     1                 .L0 
80000a48 80000a48        0     1                 .L0 
80000a4c 80000a4c        0     1                 .L0 
80000a50 80000a50        0     1                 .L0 
80000a56 80000a56        0     1                 .L0 
80000a5a 80000a5a        0     1                 .L0 
80000a60 80000a60        0     1                 .L0 
80000a6e 80000a6e        0     1                 .L0 
80000a72 80000a72        0     1                 .L0 
80000a7c 80000a7c        0     1                 .L0 
80000a86 80000a86        0     1                 .L0 
80000a8a 80000a8a        0     1                 .L0 
80000a8c 80000a8c        0     1                 .L0 
80000a98 80000a98        0     1                 .L0 
80000a9c 80000a9c        0     1                 .L0 
80000a9e 80000a9e        0     1                 .L0 
80000a9e 80000a9e        0     1                 .L0 
80000aa4 80000aa4        0     1                 .L0 
80000aa8 80000aa8        0     1                 .L0 
80000aac 80000aac        0     1                 .L0 
80000ab2 80000ab2        0     1                 .L0 
80000ab6 80000ab6        0     1                 .L0 
80000abc 80000abc        0     1                 .L0 
80000ae2 80000ae2        0     1                 .L0 
80000afa 80000afa        0     1                 .L0 
80000b02 80000b02        0     1                 .L0 
80000b06 80000b06        0     1                 .L0 
80000b0a 80000b0a        0     1                 .L0 
80000b10 80000b10        0     1                 .L0 
80000b14 80000b14        0     1                 .L0 
80000b1a 80000b1a        0     1                 .L0 
80000b1e 80000b1e        0     1                 .L0 
80000b20 80000b20        0     1                 .L0 
80000b38 80000b38        0     1                 .L0 
80000b38 80000b38        0     1                 .L0 
80000b3e 80000b3e        0     1                 .L0 
80000b48 80000b48        0     1                 .L0 
80000b4c 80000b4c        0     1                 .L0 
80000b5a 80000b5a        0     1                 .L0 
80000b5e 80000b5e        0     1                 .L0 
80000b62 80000b62        0     1                 .L0 
80000b6c 80000b6c        0     1                 .L0 
80000b7c 80000b7c        0     1                 .L0 
80000b86 80000b86        0     1                 .L0 
80000b88 80000b88        0     1                 .L0 
80000b8c 80000b8c        0     1                 .L0 
80000b90 80000b90        0     1                 .L0 
80000b94 80000b94        0     1                 .L0 
80000b9a 80000b9a        0     1                 .L0 
80000b9e 80000b9e        0     1                 .L0 
80000ba2 80000ba2        0     1                 .L0 
80000ba8 80000ba8        0     1                 .L0 
80000bd0 80000bd0        0     1                 .L0 
80000bd4 80000bd4        0     1                 .L0 
80000be4 80000be4        0     1                 .L0 
80000be6 80000be6        0     1                 .L0 
80000bf0 80000bf0        0     1                 .L0 
80000bf4 80000bf4        0     1                 .L0 
80000bf8 80000bf8        0     1                 .L0 
80000bfc 80000bfc        0     1                 .L0 
80000c00 80000c00        0     1                 .L0 
80000c08 80000c08        0     1                 .L0 
80000c0c 80000c0c        0     1                 .L0 
80000c18 80000c18        0     1                 .L0 
80000c22 80000c22        0     1                 .L0 
80000c32 80000c32        0     1                 .L0 
80000c36 80000c36        0     1                 .L0 
80000c3a 80000c3a        0     1                 .L0 
80000c40 80000c40        0     1                 .L0 
80000c48 80000c48        0     1                 .L0 
80000c60 80000c60        0     1                 .L0 
80000c74 80000c74        0     1                 .L0 
80000c88 80000c88        0     1                 .L0 
80000c90 80000c90        0     1                 .L0 
80000cae 80000cae        0     1                 .L0 
80000cec 80000cec        0     1                 .L0 
80000cf0 80000cf0        0     1                 .L0 
80000d0c 80000d0c        0     1                 .L0 
80000d0e 80000d0e        0     1                 .L0 
80000d12 80000d12        0     1                 .L0 
80000d16 80000d16        0     1                 .L0 
80000d1e 80000d1e        0     1                 .L0 
80000d22 80000d22        0     1                 .L0 
80000d26 80000d26        0     1                 .L0 
80000d34 80000d34        0     1                 .L0 
80000d36 80000d36        0     1                 .L0 
80000d3a 80000d3a        0     1                 .L0 
80000d54 80000d54        0     1                 .L0 
80000d58 80000d58        0     1                 .L0 
80000d60 80000d60        0     1                 .L0 
80000d82 80000d82        0     1                 .L0 
80000d8a 80000d8a        0     1                 .L0 
80000d90 80000d90        0     1                 .L0 
80000d94 80000d94        0     1                 .L0 
80000d98 80000d98        0     1                 .L0 
80000db2 80000db2        0     1                 .L0 
80000db6 80000db6        0     1                 .L0 
80000dbc 80000dbc        0     1                 .L0 
80000dc4 80000dc4        0     1                 .L0 
80000dcc 80000dcc        0     1                 .L0 
80000dd0 80000dd0        0     1                 .L0 
80000de4 80000de4        0     1                 .L0 
80000e18 80000e18        0     1                 .L0 
80000e1c 80000e1c        0     1                 .L0 
80000e1e 80000e1e        0     1                 .L0 
80000e22 80000e22        0     1                 .L0 
80000e3c 80000e3c        0     1                 .L0 
80000e4e 80000e4e        0     1                 .L0 
80000e5c 80000e5c        0     1                 .L0 
80000e62 80000e62        0     1                 .L0 
80000e68 80000e68        0     1                 .L0 
80000e90 80000e90        0     1                 .L0 
80000ea0 80000ea0        0     1                 .L0 
80000eaa 80000eaa        0     1                 .L0 
80000eac 80000eac        0     1                 .L0 
80000eb0 80000eb0        0     1                 .L0 
80000eb6 80000eb6        0     1                 .L0 
80000ec2 80000ec2        0     1                 .L0 
80000ede 80000ede        0     1                 .L0 
80000ee8 80000ee8        0     1                 .L0 
80000eec 80000eec        0     1                 .L0 
80000ef0 80000ef0        0     1                 .L0 
80000ef8 80000ef8        0     1                 .L0 
80000f1c 80000f1c        0     1                 .L0 
80000f20 80000f20        0     1                 .L0 
80000f28 80000f28        0     1                 .L0 
80000f42 80000f42        0     1                 .L0 
80000f6c 80000f6c        0     1                 .L0 
80000f70 80000f70        0     1                 .L0 
80000f98 80000f98        0     1                 .L0 
80000f9e 80000f9e        0     1                 .L0 
80000fa6 80000fa6        0     1                 .L0 
80000fd4 80000fd4        0     1                 .L0 
80000fd6 80000fd6        0     1                 .L0 
80000fe2 80000fe2        0     1                 .L0 
8000104c 8000104c        0     1                 .L0 
80001050 80001050        0     1                 .L0 
80001060 80001060        0     1                 .L0 
80001066 80001066        0     1                 .L0 
8000106a 8000106a        0     1                 .L0 
80001070 80001070        0     1                 .L0 
80001074 80001074        0     1                 .L0 
8000107a 8000107a        0     1                 .L0 
8000107e 8000107e        0     1                 .L0 
80001082 80001082        0     1                 .L0 
80001086 80001086        0     1                 .L0 
8000108a 8000108a        0     1                 .L0 
80001098 80001098        0     1                 .L0 
8000109a 8000109a        0     1                 .L0 
800010c8 800010c8        0     1                 .L0 
800010cc 800010cc        0     1                 .L0 
800010d0 800010d0        0     1                 .L0 
800010ec 800010ec        0     1                 .L0 
800010f0 800010f0        0     1                 .L0 
800010f2 800010f2        0     1                 .L0 
8000110c 8000110c        0     1                 .L0 
8000110e 8000110e        0     1                 .L0 
80001110 80001110        0     1                 .L0 
8000112c 8000112c        0     1                 .L0 
80001134 80001134        0     1                 .L0 
80001136 80001136        0     1                 .L0 
80001138 80001138        0     1                 .L0 
80001162 80001162        0     1                 .L0 
80001166 80001166        0     1                 .L0 
8000118a 8000118a        0     1                 .L0 
8000118c 8000118c        0     1                 .L0 
80001190 80001190        0     1                 .L0 
80001194 80001194        0     1                 .L0 
80001198 80001198        0     1                 .L0 
8000119c 8000119c        0     1                 .L0 
8000119e 8000119e        0     1                 .L0 
800011a2 800011a2        0     1                 .L0 
800011a6 800011a6        0     1                 .L0 
800011aa 800011aa        0     1                 .L0 
800011b6 800011b6        0     1                 .L0 
800011b8 800011b8        0     1                 .L0 
800011ea 800011ea        0     1                 .L0 
800011ee 800011ee        0     1                 .L0 
80001212 80001212        0     1                 .L0 
80001214 80001214        0     1                 .L0 
8000122a 8000122a        0     1                 .L0 
8000123a 8000123a        0     1                 .L0 
8000124c 8000124c        0     1                 .L0 
80001262 80001262        0     1                 .L0 
8000126e 8000126e        0     1                 .L0 
80001272 80001272        0     1                 .L0 
80001280 80001280        0     1                 .L0 
80001282 80001282        0     1                 .L0 
80001290 80001290        0     1                 .L0 
80001292 80001292        0     1                 .L0 
800012b8 800012b8        0     1                 .L0 
800012d2 800012d2        0     1                 .L0 
800012d8 800012d8        0     1                 .L0 
800012da 800012da        0     1                 .L0 
800012ea 800012ea        0     1                 .L0 
800012f6 800012f6        0     1                 .L0 
80001330 80001330        0     1                 .L0 
80001334 80001334        0     1                 .L0 
8000133a 8000133a        0     1                 .L0 
8000133e 8000133e        0     1                 .L0 
80001344 80001344        0     1                 .L0 
80001348 80001348        0     1                 .L0 
8000134c 8000134c        0     1                 .L0 
80001350 80001350        0     1                 .L0 
80001358 80001358        0     1                 .L0 
8000135c 8000135c        0     1                 .L0 
80001362 80001362        0     1                 .L0 
80001368 80001368        0     1                 .L0 
8000136e 8000136e        0     1                 .L0 
80001374 80001374        0     1                 .L0 
80001378 80001378        0     1                 .L0 
8000139e 8000139e        0     1                 .L0 
800013f2 800013f2        0     1                 .L0 
800013f4 800013f4        0     1                 .L0 
80001400 80001400        0     1                 .L0 
80001420 80001420        0     1                 .L0 
80001428 80001428        0     1                 .L0 
8000142c 8000142c        0     1                 .L0 
80001430 80001430        0     1                 .L0 
8000144c 8000144c        0     1                 .L0 
8000145e 8000145e        0     1                 .L0 
80001490 80001490        0     1                 .L0 
80001492 80001492        0     1                 .L0 
80001496 80001496        0     1                 .L0 
80001498 80001498        0     1                 .L0 
800014d6 800014d6        0     1                 .L0 
8000151e 8000151e        0     1                 .L0 
80001590 80001590        0     1                 .L0 
8000159a 8000159a        0     1                 .L0 
800015aa 800015aa        0     1                 .L0 
800015be 800015be        0     1                 .L0 
800015c0 800015c0        0     1                 .L0 
800015c4 800015c4        0     1                 .L0 
800015c8 800015c8        0     1                 .L0 
800015cc 800015cc        0     1                 .L0 
800015d4 800015d4        0     1                 .L0 
800015d4 800015d4        0     1                 .L0 
800015d6 800015d6        0     1                 .L0 
800015d6 800015d6        0     1                 .L0 
800015d6 800015d6       26     2         /home/kenta/repos/fpga_samples/rtl/displayport/test/sw-rs/target/riscv32imc-unknown-none-elf/release/deps/bootrom_rs-e5eb5b1023555d08.bootrom_rs.30b7ddda3c400c0b-cgu.0.rcgu.o:(.text._ZN64_$LT$bootrom_rs..dpcd..DpcdError$u20$as$u20$core..fmt..Debug$GT$3fmt17hdbf377632bb0773eE)
800015d6 800015d6       26     1                 _$LT$bootrom_rs..dpcd..DpcdError$u20$as$u20$core..fmt..Debug$GT$::fmt::hdbf377632bb0773e
800015d6 800015d6        0     1                 .L0 
800015d6 800015d6        0     1                 .L0 
800015d6 800015d6        0     1                 $x
800015d6 800015d6        0     1                 .L0 
800015f8 800015f8        0     1                 .L0 
800015fc 800015fc        0     1                 .L0 
800015fc 800015fc       82     2         /home/kenta/repos/fpga_samples/rtl/displayport/test/sw-rs/target/riscv32imc-unknown-none-elf/release/deps/bootrom_rs-e5eb5b1023555d08.bootrom_rs.30b7ddda3c400c0b-cgu.0.rcgu.o:(.text._ZN69_$LT$bootrom_rs..link_training..Error$u20$as$u20$core..fmt..Debug$GT$3fmt17h69beb5b62d7dbfdaE)
800015fc 800015fc       82     1                 _$LT$bootrom_rs..link_training..Error$u20$as$u20$core..fmt..Debug$GT$::fmt::h69beb5b62d7dbfda
800015fc 800015fc        0     1                 .L0 
800015fc 800015fc        0     1                 .L0 
800015fc 800015fc        0     1                 $x
800015fc 800015fc        0     1                 .L0 
80001616 80001616        0     1                 .L0 
80001618 80001618        0     1                 .L0 
80001626 80001626        0     1                 .L0 
8000162a 8000162a        0     1                 .L0 
80001636 80001636        0     1                 .L0 
8000163a 8000163a        0     1                 .L0 
80001644 80001644        0     1                 .L0 
80001648 80001648        0     1                 .L0 
80001648 80001648        0     1                 .L0 
8000164c 8000164c        0     1                 .L0 
80001658 80001658        0     1                 .L0 
8000165e 8000165e        0     1                 .L0 
8000165e 8000165e        0     1                 .L0 
80001660 80001660        0     1                 .L0 
8000167e 8000167e        0     1                 .L0 
8000167e 8000167e       26     2         /home/kenta/repos/fpga_samples/rtl/displayport/test/sw-rs/target/riscv32imc-unknown-none-elf/release/deps/bootrom_rs-e5eb5b1023555d08.bootrom_rs.30b7ddda3c400c0b-cgu.0.rcgu.o:(.text._ZN62_$LT$bootrom_rs..aux..AuxError$u20$as$u20$core..fmt..Debug$GT$3fmt17h9b464bb5ac0611a2E)
8000167e 8000167e       26     1                 _$LT$bootrom_rs..aux..AuxError$u20$as$u20$core..fmt..Debug$GT$::fmt::h9b464bb5ac0611a2
8000167e 8000167e        0     1                 .L0 
8000167e 8000167e        0     1                 .L0 
8000167e 8000167e        0     1                 $x
8000167e 8000167e        0     1                 .L0 
8000169e 8000169e        0     1                 .L0 
800016a4 800016a4        0     1                 .L0 
800016a4 800016a4       14     2         /home/kenta/repos/fpga_samples/rtl/displayport/test/sw-rs/target/riscv32imc-unknown-none-elf/release/deps/bootrom_rs-e5eb5b1023555d08.bootrom_rs.30b7ddda3c400c0b-cgu.0.rcgu.o:(.text.start_rust)
800016a4 800016a4        0     1                 .L0 
800016a4 800016a4        0     1                 .L0 
800016a4 800016a4        0     1                 $x
800016a4 800016a4        0     1                 .L0 
800016a4 800016a4       14     1                 start_rust
800016b8 800016b8        0     1                 .L0 
800016b8 800016b8       10     2         /home/kenta/repos/fpga_samples/rtl/displayport/test/sw-rs/target/riscv32imc-unknown-none-elf/release/deps/bootrom_rs-e5eb5b1023555d08.bootrom_rs.30b7ddda3c400c0b-cgu.0.rcgu.o:(.text._RNvXs1i_NtCsddV114GBTEg_4core3fmtReNtB6_7Display3fmtB8_)
800016b8 800016b8       10     1                 <&str as core::fmt::Display>::fmt
800016b8 800016b8        0     1                 .L0 
800016b8 800016b8        0     1                 .L0 
800016b8 800016b8        0     1                 $x
800016b8 800016b8        0     1                 .L0 
800016be 800016be        0     1                 .L0 
800016c8 800016c8        0     1                 .L0 
800016c8 800016c8       2e     2         /home/kenta/repos/fpga_samples/rtl/displayport/test/sw-rs/target/riscv32imc-unknown-none-elf/release/deps/bootrom_rs-e5eb5b1023555d08.bootrom_rs.30b7ddda3c400c0b-cgu.0.rcgu.o:(.text.unlikely._RNvNtCsddV114GBTEg_4core9panicking9panic_fmt)
800016c8 800016c8       2e     1                 core::panicking::panic_fmt
800016c8 800016c8        0     1                 .L0 
800016c8 800016c8        0     1                 .L0 
800016c8 800016c8        0     1                 $x
800016c8 800016c8        0     1                 .L0 
800016de 800016de        0     1                 .L0 
800016f6 800016f6        0     1                 .L0 
800016f6 800016f6      1d6     2         /home/kenta/repos/fpga_samples/rtl/displayport/test/sw-rs/target/riscv32imc-unknown-none-elf/release/deps/bootrom_rs-e5eb5b1023555d08.bootrom_rs.30b7ddda3c400c0b-cgu.0.rcgu.o:(.text._RNvNtCsddV114GBTEg_4core3fmt5write)
800016f6 800016f6      1d6     1                 core::fmt::write
800016f6 800016f6        0     1                 .L0 
800016f6 800016f6        0     1                 .L0 
800016f6 800016f6        0     1                 $x
800016f6 800016f6        0     1                 .L0 
80001716 80001716        0     1                 .L0 
80001720 80001720        0     1                 .L0 
80001724 80001724        0     1                 .L0 
80001740 80001740        0     1                 .L0 
80001748 80001748        0     1                 .L0 
8000174c 8000174c        0     1                 .L0 
8000175c 8000175c        0     1                 .L0 
80001766 80001766        0     1                 .L0 
80001768 80001768        0     1                 .L0 
8000176e 8000176e        0     1                 .L0 
80001776 80001776        0     1                 .L0 
80001786 80001786        0     1                 .L0 
8000178a 8000178a        0     1                 .L0 
8000178c 8000178c        0     1                 .L0 
8000178e 8000178e        0     1                 .L0 
8000179e 8000179e        0     1                 .L0 
800017bc 800017bc        0     1                 .L0 
800017ce 800017ce        0     1                 .L0 
800017da 800017da        0     1                 .L0 
800017e4 800017e4        0     1                 .L0 
800017f2 800017f2        0     1                 .L0 
800017fe 800017fe        0     1                 .L0 
80001800 80001800        0     1                 .L0 
80001802 80001802        0     1                 .L0 
80001804 80001804        0     1                 .L0 
80001810 80001810        0     1                 .L0 
80001820 80001820        0     1                 .L0 
8000182e 8000182e        0     1                 .L0 
8000183c 8000183c        0     1                 .L0 
80001840 80001840        0     1                 .L0 
80001844 80001844        0     1                 .L0 
8000184c 8000184c        0     1                 .L0 
80001850 80001850        0     1                 .L0 
80001864 80001864        0     1                 .L0 
8000186a 8000186a        0     1                 .L0 
80001870 80001870        0     1                 .L0 
80001874 80001874        0     1                 .L0 
80001884 80001884        0     1                 .L0 
80001888 80001888        0     1                 .L0 
800018cc 800018cc        0     1                 .L0 
800018cc 800018cc      2f0     2         /home/kenta/repos/fpga_samples/rtl/displayport/test/sw-rs/target/riscv32imc-unknown-none-elf/release/deps/bootrom_rs-e5eb5b1023555d08.bootrom_rs.30b7ddda3c400c0b-cgu.0.rcgu.o:(.text._RNvMsa_NtCsddV114GBTEg_4core3fmtNtB5_9Formatter3pad)
800018cc 800018cc      2f0     1                 <core::fmt::Formatter>::pad
800018cc 800018cc        0     1                 .L0 
800018cc 800018cc        0     1                 .L0 
800018cc 800018cc        0     1                 $x
800018cc 800018cc        0     1                 .L0 
800018fc 800018fc        0     1                 .L0 
80001904 80001904        0     1                 .L0 
80001906 80001906        0     1                 .L0 
8000190c 8000190c        0     1                 .L0 
8000191c 8000191c        0     1                 .L0 
80001924 80001924        0     1                 .L0 
8000192c 8000192c        0     1                 .L0 
80001930 80001930        0     1                 .L0 
80001944 80001944        0     1                 .L0 
80001948 80001948        0     1                 .L0 
8000194c 8000194c        0     1                 .L0 
8000194e 8000194e        0     1                 .L0 
80001954 80001954        0     1                 .L0 
80001956 80001956        0     1                 .L0 
8000197e 8000197e        0     1                 .L0 
8000198c 8000198c        0     1                 .L0 
80001994 80001994        0     1                 .L0 
8000199c 8000199c        0     1                 .L0 
800019a2 800019a2        0     1                 .L0 
800019ae 800019ae        0     1                 .L0 
800019b6 800019b6        0     1                 .L0 
800019be 800019be        0     1                 .L0 
800019d2 800019d2        0     1                 .L0 
800019da 800019da        0     1                 .L0 
80001a04 80001a04        0     1                 .L0 
80001a12 80001a12        0     1                 .L0 
80001a20 80001a20        0     1                 .L0 
80001a2c 80001a2c        0     1                 .L0 
80001a34 80001a34        0     1                 .L0 
80001a3a 80001a3a        0     1                 .L0 
80001a3e 80001a3e        0     1                 .L0 
80001a40 80001a40        0     1                 .L0 
80001a4e 80001a4e        0     1                 .L0 
80001a7a 80001a7a        0     1                 .L0 
80001a7c 80001a7c        0     1                 .L0 
80001a88 80001a88        0     1                 .L0 
80001a8c 80001a8c        0     1                 .L0 
80001a8e 80001a8e        0     1                 .L0 
80001a90 80001a90        0     1                 .L0 
80001a96 80001a96        0     1                 .L0 
80001aa8 80001aa8        0     1                 .L0 
80001ab0 80001ab0        0     1                 .L0 
80001ab2 80001ab2        0     1                 .L0 
80001ab8 80001ab8        0     1                 .L0 
80001abe 80001abe        0     1                 .L0 
80001ac2 80001ac2        0     1                 .L0 
80001ae0 80001ae0        0     1                 .L0 
80001ae8 80001ae8        0     1                 .L0 
80001aec 80001aec        0     1                 .L0 
80001aee 80001aee        0     1                 .L0 
80001af4 80001af4        0     1                 .L0 
80001b08 80001b08        0     1                 .L0 
80001b18 80001b18        0     1                 .L0 
80001b20 80001b20        0     1                 .L0 
80001b24 80001b24        0     1                 .L0 
80001b26 80001b26        0     1                 .L0 
80001b2c 80001b2c        0     1                 .L0 
80001b2e 80001b2e        0     1                 .L0 
80001b56 80001b56        0     1                 .L0 
80001b5e 80001b5e        0     1                 .L0 
80001b60 80001b60        0     1                 .L0 
80001b6e 80001b6e        0     1                 .L0 
80001b70 80001b70        0     1                 .L0 
80001b72 80001b72        0     1                 .L0 
80001b74 80001b74        0     1                 .L0 
80001b80 80001b80        0     1                 .L0 
80001b8a 80001b8a        0     1                 .L0 
80001bba 80001bba        0     1                 .L0 
80001bbc 80001bbc        0     1                 .L0 
80001bbc 80001bbc        0     1                 .L0 
80001bbc 80001bbc      1e8     2         /home/kenta/repos/fpga_samples/rtl/displayport/test/sw-rs/target/riscv32imc-unknown-none-elf/release/deps/bootrom_rs-e5eb5b1023555d08.bootrom_rs.30b7ddda3c400c0b-cgu.0.rcgu.o:(.text._RNvXs0_NtNtCsddV114GBTEg_4core3fmt8buildersNtB5_10PadAdapterNtB7_5Write9write_str)
80001bbc 80001bbc      1e8     1                 <core::fmt::builders::PadAdapter as core::fmt::Write>::write_str
80001bbc 80001bbc        0     1                 .L0 
80001bbc 80001bbc        0     1                 .L0 
80001bbc 80001bbc        0     1                 $x
80001bbc 80001bbc        0     1                 .L0 
80001c1a 80001c1a        0     1                 .L0 
80001c1e 80001c1e        0     1                 .L0 
80001c28 80001c28        0     1                 .L0 
80001c46 80001c46        0     1                 .L0 
80001c4a 80001c4a        0     1                 .L0 
80001c52 80001c52        0     1                 .L0 
80001c60 80001c60        0     1                 .L0 
80001c64 80001c64        0     1                 .L0 
80001c6a 80001c6a        0     1                 .L0 
80001c8c 80001c8c        0     1                 .L0 
80001ca0 80001ca0        0     1                 .L0 
80001cb4 80001cb4        0     1                 .L0 
80001cba 80001cba        0     1                 .L0 
80001cd6 80001cd6        0     1                 .L0 
80001cf0 80001cf0        0     1                 .L0 
80001cf4 80001cf4        0     1                 .L0 
80001cfa 80001cfa        0     1                 .L0 
80001d18 80001d18        0     1                 .L0 
80001d1e 80001d1e        0     1                 .L0 
80001d22 80001d22        0     1                 .L0 
80001d30 80001d30        0     1                 .L0 
80001d32 80001d32        0     1                 .L0 
80001d6e 80001d6e        0     1                 .L0 
80001d76 80001d76        0     1                 .L0 
80001d78 80001d78        0     1                 .L0 
80001da4 80001da4        0     1                 .L0 
80001da4 80001da4       6e     2         /home/kenta/repos/fpga_samples/rtl/displayport/test/sw-rs/target/riscv32imc-unknown-none-elf/release/deps/bootrom_rs-e5eb5b1023555d08.bootrom_rs.30b7ddda3c400c0b-cgu.0.rcgu.o:(.text._RNvXs0_NtNtCsddV114GBTEg_4core3fmt8buildersNtB5_10PadAdapterNtB7_5Write10write_char)
80001da4 80001da4       6e     1                 <core::fmt::builders::PadAdapter as core::fmt::Write>::write_char
80001da4 80001da4        0     1                 .L0 
80001da4 80001da4        0     1                 .L0 
80001da4 80001da4        0     1                 $x
80001da4 80001da4        0     1                 .L0 
80001ddc 80001ddc        0     1                 .L0 
80001e12 80001e12        0     1                 .L0 
80001e12 80001e12       14     2         /home/kenta/repos/fpga_samples/rtl/displayport/test/sw-rs/target/riscv32imc-unknown-none-elf/release/deps/bootrom_rs-e5eb5b1023555d08.bootrom_rs.30b7ddda3c400c0b-cgu.0.rcgu.o:(.text._RNvYNtNtNtCsddV114GBTEg_4core3fmt8builders10PadAdapterNtB6_5Write9write_fmtB8_)
80001e12 80001e12       14     1                 <core::fmt::builders::PadAdapter as core::fmt::Write>::write_fmt
80001e12 80001e12        0     1                 .L0 
80001e12 80001e12        0     1                 .L0 
80001e12 80001e12        0     1                 $x
80001e12 80001e12        0     1                 .L0 
80001e16 80001e16        0     1                 .L0 
80001e26 80001e26        0     1                 .L0 
80001e26 80001e26      224     2         /home/kenta/repos/fpga_samples/rtl/displayport/test/sw-rs/target/riscv32imc-unknown-none-elf/release/deps/bootrom_rs-e5eb5b1023555d08.bootrom_rs.30b7ddda3c400c0b-cgu.0.rcgu.o:(.text._RNvMsa_NtCsddV114GBTEg_4core3fmtNtB5_9Formatter12pad_integral)
80001e26 80001e26      224     1                 <core::fmt::Formatter>::pad_integral
80001e26 80001e26        0     1                 .L0 
80001e26 80001e26        0     1                 .L0 
80001e26 80001e26        0     1                 $x
80001e26 80001e26        0     1                 .L0 
80001e8e 80001e8e        0     1                 .L0 
80001eba 80001eba        0     1                 .L0 
80001eca 80001eca        0     1                 .L0 
80001ed2 80001ed2        0     1                 .L0 
80001eee 80001eee        0     1                 .L0 
80001ef6 80001ef6        0     1                 .L0 
80001efc 80001efc        0     1                 .L0 
80001f06 80001f06        0     1                 .L0 
80001f1c 80001f1c        0     1                 .L0 
80001f24 80001f24        0     1                 .L0 
80001f54 80001f54        0     1                 .L0 
80001f5c 80001f5c        0     1                 .L0 
80001f60 80001f60        0     1                 .L0 
80001f62 80001f62        0     1                 .L0 
80001f72 80001f72        0     1                 .L0 
80001f76 80001f76        0     1                 .L0 
80001f80 80001f80        0     1                 .L0 
80001f90 80001f90        0     1                 .L0 
80001fbe 80001fbe        0     1                 .L0 
80001fc6 80001fc6        0     1                 .L0 
80001fca 80001fca        0     1                 .L0 
80001fcc 80001fcc        0     1                 .L0 
80001fd2 80001fd2        0     1                 .L0 
80001fd6 80001fd6        0     1                 .L0 
80001fec 80001fec        0     1                 .L0 
80001ffc 80001ffc        0     1                 .L0 
80002010 80002010        0     1                 .L0 
80002018 80002018        0     1                 .L0 
8000201c 8000201c        0     1                 .L0 
8000201e 8000201e        0     1                 .L0 
80002024 80002024        0     1                 .L0 
8000204a 8000204a        0     1                 .L0 
8000204a 8000204a       60     2         /home/kenta/repos/fpga_samples/rtl/displayport/test/sw-rs/target/riscv32imc-unknown-none-elf/release/deps/bootrom_rs-e5eb5b1023555d08.bootrom_rs.30b7ddda3c400c0b-cgu.0.rcgu.o:(.text._RNvNvMsa_NtCsddV114GBTEg_4core3fmtNtB7_9Formatter12pad_integral12write_prefix)
8000204a 8000204a       60     1                 <core::fmt::Formatter>::pad_integral::write_prefix
8000204a 8000204a        0     1                 .L0 
8000204a 8000204a        0     1                 .L0 
8000204a 8000204a        0     1                 $x
8000204a 8000204a        0     1                 .L0 
80002076 80002076        0     1                 .L0 
800020aa 800020aa        0     1                 .L0 
800020aa 800020aa       10     2         /home/kenta/repos/fpga_samples/rtl/displayport/test/sw-rs/target/riscv32imc-unknown-none-elf/release/deps/bootrom_rs-e5eb5b1023555d08.bootrom_rs.30b7ddda3c400c0b-cgu.0.rcgu.o:(.text.unlikely._RNvNtCsddV114GBTEg_4core6option13unwrap_failed)
800020aa 800020aa       10     1                 core::option::unwrap_failed
800020aa 800020aa        0     1                 .L0 
800020aa 800020aa        0     1                 .L0 
800020aa 800020aa        0     1                 $x
800020aa 800020aa        0     1                 .L0 
800020ba 800020ba        0     1                 .L0 
800020ba 800020ba       24     2         /home/kenta/repos/fpga_samples/rtl/displayport/test/sw-rs/target/riscv32imc-unknown-none-elf/release/deps/bootrom_rs-e5eb5b1023555d08.bootrom_rs.30b7ddda3c400c0b-cgu.0.rcgu.o:(.text.unlikely._RNvNtCsddV114GBTEg_4core9panicking5panic)
800020ba 800020ba       24     1                 core::panicking::panic
800020ba 800020ba        0     1                 .L0 
800020ba 800020ba        0     1                 .L0 
800020ba 800020ba        0     1                 $x
800020ba 800020ba        0     1                 .L0 
800020de 800020de        0     1                 .L0 
800020de 800020de       42     2         /home/kenta/repos/fpga_samples/rtl/displayport/test/sw-rs/target/riscv32imc-unknown-none-elf/release/deps/bootrom_rs-e5eb5b1023555d08.bootrom_rs.30b7ddda3c400c0b-cgu.0.rcgu.o:(.text.unlikely._RNvNtCsddV114GBTEg_4core9panicking18panic_bounds_check)
800020de 800020de       42     1                 core::panicking::panic_bounds_check
800020de 800020de        0     1                 .L0 
800020de 800020de        0     1                 .L0 
800020de 800020de        0     1                 $x
800020de 800020de        0     1                 .L0 
80002120 80002120        0     1                 .L0 
80002120 80002120       dc     2         /home/kenta/repos/fpga_samples/rtl/displayport/test/sw-rs/target/riscv32imc-unknown-none-elf/release/deps/bootrom_rs-e5eb5b1023555d08.bootrom_rs.30b7ddda3c400c0b-cgu.0.rcgu.o:(.text._RNvMsa_NtCsddV114GBTEg_4core3fmtNtB5_9Formatter25debug_tuple_field1_finish)
80002120 80002120       dc     1                 <core::fmt::Formatter>::debug_tuple_field1_finish
80002120 80002120        0     1                 .L0 
80002120 80002120        0     1                 .L0 
80002120 80002120        0     1                 $x
80002120 80002120        0     1                 .L0 
80002138 80002138        0     1                 .L0 
8000214a 8000214a        0     1                 .L0 
8000214c 8000214c        0     1                 .L0 
80002162 80002162        0     1                 .L0 
8000216c 8000216c        0     1                 .L0 
8000217c 8000217c        0     1                 .L0 
8000217e 8000217e        0     1                 .L0 
8000218e 8000218e        0     1                 .L0 
80002192 80002192        0     1                 .L0 
800021a0 800021a0        0     1                 .L0 
800021a8 800021a8        0     1                 .L0 
800021ac 800021ac        0     1                 .L0 
800021b0 800021b0        0     1                 .L0 
800021bc 800021bc        0     1                 .L0 
800021d0 800021d0        0     1                 .L0 
800021d2 800021d2        0     1                 .L0 
800021e8 800021e8        0     1                 .L0 
800021ea 800021ea        0     1                 .L0 
800021fc 800021fc        0     1                 .L0 
800021fc 800021fc        0     1                 .L0 
800021fc 800021fc      16a     2         /home/kenta/repos/fpga_samples/rtl/displayport/test/sw-rs/target/riscv32imc-unknown-none-elf/release/deps/bootrom_rs-e5eb5b1023555d08.bootrom_rs.30b7ddda3c400c0b-cgu.0.rcgu.o:(.text._RNvXs8_NtNtNtCsddV114GBTEg_4core3fmt3num3impmNtB9_7Display3fmt)
800021fc 800021fc      16a     1                 <u32 as core::fmt::Display>::fmt
800021fc 800021fc        0     1                 .L0 
800021fc 800021fc        0     1                 .L0 
800021fc 800021fc        0     1                 $x
800021fc 800021fc        0     1                 .L0 
80002226 80002226        0     1                 .L0 
800022b0 800022b0        0     1                 .L0 
800022b4 800022b4        0     1                 .L0 
800022b8 800022b8        0     1                 .L0 
800022bc 800022bc        0     1                 .L0 
80002312 80002312        0     1                 .L0 
80002316 80002316        0     1                 .L0 
80002332 80002332        0     1                 .L0 
8000233c 8000233c        0     1                 .L0 
8000233e 8000233e        0     1                 .L0 
80002366 80002366        0     1                 .L0 
80002366 80002366       8c     2         /home/kenta/repos/fpga_samples/rtl/displayport/test/sw-rs/target/riscv32imc-unknown-none-elf/release/deps/bootrom_rs-e5eb5b1023555d08.bootrom_rs.30b7ddda3c400c0b-cgu.0.rcgu.o:(.text._RNvXNtNtNtCsddV114GBTEg_4core3fmt3num3imphNtB6_7Display3fmt)
80002366 80002366       8c     1                 <u8 as core::fmt::Display>::fmt
80002366 80002366        0     1                 .L0 
80002366 80002366        0     1                 .L0 
80002366 80002366        0     1                 $x
80002366 80002366        0     1                 .L0 
8000237e 8000237e        0     1                 .L0 
800023a6 800023a6        0     1                 .L0 
800023aa 800023aa        0     1                 .L0 
800023ce 800023ce        0     1                 .L0 
800023d8 800023d8        0     1                 .L0 
800023da 800023da        0     1                 .L0 
800023f2 800023f2        0     1                 .L0 
800023f2 800023f2       62     2         /home/kenta/repos/fpga_samples/rtl/displayport/test/sw-rs/target/riscv32imc-unknown-none-elf/release/deps/bootrom_rs-e5eb5b1023555d08.bootrom_rs.30b7ddda3c400c0b-cgu.0.rcgu.o:(.text._RNvXsg_NtNtCsddV114GBTEg_4core3fmt3numhNtB7_8UpperHex3fmt)
800023f2 800023f2       62     1                 <u8 as core::fmt::UpperHex>::fmt
800023f2 800023f2        0     1                 .L0 
800023f2 800023f2        0     1                 .L0 
800023f2 800023f2        0     1                 $x
800023f2 800023f2        0     1                 .L0 
80002424 80002424        0     1                 .L0 
80002436 80002436        0     1                 .L0 
80002454 80002454        0     1                 .L0 
80002454 80002454      116     2         /home/kenta/repos/fpga_samples/rtl/displayport/test/sw-rs/target/riscv32imc-unknown-none-elf/release/deps/bootrom_rs-e5eb5b1023555d08.bootrom_rs.30b7ddda3c400c0b-cgu.0.rcgu.o:(.text._RNvXs3_NtNtNtCsddV114GBTEg_4core3fmt3num3imptNtB9_7Display3fmt)
80002454 80002454      116     1                 <u16 as core::fmt::Display>::fmt
80002454 80002454        0     1                 .L0 
80002454 80002454        0     1                 .L0 
80002454 80002454        0     1                 $x
80002454 80002454        0     1                 .L0 
80002466 80002466        0     1                 .L0 
800024ca 800024ca        0     1                 .L0 
800024ce 800024ce        0     1                 .L0 
800024d2 800024d2        0     1                 .L0 
800024d6 800024d6        0     1                 .L0 
80002518 80002518        0     1                 .L0 
8000251c 8000251c        0     1                 .L0 
80002548 80002548        0     1                 .L0 
80002552 80002552        0     1                 .L0 
80002554 80002554        0     1                 .L0 
8000256a 8000256a        0     1                 .L0 
8000256a 8000256a       5c     2         /home/kenta/repos/fpga_samples/rtl/displayport/test/sw-rs/target/riscv32imc-unknown-none-elf/release/deps/bootrom_rs-e5eb5b1023555d08.bootrom_rs.30b7ddda3c400c0b-cgu.0.rcgu.o:(.text._RNvXs8_NtNtCsddV114GBTEg_4core3fmt3numjNtB7_8UpperHex3fmt)
8000256a 8000256a       5c     1                 <usize as core::fmt::UpperHex>::fmt
8000256a 8000256a        0     1                 .L0 
8000256a 8000256a        0     1                 .L0 
8000256a 8000256a        0     1                 $x
8000256a 8000256a        0     1                 .L0 
80002598 80002598        0     1                 .L0 
800025a8 800025a8        0     1                 .L0 
800025c6 800025c6        0     1                 .L0 
800025c6 800025c6        8     2         /home/kenta/.rustup/toolchains/stable-x86_64-unknown-linux-gnu/lib/rustlib/riscv32imc-unknown-none-elf/lib/libcompiler_builtins-06f5cc7eb10af0bc.rlib(compiler_builtins-06f5cc7eb10af0bc.compiler_builtins.67690aa3454e5eb8-cgu.186.rcgu.o):(.text.memcpy)
800025c6 800025c6        0     1                 .L0 
800025c6 800025c6        0     1                 .L0 
800025c6 800025c6        0     1                 $x
800025c6 800025c6        0     1                 .L0 
800025c6 800025c6        8     1                 memcpy
800025ce 800025ce      188     2         /home/kenta/.rustup/toolchains/stable-x86_64-unknown-linux-gnu/lib/rustlib/riscv32imc-unknown-none-elf/lib/libcompiler_builtins-06f5cc7eb10af0bc.rlib(compiler_builtins-06f5cc7eb10af0bc.compiler_builtins.67690aa3454e5eb8-cgu.014.rcgu.o):(.text._RNvNtCs8SrWuf8EPoW_17compiler_builtins3mem6memcpy)
800025ce 800025ce        0     1                 .L0 
800025ce 800025ce        0     1                 .L0 
800025ce 800025ce        0     1                 $x
800025ce 800025ce        0     1                 .L0 
800025ce 800025ce      188     1                 compiler_builtins::mem::memcpy
800025d2 800025d2        0     1                 .L0 
800025d6 800025d6        0     1                 .L0 
800025de 800025de        0     1                 .L0 
800025f6 800025f6        0     1                 .L0 
800025f8 800025f8        0     1                 .L0 
800025fc 800025fc        0     1                 .L0 
80002610 80002610        0     1                 .L0 
8000261c 8000261c        0     1                 .L0 
8000261e 8000261e        0     1                 .L0 
80002624 80002624        0     1                 .L0 
80002626 80002626        0     1                 .L0 
8000262a 8000262a        0     1                 .L0 
8000263e 8000263e        0     1                 .L0 
80002648 80002648        0     1                 .L0 
8000264a 8000264a        0     1                 .L0 
8000264e 8000264e        0     1                 .L0 
80002656 80002656        0     1                 .L0 
80002658 80002658        0     1                 .L0 
80002660 80002660        0     1                 .L0 
80002664 80002664        0     1                 .L0 
80002668 80002668        0     1                 .L0 
8000266c 8000266c        0     1                 .L0 
80002672 80002672        0     1                 .L0 
80002674 80002674        0     1                 .L0 
80002678 80002678        0     1                 .L0 
8000267c 8000267c        0     1                 .L0 
80002686 80002686        0     1                 .L0 
80002690 80002690        0     1                 .L0 
80002696 80002696        0     1                 .L0 
8000269e 8000269e        0     1                 .L0 
800026a4 800026a4        0     1                 .L0 
800026a6 800026a6        0     1                 .L0 
800026aa 800026aa        0     1                 .L0 
800026ae 800026ae        0     1                 .L0 
800026c8 800026c8        0     1                 .L0 
800026e0 800026e0        0     1                 .L0 
800026ea 800026ea        0     1                 .L0 
8000270e 8000270e        0     1                 .L0 
80002714 80002714        0     1                 .L0 
8000272c 8000272c        0     1                 .L0 
80002734 80002734        0     1                 .L0 
80002738 80002738        0     1                 .L0 
80002746 80002746        0     1                 .L0 
80002748 80002748        0     1                 .L0 
8000274c 8000274c        0     1                 .L0 
80002756 80002756        0     1                 .L0 
80002756 80002756        0     1                 .L0 
80002756 80002756       6c     2         /home/kenta/.rustup/toolchains/stable-x86_64-unknown-linux-gnu/lib/rustlib/riscv32imc-unknown-none-elf/lib/libcompiler_builtins-06f5cc7eb10af0bc.rlib(compiler_builtins-06f5cc7eb10af0bc.compiler_builtins.67690aa3454e5eb8-cgu.233.rcgu.o):(.text.memset)
80002756 80002756        0     1                 .L0 
80002756 80002756        0     1                 .L0 
80002756 80002756        0     1                 $x
80002756 80002756        0     1                 .L0 
80002756 80002756       6c     1                 memset
8000275c 8000275c        0     1                 .L0 
80002764 80002764        0     1                 .L0 
80002776 80002776        0     1                 .L0 
80002782 80002782        0     1                 .L0 
8000279a 8000279a        0     1                 .L0 
800027b0 800027b0        0     1                 .L0 
800027c2 800027c2        2     1         . = ALIGN(4)
800027c4 800027c4      588     4 .rodata
800027c4 800027c4        0     1         . = ALIGN(4)
800027c4 800027c4       28     4         /home/kenta/repos/fpga_samples/rtl/displayport/test/sw-rs/target/riscv32imc-unknown-none-elf/release/deps/bootrom_rs-e5eb5b1023555d08.bootrom_rs.30b7ddda3c400c0b-cgu.0.rcgu.o:(.rodata.main)
800027c4 800027c4        0     1                 .LJTI20_0
800027c4 800027c4        0     1                 $d
800027ec 800027ec       14     4         /home/kenta/repos/fpga_samples/rtl/displayport/test/sw-rs/target/riscv32imc-unknown-none-elf/release/deps/bootrom_rs-e5eb5b1023555d08.bootrom_rs.30b7ddda3c400c0b-cgu.0.rcgu.o:(.rodata._ZN69_$LT$bootrom_rs..link_training..Error$u20$as$u20$core..fmt..Debug$GT$3fmt17h69beb5b62d7dbfdaE)
800027ec 800027ec        0     1                 .LJTI22_0
800027ec 800027ec        0     1                 $d
80002800 80002800      175     1         <internal>:(.rodata.str1.1)
80002978 80002978       10     4         /home/kenta/repos/fpga_samples/rtl/displayport/test/sw-rs/target/riscv32imc-unknown-none-elf/release/deps/bootrom_rs-e5eb5b1023555d08.bootrom_rs.30b7ddda3c400c0b-cgu.0.rcgu.o:(.rodata..Lanon.dec6c8569e5370d35f44e786e4426ec4.1)
80002978 80002978       10     1                 .Lanon.dec6c8569e5370d35f44e786e4426ec4.1
80002978 80002978        0     1                 $d
80002988 80002988       10     4         /home/kenta/repos/fpga_samples/rtl/displayport/test/sw-rs/target/riscv32imc-unknown-none-elf/release/deps/bootrom_rs-e5eb5b1023555d08.bootrom_rs.30b7ddda3c400c0b-cgu.0.rcgu.o:(.rodata..Lanon.dec6c8569e5370d35f44e786e4426ec4.2)
80002988 80002988       10     1                 .Lanon.dec6c8569e5370d35f44e786e4426ec4.2
80002988 80002988        0     1                 $d
80002998 80002998       40     4         <internal>:(.rodata.cst16)
800029d8 800029d8       18     4         /home/kenta/repos/fpga_samples/rtl/displayport/test/sw-rs/target/riscv32imc-unknown-none-elf/release/deps/bootrom_rs-e5eb5b1023555d08.bootrom_rs.30b7ddda3c400c0b-cgu.0.rcgu.o:(.rodata..Lanon.ad07e7697d00ff494e7226909baa6552.8)
800029d8 800029d8       18     1                 .Lanon.ad07e7697d00ff494e7226909baa6552.8
800029d8 800029d8        0     1                 $d
800029f0 800029f0       15     1         /home/kenta/repos/fpga_samples/rtl/displayport/test/sw-rs/target/riscv32imc-unknown-none-elf/release/deps/bootrom_rs-e5eb5b1023555d08.bootrom_rs.30b7ddda3c400c0b-cgu.0.rcgu.o:(.rodata..Lanon.c9e955d39c895c54c66d660d32960f20.1)
800029f0 800029f0       15     1                 .Lanon.c9e955d39c895c54c66d660d32960f20.1
800029f0 800029f0        0     1                 $d
80002a05 80002a05       36     1         /home/kenta/repos/fpga_samples/rtl/displayport/test/sw-rs/target/riscv32imc-unknown-none-elf/release/deps/bootrom_rs-e5eb5b1023555d08.bootrom_rs.30b7ddda3c400c0b-cgu.0.rcgu.o:(.rodata..Lanon.c9e955d39c895c54c66d660d32960f20.2)
80002a05 80002a05       36     1                 .Lanon.c9e955d39c895c54c66d660d32960f20.2
80002a05 80002a05        0     1                 $d
80002a3b 80002a3b       15     1         /home/kenta/repos/fpga_samples/rtl/displayport/test/sw-rs/target/riscv32imc-unknown-none-elf/release/deps/bootrom_rs-e5eb5b1023555d08.bootrom_rs.30b7ddda3c400c0b-cgu.0.rcgu.o:(.rodata..Lanon.c9e955d39c895c54c66d660d32960f20.3)
80002a3b 80002a3b       15     1                 .Lanon.c9e955d39c895c54c66d660d32960f20.3
80002a3b 80002a3b        0     1                 $d
80002a50 80002a50       17     1         /home/kenta/repos/fpga_samples/rtl/displayport/test/sw-rs/target/riscv32imc-unknown-none-elf/release/deps/bootrom_rs-e5eb5b1023555d08.bootrom_rs.30b7ddda3c400c0b-cgu.0.rcgu.o:(.rodata..Lanon.c9e955d39c895c54c66d660d32960f20.4)
80002a50 80002a50       17     1                 .Lanon.c9e955d39c895c54c66d660d32960f20.4
80002a50 80002a50        0     1                 $d
80002a67 80002a67       25     1         /home/kenta/repos/fpga_samples/rtl/displayport/test/sw-rs/target/riscv32imc-unknown-none-elf/release/deps/bootrom_rs-e5eb5b1023555d08.bootrom_rs.30b7ddda3c400c0b-cgu.0.rcgu.o:(.rodata..Lanon.c9e955d39c895c54c66d660d32960f20.5)
80002a67 80002a67       25     1                 .Lanon.c9e955d39c895c54c66d660d32960f20.5
80002a67 80002a67        0     1                 $d
80002a8c 80002a8c       1a     1         /home/kenta/repos/fpga_samples/rtl/displayport/test/sw-rs/target/riscv32imc-unknown-none-elf/release/deps/bootrom_rs-e5eb5b1023555d08.bootrom_rs.30b7ddda3c400c0b-cgu.0.rcgu.o:(.rodata..Lanon.c9e955d39c895c54c66d660d32960f20.7)
80002a8c 80002a8c       1a     1                 .Lanon.c9e955d39c895c54c66d660d32960f20.7
80002a8c 80002a8c        0     1                 $d
80002aa6 80002aa6       26     1         /home/kenta/repos/fpga_samples/rtl/displayport/test/sw-rs/target/riscv32imc-unknown-none-elf/release/deps/bootrom_rs-e5eb5b1023555d08.bootrom_rs.30b7ddda3c400c0b-cgu.0.rcgu.o:(.rodata..Lanon.c9e955d39c895c54c66d660d32960f20.8)
80002aa6 80002aa6       26     1                 .Lanon.c9e955d39c895c54c66d660d32960f20.8
80002aa6 80002aa6        0     1                 $d
80002acc 80002acc       1c     1         /home/kenta/repos/fpga_samples/rtl/displayport/test/sw-rs/target/riscv32imc-unknown-none-elf/release/deps/bootrom_rs-e5eb5b1023555d08.bootrom_rs.30b7ddda3c400c0b-cgu.0.rcgu.o:(.rodata..Lanon.c9e955d39c895c54c66d660d32960f20.10)
80002acc 80002acc       1c     1                 .Lanon.c9e955d39c895c54c66d660d32960f20.10
80002acc 80002acc        0     1                 $d
80002ae8 80002ae8       2d     1         /home/kenta/repos/fpga_samples/rtl/displayport/test/sw-rs/target/riscv32imc-unknown-none-elf/release/deps/bootrom_rs-e5eb5b1023555d08.bootrom_rs.30b7ddda3c400c0b-cgu.0.rcgu.o:(.rodata..Lanon.c9e955d39c895c54c66d660d32960f20.11)
80002ae8 80002ae8       2d     1                 .Lanon.c9e955d39c895c54c66d660d32960f20.11
80002ae8 80002ae8        0     1                 $d
80002b15 80002b15        7     1         /home/kenta/repos/fpga_samples/rtl/displayport/test/sw-rs/target/riscv32imc-unknown-none-elf/release/deps/bootrom_rs-e5eb5b1023555d08.bootrom_rs.30b7ddda3c400c0b-cgu.0.rcgu.o:(.rodata..Lanon.c9e955d39c895c54c66d660d32960f20.12)
80002b15 80002b15        7     1                 .Lanon.c9e955d39c895c54c66d660d32960f20.12
80002b15 80002b15        0     1                 $d
80002b1c 80002b1c       4f     1         /home/kenta/repos/fpga_samples/rtl/displayport/test/sw-rs/target/riscv32imc-unknown-none-elf/release/deps/bootrom_rs-e5eb5b1023555d08.bootrom_rs.30b7ddda3c400c0b-cgu.0.rcgu.o:(.rodata..Lanon.c9e955d39c895c54c66d660d32960f20.13)
80002b1c 80002b1c       4f     1                 .Lanon.c9e955d39c895c54c66d660d32960f20.13
80002b1c 80002b1c        0     1                 $d
80002b6b 80002b6b       1e     1         /home/kenta/repos/fpga_samples/rtl/displayport/test/sw-rs/target/riscv32imc-unknown-none-elf/release/deps/bootrom_rs-e5eb5b1023555d08.bootrom_rs.30b7ddda3c400c0b-cgu.0.rcgu.o:(.rodata..Lanon.c9e955d39c895c54c66d660d32960f20.16)
80002b6b 80002b6b       1e     1                 .Lanon.c9e955d39c895c54c66d660d32960f20.16
80002b6b 80002b6b        0     1                 $d
[...]
    2c53     2c53        0     1                 .L0 
    2c8c     2c8c        0     1                 .L0 
    2cad     2cad        0     1                 .L0 
    2cce     2cce        0     1                 .L0 
    2cef     2cef        0     1                 .L0 
    2d25     2d25        0     1                 .L0 
    2d40     2d40        0     1                 .L0 
    2dc2     2dc2        0     1                 .L0 
    2deb     2deb        0     1                 .L0 
    2e14     2e14        0     1                 .L0 
    2e3d     2e3d        0     1                 .L0 
    2eb1     2eb1        0     1                 .L0 
    2eda     2eda        0     1                 .L0 
    2f03     2f03        0     1                 .L0 
    2f1e     2f1e        0     1                 .L0 
    2f3e     2f3e        0     1                 .L0 
       0        0      b05     1 .debug_abbrev
       0        0      8bd     1         /home/kenta/repos/fpga_samples/rtl/displayport/test/sw-rs/target/riscv32imc-unknown-none-elf/release/deps/bootrom_rs-e5eb5b1023555d08.bootrom_rs.30b7ddda3c400c0b-cgu.0.rcgu.o:(.debug_abbrev)
       0        0        0     1                 $d
     8bd      8bd       2e     1         /home/kenta/.rustup/toolchains/stable-x86_64-unknown-linux-gnu/lib/rustlib/riscv32imc-unknown-none-elf/lib/libcompiler_builtins-06f5cc7eb10af0bc.rlib(compiler_builtins-06f5cc7eb10af0bc.compiler_builtins.67690aa3454e5eb8-cgu.186.rcgu.o):(.debug_abbrev)
     8bd      8bd        0     1                 $d
     8eb      8eb      131     1         /home/kenta/.rustup/toolchains/stable-x86_64-unknown-linux-gnu/lib/rustlib/riscv32imc-unknown-none-elf/lib/libcompiler_builtins-06f5cc7eb10af0bc.rlib(compiler_builtins-06f5cc7eb10af0bc.compiler_builtins.67690aa3454e5eb8-cgu.014.rcgu.o):(.debug_abbrev)
     8eb      8eb        0     1                 $d
     a1c      a1c       e9     1         /home/kenta/.rustup/toolchains/stable-x86_64-unknown-linux-gnu/lib/rustlib/riscv32imc-unknown-none-elf/lib/libcompiler_builtins-06f5cc7eb10af0bc.rlib(compiler_builtins-06f5cc7eb10af0bc.compiler_builtins.67690aa3454e5eb8-cgu.233.rcgu.o):(.debug_abbrev)
     a1c      a1c        0     1                 $d
       0        0     fd42     1 .debug_info
       0        0     ebc9     1         /home/kenta/repos/fpga_samples/rtl/displayport/test/sw-rs/target/riscv32imc-unknown-none-elf/release/deps/bootrom_rs-e5eb5b1023555d08.bootrom_rs.30b7ddda3c400c0b-cgu.0.rcgu.o:(.debug_info)
       0        0        0     1                 .L0 
       0        0        0     1                 $d
    465a     465a        0     1                 .L0 
    469b     469b        0     1                 .L0 
    70c9     70c9        0     1                 .L0 
    c964     c964        0     1                 .L0 
    e9a4     e9a4        0     1                 .L0 
    ebc9     ebc9       4b     1         /home/kenta/.rustup/toolchains/stable-x86_64-unknown-linux-gnu/lib/rustlib/riscv32imc-unknown-none-elf/lib/libcompiler_builtins-06f5cc7eb10af0bc.rlib(compiler_builtins-06f5cc7eb10af0bc.compiler_builtins.67690aa3454e5eb8-cgu.186.rcgu.o):(.debug_info)
    ebc9     ebc9        0     1                 .L0 
    ebc9     ebc9        0     1                 $d
    ec14     ec14      eab     1         /home/kenta/.rustup/toolchains/stable-x86_64-unknown-linux-gnu/lib/rustlib/riscv32imc-unknown-none-elf/lib/libcompiler_builtins-06f5cc7eb10af0bc.rlib(compiler_builtins-06f5cc7eb10af0bc.compiler_builtins.67690aa3454e5eb8-cgu.014.rcgu.o):(.debug_info)
    ec14     ec14        0     1                 .L0 
    ec14     ec14        0     1                 $d
    fabf     fabf      283     1         /home/kenta/.rustup/toolchains/stable-x86_64-unknown-linux-gnu/lib/rustlib/riscv32imc-unknown-none-elf/lib/libcompiler_builtins-06f5cc7eb10af0bc.rlib(compiler_builtins-06f5cc7eb10af0bc.compiler_builtins.67690aa3454e5eb8-cgu.233.rcgu.o):(.debug_info)
    fabf     fabf        0     1                 .L0 
    fabf     fabf        0     1                 $d
       0        0      288     1 .debug_aranges
       0        0      218     1         /home/kenta/repos/fpga_samples/rtl/displayport/test/sw-rs/target/riscv32imc-unknown-none-elf/release/deps/bootrom_rs-e5eb5b1023555d08.bootrom_rs.30b7ddda3c400c0b-cgu.0.rcgu.o:(.debug_aranges)
       0        0        0     1                 $d
     218      218       20     1         /home/kenta/.rustup/toolchains/stable-x86_64-unknown-linux-gnu/lib/rustlib/riscv32imc-unknown-none-elf/lib/libcompiler_builtins-06f5cc7eb10af0bc.rlib(compiler_builtins-06f5cc7eb10af0bc.compiler_builtins.67690aa3454e5eb8-cgu.186.rcgu.o):(.debug_aranges)
     218      218        0     1                 $d
     238      238       30     1         /home/kenta/.rustup/toolchains/stable-x86_64-unknown-linux-gnu/lib/rustlib/riscv32imc-unknown-none-elf/lib/libcompiler_builtins-06f5cc7eb10af0bc.rlib(compiler_builtins-06f5cc7eb10af0bc.compiler_builtins.67690aa3454e5eb8-cgu.014.rcgu.o):(.debug_aranges)
     238      238        0     1                 $d
     268      268       20     1         /home/kenta/.rustup/toolchains/stable-x86_64-unknown-linux-gnu/lib/rustlib/riscv32imc-unknown-none-elf/lib/libcompiler_builtins-06f5cc7eb10af0bc.rlib(compiler_builtins-06f5cc7eb10af0bc.compiler_builtins.67690aa3454e5eb8-cgu.233.rcgu.o):(.debug_aranges)
     268      268        0     1                 $d
       0        0     16b0     1 .debug_ranges
       0        0     12b8     1         /home/kenta/repos/fpga_samples/rtl/displayport/test/sw-rs/target/riscv32imc-unknown-none-elf/release/deps/bootrom_rs-e5eb5b1023555d08.bootrom_rs.30b7ddda3c400c0b-cgu.0.rcgu.o:(.debug_ranges)
       0        0        0     1                 .L0 
       0        0        0     1                 $d
      18       18        0     1                 .L0 
      30       30        0     1                 .L0 
      48       48        0     1                 .L0 
      60       60        0     1                 .L0 
      78       78        0     1                 .L0 
      90       90        0     1                 .L0 
      b0       b0        0     1                 .L0 
      c8       c8        0     1                 .L0 
      e0       e0        0     1                 .L0 
      f8       f8        0     1                 .L0 
     110      110        0     1                 .L0 
     130      130        0     1                 .L0 
     148      148        0     1                 .L0 
     168      168        0     1                 .L0 
     180      180        0     1                 .L0 
     198      198        0     1                 .L0 
     1b0      1b0        0     1                 .L0 
     1c8      1c8        0     1                 .L0 
     1e0      1e0        0     1                 .L0 
     1f8      1f8        0     1                 .L0 
     210      210        0     1                 .L0 
     228      228        0     1                 .L0 
     240      240        0     1                 .L0 
     258      258        0     1                 .L0 
     270      270        0     1                 .L0 
     288      288        0     1                 .L0 
     2a0      2a0        0     1                 .L0 
     2b8      2b8        0     1                 .L0 
     2d0      2d0        0     1                 .L0 
     2e8      2e8        0     1                 .L0 
     308      308        0     1                 .L0 
     320      320        0     1                 .L0 
     340      340        0     1                 .L0 
     358      358        0     1                 .L0 
     370      370        0     1                 .L0 
     388      388        0     1                 .L0 
     3a0      3a0        0     1                 .L0 
     3b8      3b8        0     1                 .L0 
     3d8      3d8        0     1                 .L0 
     3f0      3f0        0     1                 .L0 
     408      408        0     1                 .L0 
     420      420        0     1                 .L0 
     438      438        0     1                 .L0 
     460      460        0     1                 .L0 
     478      478        0     1                 .L0 
     490      490        0     1                 .L0 
     4a8      4a8        0     1                 .L0 
     4c8      4c8        0     1                 .L0 
     4e0      4e0        0     1                 .L0 
     500      500        0     1                 .L0 
     538      538        0     1                 .L0 
     568      568        0     1                 .L0 
     598      598        0     1                 .L0 
     5b0      5b0        0     1                 .L0 
     5c8      5c8        0     1                 .L0 
     5e0      5e0        0     1                 .L0 
     5f8      5f8        0     1                 .L0 
     610      610        0     1                 .L0 
     628      628        0     1                 .L0 
     640      640        0     1                 .L0 
     660      660        0     1                 .L0 
     680      680        0     1                 .L0 
     698      698        0     1                 .L0 
     6c0      6c0        0     1                 .L0 
     6e8      6e8        0     1                 .L0 
     710      710        0     1                 .L0 
     740      740        0     1                 .L0 
     768      768        0     1                 .L0 
     788      788        0     1                 .L0 
     7a8      7a8        0     1                 .L0 
     7c8      7c8        0     1                 .L0 
     7e0      7e0        0     1                 .L0 
     800      800        0     1                 .L0 
     820      820        0     1                 .L0 
     840      840        0     1                 .L0 
     858      858        0     1                 .L0 
     870      870        0     1                 .L0 
     888      888        0     1                 .L0 
     8a0      8a0        0     1                 .L0 
     8b8      8b8        0     1                 .L0 
     900      900        0     1                 .L0 
     940      940        0     1                 .L0 
     980      980        0     1                 .L0 
     9a8      9a8        0     1                 .L0 
     9d0      9d0        0     1                 .L0 
     9f0      9f0        0     1                 .L0 
     a08      a08        0     1                 .L0 
     a20      a20        0     1                 .L0 
     a38      a38        0     1                 .L0 
     a50      a50        0     1                 .L0 
     a68      a68        0     1                 .L0 
     a88      a88        0     1                 .L0 
     aa8      aa8        0     1                 .L0 
     ac0      ac0        0     1                 .L0 
     ae0      ae0        0     1                 .L0 
     af8      af8        0     1                 .L0 
     b10      b10        0     1                 .L0 
     b28      b28        0     1                 .L0 
     b40      b40        0     1                 .L0 
     b58      b58        0     1                 .L0 
     b70      b70        0     1                 .L0 
     b88      b88        0     1                 .L0 
     ba0      ba0        0     1                 .L0 
     bb8      bb8        0     1                 .L0 
     bd0      bd0        0     1                 .L0 
     be8      be8        0     1                 .L0 
     c00      c00        0     1                 .L0 
     c18      c18        0     1                 .L0 
     c38      c38        0     1                 .L0 
     c50      c50        0     1                 .L0 
     c70      c70        0     1                 .L0 
     c90      c90        0     1                 .L0 
     ca8      ca8        0     1                 .L0 
     cc0      cc0        0     1                 .L0 
     cd8      cd8        0     1                 .L0 
     cf0      cf0        0     1                 .L0 
     d08      d08        0     1                 .L0 
     d20      d20        0     1                 .L0 
     d40      d40        0     1                 .L0 
     d60      d60        0     1                 .L0 
     d78      d78        0     1                 .L0 
     d90      d90        0     1                 .L0 
     da8      da8        0     1                 .L0 
     dc0      dc0        0     1                 .L0 
     dd8      dd8        0     1                 .L0 
     df0      df0        0     1                 .L0 
     e08      e08        0     1                 .L0 
     e20      e20        0     1                 .L0 
     e38      e38        0     1                 .L0 
     e50      e50        0     1                 .L0 
     e68      e68        0     1                 .L0 
     e80      e80        0     1                 .L0 
     e98      e98        0     1                 .L0 
     eb8      eb8        0     1                 .L0 
     ed0      ed0        0     1                 .L0 
     ef0      ef0        0     1                 .L0 
     f08      f08        0     1                 .L0 
     f28      f28        0     1                 .L0 
     f40      f40        0     1                 .L0 
     f60      f60        0     1                 .L0 
     f80      f80        0     1                 .L0 
     f98      f98        0     1                 .L0 
     fb0      fb0        0     1                 .L0 
     fd0      fd0        0     1                 .L0 
     fe8      fe8        0     1                 .L0 
    1000     1000        0     1                 .L0 
    1018     1018        0     1                 .L0 
    1030     1030        0     1                 .L0 
    1050     1050        0     1                 .L0 
    1070     1070        0     1                 .L0 
    1088     1088        0     1                 .L0 
    10a0     10a0        0     1                 .L0 
    10b8     10b8        0     1                 .L0 
    10d8     10d8        0     1                 .L0 
    10f0     10f0        0     1                 .L0 
    1108     1108        0     1                 .L0 
    1120     1120        0     1                 .L0 
    1170     1170        0     1                 .L0 
    11b8     11b8        0     1                 .L0 
    1208     1208        0     1                 .L0 
    12a0     12a0        0     1                 .L0 
    12b8     12b8      3b0     1         /home/kenta/.rustup/toolchains/stable-x86_64-unknown-linux-gnu/lib/rustlib/riscv32imc-unknown-none-elf/lib/libcompiler_builtins-06f5cc7eb10af0bc.rlib(compiler_builtins-06f5cc7eb10af0bc.compiler_builtins.67690aa3454e5eb8-cgu.014.rcgu.o):(.debug_ranges)
    12b8     12b8        0     1                 .L0 
    12b8     12b8        0     1                 $d
    12d0     12d0        0     1                 .L0 
    12e8     12e8        0     1                 .L0 
    1308     1308        0     1                 .L0 
    1328     1328        0     1                 .L0 
    1340     1340        0     1                 .L0 
    1358     1358        0     1                 .L0 
    1370     1370        0     1                 .L0 
    1388     1388        0     1                 .L0 
    13a0     13a0        0     1                 .L0 
    13b8     13b8        0     1                 .L0 
    13d0     13d0        0     1                 .L0 
    13e8     13e8        0     1                 .L0 
    1418     1418        0     1                 .L0 
    1430     1430        0     1                 .L0 
    1450     1450        0     1                 .L0 
    1478     1478        0     1                 .L0 
    1498     1498        0     1                 .L0 
    14b8     14b8        0     1                 .L0 
    14d0     14d0        0     1                 .L0 
    14e8     14e8        0     1                 .L0 
    1508     1508        0     1                 .L0 
    1528     1528        0     1                 .L0 
    1550     1550        0     1                 .L0 
    1568     1568        0     1                 .L0 
    1580     1580        0     1                 .L0 
    15a0     15a0        0     1                 .L0 
    15c0     15c0        0     1                 .L0 
    15d8     15d8        0     1                 .L0 
    15f0     15f0        0     1                 .L0 
    1608     1608        0     1                 .L0 
    1628     1628        0     1                 .L0 
    1648     1648        0     1                 .L0 
    1668     1668       48     1         /home/kenta/.rustup/toolchains/stable-x86_64-unknown-linux-gnu/lib/rustlib/riscv32imc-unknown-none-elf/lib/libcompiler_builtins-06f5cc7eb10af0bc.rlib(compiler_builtins-06f5cc7eb10af0bc.compiler_builtins.67690aa3454e5eb8-cgu.233.rcgu.o):(.debug_ranges)
    1668     1668        0     1                 .L0 
    1668     1668        0     1                 $d
    1680     1680        0     1                 .L0 
    1698     1698        0     1                 .L0 
       0        0     e7a1     1 .debug_str
       0        0     e7a1     1         <internal>:(.debug_str)
       0        0       8b     1 .comment
       0        0       8b     1         <internal>:(.comment)
       0        0       36     1 .riscv.attributes
       0        0       36     1         <internal>:(.riscv.attributes)
       0        0     4436     1 .debug_line
       0        0     38f0     1         /home/kenta/repos/fpga_samples/rtl/displayport/test/sw-rs/target/riscv32imc-unknown-none-elf/release/deps/bootrom_rs-e5eb5b1023555d08.bootrom_rs.30b7ddda3c400c0b-cgu.0.rcgu.o:(.debug_line)
       0        0        0     1                 .Lline_table_start0
       0        0        0     1                 $d
     d0e      d0e        0     1                 .Lline_table_start1
     d3e      d3e        0     1                 .Lline_table_start2
    14a7     14a7        0     1                 .Lline_table_start3
    26e9     26e9        0     1                 .Lline_table_start4
    2707     2707        0     1                 .Lline_table_start5
    2725     2725        0     1                 .Lline_table_start6
    3770     3770        0     1                 .Lline_table_start7
    38f0     38f0       6e     1         /home/kenta/.rustup/toolchains/stable-x86_64-unknown-linux-gnu/lib/rustlib/riscv32imc-unknown-none-elf/lib/libcompiler_builtins-06f5cc7eb10af0bc.rlib(compiler_builtins-06f5cc7eb10af0bc.compiler_builtins.67690aa3454e5eb8-cgu.186.rcgu.o):(.debug_line)
    38f0     38f0        0     1                 .Lline_table_start0
    38f0     38f0        0     1                 $d
    395e     395e      844     1         /home/kenta/.rustup/toolchains/stable-x86_64-unknown-linux-gnu/lib/rustlib/riscv32imc-unknown-none-elf/lib/libcompiler_builtins-06f5cc7eb10af0bc.rlib(compiler_builtins-06f5cc7eb10af0bc.compiler_builtins.67690aa3454e5eb8-cgu.014.rcgu.o):(.debug_line)
    395e     395e        0     1                 .Lline_table_start0
    395e     395e        0     1                 $d
    41a2     41a2      294     1         /home/kenta/.rustup/toolchains/stable-x86_64-unknown-linux-gnu/lib/rustlib/riscv32imc-unknown-none-elf/lib/libcompiler_builtins-06f5cc7eb10af0bc.rlib(compiler_builtins-06f5cc7eb10af0bc.compiler_builtins.67690aa3454e5eb8-cgu.233.rcgu.o):(.debug_line)
    41a2     41a2        0     1                 .Lline_table_start0
    41a2     41a2        0     1                 $d
    4351     4351        0     1                 .Lline_table_start1
       0        0     6980     4 .symtab
       0        0     6980     4         <internal>:(.symtab)
       0        0       b4     1 .shstrtab
       0        0       b4     1         <internal>:(.shstrtab)
       0        0     319a     1 .strtab
       0        0     319a     1         <internal>:(.strtab)
