     VMA      LMA     Size Align Out     In      Symbol
80000000 80000000        4     1 .isr_vector
80000000 80000000        0     1         . = ALIGN(4)
80000000 80000000        4     1         /home/kenta/repos/fpga_samples/rtl/displayport/test/sw-rs/target/riscv32imc-unknown-none-elf/release/deps/bootrom_rs-60959512d032345b.bootrom_rs.4f57399457bc23e-cgu.1.rcgu.o:(.isr_vector)
80000000 80000000        0     1                 $x
80000004 80000004        0     1         . = ALIGN(4)
80000004 80000004     1ea8     2 .text
80000004 80000004        0     1         . = ALIGN(4)
80000004 80000004       1e     2         /home/kenta/repos/fpga_samples/rtl/displayport/test/sw-rs/target/riscv32imc-unknown-none-elf/release/deps/bootrom_rs-60959512d032345b.bootrom_rs.4f57399457bc23e-cgu.1.rcgu.o:(.text)
80000004 80000004        0     1                 _start
80000004 80000004        0     1                 .Lpcrel_hi0
80000004 80000004        0     1                 $x
80000022 80000022       3a     2         /home/kenta/repos/fpga_samples/rtl/displayport/test/sw-rs/target/riscv32imc-unknown-none-elf/release/deps/bootrom_rs-60959512d032345b.bootrom_rs.4f57399457bc23e-cgu.1.rcgu.o:(.text._RNvCsGIExRX8pES_7___rustc17rust_begin_unwind)
80000022 80000022       3a     1                 __rustc::rust_begin_unwind
80000022 80000022        0     1                 .L0 
80000022 80000022        0     1                 .L0 
80000022 80000022        0     1                 $x
80000022 80000022        0     1                 .L0 
8000002a 8000002a        0     1                 .L0 
80000048 80000048        0     1                 .L0 
80000058 80000058        0     1                 .L0 
8000005c 8000005c        0     1                 .L0 
8000005c 8000005c       40     2         /home/kenta/repos/fpga_samples/rtl/displayport/test/sw-rs/target/riscv32imc-unknown-none-elf/release/deps/bootrom_rs-60959512d032345b.bootrom_rs.4f57399457bc23e-cgu.1.rcgu.o:(.text._ZN10bootrom_rs9print_fmt17h6a77c2976e3f51bdE)
8000005c 8000005c       40     1                 bootrom_rs::print_fmt::h6a77c2976e3f51bd
8000005c 8000005c        0     1                 .L0 
8000005c 8000005c        0     1                 .L0 
8000005c 8000005c        0     1                 $x
8000005c 8000005c        0     1                 .L0 
8000005e 8000005e        0     1                 .L0 
8000006e 8000006e        0     1                 .L0 
8000008a 8000008a        0     1                 .L0 
8000008c 8000008c        0     1                 .L0 
80000094 80000094        0     1                 .L0 
8000009c 8000009c        0     1                 .L0 
8000009c 8000009c       26     2         /home/kenta/repos/fpga_samples/rtl/displayport/test/sw-rs/target/riscv32imc-unknown-none-elf/release/deps/bootrom_rs-60959512d032345b.bootrom_rs.4f57399457bc23e-cgu.1.rcgu.o:(.text._ZN69_$LT$bootrom_rs..link_training..Error$u20$as$u20$core..fmt..Debug$GT$3fmt17h016f36847aff5422E)
8000009c 8000009c       26     1                 _$LT$bootrom_rs..link_training..Error$u20$as$u20$core..fmt..Debug$GT$::fmt::h016f36847aff5422
8000009c 8000009c        0     1                 .L0 
8000009c 8000009c        0     1                 .L0 
8000009c 8000009c        0     1                 $x
8000009c 8000009c        0     1                 .L0 
800000be 800000be        0     1                 .L0 
800000c2 800000c2        0     1                 .L0 
800000c2 800000c2       48     2         /home/kenta/repos/fpga_samples/rtl/displayport/test/sw-rs/target/riscv32imc-unknown-none-elf/release/deps/bootrom_rs-60959512d032345b.bootrom_rs.4f57399457bc23e-cgu.1.rcgu.o:(.text.init)
800000c2 800000c2        0     1                 .L0 
800000c2 800000c2        0     1                 .L0 
800000c2 800000c2        0     1                 $x
800000c2 800000c2        0     1                 .L0 
800000c2 800000c2       48     1                 init
800000d6 800000d6        0     1                 .L0 
800000da 800000da        0     1                 .L0 
800000e0 800000e0        0     1                 .L0 
800000fc 800000fc        0     1                 .L0 
800000fe 800000fe        0     1                 .L0 
80000100 80000100        0     1                 .L0 
80000102 80000102        0     1                 .L0 
8000010a 8000010a        0     1                 .L0 
8000010a 8000010a      8c2     2         /home/kenta/repos/fpga_samples/rtl/displayport/test/sw-rs/target/riscv32imc-unknown-none-elf/release/deps/bootrom_rs-60959512d032345b.bootrom_rs.4f57399457bc23e-cgu.1.rcgu.o:(.text.main)
8000010a 8000010a        0     1                 .L0 
8000010a 8000010a        0     1                 .L0 
8000010a 8000010a        0     1                 $x
8000010a 8000010a        0     1                 .L0 
8000010a 8000010a      8c2     1                 main
80000142 80000142        0     1                 .L0 
80000146 80000146        0     1                 .L0 
80000152 80000152        0     1                 .L0 
80000154 80000154        0     1                 .L0 
8000015a 8000015a        0     1                 .L0 
8000015e 8000015e        0     1                 .L0 
80000162 80000162        0     1                 .L0 
80000166 80000166        0     1                 .L0 
8000016a 8000016a        0     1                 .L0 
80000172 80000172        0     1                 .L0 
80000176 80000176        0     1                 .L0 
8000017e 8000017e        0     1                 .L0 
80000180 80000180        0     1                 .L0 
80000184 80000184        0     1                 .L0 
800001a4 800001a4        0     1                 .L0 
800001b8 800001b8        0     1                 .L0 
800001ea 800001ea        0     1                 .L0 
800001fa 800001fa        0     1                 .L0 
800001fe 800001fe        0     1                 .L0 
80000202 80000202        0     1                 .L0 
80000208 80000208        0     1                 .L0 
80000218 80000218        0     1                 .L0 
8000021c 8000021c        0     1                 .L0 
80000220 80000220        0     1                 .L0 
80000224 80000224        0     1                 .L0 
80000228 80000228        0     1                 .L0 
80000230 80000230        0     1                 .L0 
80000234 80000234        0     1                 .L0 
80000238 80000238        0     1                 .L0 
8000023c 8000023c        0     1                 .L0 
80000240 80000240        0     1                 .L0 
80000244 80000244        0     1                 .L0 
80000248 80000248        0     1                 .L0 
8000025a 8000025a        0     1                 .L0 
8000025e 8000025e        0     1                 .L0 
80000262 80000262        0     1                 .L0 
80000282 80000282        0     1                 .L0 
80000284 80000284        0     1                 .L0 
80000288 80000288        0     1                 .L0 
80000292 80000292        0     1                 .L0 
8000029e 8000029e        0     1                 .L0 
800002a2 800002a2        0     1                 .L0 
800002a4 800002a4        0     1                 .L0 
800002a8 800002a8        0     1                 .L0 
800002ac 800002ac        0     1                 .L0 
800002b8 800002b8        0     1                 .L0 
800002c0 800002c0        0     1                 .L0 
800002c4 800002c4        0     1                 .L0 
800002c8 800002c8        0     1                 .L0 
800002ce 800002ce        0     1                 .L0 
800002d2 800002d2        0     1                 .L0 
800002d8 800002d8        0     1                 .L0 
800002e6 800002e6        0     1                 .L0 
800002ea 800002ea        0     1                 .L0 
800002f4 800002f4        0     1                 .L0 
800002fe 800002fe        0     1                 .L0 
80000302 80000302        0     1                 .L0 
80000304 80000304        0     1                 .L0 
80000310 80000310        0     1                 .L0 
80000314 80000314        0     1                 .L0 
80000316 80000316        0     1                 .L0 
80000316 80000316        0     1                 .L0 
8000031c 8000031c        0     1                 .L0 
80000320 80000320        0     1                 .L0 
80000324 80000324        0     1                 .L0 
8000032a 8000032a        0     1                 .L0 
8000032e 8000032e        0     1                 .L0 
80000334 80000334        0     1                 .L0 
8000035a 8000035a        0     1                 .L0 
80000372 80000372        0     1                 .L0 
8000037a 8000037a        0     1                 .L0 
8000037e 8000037e        0     1                 .L0 
80000382 80000382        0     1                 .L0 
80000388 80000388        0     1                 .L0 
8000038c 8000038c        0     1                 .L0 
80000392 80000392        0     1                 .L0 
80000396 80000396        0     1                 .L0 
80000398 80000398        0     1                 .L0 
800003b0 800003b0        0     1                 .L0 
800003b0 800003b0        0     1                 .L0 
800003b6 800003b6        0     1                 .L0 
800003c0 800003c0        0     1                 .L0 
800003c4 800003c4        0     1                 .L0 
800003d2 800003d2        0     1                 .L0 
800003d6 800003d6        0     1                 .L0 
800003da 800003da        0     1                 .L0 
800003e4 800003e4        0     1                 .L0 
800003f4 800003f4        0     1                 .L0 
800003fe 800003fe        0     1                 .L0 
80000400 80000400        0     1                 .L0 
80000404 80000404        0     1                 .L0 
80000408 80000408        0     1                 .L0 
8000040c 8000040c        0     1                 .L0 
80000412 80000412        0     1                 .L0 
80000416 80000416        0     1                 .L0 
8000041a 8000041a        0     1                 .L0 
80000420 80000420        0     1                 .L0 
80000442 80000442        0     1                 .L0 
80000446 80000446        0     1                 .L0 
8000044a 8000044a        0     1                 .L0 
8000044e 8000044e        0     1                 .L0 
8000045e 8000045e        0     1                 .L0 
8000046c 8000046c        0     1                 .L0 
80000470 80000470        0     1                 .L0 
8000047c 8000047c        0     1                 .L0 
80000486 80000486        0     1                 .L0 
80000496 80000496        0     1                 .L0 
8000049a 8000049a        0     1                 .L0 
8000049e 8000049e        0     1                 .L0 
800004a4 800004a4        0     1                 .L0 
800004ac 800004ac        0     1                 .L0 
800004c4 800004c4        0     1                 .L0 
800004d8 800004d8        0     1                 .L0 
800004ec 800004ec        0     1                 .L0 
800004f2 800004f2        0     1                 .L0 
8000050e 8000050e        0     1                 .L0 
80000528 80000528        0     1                 .L0 
80000536 80000536        0     1                 .L0 
8000055c 8000055c        0     1                 .L0 
8000057a 8000057a        0     1                 .L0 
80000588 80000588        0     1                 .L0 
800005a6 800005a6        0     1                 .L0 
800005b0 800005b0        0     1                 .L0 
800005d0 800005d0        0     1                 .L0 
800005d2 800005d2        0     1                 .L0 
800005da 800005da        0     1                 .L0 
800005fc 800005fc        0     1                 .L0 
80000604 80000604        0     1                 .L0 
8000060a 8000060a        0     1                 .L0 
8000060e 8000060e        0     1                 .L0 
80000612 80000612        0     1                 .L0 
8000062c 8000062c        0     1                 .L0 
8000062e 8000062e        0     1                 .L0 
8000063c 8000063c        0     1                 .L0 
80000644 80000644        0     1                 .L0 
8000064e 8000064e        0     1                 .L0 
80000668 80000668        0     1                 .L0 
80000674 80000674        0     1                 .L0 
8000067c 8000067c        0     1                 .L0 
80000684 80000684        0     1                 .L0 
8000068e 8000068e        0     1                 .L0 
800006b0 800006b0        0     1                 .L0 
800006b8 800006b8        0     1                 .L0 
800006c2 800006c2        0     1                 .L0 
800006f0 800006f0        0     1                 .L0 
800006f2 800006f2        0     1                 .L0 
80000708 80000708        0     1                 .L0 
8000070c 8000070c        0     1                 .L0 
80000710 80000710        0     1                 .L0 
8000071a 8000071a        0     1                 .L0 
8000071c 8000071c        0     1                 .L0 
80000720 80000720        0     1                 .L0 
80000724 80000724        0     1                 .L0 
80000728 80000728        0     1                 .L0 
80000730 80000730        0     1                 .L0 
80000738 80000738        0     1                 .L0 
8000073e 8000073e        0     1                 .L0 
80000744 80000744        0     1                 .L0 
8000074c 8000074c        0     1                 .L0 
8000075e 8000075e        0     1                 .L0 
80000778 80000778        0     1                 .L0 
8000078c 8000078c        0     1                 .L0 
80000790 80000790        0     1                 .L0 
800007a2 800007a2        0     1                 .L0 
800007be 800007be        0     1                 .L0 
800007c0 800007c0        0     1                 .L0 
800007f0 800007f0        0     1                 .L0 
800007fa 800007fa        0     1                 .L0 
80000820 80000820        0     1                 .L0 
80000830 80000830        0     1                 .L0 
8000083c 8000083c        0     1                 .L0 
80000840 80000840        0     1                 .L0 
80000844 80000844        0     1                 .L0 
80000848 80000848        0     1                 .L0 
8000084a 8000084a        0     1                 .L0 
8000084e 8000084e        0     1                 .L0 
80000850 80000850        0     1                 .L0 
80000854 80000854        0     1                 .L0 
80000858 80000858        0     1                 .L0 
8000085c 8000085c        0     1                 .L0 
8000086a 8000086a        0     1                 .L0 
80000870 80000870        0     1                 .L0 
8000088a 8000088a        0     1                 .L0 
800008ac 800008ac        0     1                 .L0 
800008ae 800008ae        0     1                 .L0 
800008fe 800008fe        0     1                 .L0 
80000908 80000908        0     1                 .L0 
80000914 80000914        0     1                 .L0 
8000091a 8000091a        0     1                 .L0 
8000092e 8000092e        0     1                 .L0 
8000093e 8000093e        0     1                 .L0 
80000962 80000962        0     1                 .L0 
80000966 80000966        0     1                 .L0 
8000096a 8000096a        0     1                 .L0 
8000096c 8000096c        0     1                 .L0 
80000972 80000972        0     1                 .L0 
80000974 80000974        0     1                 .L0 
80000978 80000978        0     1                 .L0 
8000097c 8000097c        0     1                 .L0 
80000982 80000982        0     1                 .L0 
80000984 80000984        0     1                 .L0 
80000986 80000986        0     1                 .L0 
8000098a 8000098a        0     1                 .L0 
8000098c 8000098c        0     1                 .L0 
800009b2 800009b2        0     1                 .L0 
800009b4 800009b4        0     1                 .L0 
800009b8 800009b8        0     1                 .L0 
800009ba 800009ba        0     1                 .L0 
800009be 800009be        0     1                 .L0 
800009c2 800009c2        0     1                 .L0 
800009ca 800009ca        0     1                 .L0 
800009ca 800009ca        0     1                 .L0 
800009cc 800009cc        0     1                 .L0 
800009cc 800009cc        0     1                 .L0 
800009cc 800009cc       14     2         /home/kenta/repos/fpga_samples/rtl/displayport/test/sw-rs/target/riscv32imc-unknown-none-elf/release/deps/bootrom_rs-60959512d032345b.bootrom_rs.4f57399457bc23e-cgu.1.rcgu.o:(.text.start_rust)
800009cc 800009cc        0     1                 .L0 
800009cc 800009cc        0     1                 .L0 
800009cc 800009cc        0     1                 $x
800009cc 800009cc        0     1                 .L0 
800009cc 800009cc       14     1                 start_rust
800009e0 800009e0        0     1                 .L0 
800009e0 800009e0       38     2         /home/kenta/repos/fpga_samples/rtl/displayport/test/sw-rs/target/riscv32imc-unknown-none-elf/release/deps/bootrom_rs-60959512d032345b.bootrom_rs.4f57399457bc23e-cgu.1.rcgu.o:(.text._ZN10bootrom_rs3aux5AuxCh10send_reply17hdecb0562a1cd2144E)
800009e0 800009e0       38     1                 bootrom_rs::aux::AuxCh::send_reply::hdecb0562a1cd2144
800009e0 800009e0        0     1                 .L0 
800009e0 800009e0        0     1                 .L0 
800009e0 800009e0        0     1                 $x
800009e0 800009e0        0     1                 .L0 
800009e4 800009e4        0     1                 .L0 
800009ec 800009ec        0     1                 .L0 
800009f0 800009f0        0     1                 .L0 
800009f2 800009f2        0     1                 .L0 
800009f4 800009f4        0     1                 .L0 
800009f6 800009f6        0     1                 .L0 
800009f8 800009f8        0     1                 .L0 
800009fa 800009fa        0     1                 .L0 
80000a00 80000a00        0     1                 .L0 
80000a06 80000a06        0     1                 .L0 
80000a0a 80000a0a        0     1                 .L0 
80000a0e 80000a0e        0     1                 .L0 
80000a12 80000a12        0     1                 .L0 
80000a18 80000a18        0     1                 .L0 
80000a18 80000a18       14     2         /home/kenta/repos/fpga_samples/rtl/displayport/test/sw-rs/target/riscv32imc-unknown-none-elf/release/deps/bootrom_rs-60959512d032345b.bootrom_rs.4f57399457bc23e-cgu.1.rcgu.o:(.text._ZN4core3fmt5Write9write_fmt17h7cb5ffe83edb93f4E)
80000a18 80000a18       14     1                 core::fmt::Write::write_fmt::h7cb5ffe83edb93f4
80000a18 80000a18        0     1                 .L0 
80000a18 80000a18        0     1                 .L0 
80000a18 80000a18        0     1                 $x
80000a18 80000a18        0     1                 .L0 
80000a1c 80000a1c        0     1                 .L0 
80000a2c 80000a2c        0     1                 .L0 
80000a2c 80000a2c       24     2         /home/kenta/repos/fpga_samples/rtl/displayport/test/sw-rs/target/riscv32imc-unknown-none-elf/release/deps/bootrom_rs-60959512d032345b.bootrom_rs.4f57399457bc23e-cgu.1.rcgu.o:(.text._ZN106_$LT$bootrom_rs..serialout..SerialOut$LT$bootrom_pac..SYSTEM_SERIALOUT$GT$$u20$as$u20$core..fmt..Write$GT$9write_str17h57980ad64c707ebeE)
80000a2c 80000a2c       24     1                 _$LT$bootrom_rs..serialout..SerialOut$LT$bootrom_pac..SYSTEM_SERIALOUT$GT$$u20$as$u20$core..fmt..Write$GT$::write_str::h57980ad64c707ebe
80000a2c 80000a2c        0     1                 .L0 
80000a2c 80000a2c        0     1                 .L0 
80000a2c 80000a2c        0     1                 $x
80000a2c 80000a2c        0     1                 .L0 
80000a2e 80000a2e        0     1                 .L0 
80000a34 80000a34        0     1                 .L0 
80000a36 80000a36        0     1                 .L0 
80000a3c 80000a3c        0     1                 .L0 
80000a40 80000a40        0     1                 .L0 
80000a44 80000a44        0     1                 .L0 
80000a48 80000a48        0     1                 .L0 
80000a4c 80000a4c        0     1                 .L0 
80000a50 80000a50        0     1                 .L0 
80000a50 80000a50       a6     2         /home/kenta/repos/fpga_samples/rtl/displayport/test/sw-rs/target/riscv32imc-unknown-none-elf/release/deps/bootrom_rs-60959512d032345b.bootrom_rs.4f57399457bc23e-cgu.1.rcgu.o:(.text._ZN4core3fmt5Write10write_char17h95c2ede3cb06b6b5E)
80000a50 80000a50       a6     1                 core::fmt::Write::write_char::h95c2ede3cb06b6b5
80000a50 80000a50        0     1                 .L0 
80000a50 80000a50        0     1                 .L0 
80000a50 80000a50        0     1                 $x
80000a50 80000a50        0     1                 .L0 
80000a58 80000a58        0     1                 .L0 
80000a5c 80000a5c        0     1                 .L0 
80000a60 80000a60        0     1                 .L0 
80000a66 80000a66        0     1                 .L0 
80000a6a 80000a6a        0     1                 .L0 
80000a72 80000a72        0     1                 .L0 
80000a76 80000a76        0     1                 .L0 
80000a78 80000a78        0     1                 .L0 
80000a7c 80000a7c        0     1                 .L0 
80000a8a 80000a8a        0     1                 .L0 
80000a8e 80000a8e        0     1                 .L0 
80000a92 80000a92        0     1                 .L0 
80000a9a 80000a9a        0     1                 .L0 
80000a9c 80000a9c        0     1                 .L0 
80000aa0 80000aa0        0     1                 .L0 
80000ab2 80000ab2        0     1                 .L0 
80000ac2 80000ac2        0     1                 .L0 
80000ad2 80000ad2        0     1                 .L0 
80000ad8 80000ad8        0     1                 .L0 
80000ada 80000ada        0     1                 .L0 
80000ae0 80000ae0        0     1                 .L0 
80000ae4 80000ae4        0     1                 .L0 
80000ae8 80000ae8        0     1                 .L0 
80000aec 80000aec        0     1                 .L0 
80000af0 80000af0        0     1                 .L0 
80000af6 80000af6        0     1                 .L0 
80000af6 80000af6       3e     2         /home/kenta/repos/fpga_samples/rtl/displayport/test/sw-rs/target/riscv32imc-unknown-none-elf/release/deps/bootrom_rs-60959512d032345b.bootrom_rs.4f57399457bc23e-cgu.1.rcgu.o:(.text._ZN10bootrom_rs4dpcd4read17hb23e0590077d3166E)
80000af6 80000af6       3e     1                 bootrom_rs::dpcd::read::hb23e0590077d3166
80000af6 80000af6        0     1                 .L0 
80000af6 80000af6        0     1                 .L0 
80000af6 80000af6        0     1                 $x
80000af6 80000af6        0     1                 .L0 
80000b04 80000b04        0     1                 .L0 
80000b0e 80000b0e        0     1                 .L0 
80000b26 80000b26        0     1                 .L0 
80000b34 80000b34        0     1                 .L0 
80000b34 80000b34      216     2         /home/kenta/repos/fpga_samples/rtl/displayport/test/sw-rs/target/riscv32imc-unknown-none-elf/release/deps/bootrom_rs-60959512d032345b.bootrom_rs.4f57399457bc23e-cgu.1.rcgu.o:(.text._ZN10bootrom_rs4dpcd8transact17h92cc333694540c97E)
80000b34 80000b34      216     1                 bootrom_rs::dpcd::transact::h92cc333694540c97
80000b34 80000b34        0     1                 .L0 
80000b34 80000b34        0     1                 .L0 
80000b34 80000b34        0     1                 $x
80000b34 80000b34        0     1                 .L0 
80000bc2 80000bc2        0     1                 .L0 
80000bce 80000bce        0     1                 .L0 
80000be4 80000be4        0     1                 .L0 
80000be8 80000be8        0     1                 .L0 
80000bea 80000bea        0     1                 .L0 
80000bf2 80000bf2        0     1                 .L0 
80000bfc 80000bfc        0     1                 .L0 
80000c00 80000c00        0     1                 .L0 
80000c04 80000c04        0     1                 .L0 
80000c08 80000c08        0     1                 .L0 
80000c0c 80000c0c        0     1                 .L0 
80000c10 80000c10        0     1                 .L0 
80000c14 80000c14        0     1                 .L0 
80000c18 80000c18        0     1                 .L0 
80000c1c 80000c1c        0     1                 .L0 
80000c24 80000c24        0     1                 .L0 
80000c28 80000c28        0     1                 .L0 
80000c2a 80000c2a        0     1                 .L0 
80000c2c 80000c2c        0     1                 .L0 
80000c30 80000c30        0     1                 .L0 
80000c32 80000c32        0     1                 .L0 
80000c3a 80000c3a        0     1                 .L0 
80000c3e 80000c3e        0     1                 .L0 
80000c40 80000c40        0     1                 .L0 
80000c42 80000c42        0     1                 .L0 
80000c46 80000c46        0     1                 .L0 
80000c4e 80000c4e        0     1                 .L0 
80000c50 80000c50        0     1                 .L0 
80000c54 80000c54        0     1                 .L0 
80000c5e 80000c5e        0     1                 .L0 
80000c64 80000c64        0     1                 .L0 
80000c76 80000c76        0     1                 .L0 
80000c7a 80000c7a        0     1                 .L0 
80000c80 80000c80        0     1                 .L0 
80000c82 80000c82        0     1                 .L0 
80000c92 80000c92        0     1                 .L0 
80000c96 80000c96        0     1                 .L0 
80000c98 80000c98        0     1                 .L0 
80000c9c 80000c9c        0     1                 .L0 
80000ca4 80000ca4        0     1                 .L0 
80000ca8 80000ca8        0     1                 .L0 
80000cae 80000cae        0     1                 .L0 
80000cb2 80000cb2        0     1                 .L0 
80000cb8 80000cb8        0     1                 .L0 
80000cba 80000cba        0     1                 .L0 
80000cc2 80000cc2        0     1                 .L0 
80000cca 80000cca        0     1                 .L0 
80000ccc 80000ccc        0     1                 .L0 
80000cce 80000cce        0     1                 .L0 
80000cd8 80000cd8        0     1                 .L0 
80000ce6 80000ce6        0     1                 .L0 
80000cf4 80000cf4        0     1                 .L0 
80000d18 80000d18        0     1                 .L0 
80000d26 80000d26        0     1                 .L0 
80000d38 80000d38        0     1                 .L0 
80000d4a 80000d4a        0     1                 .L0 
80000d4a 80000d4a        0     1                 .L0 
80000d4a 80000d4a       3c     2         /home/kenta/repos/fpga_samples/rtl/displayport/test/sw-rs/target/riscv32imc-unknown-none-elf/release/deps/bootrom_rs-60959512d032345b.bootrom_rs.4f57399457bc23e-cgu.1.rcgu.o:(.text._ZN10bootrom_rs4dpcd5write17h58d2065b7edee056E)
80000d4a 80000d4a       3c     1                 bootrom_rs::dpcd::write::h58d2065b7edee056
80000d4a 80000d4a        0     1                 .L0 
80000d4a 80000d4a        0     1                 .L0 
80000d4a 80000d4a        0     1                 $x
80000d4a 80000d4a        0     1                 .L0 
80000d4e 80000d4e        0     1                 .L0 
80000d5c 80000d5c        0     1                 .L0 
80000d66 80000d66        0     1                 .L0 
80000d7a 80000d7a        0     1                 .L0 
80000d86 80000d86        0     1                 .L0 
80000d86 80000d86      136     2         /home/kenta/repos/fpga_samples/rtl/displayport/test/sw-rs/target/riscv32imc-unknown-none-elf/release/deps/bootrom_rs-60959512d032345b.bootrom_rs.4f57399457bc23e-cgu.1.rcgu.o:(.text._ZN42_$LT$$RF$T$u20$as$u20$core..fmt..Debug$GT$3fmt17h74bd87c0d90eec95E)
80000d86 80000d86      136     1                 _$LT$$RF$T$u20$as$u20$core..fmt..Debug$GT$::fmt::h74bd87c0d90eec95
80000d86 80000d86        0     1                 .L0 
80000d86 80000d86        0     1                 .L0 
80000d86 80000d86        0     1                 $x
80000d86 80000d86        0     1                 .L0 
80000da4 80000da4        0     1                 .L0 
80000daa 80000daa        0     1                 .L0 
80000dae 80000dae        0     1                 .L0 
80000dc2 80000dc2        0     1                 .L0 
80000dc4 80000dc4        0     1                 .L0 
80000de2 80000de2        0     1                 .L0 
80000dea 80000dea        0     1                 .L0 
80000df8 80000df8        0     1                 .L0 
80000e10 80000e10        0     1                 .L0 
80000e12 80000e12        0     1                 .L0 
80000e20 80000e20        0     1                 .L0 
80000e28 80000e28        0     1                 .L0 
80000e2a 80000e2a        0     1                 .L0 
80000e38 80000e38        0     1                 .L0 
80000e3a 80000e3a        0     1                 .L0 
80000e3e 80000e3e        0     1                 .L0 
80000e54 80000e54        0     1                 .L0 
80000e60 80000e60        0     1                 .L0 
80000e66 80000e66        0     1                 .L0 
80000e7a 80000e7a        0     1                 .L0 
80000e7c 80000e7c        0     1                 .L0 
80000e7e 80000e7e        0     1                 .L0 
80000e80 80000e80        0     1                 .L0 
80000e84 80000e84        0     1                 .L0 
80000e9c 80000e9c        0     1                 .L0 
80000ebc 80000ebc        0     1                 .L0 
80000ebc 80000ebc      120     2         /home/kenta/repos/fpga_samples/rtl/displayport/test/sw-rs/target/riscv32imc-unknown-none-elf/release/deps/bootrom_rs-60959512d032345b.bootrom_rs.4f57399457bc23e-cgu.1.rcgu.o:(.text._ZN42_$LT$$RF$T$u20$as$u20$core..fmt..Debug$GT$3fmt17hf961e875d1f93372E)
80000ebc 80000ebc      120     1                 _$LT$$RF$T$u20$as$u20$core..fmt..Debug$GT$::fmt::hf961e875d1f93372
80000ebc 80000ebc        0     1                 .L0 
80000ebc 80000ebc        0     1                 .L0 
80000ebc 80000ebc        0     1                 $x
80000ebc 80000ebc        0     1                 .L0 
80000ec2 80000ec2        0     1                 .L0 
80000eec 80000eec        0     1                 .L0 
80000f08 80000f08        0     1                 .L0 
80000f0c 80000f0c        0     1                 .L0 
80000f16 80000f16        0     1                 .L0 
80000f1c 80000f1c        0     1                 .L0 
80000f3e 80000f3e        0     1                 .L0 
80000f50 80000f50        0     1                 .L0 
80000f56 80000f56        0     1                 .L0 
80000f7c 80000f7c        0     1                 .L0 
80000f8e 80000f8e        0     1                 .L0 
80000fa4 80000fa4        0     1                 .L0 
80000fba 80000fba        0     1                 .L0 
80000fbe 80000fbe        0     1                 .L0 
80000fc4 80000fc4        0     1                 .L0 
80000fc6 80000fc6        0     1                 .L0 
80000fc8 80000fc8        0     1                 .L0 
80000fce 80000fce        0     1                 .L0 
80000fdc 80000fdc        0     1                 .L0 
80000fdc 80000fdc       b2     2         /home/kenta/repos/fpga_samples/rtl/displayport/test/sw-rs/target/riscv32imc-unknown-none-elf/release/deps/bootrom_rs-60959512d032345b.bootrom_rs.4f57399457bc23e-cgu.1.rcgu.o:(.text._ZN44_$LT$$RF$T$u20$as$u20$core..fmt..Display$GT$3fmt17hb90af1a7d6191cd3E)
80000fdc 80000fdc       b2     1                 _$LT$$RF$T$u20$as$u20$core..fmt..Display$GT$::fmt::hb90af1a7d6191cd3
80000fdc 80000fdc        0     1                 .L0 
80000fdc 80000fdc        0     1                 .L0 
80000fdc 80000fdc        0     1                 $x
80000fdc 80000fdc        0     1                 .L0 
80000ffa 80000ffa        0     1                 .L0 
8000100e 8000100e        0     1                 .L0 
80001010 80001010        0     1                 .L0 
80001014 80001014        0     1                 .L0 
80001034 80001034        0     1                 .L0 
80001038 80001038        0     1                 .L0 
8000103c 8000103c        0     1                 .L0 
80001052 80001052        0     1                 .L0 
80001054 80001054        0     1                 .L0 
80001062 80001062        0     1                 .L0 
8000106c 8000106c        0     1                 .L0 
8000108e 8000108e        0     1                 .L0 
8000108e 8000108e      2f4     2         /home/kenta/repos/fpga_samples/rtl/displayport/test/sw-rs/target/riscv32imc-unknown-none-elf/release/deps/bootrom_rs-60959512d032345b.bootrom_rs.4f57399457bc23e-cgu.1.rcgu.o:(.text._RNvXs1i_NtCsddV114GBTEg_4core3fmtReNtB6_7Display3fmtB8_)
8000108e 8000108e      2f4     1                 <&str as core::fmt::Display>::fmt
8000108e 8000108e        0     1                 .L0 
8000108e 8000108e        0     1                 .L0 
8000108e 8000108e        0     1                 $x
8000108e 8000108e        0     1                 .L0 
800010aa 800010aa        0     1                 .L0 
800010ae 800010ae        0     1                 .L0 
800010ba 800010ba        0     1                 .L0 
800010c2 800010c2        0     1                 .L0 
800010ca 800010ca        0     1                 .L0 
800010cc 800010cc        0     1                 .L0 
800010d2 800010d2        0     1                 .L0 
800010e2 800010e2        0     1                 .L0 
800010ea 800010ea        0     1                 .L0 
800010f2 800010f2        0     1                 .L0 
800010f6 800010f6        0     1                 .L0 
8000110a 8000110a        0     1                 .L0 
8000110e 8000110e        0     1                 .L0 
80001112 80001112        0     1                 .L0 
80001114 80001114        0     1                 .L0 
8000111a 8000111a        0     1                 .L0 
8000111c 8000111c        0     1                 .L0 
80001144 80001144        0     1                 .L0 
80001152 80001152        0     1                 .L0 
8000115a 8000115a        0     1                 .L0 
80001162 80001162        0     1                 .L0 
80001168 80001168        0     1                 .L0 
80001174 80001174        0     1                 .L0 
8000117c 8000117c        0     1                 .L0 
80001184 80001184        0     1                 .L0 
80001198 80001198        0     1                 .L0 
800011a0 800011a0        0     1                 .L0 
800011ca 800011ca        0     1                 .L0 
800011d8 800011d8        0     1                 .L0 
800011e6 800011e6        0     1                 .L0 
800011f2 800011f2        0     1                 .L0 
800011fa 800011fa        0     1                 .L0 
80001200 80001200        0     1                 .L0 
80001204 80001204        0     1                 .L0 
80001206 80001206        0     1                 .L0 
80001214 80001214        0     1                 .L0 
80001240 80001240        0     1                 .L0 
80001242 80001242        0     1                 .L0 
8000124e 8000124e        0     1                 .L0 
80001252 80001252        0     1                 .L0 
80001254 80001254        0     1                 .L0 
80001256 80001256        0     1                 .L0 
8000125c 8000125c        0     1                 .L0 
8000126e 8000126e        0     1                 .L0 
80001276 80001276        0     1                 .L0 
80001278 80001278        0     1                 .L0 
8000127e 8000127e        0     1                 .L0 
80001284 80001284        0     1                 .L0 
80001288 80001288        0     1                 .L0 
800012a6 800012a6        0     1                 .L0 
800012ae 800012ae        0     1                 .L0 
800012b2 800012b2        0     1                 .L0 
800012b4 800012b4        0     1                 .L0 
800012ba 800012ba        0     1                 .L0 
800012ce 800012ce        0     1                 .L0 
800012de 800012de        0     1                 .L0 
800012e6 800012e6        0     1                 .L0 
800012ea 800012ea        0     1                 .L0 
800012ec 800012ec        0     1                 .L0 
800012f2 800012f2        0     1                 .L0 
800012f4 800012f4        0     1                 .L0 
8000131c 8000131c        0     1                 .L0 
80001324 80001324        0     1                 .L0 
80001326 80001326        0     1                 .L0 
80001334 80001334        0     1                 .L0 
80001336 80001336        0     1                 .L0 
80001338 80001338        0     1                 .L0 
8000133a 8000133a        0     1                 .L0 
80001346 80001346        0     1                 .L0 
80001350 80001350        0     1                 .L0 
80001380 80001380        0     1                 .L0 
80001382 80001382        0     1                 .L0 
80001382 80001382        0     1                 .L0 
80001382 80001382       2e     2         /home/kenta/repos/fpga_samples/rtl/displayport/test/sw-rs/target/riscv32imc-unknown-none-elf/release/deps/bootrom_rs-60959512d032345b.bootrom_rs.4f57399457bc23e-cgu.1.rcgu.o:(.text.unlikely._RNvNtCsddV114GBTEg_4core9panicking9panic_fmt)
80001382 80001382       2e     1                 core::panicking::panic_fmt
80001382 80001382        0     1                 .L0 
80001382 80001382        0     1                 .L0 
80001382 80001382        0     1                 $x
80001382 80001382        0     1                 .L0 
80001398 80001398        0     1                 .L0 
800013b0 800013b0        0     1                 .L0 
800013b0 800013b0      1d6     2         /home/kenta/repos/fpga_samples/rtl/displayport/test/sw-rs/target/riscv32imc-unknown-none-elf/release/deps/bootrom_rs-60959512d032345b.bootrom_rs.4f57399457bc23e-cgu.1.rcgu.o:(.text._RNvNtCsddV114GBTEg_4core3fmt5write)
800013b0 800013b0      1d6     1                 core::fmt::write
800013b0 800013b0        0     1                 .L0 
800013b0 800013b0        0     1                 .L0 
800013b0 800013b0        0     1                 $x
800013b0 800013b0        0     1                 .L0 
800013d0 800013d0        0     1                 .L0 
800013da 800013da        0     1                 .L0 
800013de 800013de        0     1                 .L0 
800013fa 800013fa        0     1                 .L0 
80001402 80001402        0     1                 .L0 
80001406 80001406        0     1                 .L0 
80001416 80001416        0     1                 .L0 
80001420 80001420        0     1                 .L0 
80001422 80001422        0     1                 .L0 
80001428 80001428        0     1                 .L0 
80001430 80001430        0     1                 .L0 
80001440 80001440        0     1                 .L0 
80001444 80001444        0     1                 .L0 
80001446 80001446        0     1                 .L0 
80001448 80001448        0     1                 .L0 
80001458 80001458        0     1                 .L0 
80001476 80001476        0     1                 .L0 
80001488 80001488        0     1                 .L0 
80001494 80001494        0     1                 .L0 
8000149e 8000149e        0     1                 .L0 
800014ac 800014ac        0     1                 .L0 
800014b8 800014b8        0     1                 .L0 
800014ba 800014ba        0     1                 .L0 
800014bc 800014bc        0     1                 .L0 
800014be 800014be        0     1                 .L0 
800014ca 800014ca        0     1                 .L0 
800014da 800014da        0     1                 .L0 
800014e8 800014e8        0     1                 .L0 
800014f6 800014f6        0     1                 .L0 
800014fa 800014fa        0     1                 .L0 
800014fe 800014fe        0     1                 .L0 
80001506 80001506        0     1                 .L0 
8000150a 8000150a        0     1                 .L0 
8000151e 8000151e        0     1                 .L0 
80001524 80001524        0     1                 .L0 
8000152a 8000152a        0     1                 .L0 
8000152e 8000152e        0     1                 .L0 
8000153e 8000153e        0     1                 .L0 
80001542 80001542        0     1                 .L0 
80001586 80001586        0     1                 .L0 
80001586 80001586      1e8     2         /home/kenta/repos/fpga_samples/rtl/displayport/test/sw-rs/target/riscv32imc-unknown-none-elf/release/deps/bootrom_rs-60959512d032345b.bootrom_rs.4f57399457bc23e-cgu.1.rcgu.o:(.text._RNvXs0_NtNtCsddV114GBTEg_4core3fmt8buildersNtB5_10PadAdapterNtB7_5Write9write_str)
80001586 80001586      1e8     1                 <core::fmt::builders::PadAdapter as core::fmt::Write>::write_str
80001586 80001586        0     1                 .L0 
80001586 80001586        0     1                 .L0 
80001586 80001586        0     1                 $x
80001586 80001586        0     1                 .L0 
800015e4 800015e4        0     1                 .L0 
800015e8 800015e8        0     1                 .L0 
800015f2 800015f2        0     1                 .L0 
80001610 80001610        0     1                 .L0 
80001614 80001614        0     1                 .L0 
8000161c 8000161c        0     1                 .L0 
8000162a 8000162a        0     1                 .L0 
8000162e 8000162e        0     1                 .L0 
80001634 80001634        0     1                 .L0 
80001656 80001656        0     1                 .L0 
8000166a 8000166a        0     1                 .L0 
8000167e 8000167e        0     1                 .L0 
80001684 80001684        0     1                 .L0 
800016a0 800016a0        0     1                 .L0 
800016ba 800016ba        0     1                 .L0 
800016be 800016be        0     1                 .L0 
800016c4 800016c4        0     1                 .L0 
800016e2 800016e2        0     1                 .L0 
800016e8 800016e8        0     1                 .L0 
800016ec 800016ec        0     1                 .L0 
800016fa 800016fa        0     1                 .L0 
800016fc 800016fc        0     1                 .L0 
80001738 80001738        0     1                 .L0 
80001740 80001740        0     1                 .L0 
80001742 80001742        0     1                 .L0 
8000176e 8000176e        0     1                 .L0 
8000176e 8000176e       6e     2         /home/kenta/repos/fpga_samples/rtl/displayport/test/sw-rs/target/riscv32imc-unknown-none-elf/release/deps/bootrom_rs-60959512d032345b.bootrom_rs.4f57399457bc23e-cgu.1.rcgu.o:(.text._RNvXs0_NtNtCsddV114GBTEg_4core3fmt8buildersNtB5_10PadAdapterNtB7_5Write10write_char)
8000176e 8000176e       6e     1                 <core::fmt::builders::PadAdapter as core::fmt::Write>::write_char
8000176e 8000176e        0     1                 .L0 
8000176e 8000176e        0     1                 .L0 
8000176e 8000176e        0     1                 $x
8000176e 8000176e        0     1                 .L0 
800017a6 800017a6        0     1                 .L0 
800017dc 800017dc        0     1                 .L0 
800017dc 800017dc       14     2         /home/kenta/repos/fpga_samples/rtl/displayport/test/sw-rs/target/riscv32imc-unknown-none-elf/release/deps/bootrom_rs-60959512d032345b.bootrom_rs.4f57399457bc23e-cgu.1.rcgu.o:(.text._RNvYNtNtNtCsddV114GBTEg_4core3fmt8builders10PadAdapterNtB6_5Write9write_fmtB8_)
800017dc 800017dc       14     1                 <core::fmt::builders::PadAdapter as core::fmt::Write>::write_fmt
800017dc 800017dc        0     1                 .L0 
800017dc 800017dc        0     1                 .L0 
800017dc 800017dc        0     1                 $x
800017dc 800017dc        0     1                 .L0 
800017e0 800017e0        0     1                 .L0 
800017f0 800017f0        0     1                 .L0 
800017f0 800017f0      224     2         /home/kenta/repos/fpga_samples/rtl/displayport/test/sw-rs/target/riscv32imc-unknown-none-elf/release/deps/bootrom_rs-60959512d032345b.bootrom_rs.4f57399457bc23e-cgu.1.rcgu.o:(.text._RNvMsa_NtCsddV114GBTEg_4core3fmtNtB5_9Formatter12pad_integral)
800017f0 800017f0      224     1                 <core::fmt::Formatter>::pad_integral
800017f0 800017f0        0     1                 .L0 
800017f0 800017f0        0     1                 .L0 
800017f0 800017f0        0     1                 $x
800017f0 800017f0        0     1                 .L0 
80001858 80001858        0     1                 .L0 
80001884 80001884        0     1                 .L0 
80001894 80001894        0     1                 .L0 
8000189c 8000189c        0     1                 .L0 
800018b8 800018b8        0     1                 .L0 
800018c0 800018c0        0     1                 .L0 
800018c6 800018c6        0     1                 .L0 
800018d0 800018d0        0     1                 .L0 
800018e6 800018e6        0     1                 .L0 
800018ee 800018ee        0     1                 .L0 
8000191e 8000191e        0     1                 .L0 
80001926 80001926        0     1                 .L0 
8000192a 8000192a        0     1                 .L0 
8000192c 8000192c        0     1                 .L0 
8000193c 8000193c        0     1                 .L0 
80001940 80001940        0     1                 .L0 
8000194a 8000194a        0     1                 .L0 
8000195a 8000195a        0     1                 .L0 
80001988 80001988        0     1                 .L0 
80001990 80001990        0     1                 .L0 
80001994 80001994        0     1                 .L0 
80001996 80001996        0     1                 .L0 
8000199c 8000199c        0     1                 .L0 
800019a0 800019a0        0     1                 .L0 
800019b6 800019b6        0     1                 .L0 
800019c6 800019c6        0     1                 .L0 
800019da 800019da        0     1                 .L0 
800019e2 800019e2        0     1                 .L0 
800019e6 800019e6        0     1                 .L0 
800019e8 800019e8        0     1                 .L0 
800019ee 800019ee        0     1                 .L0 
80001a14 80001a14        0     1                 .L0 
80001a14 80001a14       60     2         /home/kenta/repos/fpga_samples/rtl/displayport/test/sw-rs/target/riscv32imc-unknown-none-elf/release/deps/bootrom_rs-60959512d032345b.bootrom_rs.4f57399457bc23e-cgu.1.rcgu.o:(.text._RNvNvMsa_NtCsddV114GBTEg_4core3fmtNtB7_9Formatter12pad_integral12write_prefix)
80001a14 80001a14       60     1                 <core::fmt::Formatter>::pad_integral::write_prefix
80001a14 80001a14        0     1                 .L0 
80001a14 80001a14        0     1                 .L0 
80001a14 80001a14        0     1                 $x
80001a14 80001a14        0     1                 .L0 
80001a40 80001a40        0     1                 .L0 
80001a74 80001a74        0     1                 .L0 
80001a74 80001a74       10     2         /home/kenta/repos/fpga_samples/rtl/displayport/test/sw-rs/target/riscv32imc-unknown-none-elf/release/deps/bootrom_rs-60959512d032345b.bootrom_rs.4f57399457bc23e-cgu.1.rcgu.o:(.text.unlikely._RNvNtCsddV114GBTEg_4core6option13unwrap_failed)
80001a74 80001a74       10     1                 core::option::unwrap_failed
80001a74 80001a74        0     1                 .L0 
80001a74 80001a74        0     1                 .L0 
80001a74 80001a74        0     1                 $x
80001a74 80001a74        0     1                 .L0 
80001a84 80001a84        0     1                 .L0 
80001a84 80001a84       24     2         /home/kenta/repos/fpga_samples/rtl/displayport/test/sw-rs/target/riscv32imc-unknown-none-elf/release/deps/bootrom_rs-60959512d032345b.bootrom_rs.4f57399457bc23e-cgu.1.rcgu.o:(.text.unlikely._RNvNtCsddV114GBTEg_4core9panicking5panic)
80001a84 80001a84       24     1                 core::panicking::panic
80001a84 80001a84        0     1                 .L0 
80001a84 80001a84        0     1                 .L0 
80001a84 80001a84        0     1                 $x
80001a84 80001a84        0     1                 .L0 
80001aa8 80001aa8        0     1                 .L0 
80001aa8 80001aa8       42     2         /home/kenta/repos/fpga_samples/rtl/displayport/test/sw-rs/target/riscv32imc-unknown-none-elf/release/deps/bootrom_rs-60959512d032345b.bootrom_rs.4f57399457bc23e-cgu.1.rcgu.o:(.text.unlikely._RNvNtCsddV114GBTEg_4core9panicking18panic_bounds_check)
80001aa8 80001aa8       42     1                 core::panicking::panic_bounds_check
80001aa8 80001aa8        0     1                 .L0 
80001aa8 80001aa8        0     1                 .L0 
80001aa8 80001aa8        0     1                 $x
80001aa8 80001aa8        0     1                 .L0 
80001aea 80001aea        0     1                 .L0 
80001aea 80001aea      16a     2         /home/kenta/repos/fpga_samples/rtl/displayport/test/sw-rs/target/riscv32imc-unknown-none-elf/release/deps/bootrom_rs-60959512d032345b.bootrom_rs.4f57399457bc23e-cgu.1.rcgu.o:(.text._RNvXs8_NtNtNtCsddV114GBTEg_4core3fmt3num3impmNtB9_7Display3fmt)
80001aea 80001aea      16a     1                 <u32 as core::fmt::Display>::fmt
80001aea 80001aea        0     1                 .L0 
80001aea 80001aea        0     1                 .L0 
80001aea 80001aea        0     1                 $x
80001aea 80001aea        0     1                 .L0 
80001b14 80001b14        0     1                 .L0 
80001b9e 80001b9e        0     1                 .L0 
80001ba2 80001ba2        0     1                 .L0 
80001ba6 80001ba6        0     1                 .L0 
80001baa 80001baa        0     1                 .L0 
80001c00 80001c00        0     1                 .L0 
80001c04 80001c04        0     1                 .L0 
80001c20 80001c20        0     1                 .L0 
80001c2a 80001c2a        0     1                 .L0 
80001c2c 80001c2c        0     1                 .L0 
80001c54 80001c54        0     1                 .L0 
80001c54 80001c54       5c     2         /home/kenta/repos/fpga_samples/rtl/displayport/test/sw-rs/target/riscv32imc-unknown-none-elf/release/deps/bootrom_rs-60959512d032345b.bootrom_rs.4f57399457bc23e-cgu.1.rcgu.o:(.text._RNvXsw_NtNtCsddV114GBTEg_4core3fmt3nummNtB7_8UpperHex3fmt)
80001c54 80001c54       5c     1                 <u32 as core::fmt::UpperHex>::fmt
80001c54 80001c54        0     1                 .L0 
80001c54 80001c54        0     1                 .L0 
80001c54 80001c54        0     1                 $x
80001c54 80001c54        0     1                 .L0 
80001c82 80001c82        0     1                 .L0 
80001c92 80001c92        0     1                 .L0 
80001cb0 80001cb0        0     1                 .L0 
80001cb0 80001cb0        8     2         /home/kenta/.rustup/toolchains/stable-x86_64-unknown-linux-gnu/lib/rustlib/riscv32imc-unknown-none-elf/lib/libcompiler_builtins-06f5cc7eb10af0bc.rlib(compiler_builtins-06f5cc7eb10af0bc.compiler_builtins.67690aa3454e5eb8-cgu.186.rcgu.o):(.text.memcpy)
80001cb0 80001cb0        0     1                 .L0 
80001cb0 80001cb0        0     1                 .L0 
80001cb0 80001cb0        0     1                 $x
80001cb0 80001cb0        0     1                 .L0 
80001cb0 80001cb0        8     1                 memcpy
80001cb8 80001cb8      188     2         /home/kenta/.rustup/toolchains/stable-x86_64-unknown-linux-gnu/lib/rustlib/riscv32imc-unknown-none-elf/lib/libcompiler_builtins-06f5cc7eb10af0bc.rlib(compiler_builtins-06f5cc7eb10af0bc.compiler_builtins.67690aa3454e5eb8-cgu.014.rcgu.o):(.text._RNvNtCs8SrWuf8EPoW_17compiler_builtins3mem6memcpy)
80001cb8 80001cb8        0     1                 .L0 
80001cb8 80001cb8        0     1                 .L0 
80001cb8 80001cb8        0     1                 $x
80001cb8 80001cb8        0     1                 .L0 
80001cb8 80001cb8      188     1                 compiler_builtins::mem::memcpy
80001cbc 80001cbc        0     1                 .L0 
80001cc0 80001cc0        0     1                 .L0 
80001cc8 80001cc8        0     1                 .L0 
80001ce0 80001ce0        0     1                 .L0 
80001ce2 80001ce2        0     1                 .L0 
80001ce6 80001ce6        0     1                 .L0 
80001cfa 80001cfa        0     1                 .L0 
80001d06 80001d06        0     1                 .L0 
80001d08 80001d08        0     1                 .L0 
80001d0e 80001d0e        0     1                 .L0 
80001d10 80001d10        0     1                 .L0 
80001d14 80001d14        0     1                 .L0 
80001d28 80001d28        0     1                 .L0 
80001d32 80001d32        0     1                 .L0 
80001d34 80001d34        0     1                 .L0 
80001d38 80001d38        0     1                 .L0 
80001d40 80001d40        0     1                 .L0 
80001d42 80001d42        0     1                 .L0 
80001d4a 80001d4a        0     1                 .L0 
80001d4e 80001d4e        0     1                 .L0 
80001d52 80001d52        0     1                 .L0 
80001d56 80001d56        0     1                 .L0 
80001d5c 80001d5c        0     1                 .L0 
80001d5e 80001d5e        0     1                 .L0 
80001d62 80001d62        0     1                 .L0 
80001d66 80001d66        0     1                 .L0 
80001d70 80001d70        0     1                 .L0 
80001d7a 80001d7a        0     1                 .L0 
80001d80 80001d80        0     1                 .L0 
80001d88 80001d88        0     1                 .L0 
80001d8e 80001d8e        0     1                 .L0 
80001d90 80001d90        0     1                 .L0 
80001d94 80001d94        0     1                 .L0 
80001d98 80001d98        0     1                 .L0 
80001db2 80001db2        0     1                 .L0 
80001dca 80001dca        0     1                 .L0 
80001dd4 80001dd4        0     1                 .L0 
80001df8 80001df8        0     1                 .L0 
80001dfe 80001dfe        0     1                 .L0 
80001e16 80001e16        0     1                 .L0 
80001e1e 80001e1e        0     1                 .L0 
80001e22 80001e22        0     1                 .L0 
80001e30 80001e30        0     1                 .L0 
80001e32 80001e32        0     1                 .L0 
80001e36 80001e36        0     1                 .L0 
80001e40 80001e40        0     1                 .L0 
80001e40 80001e40        0     1                 .L0 
80001e40 80001e40       6c     2         /home/kenta/.rustup/toolchains/stable-x86_64-unknown-linux-gnu/lib/rustlib/riscv32imc-unknown-none-elf/lib/libcompiler_builtins-06f5cc7eb10af0bc.rlib(compiler_builtins-06f5cc7eb10af0bc.compiler_builtins.67690aa3454e5eb8-cgu.233.rcgu.o):(.text.memset)
80001e40 80001e40        0     1                 .L0 
80001e40 80001e40        0     1                 .L0 
80001e40 80001e40        0     1                 $x
80001e40 80001e40        0     1                 .L0 
80001e40 80001e40       6c     1                 memset
80001e46 80001e46        0     1                 .L0 
80001e4e 80001e4e        0     1                 .L0 
80001e60 80001e60        0     1                 .L0 
80001e6c 80001e6c        0     1                 .L0 
80001e84 80001e84        0     1                 .L0 
80001e9a 80001e9a        0     1                 .L0 
80001eac 80001eac        0     1         . = ALIGN(4)
80001eac 80001eac      3ac     4 .rodata
80001eac 80001eac        0     1         . = ALIGN(4)
80001eac 80001eac       28     4         /home/kenta/repos/fpga_samples/rtl/displayport/test/sw-rs/target/riscv32imc-unknown-none-elf/release/deps/bootrom_rs-60959512d032345b.bootrom_rs.4f57399457bc23e-cgu.1.rcgu.o:(.rodata.main)
80001eac 80001eac        0     1                 .LJTI4_0
80001eac 80001eac        0     1                 $d
80001ed4 80001ed4       ca     1         <internal>:(.rodata.str1.1)
80001f9e 80001f9e       15     1         /home/kenta/repos/fpga_samples/rtl/displayport/test/sw-rs/target/riscv32imc-unknown-none-elf/release/deps/bootrom_rs-60959512d032345b.bootrom_rs.4f57399457bc23e-cgu.1.rcgu.o:(.rodata..Lanon.c9e955d39c895c54c66d660d32960f20.1)
80001f9e 80001f9e       15     1                 .Lanon.c9e955d39c895c54c66d660d32960f20.1
80001f9e 80001f9e        0     1                 $d
80001fb3 80001fb3       36     1         /home/kenta/repos/fpga_samples/rtl/displayport/test/sw-rs/target/riscv32imc-unknown-none-elf/release/deps/bootrom_rs-60959512d032345b.bootrom_rs.4f57399457bc23e-cgu.1.rcgu.o:(.rodata..Lanon.c9e955d39c895c54c66d660d32960f20.2)
80001fb3 80001fb3       36     1                 .Lanon.c9e955d39c895c54c66d660d32960f20.2
80001fb3 80001fb3        0     1                 $d
80001fe9 80001fe9       15     1         /home/kenta/repos/fpga_samples/rtl/displayport/test/sw-rs/target/riscv32imc-unknown-none-elf/release/deps/bootrom_rs-60959512d032345b.bootrom_rs.4f57399457bc23e-cgu.1.rcgu.o:(.rodata..Lanon.c9e955d39c895c54c66d660d32960f20.3)
80001fe9 80001fe9       15     1                 .Lanon.c9e955d39c895c54c66d660d32960f20.3
80001fe9 80001fe9        0     1                 $d
80001ffe 80001ffe       17     1         /home/kenta/repos/fpga_samples/rtl/displayport/test/sw-rs/target/riscv32imc-unknown-none-elf/release/deps/bootrom_rs-60959512d032345b.bootrom_rs.4f57399457bc23e-cgu.1.rcgu.o:(.rodata..Lanon.c9e955d39c895c54c66d660d32960f20.4)
80001ffe 80001ffe       17     1                 .Lanon.c9e955d39c895c54c66d660d32960f20.4
80001ffe 80001ffe        0     1                 $d
80002015 80002015       1a     1         /home/kenta/repos/fpga_samples/rtl/displayport/test/sw-rs/target/riscv32imc-unknown-none-elf/release/deps/bootrom_rs-60959512d032345b.bootrom_rs.4f57399457bc23e-cgu.1.rcgu.o:(.rodata..Lanon.c9e955d39c895c54c66d660d32960f20.6)
80002015 80002015       1a     1                 .Lanon.c9e955d39c895c54c66d660d32960f20.6
80002015 80002015        0     1                 $d
8000202f 8000202f       1c     1         /home/kenta/repos/fpga_samples/rtl/displayport/test/sw-rs/target/riscv32imc-unknown-none-elf/release/deps/bootrom_rs-60959512d032345b.bootrom_rs.4f57399457bc23e-cgu.1.rcgu.o:(.rodata..Lanon.c9e955d39c895c54c66d660d32960f20.8)
8000202f 8000202f       1c     1                 .Lanon.c9e955d39c895c54c66d660d32960f20.8
8000202f 8000202f        0     1                 $d
8000204b 8000204b       18     1         <internal>:(.rodata.cst8)
80002063 80002063        9     1         /home/kenta/repos/fpga_samples/rtl/displayport/test/sw-rs/target/riscv32imc-unknown-none-elf/release/deps/bootrom_rs-60959512d032345b.bootrom_rs.4f57399457bc23e-cgu.1.rcgu.o:(.rodata..Lanon.c9e955d39c895c54c66d660d32960f20.12)
80002063 80002063        9     1                 .Lanon.c9e955d39c895c54c66d660d32960f20.12
80002063 80002063        0     1                 $d
8000206c 8000206c        6     1         /home/kenta/repos/fpga_samples/rtl/displayport/test/sw-rs/target/riscv32imc-unknown-none-elf/release/deps/bootrom_rs-60959512d032345b.bootrom_rs.4f57399457bc23e-cgu.1.rcgu.o:(.rodata..Lanon.c9e955d39c895c54c66d660d32960f20.14)
8000206c 8000206c        6     1                 .Lanon.c9e955d39c895c54c66d660d32960f20.14
8000206c 8000206c        0     1                 $d
80002074 80002074       10     4         /home/kenta/repos/fpga_samples/rtl/displayport/test/sw-rs/target/riscv32imc-unknown-none-elf/release/deps/bootrom_rs-60959512d032345b.bootrom_rs.4f57399457bc23e-cgu.1.rcgu.o:(.rodata..Lanon.c9e955d39c895c54c66d660d32960f20.16)
80002074 80002074       10     1                 .Lanon.c9e955d39c895c54c66d660d32960f20.16
80002074 80002074        0     1                 $d
80002084 80002084       1b     1         /home/kenta/repos/fpga_samples/rtl/displayport/test/sw-rs/target/riscv32imc-unknown-none-elf/release/deps/bootrom_rs-60959512d032345b.bootrom_rs.4f57399457bc23e-cgu.1.rcgu.o:(.rodata..Lanon.c9e955d39c895c54c66d660d32960f20.18)
80002084 80002084       1b     1                 .Lanon.c9e955d39c895c54c66d660d32960f20.18
80002084 80002084        0     1                 $d
800020a0 800020a0       10     4         /home/kenta/repos/fpga_samples/rtl/displayport/test/sw-rs/target/riscv32imc-unknown-none-elf/release/deps/bootrom_rs-60959512d032345b.bootrom_rs.4f57399457bc23e-cgu.1.rcgu.o:(.rodata..Lanon.8c9cfb254dd0caf0954c1885298e90ca.1)
800020a0 800020a0       10     1                 .Lanon.8c9cfb254dd0caf0954c1885298e90ca.1
800020a0 800020a0        0     1                 $d
800020b0 800020b0       10     4         /home/kenta/repos/fpga_samples/rtl/displayport/test/sw-rs/target/riscv32imc-unknown-none-elf/release/deps/bootrom_rs-60959512d032345b.bootrom_rs.4f57399457bc23e-cgu.1.rcgu.o:(.rodata..Lanon.8c9cfb254dd0caf0954c1885298e90ca.2)
800020b0 800020b0       10     1                 .Lanon.8c9cfb254dd0caf0954c1885298e90ca.2
800020b0 800020b0        0     1                 $d
800020c0 800020c0       30     1         <internal>:(.rodata.cst16)
800020f0 800020f0       18     4         /home/kenta/repos/fpga_samples/rtl/displayport/test/sw-rs/target/riscv32imc-unknown-none-elf/release/deps/bootrom_rs-60959512d032345b.bootrom_rs.4f57399457bc23e-cgu.1.rcgu.o:(.rodata..Lanon.8c9cfb254dd0caf0954c1885298e90ca.6)
800020f0 800020f0       18     1                 .Lanon.8c9cfb254dd0caf0954c1885298e90ca.6
800020f0 800020f0        0     1                 $d
80002108 80002108        2     1         /home/kenta/repos/fpga_samples/rtl/displayport/test/sw-rs/target/riscv32imc-unknown-none-elf/release/deps/bootrom_rs-60959512d032345b.bootrom_rs.4f57399457bc23e-cgu.1.rcgu.o:(.rodata..Lanon.923384997e615e59193c02823937d1cb.35)
80002108 80002108        2     1                 .Lanon.923384997e615e59193c02823937d1cb.35
80002108 80002108        0     1                 $d
8000210a 8000210a        2     1         /home/kenta/repos/fpga_samples/rtl/displayport/test/sw-rs/target/riscv32imc-unknown-none-elf/release/deps/bootrom_rs-60959512d032345b.bootrom_rs.4f57399457bc23e-cgu.1.rcgu.o:(.rodata..Lanon.923384997e615e59193c02823937d1cb.38)
8000210a 8000210a        2     1                 .Lanon.923384997e615e59193c02823937d1cb.38
8000210a 8000210a        0     1                 $d
8000210c 8000210c        1     1         /home/kenta/repos/fpga_samples/rtl/displayport/test/sw-rs/target/riscv32imc-unknown-none-elf/release/deps/bootrom_rs-60959512d032345b.bootrom_rs.4f57399457bc23e-cgu.1.rcgu.o:(.rodata..Lanon.923384997e615e59193c02823937d1cb.41)
8000210c 8000210c        1     1                 .Lanon.923384997e615e59193c02823937d1cb.41
8000210c 8000210c        0     1                 $d
8000210d 8000210d        1     1         /home/kenta/repos/fpga_samples/rtl/displayport/test/sw-rs/target/riscv32imc-unknown-none-elf/release/deps/bootrom_rs-60959512d032345b.bootrom_rs.4f57399457bc23e-cgu.1.rcgu.o:(.rodata..Lanon.923384997e615e59193c02823937d1cb.63)
8000210d 8000210d        1     1                 .Lanon.923384997e615e59193c02823937d1cb.63
8000210d 8000210d        0     1                 $d
80002110 80002110       18     4         /home/kenta/repos/fpga_samples/rtl/displayport/test/sw-rs/target/riscv32imc-unknown-none-elf/release/deps/bootrom_rs-60959512d032345b.bootrom_rs.4f57399457bc23e-cgu.1.rcgu.o:(.rodata..Lanon.923384997e615e59193c02823937d1cb.98)
80002110 80002110       18     1                 .Lanon.923384997e615e59193c02823937d1cb.98
80002110 80002110        0     1                 $d
80002128 80002128       2b     1         /home/kenta/repos/fpga_samples/rtl/displayport/test/sw-rs/target/riscv32imc-unknown-none-elf/release/deps/bootrom_rs-60959512d032345b.bootrom_rs.4f57399457bc23e-cgu.1.rcgu.o:(.rodata..Lanon.923384997e615e59193c02823937d1cb.128)
80002128 80002128       2b     1                 .Lanon.923384997e615e59193c02823937d1cb.128
80002128 80002128        0     1                 $d
80002153 80002153       c8     1         /home/kenta/repos/fpga_samples/rtl/displayport/test/sw-rs/target/riscv32imc-unknown-none-elf/release/deps/bootrom_rs-60959512d032345b.bootrom_rs.4f57399457bc23e-cgu.1.rcgu.o:(.rodata..Lanon.923384997e615e59193c02823937d1cb.145)
80002153 80002153       c8     1                 .Lanon.923384997e615e59193c02823937d1cb.145
80002153 80002153        0     1                 $d
8000221b 8000221b        1     1         /home/kenta/repos/fpga_samples/rtl/displayport/test/sw-rs/target/riscv32imc-unknown-none-elf/release/deps/bootrom_rs-60959512d032345b.bootrom_rs.4f57399457bc23e-cgu.1.rcgu.o:(.rodata..Lanon.923384997e615e59193c02823937d1cb.149)
8000221b 8000221b        1     1                 .Lanon.923384997e615e59193c02823937d1cb.149
8000221b 8000221b        0     1                 $d
8000221c 8000221c        4     1         <internal>:(.rodata.cst4)
80002220 80002220        2     1         /home/kenta/repos/fpga_samples/rtl/displayport/test/sw-rs/target/riscv32imc-unknown-none-elf/release/deps/bootrom_rs-60959512d032345b.bootrom_rs.4f57399457bc23e-cgu.1.rcgu.o:(.rodata..Lanon.923384997e615e59193c02823937d1cb.343)
80002220 80002220        2     1                 .Lanon.923384997e615e59193c02823937d1cb.343
80002220 80002220        0     1                 $d
80002222 80002222        c     1         /home/kenta/repos/fpga_samples/rtl/displayport/test/sw-rs/target/riscv32imc-unknown-none-elf/release/deps/bootrom_rs-60959512d032345b.bootrom_rs.4f57399457bc23e-cgu.1.rcgu.o:(.rodata..Lanon.923384997e615e59193c02823937d1cb.381)
80002222 80002222        c     1                 .Lanon.923384997e615e59193c02823937d1cb.381
80002222 80002222        0     1                 $d
8000222e 8000222e        2     1         /home/kenta/repos/fpga_samples/rtl/displayport/test/sw-rs/target/riscv32imc-unknown-none-elf/release/deps/bootrom_rs-60959512d032345b.bootrom_rs.4f57399457bc23e-cgu.1.rcgu.o:(.rodata..Lanon.923384997e615e59193c02823937d1cb.382)
8000222e 8000222e        2     1                 .Lanon.923384997e615e59193c02823937d1cb.382
8000222e 8000222e        0     1                 $d
80002230 80002230       14     4         /home/kenta/repos/fpga_samples/rtl/displayport/test/sw-rs/target/riscv32imc-unknown-none-elf/release/deps/bootrom_rs-60959512d032345b.bootrom_rs.4f57399457bc23e-cgu.1.rcgu.o:(.rodata..Lswitch.table._ZN69_$LT$bootrom_rs..link_training..Error$u20$as$u20$core..fmt..Debug$GT$3fmt17h016f36847aff5422E)
80002230 80002230       14     1                 .Lswitch.table._ZN69_$LT$bootrom_rs..link_training..Error$u20$as$u20$core..fmt..Debug$GT$3fmt17h016f36847aff5422E
80002230 80002230        0     1                 $d
80002244 80002244       14     4         /home/kenta/repos/fpga_samples/rtl/displayport/test/sw-rs/target/riscv32imc-unknown-none-elf/release/deps/bootrom_rs-60959512d032345b.bootrom_rs.4f57399457bc23e-cgu.1.rcgu.o:(.rodata..Lswitch.table._ZN69_$LT$bootrom_rs..link_training..Error$u20$as$u20$core..fmt..Debug$GT$3fmt17h016f36847aff5422E.67)
80002244 80002244       14     1                 .Lswitch.table._ZN69_$LT$bootrom_rs..link_training..Error$u20$as$u20$core..fmt..Debug$GT$3fmt17h016f36847aff5422E.67
80002244 80002244        0     1                 $d
80002258 80002258        0     1         . = ALIGN(4)
20000000 20000000        0     1 .data
20000000 20000000        0     1         PROVIDE(_data_start = .)
20000000 20000000        0     1         PROVIDE(_data_rom_start = LOADADDR(.data))
20000000 20000000        0     1         . = ALIGN(4)
20000000 20000000        0     1         . = ALIGN(4)
20000000 20000000        0     1         PROVIDE(_data_end = .)
20000000 20000000        4     1 .bss
20000000 20000000        0     1         PROVIDE(_bss_start = .)
20000000 20000000        3     1         /home/kenta/repos/fpga_samples/rtl/displayport/test/sw-rs/target/riscv32imc-unknown-none-elf/release/deps/bootrom_rs-60959512d032345b.bootrom_rs.4f57399457bc23e-cgu.1.rcgu.o:(.bss..L_MergedGlobals)
20000000 20000000        3     1                 .L_MergedGlobals
20000000 20000000        0     1                 $d
20000000 20000000        1     1                 bootrom_rs::SERIAL_OUT::hd9ed7271b5386d4a
20000001 20000001        1     1                 bootrom_rs::SYSTEM::he7d9ef978c93d840 (.0)
20000002 20000002        1     1                 DEVICE_PERIPHERALS
20000003 20000003        1     1         . = ALIGN(4)
20000004 20000004        0     1         PROVIDE(_bss_end = .)
20000004 20000004        0     1 PROVIDE(ramend = ORIGIN(dmem) + LENGTH(dmem))
       0        0     2136     1 .debug_loc
       0        0     2136     1         /home/kenta/repos/fpga_samples/rtl/displayport/test/sw-rs/target/riscv32imc-unknown-none-elf/release/deps/bootrom_rs-60959512d032345b.bootrom_rs.4f57399457bc23e-cgu.1.rcgu.o:(.debug_loc)
       0        0        0     1                 .L0 
       0        0        0     1                 $d
      40       40        0     1                 .L0 
      5c       5c        0     1                 .L0 
      7c       7c        0     1                 .L0 
      9c       9c        0     1                 .L0 
      b7       b7        0     1                 .L0 
      d2       d2        0     1                 .L0 
      ed       ed        0     1                 .L0 
     116      116        0     1                 .L0 
     13f      13f        0     1                 .L0 
     15a      15a        0     1                 .L0 
     175      175        0     1                 .L0 
     190      190        0     1                 .L0 
     1ab      1ab        0     1                 .L0 
     1c6      1c6        0     1                 .L0 
     1e1      1e1        0     1                 .L0 
     1fe      1fe        0     1                 .L0 
     242      242        0     1                 .L0 
     293      293        0     1                 .L0 
     2cf      2cf        0     1                 .L0 
     2ea      2ea        0     1                 .L0 
     306      306        0     1                 .L0 
     330      330        0     1                 .L0 
     35a      35a        0     1                 .L0 
     384      384        0     1                 .L0 
     3aa      3aa        0     1                 .L0 
     3d0      3d0        0     1                 .L0 
     3f6      3f6        0     1                 .L0 
     41c      41c        0     1                 .L0 
     45b      45b        0     1                 .L0 
     47f      47f        0     1                 .L0 
     4c6      4c6        0     1                 .L0 
     4ec      4ec        0     1                 .L0 
     557      557        0     1                 .L0 
     59e      59e        0     1                 .L0 
     5e5      5e5        0     1                 .L0 
     631      631        0     1                 .L0 
     64d      64d        0     1                 .L0 
     669      669        0     1                 .L0 
     68b      68b        0     1                 .L0 
     6a8      6a8        0     1                 .L0 
     6c5      6c5        0     1                 .L0 
     6e1      6e1        0     1                 .L0 
     702      702        0     1                 .L0 
     723      723        0     1                 .L0 
     740      740        0     1                 .L0 
     761      761        0     1                 .L0 
     77e      77e        0     1                 .L0 
     79f      79f        0     1                 .L0 
     7c0      7c0        0     1                 .L0 
     7dc      7dc        0     1                 .L0 
     7fd      7fd        0     1                 .L0 
     819      819        0     1                 .L0 
     83b      83b        0     1                 .L0 
     85c      85c        0     1                 .L0 
     87d      87d        0     1                 .L0 
     899      899        0     1                 .L0 
     8ba      8ba        0     1                 .L0 
     8d6      8d6        0     1                 .L0 
     8f9      8f9        0     1                 .L0 
     918      918        0     1                 .L0 
     93b      93b        0     1                 .L0 
     95a      95a        0     1                 .L0 
     97c      97c        0     1                 .L0 
     99d      99d        0     1                 .L0 
     9be      9be        0     1                 .L0 
     9da      9da        0     1                 .L0 
     9fb      9fb        0     1                 .L0 
     a17      a17        0     1                 .L0 
     a41      a41        0     1                 .L0 
     a72      a72        0     1                 .L0 
     ab1      ab1        0     1                 .L0 
     ae4      ae4        0     1                 .L0 
     b17      b17        0     1                 .L0 
     b53      b53        0     1                 .L0 
     b74      b74        0     1                 .L0 
     b91      b91        0     1                 .L0 
     bb5      bb5        0     1                 .L0 
     bd0      bd0        0     1                 .L0 
     bf4      bf4        0     1                 .L0 
     c25      c25        0     1                 .L0 
     c47      c47        0     1                 .L0 
     c68      c68        0     1                 .L0 
     c89      c89        0     1                 .L0 
     ca5      ca5        0     1                 .L0 
     cc6      cc6        0     1                 .L0 
     ce2      ce2        0     1                 .L0 
     d12      d12        0     1                 .L0 
     d2d      d2d        0     1                 .L0 
     d48      d48        0     1                 .L0 
     d6c      d6c        0     1                 .L0 
     dac      dac        0     1                 .L0 
     de0      de0        0     1                 .L0 
     dfb      dfb        0     1                 .L0 
     e8a      e8a        0     1                 .L0 
     ee6      ee6        0     1                 .L0 
     f15      f15        0     1                 .L0 
     f54      f54        0     1                 .L0 
     f70      f70        0     1                 .L0 
     f8b      f8b        0     1                 .L0 
     fa6      fa6        0     1                 .L0 
     fc6      fc6        0     1                 .L0 
     fe6      fe6        0     1                 .L0 
    1004     1004        0     1                 .L0 
    1021     1021        0     1                 .L0 
    1041     1041        0     1                 .L0 
    105c     105c        0     1                 .L0 
    1079     1079        0     1                 .L0 
    1099     1099        0     1                 .L0 
    10c3     10c3        0     1                 .L0 
    10de     10de        0     1                 .L0 
    10f9     10f9        0     1                 .L0 
    1119     1119        0     1                 .L0 
    1139     1139        0     1                 .L0 
    1154     1154        0     1                 .L0 
    116f     116f        0     1                 .L0 
    118a     118a        0     1                 .L0 
    11ab     11ab        0     1                 .L0 
    11cc     11cc        0     1                 .L0 
    11ed     11ed        0     1                 .L0 
    120a     120a        0     1                 .L0 
    123d     123d        0     1                 .L0 
    126c     126c        0     1                 .L0 
    12c8     12c8        0     1                 .L0 
    12f7     12f7        0     1                 .L0 
    1350     1350        0     1                 .L0 
    136b     136b        0     1                 .L0 
    1386     1386        0     1                 .L0 
    13a1     13a1        0     1                 .L0 
    13e1     13e1        0     1                 .L0 
    1401     1401        0     1                 .L0 
    142e     142e        0     1                 .L0 
    147b     147b        0     1                 .L0 
    1496     1496        0     1                 .L0 
    14bc     14bc        0     1                 .L0 
    1517     1517        0     1                 .L0 
    1548     1548        0     1                 .L0 
    156b     156b        0     1                 .L0 
    159c     159c        0     1                 .L0 
    15cd     15cd        0     1                 .L0 
    15f0     15f0        0     1                 .L0 
    160c     160c        0     1                 .L0 
    163d     163d        0     1                 .L0 
    1667     1667        0     1                 .L0 
    1683     1683        0     1                 .L0 
    169e     169e        0     1                 .L0 
    16b9     16b9        0     1                 .L0 
    16d4     16d4        0     1                 .L0 
    16f3     16f3        0     1                 .L0 
    1732     1732        0     1                 .L0 
    174d     174d        0     1                 .L0 
    1768     1768        0     1                 .L0 
    1791     1791        0     1                 .L0 
    17b0     17b0        0     1                 .L0 
    17d9     17d9        0     1                 .L0 
    1818     1818        0     1                 .L0 
    1859     1859        0     1                 .L0 
    18aa     18aa        0     1                 .L0 
    18c5     18c5        0     1                 .L0 
    18f6     18f6        0     1                 .L0 
    195b     195b        0     1                 .L0 
    1988     1988        0     1                 .L0 
    19cd     19cd        0     1                 .L0 
    1a20     1a20        0     1                 .L0 
    1a52     1a52        0     1                 .L0 
    1a84     1a84        0     1                 .L0 
    1ab6     1ab6        0     1                 .L0 
    1b09     1b09        0     1                 .L0 
    1b3b     1b3b        0     1                 .L0 
    1b6d     1b6d        0     1                 .L0 
    1b9f     1b9f        0     1                 .L0 
    1bba     1bba        0     1                 .L0 
    1be0     1be0        0     1                 .L0 
    1c06     1c06        0     1                 .L0 
    1c21     1c21        0     1                 .L0 
    1c6d     1c6d        0     1                 .L0 
    1c9f     1c9f        0     1                 .L0 
    1cd7     1cd7        0     1                 .L0 
    1da6     1da6        0     1                 .L0 
    1dde     1dde        0     1                 .L0 
    1e0e     1e0e        0     1                 .L0 
    1e34     1e34        0     1                 .L0 
    1e78     1e78        0     1                 .L0 
    1e95     1e95        0     1                 .L0 
    1ebe     1ebe        0     1                 .L0 
    1ee7     1ee7        0     1                 .L0 
    1f06     1f06        0     1                 .L0 
    1f2f     1f2f        0     1                 .L0 
    1f63     1f63        0     1                 .L0 
    1f83     1f83        0     1                 .L0 
    1f9e     1f9e        0     1                 .L0 
    1fc3     1fc3        0     1                 .L0 
    2002     2002        0     1                 .L0 
    2028     2028        0     1                 .L0 
    2048     2048        0     1                 .L0 
    206e     206e        0     1                 .L0 
    2089     2089        0     1                 .L0 
    20b2     20b2        0     1                 .L0 
    20db     20db        0     1                 .L0 
    20f6     20f6        0     1                 .L0 
    2116     2116        0     1                 .L0 
       0        0      aed     1 .debug_abbrev
       0        0      8a5     1         /home/kenta/repos/fpga_samples/rtl/displayport/test/sw-rs/target/riscv32imc-unknown-none-elf/release/deps/bootrom_rs-60959512d032345b.bootrom_rs.4f57399457bc23e-cgu.1.rcgu.o:(.debug_abbrev)
       0        0        0     1                 $d
     8a5      8a5       2e     1         /home/kenta/.rustup/toolchains/stable-x86_64-unknown-linux-gnu/lib/rustlib/riscv32imc-unknown-none-elf/lib/libcompiler_builtins-06f5cc7eb10af0bc.rlib(compiler_builtins-06f5cc7eb10af0bc.compiler_builtins.67690aa3454e5eb8-cgu.186.rcgu.o):(.debug_abbrev)
     8a5      8a5        0     1                 $d
     8d3      8d3      131     1         /home/kenta/.rustup/toolchains/stable-x86_64-unknown-linux-gnu/lib/rustlib/riscv32imc-unknown-none-elf/lib/libcompiler_builtins-06f5cc7eb10af0bc.rlib(compiler_builtins-06f5cc7eb10af0bc.compiler_builtins.67690aa3454e5eb8-cgu.014.rcgu.o):(.debug_abbrev)
     8d3      8d3        0     1                 $d
     a04      a04       e9     1         /home/kenta/.rustup/toolchains/stable-x86_64-unknown-linux-gnu/lib/rustlib/riscv32imc-unknown-none-elf/lib/libcompiler_builtins-06f5cc7eb10af0bc.rlib(compiler_builtins-06f5cc7eb10af0bc.compiler_builtins.67690aa3454e5eb8-cgu.233.rcgu.o):(.debug_abbrev)
     a04      a04        0     1                 $d
       0        0     d8f6     1 .debug_info
       0        0     c77d     1         /home/kenta/repos/fpga_samples/rtl/displayport/test/sw-rs/target/riscv32imc-unknown-none-elf/release/deps/bootrom_rs-60959512d032345b.bootrom_rs.4f57399457bc23e-cgu.1.rcgu.o:(.debug_info)
       0        0        0     1                 .L0 
       0        0        0     1                 $d
    4dec     4dec        0     1                 .L0 
    4e2d     4e2d        0     1                 .L0 
    7fa6     7fa6        0     1                 .L0 
    a98b     a98b        0     1                 .L0 
    c54b     c54b        0     1                 .L0 
    c77d     c77d       4b     1         /home/kenta/.rustup/toolchains/stable-x86_64-unknown-linux-gnu/lib/rustlib/riscv32imc-unknown-none-elf/lib/libcompiler_builtins-06f5cc7eb10af0bc.rlib(compiler_builtins-06f5cc7eb10af0bc.compiler_builtins.67690aa3454e5eb8-cgu.186.rcgu.o):(.debug_info)
    c77d     c77d        0     1                 .L0 
    c77d     c77d        0     1                 $d
    c7c8     c7c8      eab     1         /home/kenta/.rustup/toolchains/stable-x86_64-unknown-linux-gnu/lib/rustlib/riscv32imc-unknown-none-elf/lib/libcompiler_builtins-06f5cc7eb10af0bc.rlib(compiler_builtins-06f5cc7eb10af0bc.compiler_builtins.67690aa3454e5eb8-cgu.014.rcgu.o):(.debug_info)
    c7c8     c7c8        0     1                 .L0 
    c7c8     c7c8        0     1                 $d
    d673     d673      283     1         /home/kenta/.rustup/toolchains/stable-x86_64-unknown-linux-gnu/lib/rustlib/riscv32imc-unknown-none-elf/lib/libcompiler_builtins-06f5cc7eb10af0bc.rlib(compiler_builtins-06f5cc7eb10af0bc.compiler_builtins.67690aa3454e5eb8-cgu.233.rcgu.o):(.debug_info)
    d673     d673        0     1                 .L0 
    d673     d673        0     1                 $d
       0        0      218     1 .debug_aranges
       0        0      1a8     1         /home/kenta/repos/fpga_samples/rtl/displayport/test/sw-rs/target/riscv32imc-unknown-none-elf/release/deps/bootrom_rs-60959512d032345b.bootrom_rs.4f57399457bc23e-cgu.1.rcgu.o:(.debug_aranges)
       0        0        0     1                 $d
     1a8      1a8       20     1         /home/kenta/.rustup/toolchains/stable-x86_64-unknown-linux-gnu/lib/rustlib/riscv32imc-unknown-none-elf/lib/libcompiler_builtins-06f5cc7eb10af0bc.rlib(compiler_builtins-06f5cc7eb10af0bc.compiler_builtins.67690aa3454e5eb8-cgu.186.rcgu.o):(.debug_aranges)
     1a8      1a8        0     1                 $d
     1c8      1c8       30     1         /home/kenta/.rustup/toolchains/stable-x86_64-unknown-linux-gnu/lib/rustlib/riscv32imc-unknown-none-elf/lib/libcompiler_builtins-06f5cc7eb10af0bc.rlib(compiler_builtins-06f5cc7eb10af0bc.compiler_builtins.67690aa3454e5eb8-cgu.014.rcgu.o):(.debug_aranges)
     1c8      1c8        0     1                 $d
     1f8      1f8       20     1         /home/kenta/.rustup/toolchains/stable-x86_64-unknown-linux-gnu/lib/rustlib/riscv32imc-unknown-none-elf/lib/libcompiler_builtins-06f5cc7eb10af0bc.rlib(compiler_builtins-06f5cc7eb10af0bc.compiler_builtins.67690aa3454e5eb8-cgu.233.rcgu.o):(.debug_aranges)
     1f8      1f8        0     1                 $d
       0        0     12e8     1 .debug_ranges
       0        0      ef0     1         /home/kenta/repos/fpga_samples/rtl/displayport/test/sw-rs/target/riscv32imc-unknown-none-elf/release/deps/bootrom_rs-60959512d032345b.bootrom_rs.4f57399457bc23e-cgu.1.rcgu.o:(.debug_ranges)
       0        0        0     1                 .L0 
       0        0        0     1                 $d
      18       18        0     1                 .L0 
      30       30        0     1                 .L0 
      48       48        0     1                 .L0 
      60       60        0     1                 .L0 
      78       78        0     1                 .L0 
      98       98        0     1                 .L0 
      b8       b8        0     1                 .L0 
      d0       d0        0     1                 .L0 
      f8       f8        0     1                 .L0 
     120      120        0     1                 .L0 
     148      148        0     1                 .L0 
     178      178        0     1                 .L0 
     1a0      1a0        0     1                 .L0 
     1c0      1c0        0     1                 .L0 
     1e0      1e0        0     1                 .L0 
     200      200        0     1                 .L0 
     218      218        0     1                 .L0 
     238      238        0     1                 .L0 
     258      258        0     1                 .L0 
     278      278        0     1                 .L0 
     290      290        0     1                 .L0 
     2a8      2a8        0     1                 .L0 
     2c0      2c0        0     1                 .L0 
     2d8      2d8        0     1                 .L0 
     2f0      2f0        0     1                 .L0 
     338      338        0     1                 .L0 
     378      378        0     1                 .L0 
     3b8      3b8        0     1                 .L0 
     3d0      3d0        0     1                 .L0 
     3e8      3e8        0     1                 .L0 
     400      400        0     1                 .L0 
     418      418        0     1                 .L0 
     430      430        0     1                 .L0 
     448      448        0     1                 .L0 
     470      470        0     1                 .L0 
     498      498        0     1                 .L0 
     4c0      4c0        0     1                 .L0 
     4e8      4e8        0     1                 .L0 
     510      510        0     1                 .L0 
     530      530        0     1                 .L0 
     548      548        0     1                 .L0 
     560      560        0     1                 .L0 
     580      580        0     1                 .L0 
     5a8      5a8        0     1                 .L0 
     5c0      5c0        0     1                 .L0 
     5e0      5e0        0     1                 .L0 
     600      600        0     1                 .L0 
     618      618        0     1                 .L0 
     630      630        0     1                 .L0 
     648      648        0     1                 .L0 
     668      668        0     1                 .L0 
     680      680        0     1                 .L0 
     6a0      6a0        0     1                 .L0 
     6d8      6d8        0     1                 .L0 
     708      708        0     1                 .L0 
     738      738        0     1                 .L0 
     750      750        0     1                 .L0 
     768      768        0     1                 .L0 
     780      780        0     1                 .L0 
     7a0      7a0        0     1                 .L0 
     7c0      7c0        0     1                 .L0 
     7e0      7e0        0     1                 .L0 
     800      800        0     1                 .L0 
     818      818        0     1                 .L0 
     830      830        0     1                 .L0 
     848      848        0     1                 .L0 
     860      860        0     1                 .L0 
     878      878        0     1                 .L0 
     890      890        0     1                 .L0 
     8a8      8a8        0     1                 .L0 
     8c0      8c0        0     1                 .L0 
     8d8      8d8        0     1                 .L0 
     8f0      8f0        0     1                 .L0 
     910      910        0     1                 .L0 
     928      928        0     1                 .L0 
     948      948        0     1                 .L0 
     960      960        0     1                 .L0 
     978      978        0     1                 .L0 
     998      998        0     1                 .L0 
     9b0      9b0        0     1                 .L0 
     9d0      9d0        0     1                 .L0 
     9e8      9e8        0     1                 .L0 
     a00      a00        0     1                 .L0 
     a18      a18        0     1                 .L0 
     a30      a30        0     1                 .L0 
     a48      a48        0     1                 .L0 
     a68      a68        0     1                 .L0 
     a80      a80        0     1                 .L0 
     a98      a98        0     1                 .L0 
     ab0      ab0        0     1                 .L0 
     ac8      ac8        0     1                 .L0 
     ae0      ae0        0     1                 .L0 
     b00      b00        0     1                 .L0 
     b18      b18        0     1                 .L0 
     b38      b38        0     1                 .L0 
     b50      b50        0     1                 .L0 
     b70      b70        0     1                 .L0 
     b88      b88        0     1                 .L0 
     ba8      ba8        0     1                 .L0 
     bc0      bc0        0     1                 .L0 
     be0      be0        0     1                 .L0 
     c00      c00        0     1                 .L0 
     c18      c18        0     1                 .L0 
     c30      c30        0     1                 .L0 
     c50      c50        0     1                 .L0 
     c68      c68        0     1                 .L0 
     c80      c80        0     1                 .L0 
     c98      c98        0     1                 .L0 
     cb0      cb0        0     1                 .L0 
     cc8      cc8        0     1                 .L0 
     ce0      ce0        0     1                 .L0 
     cf8      cf8        0     1                 .L0 
     d10      d10        0     1                 .L0 
     d28      d28        0     1                 .L0 
     d40      d40        0     1                 .L0 
     d60      d60        0     1                 .L0 
     d80      d80        0     1                 .L0 
     d98      d98        0     1                 .L0 
     db0      db0        0     1                 .L0 
     dc8      dc8        0     1                 .L0 
     e08      e08        0     1                 .L0 
     e30      e30        0     1                 .L0 
     e68      e68        0     1                 .L0 
     ed8      ed8        0     1                 .L0 
     ef0      ef0      3b0     1         /home/kenta/.rustup/toolchains/stable-x86_64-unknown-linux-gnu/lib/rustlib/riscv32imc-unknown-none-elf/lib/libcompiler_builtins-06f5cc7eb10af0bc.rlib(compiler_builtins-06f5cc7eb10af0bc.compiler_builtins.67690aa3454e5eb8-cgu.014.rcgu.o):(.debug_ranges)
     ef0      ef0        0     1                 .L0 
     ef0      ef0        0     1                 $d
     f08      f08        0     1                 .L0 
     f20      f20        0     1                 .L0 
     f40      f40        0     1                 .L0 
     f60      f60        0     1                 .L0 
     f78      f78        0     1                 .L0 
     f90      f90        0     1                 .L0 
     fa8      fa8        0     1                 .L0 
     fc0      fc0        0     1                 .L0 
     fd8      fd8        0     1                 .L0 
     ff0      ff0        0     1                 .L0 
    1008     1008        0     1                 .L0 
    1020     1020        0     1                 .L0 
    1050     1050        0     1                 .L0 
    1068     1068        0     1                 .L0 
    1088     1088        0     1                 .L0 
    10b0     10b0        0     1                 .L0 
    10d0     10d0        0     1                 .L0 
    10f0     10f0        0     1                 .L0 
    1108     1108        0     1                 .L0 
    1120     1120        0     1                 .L0 
    1140     1140        0     1                 .L0 
    1160     1160        0     1                 .L0 
    1188     1188        0     1                 .L0 
    11a0     11a0        0     1                 .L0 
    11b8     11b8        0     1                 .L0 
    11d8     11d8        0     1                 .L0 
    11f8     11f8        0     1                 .L0 
    1210     1210        0     1                 .L0 
    1228     1228        0     1                 .L0 
    1240     1240        0     1                 .L0 
    1260     1260        0     1                 .L0 
    1280     1280        0     1                 .L0 
    12a0     12a0       48     1         /home/kenta/.rustup/toolchains/stable-x86_64-unknown-linux-gnu/lib/rustlib/riscv32imc-unknown-none-elf/lib/libcompiler_builtins-06f5cc7eb10af0bc.rlib(compiler_builtins-06f5cc7eb10af0bc.compiler_builtins.67690aa3454e5eb8-cgu.233.rcgu.o):(.debug_ranges)
    12a0     12a0        0     1                 .L0 
    12a0     12a0        0     1                 $d
    12b8     12b8        0     1                 .L0 
    12d0     12d0        0     1                 .L0 
       0        0     cba5     1 .debug_str
       0        0     cba5     1         <internal>:(.debug_str)
       0        0       8b     1 .comment
       0        0       8b     1         <internal>:(.comment)
       0        0       36     1 .riscv.attributes
       0        0       36     1         <internal>:(.riscv.attributes)
       0        0     3c8f     1 .debug_line
       0        0     3149     1         /home/kenta/repos/fpga_samples/rtl/displayport/test/sw-rs/target/riscv32imc-unknown-none-elf/release/deps/bootrom_rs-60959512d032345b.bootrom_rs.4f57399457bc23e-cgu.1.rcgu.o:(.debug_line)
       0        0        0     1                 .Lline_table_start0
       0        0        0     1                 $d
     eae      eae        0     1                 .Lline_table_start1
     ede      ede        0     1                 .Lline_table_start2
    15cf     15cf        0     1                 .Lline_table_start3
    219f     219f        0     1                 .Lline_table_start4
    21bd     21bd        0     1                 .Lline_table_start5
    21db     21db        0     1                 .Lline_table_start6
    2fc9     2fc9        0     1                 .Lline_table_start7
    3149     3149       6e     1         /home/kenta/.rustup/toolchains/stable-x86_64-unknown-linux-gnu/lib/rustlib/riscv32imc-unknown-none-elf/lib/libcompiler_builtins-06f5cc7eb10af0bc.rlib(compiler_builtins-06f5cc7eb10af0bc.compiler_builtins.67690aa3454e5eb8-cgu.186.rcgu.o):(.debug_line)
    3149     3149        0     1                 .Lline_table_start0
    3149     3149        0     1                 $d
    31b7     31b7      844     1         /home/kenta/.rustup/toolchains/stable-x86_64-unknown-linux-gnu/lib/rustlib/riscv32imc-unknown-none-elf/lib/libcompiler_builtins-06f5cc7eb10af0bc.rlib(compiler_builtins-06f5cc7eb10af0bc.compiler_builtins.67690aa3454e5eb8-cgu.014.rcgu.o):(.debug_line)
    31b7     31b7        0     1                 .Lline_table_start0
    31b7     31b7        0     1                 $d
    39fb     39fb      294     1         /home/kenta/.rustup/toolchains/stable-x86_64-unknown-linux-gnu/lib/rustlib/riscv32imc-unknown-none-elf/lib/libcompiler_builtins-06f5cc7eb10af0bc.rlib(compiler_builtins-06f5cc7eb10af0bc.compiler_builtins.67690aa3454e5eb8-cgu.233.rcgu.o):(.debug_line)
    39fb     39fb        0     1                 .Lline_table_start0
    39fb     39fb        0     1                 $d
    3baa     3baa        0     1                 .Lline_table_start1
       0        0     5230     4 .symtab
       0        0     5230     4         <internal>:(.symtab)
       0        0       b4     1 .shstrtab
       0        0       b4     1         <internal>:(.shstrtab)
       0        0     2551     1 .strtab
       0        0     2551     1         <internal>:(.strtab)
